BLASTP 2.9.0+


Reference: Stephen F. Altschul, Thomas L. Madden, Alejandro A.
Schaffer, Jinghui Zhang, Zheng Zhang, Webb Miller, and David J.
Lipman (1997), "Gapped BLAST and PSI-BLAST: a new generation of
protein database search programs", Nucleic Acids Res. 25:3389-3402.


Reference for composition-based statistics: Alejandro A. Schaffer,
L. Aravind, Thomas L. Madden, Sergei Shavirin, John L. Spouge, Yuri
I. Wolf, Eugene V. Koonin, and Stephen F. Altschul (2001),
"Improving the accuracy of PSI-BLAST protein database searches with
composition-based statistics and other refinements", Nucleic Acids
Res. 29:2994-3005.



Database: uniprotsprot.fasta
           565,254 sequences; 203,850,821 total letters



Query= sp|B6J853|MIAB_COXB1 tRNA-2-methylthio-N(6)-dimethylallyladenosine
synthase OS=Coxiella burnetii (strain CbuK_Q154) OX=434924 GN=miaB
PE=3 SV=1

Length=439
                                                                      Score        E
Sequences producing significant alignments:                          (Bits)     Value

Q83DX3 tRNA-2-methylthio-N(6)-dimethylallyladenosine synthase OS=...  915        0.0   
A9NC58 tRNA-2-methylthio-N(6)-dimethylallyladenosine synthase OS=...  915        0.0   
B6J1A4 tRNA-2-methylthio-N(6)-dimethylallyladenosine synthase OS=...  915        0.0   
B6J853 tRNA-2-methylthio-N(6)-dimethylallyladenosine synthase OS=...  915        0.0   
A9KCP2 tRNA-2-methylthio-N(6)-dimethylallyladenosine synthase OS=...  910        0.0   
Q5WX12 tRNA-2-methylthio-N(6)-dimethylallyladenosine synthase OS=...  677        0.0   
Q5ZVV6 tRNA-2-methylthio-N(6)-dimethylallyladenosine synthase OS=...  677        0.0   
A5IBH7 tRNA-2-methylthio-N(6)-dimethylallyladenosine synthase OS=...  677        0.0   
Q5X5N2 tRNA-2-methylthio-N(6)-dimethylallyladenosine synthase OS=...  677        0.0   
Q3JEH9 tRNA-2-methylthio-N(6)-dimethylallyladenosine synthase OS=...  661        0.0   
Q8PJR9 tRNA-2-methylthio-N(6)-dimethylallyladenosine synthase OS=...  632        0.0   
Q2SBF4 tRNA-2-methylthio-N(6)-dimethylallyladenosine synthase OS=...  631        0.0   
Q0ABN9 tRNA-2-methylthio-N(6)-dimethylallyladenosine synthase OS=...  631        0.0   
Q3BS94 tRNA-2-methylthio-N(6)-dimethylallyladenosine synthase OS=...  630        0.0   
Q5GZ51 tRNA-2-methylthio-N(6)-dimethylallyladenosine synthase OS=...  629        0.0   
Q8P8B5 tRNA-2-methylthio-N(6)-dimethylallyladenosine synthase OS=...  629        0.0   
B0RRW2 tRNA-2-methylthio-N(6)-dimethylallyladenosine synthase OS=...  629        0.0   
Q4UVS2 tRNA-2-methylthio-N(6)-dimethylallyladenosine synthase OS=...  629        0.0   
B2SW86 tRNA-2-methylthio-N(6)-dimethylallyladenosine synthase OS=...  627        0.0   
Q51470 tRNA-2-methylthio-N(6)-dimethylallyladenosine synthase OS=...  627        0.0   
Q02SE8 tRNA-2-methylthio-N(6)-dimethylallyladenosine synthase OS=...  627        0.0   
A1U494 tRNA-2-methylthio-N(6)-dimethylallyladenosine synthase OS=...  627        0.0   
Q2P266 tRNA-2-methylthio-N(6)-dimethylallyladenosine synthase OS=...  626        0.0   
B2FJ92 tRNA-2-methylthio-N(6)-dimethylallyladenosine synthase OS=...  624        0.0   
B3PER6 tRNA-2-methylthio-N(6)-dimethylallyladenosine synthase OS=...  624        0.0   
B4SQK7 tRNA-2-methylthio-N(6)-dimethylallyladenosine synthase OS=...  623        0.0   
A6V0C9 tRNA-2-methylthio-N(6)-dimethylallyladenosine synthase OS=...  621        0.0   
Q4ZN97 tRNA-2-methylthio-N(6)-dimethylallyladenosine synthase OS=...  619        0.0   
Q48DN8 tRNA-2-methylthio-N(6)-dimethylallyladenosine synthase OS=...  617        0.0   
Q3IK75 tRNA-2-methylthio-N(6)-dimethylallyladenosine synthase OS=...  617        0.0   
Q608N1 tRNA-2-methylthio-N(6)-dimethylallyladenosine synthase OS=...  617        0.0   
Q15TR4 tRNA-2-methylthio-N(6)-dimethylallyladenosine synthase OS=...  616        0.0   
B0U4P1 tRNA-2-methylthio-N(6)-dimethylallyladenosine synthase OS=...  615        0.0   
Q87VY1 tRNA-2-methylthio-N(6)-dimethylallyladenosine synthase OS=...  615        0.0   
A4XYW1 tRNA-2-methylthio-N(6)-dimethylallyladenosine synthase OS=...  615        0.0   
A5EXA7 tRNA-2-methylthio-N(6)-dimethylallyladenosine synthase OS=...  615        0.0   
Q57163 tRNA-2-methylthio-N(6)-dimethylallyladenosine synthase OS=...  615        0.0   
A5UFJ1 tRNA-2-methylthio-N(6)-dimethylallyladenosine synthase OS=...  615        0.0   
A5UBB9 tRNA-2-methylthio-N(6)-dimethylallyladenosine synthase OS=...  615        0.0   
Q4QPM5 tRNA-2-methylthio-N(6)-dimethylallyladenosine synthase OS=...  615        0.0   
Q87AP4 tRNA-2-methylthio-N(6)-dimethylallyladenosine synthase OS=...  615        0.0   
B2I8U1 tRNA-2-methylthio-N(6)-dimethylallyladenosine synthase OS=...  615        0.0   
Q9L699 tRNA-2-methylthio-N(6)-dimethylallyladenosine synthase OS=...  613        0.0   
B4S0R8 tRNA-2-methylthio-N(6)-dimethylallyladenosine synthase OS=...  613        0.0   
Q0VN66 tRNA-2-methylthio-N(6)-dimethylallyladenosine synthase OS=...  613        0.0   
B0TXS4 tRNA-2-methylthio-N(6)-dimethylallyladenosine synthase OS=...  612        0.0   
Q65RW3 tRNA-2-methylthio-N(6)-dimethylallyladenosine synthase OS=...  612        0.0   
B0UUU9 tRNA-2-methylthio-N(6)-dimethylallyladenosine synthase OS=...  612        0.0   
Q0I3Z1 tRNA-2-methylthio-N(6)-dimethylallyladenosine synthase OS=...  612        0.0   
Q7NQI8 tRNA-2-methylthio-N(6)-dimethylallyladenosine synthase OS=...  612        0.0   
Q21FH4 tRNA-2-methylthio-N(6)-dimethylallyladenosine synthase OS=...  611        0.0   
A4IYC1 tRNA-2-methylthio-N(6)-dimethylallyladenosine synthase OS=...  610        0.0   
Q5NH53 tRNA-2-methylthio-N(6)-dimethylallyladenosine synthase OS=...  610        0.0   
Q0BM96 tRNA-2-methylthio-N(6)-dimethylallyladenosine synthase OS=...  610        0.0   
A0Q6T5 tRNA-2-methylthio-N(6)-dimethylallyladenosine synthase OS=...  610        0.0   
B2SG13 tRNA-2-methylthio-N(6)-dimethylallyladenosine synthase OS=...  610        0.0   
Q2A3U6 tRNA-2-methylthio-N(6)-dimethylallyladenosine synthase OS=...  610        0.0   
A7NBR0 tRNA-2-methylthio-N(6)-dimethylallyladenosine synthase OS=...  610        0.0   
Q14IK5 tRNA-2-methylthio-N(6)-dimethylallyladenosine synthase OS=...  610        0.0   
A6VQQ3 tRNA-2-methylthio-N(6)-dimethylallyladenosine synthase OS=...  610        0.0   
Q9PEX2 tRNA-2-methylthio-N(6)-dimethylallyladenosine synthase OS=...  610        0.0   
Q3K6B7 tRNA-2-methylthio-N(6)-dimethylallyladenosine synthase OS=...  610        0.0   
Q4K5I3 tRNA-2-methylthio-N(6)-dimethylallyladenosine synthase OS=...  610        0.0   
B2UFP3 tRNA-2-methylthio-N(6)-dimethylallyladenosine synthase OS=...  609        0.0   
Q2T101 tRNA-2-methylthio-N(6)-dimethylallyladenosine synthase OS=...  608        0.0   
B4EBG2 tRNA-2-methylthio-N(6)-dimethylallyladenosine synthase OS=...  607        0.0   
A9AFF8 tRNA-2-methylthio-N(6)-dimethylallyladenosine synthase OS=...  607        0.0   
A6SV24 tRNA-2-methylthio-N(6)-dimethylallyladenosine synthase OS=...  606        0.0   
Q63X63 tRNA-2-methylthio-N(6)-dimethylallyladenosine synthase OS=...  606        0.0   
A3N5Z1 tRNA-2-methylthio-N(6)-dimethylallyladenosine synthase OS=...  606        0.0   
A3NRN5 tRNA-2-methylthio-N(6)-dimethylallyladenosine synthase OS=...  606        0.0   
A1V713 tRNA-2-methylthio-N(6)-dimethylallyladenosine synthase OS=...  606        0.0   
Q62MK8 tRNA-2-methylthio-N(6)-dimethylallyladenosine synthase OS=...  606        0.0   
A2S8Q1 tRNA-2-methylthio-N(6)-dimethylallyladenosine synthase OS=...  606        0.0   
A3MNX8 tRNA-2-methylthio-N(6)-dimethylallyladenosine synthase OS=...  606        0.0   
A4SJX4 tRNA-2-methylthio-N(6)-dimethylallyladenosine synthase OS=...  605        0.0   
A5CW77 tRNA-2-methylthio-N(6)-dimethylallyladenosine synthase OS=...  605        0.0   
Q1H3L6 tRNA-2-methylthio-N(6)-dimethylallyladenosine synthase OS=...  605        0.0   
A0KAB6 tRNA-2-methylthio-N(6)-dimethylallyladenosine synthase OS=...  605        0.0   
B1JY57 tRNA-2-methylthio-N(6)-dimethylallyladenosine synthase OS=...  605        0.0   
Q1BTS3 tRNA-2-methylthio-N(6)-dimethylallyladenosine synthase OS=...  605        0.0   
Q3JVV1 tRNA-2-methylthio-N(6)-dimethylallyladenosine synthase OS=...  604        0.0   
Q39D51 tRNA-2-methylthio-N(6)-dimethylallyladenosine synthase OS=...  604        0.0   
B3GYA4 tRNA-2-methylthio-N(6)-dimethylallyladenosine synthase OS=...  604        0.0   
A3N1X3 tRNA-2-methylthio-N(6)-dimethylallyladenosine synthase OS=...  604        0.0   
A0KTX4 tRNA-2-methylthio-N(6)-dimethylallyladenosine synthase OS=...  603        0.0   
B0BQR0 tRNA-2-methylthio-N(6)-dimethylallyladenosine synthase OS=...  603        0.0   
A4JHN3 tRNA-2-methylthio-N(6)-dimethylallyladenosine synthase OS=...  603        0.0   
Q8Y206 tRNA-2-methylthio-N(6)-dimethylallyladenosine synthase OS=...  602        0.0   
A4VQY3 tRNA-2-methylthio-N(6)-dimethylallyladenosine synthase OS=...  602        0.0   
A0KN81 tRNA-2-methylthio-N(6)-dimethylallyladenosine synthase OS=...  602        0.0   
Q0HXT7 tRNA-2-methylthio-N(6)-dimethylallyladenosine synthase OS=...  601        0.0   
Q7VP74 tRNA-2-methylthio-N(6)-dimethylallyladenosine synthase OS=...  601        0.0   
Q0HLI3 tRNA-2-methylthio-N(6)-dimethylallyladenosine synthase OS=...  600        0.0   
Q47Y80 tRNA-2-methylthio-N(6)-dimethylallyladenosine synthase OS=...  600        0.0   
Q0BC21 tRNA-2-methylthio-N(6)-dimethylallyladenosine synthase OS=...  600        0.0   
B1YWB9 tRNA-2-methylthio-N(6)-dimethylallyladenosine synthase OS=...  600        0.0   
Q7WMN3 tRNA-2-methylthio-N(6)-dimethylallyladenosine synthase OS=...  600        0.0   
A4G267 tRNA-2-methylthio-N(6)-dimethylallyladenosine synthase OS=...  600        0.0   
Q1QV24 tRNA-2-methylthio-N(6)-dimethylallyladenosine synthase OS=...  600        0.0   
Q7WB66 tRNA-2-methylthio-N(6)-dimethylallyladenosine synthase OS=...  600        0.0   
Q8CX45 tRNA-2-methylthio-N(6)-dimethylallyladenosine synthase OS=...  599        0.0   
A1RGV4 tRNA-2-methylthio-N(6)-dimethylallyladenosine synthase OS=...  598        0.0   
B2AHA4 tRNA-2-methylthio-N(6)-dimethylallyladenosine synthase OS=...  598        0.0   
A4Y9E1 tRNA-2-methylthio-N(6)-dimethylallyladenosine synthase OS=...  597        0.0   
Q0KE93 tRNA-2-methylthio-N(6)-dimethylallyladenosine synthase OS=...  597        0.0   
Q7VZ86 tRNA-2-methylthio-N(6)-dimethylallyladenosine synthase OS=...  597        0.0   
A1JQA3 tRNA-2-methylthio-N(6)-dimethylallyladenosine synthase OS=...  596        0.0   
A9KZZ3 tRNA-2-methylthio-N(6)-dimethylallyladenosine synthase OS=...  596        0.0   
A6WRJ1 tRNA-2-methylthio-N(6)-dimethylallyladenosine synthase OS=...  596        0.0   
B4EV28 tRNA-2-methylthio-N(6)-dimethylallyladenosine synthase OS=...  596        0.0   
A3D7M8 tRNA-2-methylthio-N(6)-dimethylallyladenosine synthase OS=...  595        0.0   
A1AX14 tRNA-2-methylthio-N(6)-dimethylallyladenosine synthase OS=...  595        0.0   
Q6LNA5 tRNA-2-methylthio-N(6)-dimethylallyladenosine synthase OS=...  595        0.0   
B1JG95 tRNA-2-methylthio-N(6)-dimethylallyladenosine synthase OS=...  594        0.0   
A8FZ02 tRNA-2-methylthio-N(6)-dimethylallyladenosine synthase OS=...  593        0.0   
Q1LR87 tRNA-2-methylthio-N(6)-dimethylallyladenosine synthase OS=...  593        0.0   
A3QH41 tRNA-2-methylthio-N(6)-dimethylallyladenosine synthase OS=...  593        0.0   
Q66DD3 tRNA-2-methylthio-N(6)-dimethylallyladenosine synthase OS=...  592        0.0   
B2K896 tRNA-2-methylthio-N(6)-dimethylallyladenosine synthase OS=...  592        0.0   
A7FKU9 tRNA-2-methylthio-N(6)-dimethylallyladenosine synthase OS=...  592        0.0   
B0TR38 tRNA-2-methylthio-N(6)-dimethylallyladenosine synthase OS=...  592        0.0   
A4TNY6 tRNA-2-methylthio-N(6)-dimethylallyladenosine synthase OS=...  592        0.0   
A9R6X8 tRNA-2-methylthio-N(6)-dimethylallyladenosine synthase OS=...  592        0.0   
A1S8S1 tRNA-2-methylthio-N(6)-dimethylallyladenosine synthase OS=...  592        0.0   
B1KDV4 tRNA-2-methylthio-N(6)-dimethylallyladenosine synthase OS=...  592        0.0   
B2JD88 tRNA-2-methylthio-N(6)-dimethylallyladenosine synthase OS=...  592        0.0   
A8H7B6 tRNA-2-methylthio-N(6)-dimethylallyladenosine synthase OS=...  591        0.0   
Q82SI7 tRNA-2-methylthio-N(6)-dimethylallyladenosine synthase OS=...  590        0.0   
A1WBW2 tRNA-2-methylthio-N(6)-dimethylallyladenosine synthase OS=...  590        0.0   
Q1CKP3 tRNA-2-methylthio-N(6)-dimethylallyladenosine synthase OS=...  590        0.0   
Q0WDR2 tRNA-2-methylthio-N(6)-dimethylallyladenosine synthase OS=...  590        0.0   
Q1C531 tRNA-2-methylthio-N(6)-dimethylallyladenosine synthase OS=...  590        0.0   
Q087J4 tRNA-2-methylthio-N(6)-dimethylallyladenosine synthase OS=...  590        0.0   
B5R817 tRNA-2-methylthio-N(6)-dimethylallyladenosine synthase OS=...  590        0.0   
B5QWC1 tRNA-2-methylthio-N(6)-dimethylallyladenosine synthase OS=...  590        0.0   
Q7MB63 tRNA-2-methylthio-N(6)-dimethylallyladenosine synthase OS=...  590        0.0   
Q3Z4D1 tRNA-2-methylthio-N(6)-dimethylallyladenosine synthase OS=...  589        0.0   
Q83LY3 tRNA-2-methylthio-N(6)-dimethylallyladenosine synthase OS=...  589        0.0   
Q0T6S0 tRNA-2-methylthio-N(6)-dimethylallyladenosine synthase OS=...  589        0.0   
Q324N4 tRNA-2-methylthio-N(6)-dimethylallyladenosine synthase OS=...  589        0.0   
B6HYN0 tRNA-2-methylthio-N(6)-dimethylallyladenosine synthase OS=...  589        0.0   
Q32IR1 tRNA-2-methylthio-N(6)-dimethylallyladenosine synthase OS=...  588        0.0   
Q9RCI2 tRNA-2-methylthio-N(6)-dimethylallyladenosine synthase OS=...  588        0.0   
Q8Z8G5 tRNA-2-methylthio-N(6)-dimethylallyladenosine synthase OS=...  588        0.0   
B4TPZ0 tRNA-2-methylthio-N(6)-dimethylallyladenosine synthase OS=...  588        0.0   
A9MUH8 tRNA-2-methylthio-N(6)-dimethylallyladenosine synthase OS=...  588        0.0   
B4SYN0 tRNA-2-methylthio-N(6)-dimethylallyladenosine synthase OS=...  588        0.0   
B4TB74 tRNA-2-methylthio-N(6)-dimethylallyladenosine synthase OS=...  588        0.0   
B5FNB2 tRNA-2-methylthio-N(6)-dimethylallyladenosine synthase OS=...  588        0.0   
Q57RQ7 tRNA-2-methylthio-N(6)-dimethylallyladenosine synthase OS=...  588        0.0   
B5EZB2 tRNA-2-methylthio-N(6)-dimethylallyladenosine synthase OS=...  588        0.0   
B7LKU3 tRNA-2-methylthio-N(6)-dimethylallyladenosine synthase OS=...  588        0.0   
B1LLB3 tRNA-2-methylthio-N(6)-dimethylallyladenosine synthase OS=...  588        0.0   
B7N9R6 tRNA-2-methylthio-N(6)-dimethylallyladenosine synthase OS=...  588        0.0   
P0AEI1 tRNA-2-methylthio-N(6)-dimethylallyladenosine synthase OS=...  588        0.0   
B1IYE7 tRNA-2-methylthio-N(6)-dimethylallyladenosine synthase OS=...  588        0.0   
P0AEI2 tRNA-2-methylthio-N(6)-dimethylallyladenosine synthase OS=...  588        0.0   
Q0TK19 tRNA-2-methylthio-N(6)-dimethylallyladenosine synthase OS=...  588        0.0   
A7ZXT0 tRNA-2-methylthio-N(6)-dimethylallyladenosine synthase OS=...  588        0.0   
B1X656 tRNA-2-methylthio-N(6)-dimethylallyladenosine synthase OS=...  588        0.0   
B7M5I8 tRNA-2-methylthio-N(6)-dimethylallyladenosine synthase OS=...  588        0.0   
B7MPH7 tRNA-2-methylthio-N(6)-dimethylallyladenosine synthase OS=...  588        0.0   
B7NM12 tRNA-2-methylthio-N(6)-dimethylallyladenosine synthase OS=...  588        0.0   
B5YQL3 tRNA-2-methylthio-N(6)-dimethylallyladenosine synthase OS=...  588        0.0   
P0AEI3 tRNA-2-methylthio-N(6)-dimethylallyladenosine synthase OS=...  588        0.0   
B7L9K8 tRNA-2-methylthio-N(6)-dimethylallyladenosine synthase OS=...  588        0.0   
A7ZJ54 tRNA-2-methylthio-N(6)-dimethylallyladenosine synthase OS=...  588        0.0   
Q31IF4 tRNA-2-methylthio-N(6)-dimethylallyladenosine synthase OS=...  588        0.0   
Q1REQ5 tRNA-2-methylthio-N(6)-dimethylallyladenosine synthase OS=...  588        0.0   
A1A8S9 tRNA-2-methylthio-N(6)-dimethylallyladenosine synthase OS=...  588        0.0   
B7MFS7 tRNA-2-methylthio-N(6)-dimethylallyladenosine synthase OS=...  588        0.0   
A9BUQ1 tRNA-2-methylthio-N(6)-dimethylallyladenosine synthase OS=...  588        0.0   
Q475N7 tRNA-2-methylthio-N(6)-dimethylallyladenosine synthase OS=...  588        0.0   
A8GB34 tRNA-2-methylthio-N(6)-dimethylallyladenosine synthase OS=...  588        0.0   
A9MKB7 tRNA-2-methylthio-N(6)-dimethylallyladenosine synthase OS=...  587        0.0   
B2TU59 tRNA-2-methylthio-N(6)-dimethylallyladenosine synthase OS=...  587        0.0   
A7MQS5 tRNA-2-methylthio-N(6)-dimethylallyladenosine synthase OS=...  587        0.0   
B5BCD1 tRNA-2-methylthio-N(6)-dimethylallyladenosine synthase OS=...  586        0.0   
Q5PLT0 tRNA-2-methylthio-N(6)-dimethylallyladenosine synthase OS=...  586        0.0   
A6VZE1 tRNA-2-methylthio-N(6)-dimethylallyladenosine synthase OS=...  586        0.0   
A6T6B5 tRNA-2-methylthio-N(6)-dimethylallyladenosine synthase OS=...  586        0.0   
Q2KWE0 tRNA-2-methylthio-N(6)-dimethylallyladenosine synthase OS=...  586        0.0   
Q13UD5 tRNA-2-methylthio-N(6)-dimethylallyladenosine synthase OS=...  586        0.0   
B5FBL3 tRNA-2-methylthio-N(6)-dimethylallyladenosine synthase OS=...  585        0.0   
Q5E6U2 tRNA-2-methylthio-N(6)-dimethylallyladenosine synthase OS=...  585        0.0   
B2SYI5 tRNA-2-methylthio-N(6)-dimethylallyladenosine synthase OS=...  585        0.0   
A4W838 tRNA-2-methylthio-N(6)-dimethylallyladenosine synthase OS=...  584        0.0   
A8AJE9 tRNA-2-methylthio-N(6)-dimethylallyladenosine synthase OS=...  583        0.0   
Q12R22 tRNA-2-methylthio-N(6)-dimethylallyladenosine synthase OS=...  583        0.0   
Q2NUT9 tRNA-2-methylthio-N(6)-dimethylallyladenosine synthase OS=...  582        0.0   
Q5QYC5 tRNA-2-methylthio-N(6)-dimethylallyladenosine synthase OS=...  582        0.0   
Q2Y5J2 tRNA-2-methylthio-N(6)-dimethylallyladenosine synthase OS=...  582        0.0   
A9HZZ2 tRNA-2-methylthio-N(6)-dimethylallyladenosine synthase OS=...  582        0.0   
Q3SFF1 tRNA-2-methylthio-N(6)-dimethylallyladenosine synthase OS=...  581        0.0   
A1K3J0 tRNA-2-methylthio-N(6)-dimethylallyladenosine synthase OS=...  580        0.0   
Q12EH0 tRNA-2-methylthio-N(6)-dimethylallyladenosine synthase OS=...  579        0.0   
Q0AF59 tRNA-2-methylthio-N(6)-dimethylallyladenosine synthase OS=...  579        0.0   
B5XZQ0 tRNA-2-methylthio-N(6)-dimethylallyladenosine synthase OS=...  579        0.0   
Q47A75 tRNA-2-methylthio-N(6)-dimethylallyladenosine synthase OS=...  578        0.0   
B6EIN8 tRNA-2-methylthio-N(6)-dimethylallyladenosine synthase OS=...  578        0.0   
Q9KTE0 tRNA-2-methylthio-N(6)-dimethylallyladenosine synthase OS=...  578        0.0   
A5F2X6 tRNA-2-methylthio-N(6)-dimethylallyladenosine synthase OS=...  578        0.0   
Q87RP4 tRNA-2-methylthio-N(6)-dimethylallyladenosine synthase OS=...  577        0.0   
A1TKI5 tRNA-2-methylthio-N(6)-dimethylallyladenosine synthase OS=...  577        0.0   
A2SD55 tRNA-2-methylthio-N(6)-dimethylallyladenosine synthase OS=...  576        0.0   
B4RNW8 tRNA-2-methylthio-N(6)-dimethylallyladenosine synthase OS=...  575        0.0   
Q5P760 tRNA-2-methylthio-N(6)-dimethylallyladenosine synthase OS=...  575        0.0   
Q5FAI1 tRNA-2-methylthio-N(6)-dimethylallyladenosine synthase OS=...  575        0.0   
Q7MN00 tRNA-2-methylthio-N(6)-dimethylallyladenosine synthase OS=...  574        0.0   
Q9JXV8 tRNA-2-methylthio-N(6)-dimethylallyladenosine synthase OS=...  574        0.0   
B2VBL4 tRNA-2-methylthio-N(6)-dimethylallyladenosine synthase OS=...  574        0.0   
Q6D7K6 tRNA-2-methylthio-N(6)-dimethylallyladenosine synthase OS=...  573        0.0   
A1IQ34 tRNA-2-methylthio-N(6)-dimethylallyladenosine synthase OS=...  572        0.0   
Q8DFE8 tRNA-2-methylthio-N(6)-dimethylallyladenosine synthase OS=...  570        0.0   
A1KS33 tRNA-2-methylthio-N(6)-dimethylallyladenosine synthase OS=...  570        0.0   
A7N1G9 tRNA-2-methylthio-N(6)-dimethylallyladenosine synthase OS=...  570        0.0   
A1WIL9 tRNA-2-methylthio-N(6)-dimethylallyladenosine synthase OS=...  569        0.0   
A1SSC4 tRNA-2-methylthio-N(6)-dimethylallyladenosine synthase OS=...  568        0.0   
A1VSP2 tRNA-2-methylthio-N(6)-dimethylallyladenosine synthase OS=...  566        0.0   
A9M1G4 tRNA-2-methylthio-N(6)-dimethylallyladenosine synthase OS=...  566        0.0   
A4T007 tRNA-2-methylthio-N(6)-dimethylallyladenosine synthase OS=...  562        0.0   
B1XYX5 tRNA-2-methylthio-N(6)-dimethylallyladenosine synthase OS=...  562        0.0   
Q1Q929 tRNA-2-methylthio-N(6)-dimethylallyladenosine synthase OS=...  561        0.0   
Q21T29 tRNA-2-methylthio-N(6)-dimethylallyladenosine synthase OS=...  559        0.0   
Q4FQU4 tRNA-2-methylthio-N(6)-dimethylallyladenosine synthase OS=...  559        0.0   
A5WGM4 tRNA-2-methylthio-N(6)-dimethylallyladenosine synthase OS=...  559        0.0   
Q1LU21 tRNA-2-methylthio-N(6)-dimethylallyladenosine synthase OS=...  551        0.0   
B1XS06 tRNA-2-methylthio-N(6)-dimethylallyladenosine synthase OS=...  548        0.0   
B5ENG4 tRNA-2-methylthio-N(6)-dimethylallyladenosine synthase OS=...  545        0.0   
B7J5B2 tRNA-2-methylthio-N(6)-dimethylallyladenosine synthase OS=...  545        0.0   
A1WVF7 tRNA-2-methylthio-N(6)-dimethylallyladenosine synthase OS=...  542        0.0   
B0VQX2 tRNA-2-methylthio-N(6)-dimethylallyladenosine synthase OS=...  540        0.0   
B2HZ55 tRNA-2-methylthio-N(6)-dimethylallyladenosine synthase OS=...  538        0.0   
B0V6R4 tRNA-2-methylthio-N(6)-dimethylallyladenosine synthase OS=...  537        0.0   
B7I9D5 tRNA-2-methylthio-N(6)-dimethylallyladenosine synthase OS=...  537        0.0   
B7GW55 tRNA-2-methylthio-N(6)-dimethylallyladenosine synthase OS=...  537        0.0   
Q6F7W8 tRNA-2-methylthio-N(6)-dimethylallyladenosine synthase OS=...  537        0.0   
Q89AC2 tRNA-2-methylthio-N(6)-dimethylallyladenosine synthase OS=...  521        0.0   
P57516 tRNA-2-methylthio-N(6)-dimethylallyladenosine synthase OS=...  514        0.0   
Q8K9C2 tRNA-2-methylthio-N(6)-dimethylallyladenosine synthase OS=...  499        1e-174
A0L7K3 tRNA-2-methylthio-N(6)-dimethylallyladenosine synthase OS=...  465        2e-161
A3PPW5 tRNA-2-methylthio-N(6)-dimethylallyladenosine synthase OS=...  434        2e-149
Q3IW81 tRNA-2-methylthio-N(6)-dimethylallyladenosine synthase OS=...  434        3e-149
A9VYZ9 tRNA-2-methylthio-N(6)-dimethylallyladenosine synthase OS=...  433        9e-149
B1ZJR5 tRNA-2-methylthio-N(6)-dimethylallyladenosine synthase OS=...  433        1e-148
B1LWE8 tRNA-2-methylthio-N(6)-dimethylallyladenosine synthase OS=...  429        5e-147
A4WZB3 tRNA-2-methylthio-N(6)-dimethylallyladenosine synthase OS=...  427        2e-146
B7KVE0 tRNA-2-methylthio-N(6)-dimethylallyladenosine synthase OS=...  426        5e-146
Q057G5 tRNA-2-methylthio-N(6)-dimethylallyladenosine synthase OS=...  424        2e-145
A7IGB2 tRNA-2-methylthio-N(6)-dimethylallyladenosine synthase OS=...  422        3e-144
Q5FPF1 tRNA-2-methylthio-N(6)-dimethylallyladenosine synthase OS=...  422        3e-144
Q0AK79 tRNA-2-methylthio-N(6)-dimethylallyladenosine synthase OS=...  421        6e-144
B6IVM2 tRNA-2-methylthio-N(6)-dimethylallyladenosine synthase OS=...  421        2e-143
Q2VYQ8 tRNA-2-methylthio-N(6)-dimethylallyladenosine synthase OS=...  419        3e-143
Q28UJ8 tRNA-2-methylthio-N(6)-dimethylallyladenosine synthase OS=...  419        8e-143
B0UNY0 tRNA-2-methylthio-N(6)-dimethylallyladenosine synthase OS=...  417        1e-142
A8IG00 tRNA-2-methylthio-N(6)-dimethylallyladenosine synthase OS=...  412        2e-140
Q0C606 tRNA-2-methylthio-N(6)-dimethylallyladenosine synthase OS=...  411        5e-140
A8LSE7 tRNA-2-methylthio-N(6)-dimethylallyladenosine synthase OS=...  409        1e-139
A8F011 tRNA-2-methylthio-N(6)-dimethylallyladenosine synthase OS=...  409        4e-139
B5ZMY1 tRNA-2-methylthio-N(6)-dimethylallyladenosine synthase OS=...  408        1e-138
B3PZB6 tRNA-2-methylthio-N(6)-dimethylallyladenosine synthase OS=...  408        1e-138
Q11BD9 tRNA-2-methylthio-N(6)-dimethylallyladenosine synthase OS=...  408        2e-138
A8GTT8 tRNA-2-methylthio-N(6)-dimethylallyladenosine synthase OS=...  406        4e-138
B0BVC7 tRNA-2-methylthio-N(6)-dimethylallyladenosine synthase OS=...  406        4e-138
Q2KD88 tRNA-2-methylthio-N(6)-dimethylallyladenosine synthase OS=...  406        7e-138
Q7D1M2 tRNA-2-methylthio-N(6)-dimethylallyladenosine synthase OS=...  405        7e-138
Q92G77 tRNA-2-methylthio-N(6)-dimethylallyladenosine synthase OS=...  405        1e-137
Q1MMB6 tRNA-2-methylthio-N(6)-dimethylallyladenosine synthase OS=...  406        1e-137
Q2GG00 tRNA-2-methylthio-N(6)-dimethylallyladenosine synthase OS=...  404        3e-137
Q73HW8 tRNA-2-methylthio-N(6)-dimethylallyladenosine synthase OS=...  404        3e-137
Q4UK06 tRNA-2-methylthio-N(6)-dimethylallyladenosine synthase OS=...  404        3e-137
Q0BVY6 tRNA-2-methylthio-N(6)-dimethylallyladenosine synthase OS=...  405        5e-137
A5FY82 tRNA-2-methylthio-N(6)-dimethylallyladenosine synthase OS=...  403        6e-137
Q2RMT1 tRNA-2-methylthio-N(6)-dimethylallyladenosine synthase OS=...  404        8e-137
B2IIK5 tRNA-2-methylthio-N(6)-dimethylallyladenosine synthase OS=...  405        1e-136
Q1RKC2 tRNA-2-methylthio-N(6)-dimethylallyladenosine synthase OS=...  402        1e-136
A8GY24 tRNA-2-methylthio-N(6)-dimethylallyladenosine synthase OS=...  402        1e-136
B3CLG9 tRNA-2-methylthio-N(6)-dimethylallyladenosine synthase OS=...  400        5e-136
A9HIM2 tRNA-2-methylthio-N(6)-dimethylallyladenosine synthase OS=...  401        1e-135
Q3YSK6 tRNA-2-methylthio-N(6)-dimethylallyladenosine synthase OS=...  400        1e-135
Q2J2K9 tRNA-2-methylthio-N(6)-dimethylallyladenosine synthase OS=...  400        2e-135
Q98BK3 tRNA-2-methylthio-N(6)-dimethylallyladenosine synthase OS=...  399        2e-135
Q92SI7 tRNA-2-methylthio-N(6)-dimethylallyladenosine synthase OS=...  400        2e-135
Q2LT94 tRNA-2-methylthio-N(6)-dimethylallyladenosine synthase OS=...  399        3e-135
A4IMH7 tRNA-2-methylthio-N(6)-dimethylallyladenosine synthase OS=...  401        4e-135
A7HZ82 tRNA-2-methylthio-N(6)-dimethylallyladenosine synthase OS=...  399        4e-135
Q5L0E8 tRNA-2-methylthio-N(6)-dimethylallyladenosine synthase OS=...  401        7e-135
A8F2U6 tRNA-2-methylthio-N(6)-dimethylallyladenosine synthase OS=...  397        2e-134
A5G670 tRNA-2-methylthio-N(6)-dimethylallyladenosine synthase OS=...  396        3e-134
Q161G5 tRNA-2-methylthio-N(6)-dimethylallyladenosine synthase OS=...  396        3e-134
Q5GSS2 tRNA-2-methylthio-N(6)-dimethylallyladenosine synthase OS=...  395        7e-134
A1B8C4 tRNA-2-methylthio-N(6)-dimethylallyladenosine synthase OS=...  395        8e-134
Q74B44 tRNA-2-methylthio-N(6)-dimethylallyladenosine synthase OS=...  395        8e-134
A6U5H0 tRNA-2-methylthio-N(6)-dimethylallyladenosine synthase OS=...  395        1e-133
Q5LLM0 tRNA-2-methylthio-N(6)-dimethylallyladenosine synthase OS=...  394        1e-133
A5VTA1 tRNA-2-methylthio-N(6)-dimethylallyladenosine synthase OS=...  395        1e-133
Q8FXU4 tRNA-2-methylthio-N(6)-dimethylallyladenosine synthase OS=...  395        1e-133
A9M9Y3 tRNA-2-methylthio-N(6)-dimethylallyladenosine synthase OS=...  395        1e-133
A8GQ03 tRNA-2-methylthio-N(6)-dimethylallyladenosine synthase OS=...  394        2e-133
B6JCT6 tRNA-2-methylthio-N(6)-dimethylallyladenosine synthase OS=...  395        2e-133
Q57AB1 tRNA-2-methylthio-N(6)-dimethylallyladenosine synthase OS=...  394        3e-133
Q2YQS8 tRNA-2-methylthio-N(6)-dimethylallyladenosine synthase OS=...  394        3e-133
B2S9E5 tRNA-2-methylthio-N(6)-dimethylallyladenosine synthase OS=...  394        3e-133
A6WWX6 tRNA-2-methylthio-N(6)-dimethylallyladenosine synthase OS=...  393        1e-132
Q39TA3 tRNA-2-methylthio-N(6)-dimethylallyladenosine synthase OS=...  392        1e-132
Q8YEA2 tRNA-2-methylthio-N(6)-dimethylallyladenosine synthase OS=...  393        1e-132
B7GJM6 tRNA-2-methylthio-N(6)-dimethylallyladenosine synthase OS=...  395        2e-132
Q1GK98 tRNA-2-methylthio-N(6)-dimethylallyladenosine synthase OS=...  390        3e-132
B0CK00 tRNA-2-methylthio-N(6)-dimethylallyladenosine synthase OS=...  391        4e-132
Q68VU1 tRNA-2-methylthio-N(6)-dimethylallyladenosine synthase OS=...  390        7e-132
Q9ZCE8 tRNA-2-methylthio-N(6)-dimethylallyladenosine synthase OS=...  390        9e-132
Q5NRF3 tRNA-2-methylthio-N(6)-dimethylallyladenosine synthase OS=...  389        2e-131
Q2G9P6 tRNA-2-methylthio-N(6)-dimethylallyladenosine synthase OS=...  388        3e-131
Q21C43 tRNA-2-methylthio-N(6)-dimethylallyladenosine synthase OS=...  389        8e-131
Q3A594 tRNA-2-methylthio-N(6)-dimethylallyladenosine synthase OS=...  387        1e-130
A9VS16 tRNA-2-methylthio-N(6)-dimethylallyladenosine synthase OS=...  389        1e-130
O31778 tRNA-2-methylthio-N(6)-dimethylallyladenosine synthase OS=...  389        2e-130
B0T155 tRNA-2-methylthio-N(6)-dimethylallyladenosine synthase OS=...  387        2e-130
B7HDP7 tRNA-2-methylthio-N(6)-dimethylallyladenosine synthase OS=...  388        3e-130
B4RC70 tRNA-2-methylthio-N(6)-dimethylallyladenosine synthase OS=...  386        4e-130
A7GRA2 tRNA-2-methylthio-N(6)-dimethylallyladenosine synthase OS=...  387        8e-130
Q5HBR5 tRNA-2-methylthio-N(6)-dimethylallyladenosine synthase OS=...  385        8e-130
Q65JE5 tRNA-2-methylthio-N(6)-dimethylallyladenosine synthase OS=...  387        9e-130
Q13EK7 tRNA-2-methylthio-N(6)-dimethylallyladenosine synthase OS=...  385        1e-129
B7ITM4 tRNA-2-methylthio-N(6)-dimethylallyladenosine synthase OS=...  386        2e-129
Q3SMT7 tRNA-2-methylthio-N(6)-dimethylallyladenosine synthase OS=...  385        2e-129
Q812Y0 tRNA-2-methylthio-N(6)-dimethylallyladenosine synthase OS=...  386        3e-129
A5E855 tRNA-2-methylthio-N(6)-dimethylallyladenosine synthase OS=...  383        6e-129
A4YJD7 tRNA-2-methylthio-N(6)-dimethylallyladenosine synthase OS=...  383        7e-129
Q2N950 tRNA-2-methylthio-N(6)-dimethylallyladenosine synthase OS=...  382        1e-128
Q2GCU4 tRNA-2-methylthio-N(6)-dimethylallyladenosine synthase OS=...  382        1e-128
Q9KAB7 tRNA-2-methylthio-N(6)-dimethylallyladenosine synthase OS=...  384        2e-128
Q8EQR4 tRNA-2-methylthio-N(6)-dimethylallyladenosine synthase OS=...  384        3e-128
Q5FHD1 tRNA-2-methylthio-N(6)-dimethylallyladenosine synthase OS=...  381        3e-128
A8FDH0 tRNA-2-methylthio-N(6)-dimethylallyladenosine synthase OS=...  383        4e-128
Q8XLE9 tRNA-2-methylthio-N(6)-dimethylallyladenosine synthase OS=...  380        5e-128
Q0TRE5 tRNA-2-methylthio-N(6)-dimethylallyladenosine synthase OS=...  380        5e-128
Q1QS74 tRNA-2-methylthio-N(6)-dimethylallyladenosine synthase OS=...  381        8e-128
B7HLA6 tRNA-2-methylthio-N(6)-dimethylallyladenosine synthase OS=...  382        1e-127
Q732V4 tRNA-2-methylthio-N(6)-dimethylallyladenosine synthase OS=...  382        1e-127
Q6HF43 tRNA-2-methylthio-N(6)-dimethylallyladenosine synthase OS=...  381        2e-127
Q636Q4 tRNA-2-methylthio-N(6)-dimethylallyladenosine synthase OS=...  381        2e-127
B7JJ50 tRNA-2-methylthio-N(6)-dimethylallyladenosine synthase OS=...  381        2e-127
A0RHE4 tRNA-2-methylthio-N(6)-dimethylallyladenosine synthase OS=...  381        2e-127
A7Z4X2 tRNA-2-methylthio-N(6)-dimethylallyladenosine synthase OS=...  381        2e-127
Q0STS9 tRNA-2-methylthio-N(6)-dimethylallyladenosine synthase OS=...  379        2e-127
Q0AYB7 tRNA-2-methylthio-N(6)-dimethylallyladenosine synthase OS=...  379        2e-127
A5V8Y0 tRNA-2-methylthio-N(6)-dimethylallyladenosine synthase OS=...  378        4e-127
Q6G0N1 tRNA-2-methylthio-N(6)-dimethylallyladenosine synthase OS=...  378        6e-127
B5EE49 tRNA-2-methylthio-N(6)-dimethylallyladenosine synthase OS=...  377        9e-127
Q1GRE9 tRNA-2-methylthio-N(6)-dimethylallyladenosine synthase OS=...  377        1e-126
Q81WR0 tRNA-2-methylthio-N(6)-dimethylallyladenosine synthase OS=...  379        1e-126
Q89W97 tRNA-2-methylthio-N(6)-dimethylallyladenosine synthase OS=...  376        3e-126
A9IMW7 tRNA-2-methylthio-N(6)-dimethylallyladenosine synthase OS=...  376        3e-126
B3QAC6 tRNA-2-methylthio-N(6)-dimethylallyladenosine synthase OS=...  375        1e-125
A8MFD5 tRNA-2-methylthio-N(6)-dimethylallyladenosine synthase OS=...  375        2e-125
B1HR59 tRNA-2-methylthio-N(6)-dimethylallyladenosine synthase OS=...  376        2e-125
Q1D5V7 tRNA-2-methylthio-N(6)-dimethylallyladenosine synthase OS=...  374        3e-125
Q2GJJ5 tRNA-2-methylthio-N(6)-dimethylallyladenosine synthase OS=...  373        4e-125
Q5WFY0 tRNA-2-methylthio-N(6)-dimethylallyladenosine synthase OS=...  374        1e-124
Q2RJG3 tRNA-2-methylthio-N(6)-dimethylallyladenosine synthase OS=...  371        1e-124
A1UU39 tRNA-2-methylthio-N(6)-dimethylallyladenosine synthase OS=...  371        2e-124
Q07V68 tRNA-2-methylthio-N(6)-dimethylallyladenosine synthase OS=...  372        3e-124
A1APR6 tRNA-2-methylthio-N(6)-dimethylallyladenosine synthase OS=...  369        9e-124
Q5PB69 tRNA-2-methylthio-N(6)-dimethylallyladenosine synthase OS=...  369        1e-123
Q8RA72 tRNA-2-methylthio-N(6)-dimethylallyladenosine synthase OS=...  369        3e-123
Q6G4V6 tRNA-2-methylthio-N(6)-dimethylallyladenosine synthase OS=...  368        4e-123
A3DDI9 tRNA-2-methylthio-N(6)-dimethylallyladenosine synthase OS=...  369        4e-123
Q6NCM4 tRNA-2-methylthio-N(6)-dimethylallyladenosine synthase OS=...  368        5e-123
Q3ACA4 tRNA-2-methylthio-N(6)-dimethylallyladenosine synthase OS=...  367        6e-123
B1IM69 tRNA-2-methylthio-N(6)-dimethylallyladenosine synthase OS=...  365        4e-122
A5I2S3 tRNA-2-methylthio-N(6)-dimethylallyladenosine synthase OS=...  365        7e-122
A7FUL1 tRNA-2-methylthio-N(6)-dimethylallyladenosine synthase OS=...  365        7e-122
B1KSA4 tRNA-2-methylthio-N(6)-dimethylallyladenosine synthase OS=...  364        1e-121
A7GE46 tRNA-2-methylthio-N(6)-dimethylallyladenosine synthase OS=...  364        1e-121
A5CC78 tRNA-2-methylthio-N(6)-dimethylallyladenosine synthase OS=...  362        5e-121
B0K1A1 tRNA-2-methylthio-N(6)-dimethylallyladenosine synthase OS=...  362        1e-120
B2A3X6 tRNA-2-methylthio-N(6)-dimethylallyladenosine synthase OS=...  362        1e-120
B0K9L4 tRNA-2-methylthio-N(6)-dimethylallyladenosine synthase OS=...  362        1e-120
Q895H1 tRNA-2-methylthio-N(6)-dimethylallyladenosine synthase OS=...  362        1e-120
A4XL48 tRNA-2-methylthio-N(6)-dimethylallyladenosine synthase OS=...  360        7e-120
Q49X85 tRNA-2-methylthio-N(6)-dimethylallyladenosine synthase OS=...  362        8e-120
A5D2K1 tRNA-2-methylthio-N(6)-dimethylallyladenosine synthase OS=...  359        1e-119
Q7A110 tRNA-2-methylthio-N(6)-dimethylallyladenosine synthase OS=...  360        2e-119
Q6G9S1 tRNA-2-methylthio-N(6)-dimethylallyladenosine synthase OS=...  360        2e-119
Q7A5W3 tRNA-2-methylthio-N(6)-dimethylallyladenosine synthase OS=...  360        2e-119
Q99UI1 tRNA-2-methylthio-N(6)-dimethylallyladenosine synthase OS=...  360        2e-119
A5ISH6 tRNA-2-methylthio-N(6)-dimethylallyladenosine synthase OS=...  360        2e-119
A6U1B1 tRNA-2-methylthio-N(6)-dimethylallyladenosine synthase OS=...  360        2e-119
A7X1T3 tRNA-2-methylthio-N(6)-dimethylallyladenosine synthase OS=...  360        2e-119
A8Z1W3 tRNA-2-methylthio-N(6)-dimethylallyladenosine synthase OS=...  360        2e-119
A6QGJ1 tRNA-2-methylthio-N(6)-dimethylallyladenosine synthase OS=...  360        2e-119
Q5HGD9 tRNA-2-methylthio-N(6)-dimethylallyladenosine synthase OS=...  360        2e-119
Q2FZ02 tRNA-2-methylthio-N(6)-dimethylallyladenosine synthase OS=...  360        2e-119
Q2FHE6 tRNA-2-methylthio-N(6)-dimethylallyladenosine synthase OS=...  360        2e-119
Q6GHE3 tRNA-2-methylthio-N(6)-dimethylallyladenosine synthase OS=...  360        2e-119
Q2YXS2 tRNA-2-methylthio-N(6)-dimethylallyladenosine synthase OS=...  360        3e-119
Q119H9 tRNA-2-methylthio-N(6)-dimethylallyladenosine synthase OS=...  358        3e-119
Q3M8N9 tRNA-2-methylthio-N(6)-dimethylallyladenosine synthase OS=...  358        3e-119
A6LWI1 tRNA-2-methylthio-N(6)-dimethylallyladenosine synthase OS=...  358        3e-119
Q2IKE9 tRNA-2-methylthio-N(6)-dimethylallyladenosine synthase OS=...  358        4e-119
Q8CSS3 tRNA-2-methylthio-N(6)-dimethylallyladenosine synthase OS=...  359        6e-119
Q5HPP8 tRNA-2-methylthio-N(6)-dimethylallyladenosine synthase OS=...  359        6e-119
B2IT24 tRNA-2-methylthio-N(6)-dimethylallyladenosine synthase OS=...  357        8e-119
B3CV38 tRNA-2-methylthio-N(6)-dimethylallyladenosine synthase OS=...  357        9e-119
A0LFB7 tRNA-2-methylthio-N(6)-dimethylallyladenosine synthase OS=...  356        1e-118
B2V276 tRNA-2-methylthio-N(6)-dimethylallyladenosine synthase OS=...  356        2e-118
B2TIA8 tRNA-2-methylthio-N(6)-dimethylallyladenosine synthase OS=...  355        6e-118
B3E424 tRNA-2-methylthio-N(6)-dimethylallyladenosine synthase OS=...  354        7e-118
B4UK35 tRNA-2-methylthio-N(6)-dimethylallyladenosine synthase OS=...  354        1e-117
B1XQK7 tRNA-2-methylthio-N(6)-dimethylallyladenosine synthase OS=...  353        2e-117
P73127 tRNA-2-methylthio-N(6)-dimethylallyladenosine synthase OS=...  353        2e-117
A0Q0M5 tRNA-2-methylthio-N(6)-dimethylallyladenosine synthase OS=...  353        2e-117
Q8YXA3 tRNA-2-methylthio-N(6)-dimethylallyladenosine synthase OS=...  353        3e-117
B7K993 tRNA-2-methylthio-N(6)-dimethylallyladenosine synthase OS=...  353        3e-117
Q4L5Z6 tRNA-2-methylthio-N(6)-dimethylallyladenosine synthase OS=...  355        5e-117
B0JVM6 tRNA-2-methylthio-N(6)-dimethylallyladenosine synthase OS=...  352        7e-117
Q4FNN5 tRNA-2-methylthio-N(6)-dimethylallyladenosine synthase OS=...  351        1e-116
A7HAH8 tRNA-2-methylthio-N(6)-dimethylallyladenosine synthase OS=...  351        2e-116
Q2JQX6 tRNA-2-methylthio-N(6)-dimethylallyladenosine synthase OS=...  350        3e-116
B1I241 tRNA-2-methylthio-N(6)-dimethylallyladenosine synthase OS=...  350        3e-116
O66638 tRNA-2-methylthio-N(6)-dimethylallyladenosine synthase OS=...  350        4e-116
Q2JKY0 tRNA-2-methylthio-N(6)-dimethylallyladenosine synthase OS=...  350        5e-116
B1WU96 tRNA-2-methylthio-N(6)-dimethylallyladenosine synthase OS=...  348        1e-115
B5YE40 tRNA-2-methylthio-N(6)-dimethylallyladenosine synthase OS=...  347        3e-115
B7JZ48 tRNA-2-methylthio-N(6)-dimethylallyladenosine synthase OS=...  348        3e-115
Q8DJB2 tRNA-2-methylthio-N(6)-dimethylallyladenosine synthase OS=...  347        4e-115
A4J5Q8 tRNA-2-methylthio-N(6)-dimethylallyladenosine synthase OS=...  347        7e-115
Q6MLC6 tRNA-2-methylthio-N(6)-dimethylallyladenosine synthase OS=...  346        2e-114
Q97I18 tRNA-2-methylthio-N(6)-dimethylallyladenosine synthase OS=...  344        7e-114
B1ZVI7 tRNA-2-methylthio-N(6)-dimethylallyladenosine synthase OS=...  344        3e-113
A6TR80 tRNA-2-methylthio-N(6)-dimethylallyladenosine synthase OS=...  342        1e-112
B5YKW2 tRNA-2-methylthio-N(6)-dimethylallyladenosine synthase OS=...  340        2e-112
B2V930 tRNA-2-methylthio-N(6)-dimethylallyladenosine synthase OS=...  340        3e-112
Q67NJ9 tRNA-2-methylthio-N(6)-dimethylallyladenosine synthase OS=...  340        5e-112
Q5N199 tRNA-2-methylthio-N(6)-dimethylallyladenosine synthase OS=...  339        7e-112
Q31KL5 tRNA-2-methylthio-N(6)-dimethylallyladenosine synthase OS=...  339        7e-112
B2UQE7 tRNA-2-methylthio-N(6)-dimethylallyladenosine synthase OS=...  337        7e-111
Q7NE65 tRNA-2-methylthio-N(6)-dimethylallyladenosine synthase OS=...  336        9e-111
B3EGT4 tRNA-2-methylthio-N(6)-dimethylallyladenosine synthase OS=...  336        1e-110
Q8RG43 tRNA-2-methylthio-N(6)-dimethylallyladenosine synthase OS=...  335        2e-110
Q24X58 tRNA-2-methylthio-N(6)-dimethylallyladenosine synthase OS=...  333        1e-109
A9FST8 tRNA-2-methylthio-N(6)-dimethylallyladenosine synthase OS=...  335        2e-109
Q7ULM9 tRNA-2-methylthio-N(6)-dimethylallyladenosine synthase OS=...  333        3e-109
B0C0E2 tRNA-2-methylthio-N(6)-dimethylallyladenosine synthase OS=...  331        9e-109
B3QVA0 tRNA-2-methylthio-N(6)-dimethylallyladenosine synthase OS=...  330        2e-108
Q01RU5 tRNA-2-methylthio-N(6)-dimethylallyladenosine synthase OS=...  330        3e-108
A9WQ47 tRNA-2-methylthio-N(6)-dimethylallyladenosine synthase OS=...  332        4e-108
Q2RZF8 tRNA-2-methylthio-N(6)-dimethylallyladenosine synthase OS=...  331        5e-108
A5GRJ8 tRNA-2-methylthio-N(6)-dimethylallyladenosine synthase OS=...  328        2e-107
A0PT87 tRNA-2-methylthio-N(6)-dimethylallyladenosine synthase OS=...  330        3e-107
A8ZVH2 tRNA-2-methylthio-N(6)-dimethylallyladenosine synthase OS=...  328        3e-107
Q7V8L8 tRNA-2-methylthio-N(6)-dimethylallyladenosine synthase OS=...  328        3e-107
B2HL08 tRNA-2-methylthio-N(6)-dimethylallyladenosine synthase 2 O...  330        3e-107
Q8F743 tRNA-2-methylthio-N(6)-dimethylallyladenosine synthase OS=...  327        4e-107
Q72PA4 tRNA-2-methylthio-N(6)-dimethylallyladenosine synthase OS=...  327        4e-107
A2CB74 tRNA-2-methylthio-N(6)-dimethylallyladenosine synthase OS=...  328        5e-107
Q650P7 tRNA-2-methylthio-N(6)-dimethylallyladenosine synthase OS=...  326        9e-107
Q5LJ70 tRNA-2-methylthio-N(6)-dimethylallyladenosine synthase OS=...  326        9e-107
Q5YT08 tRNA-2-methylthio-N(6)-dimethylallyladenosine synthase OS=...  328        1e-106
Q73W15 tRNA-2-methylthio-N(6)-dimethylallyladenosine synthase OS=...  328        2e-106
A0JUY6 tRNA-2-methylthio-N(6)-dimethylallyladenosine synthase OS=...  328        2e-106
A0QVX5 tRNA-2-methylthio-N(6)-dimethylallyladenosine synthase OS=...  327        2e-106
Q8A2W0 tRNA-2-methylthio-N(6)-dimethylallyladenosine synthase OS=...  324        7e-106
A1BIX2 tRNA-2-methylthio-N(6)-dimethylallyladenosine synthase OS=...  323        7e-106
A1T7U2 tRNA-2-methylthio-N(6)-dimethylallyladenosine synthase OS=...  326        8e-106
A1UEZ3 tRNA-2-methylthio-N(6)-dimethylallyladenosine synthase OS=...  326        1e-105
P67086 tRNA-2-methylthio-N(6)-dimethylallyladenosine synthase OS=...  325        1e-105
Q1BA19 tRNA-2-methylthio-N(6)-dimethylallyladenosine synthase OS=...  326        1e-105
Q3AU39 tRNA-2-methylthio-N(6)-dimethylallyladenosine synthase OS=...  323        1e-105
A3PYF3 tRNA-2-methylthio-N(6)-dimethylallyladenosine synthase OS=...  325        2e-105
B1VDD8 tRNA-2-methylthio-N(6)-dimethylallyladenosine synthase OS=...  326        2e-105
B2HGN2 tRNA-2-methylthio-N(6)-dimethylallyladenosine synthase 1 O...  325        3e-105
A0QIR4 tRNA-2-methylthio-N(6)-dimethylallyladenosine synthase OS=...  330        3e-105
A7HK86 tRNA-2-methylthio-N(6)-dimethylallyladenosine synthase OS=...  321        3e-105
P9WK05 tRNA-2-methylthio-N(6)-dimethylallyladenosine synthase OS=...  325        6e-105
P9WK04 tRNA-2-methylthio-N(6)-dimethylallyladenosine synthase OS=...  325        6e-105
A5U685 tRNA-2-methylthio-N(6)-dimethylallyladenosine synthase OS=...  325        6e-105
A1KM71 tRNA-2-methylthio-N(6)-dimethylallyladenosine synthase OS=...  325        6e-105
Q053R5 tRNA-2-methylthio-N(6)-dimethylallyladenosine synthase OS=...  321        6e-105
Q04UA3 tRNA-2-methylthio-N(6)-dimethylallyladenosine synthase OS=...  321        6e-105
A6W848 tRNA-2-methylthio-N(6)-dimethylallyladenosine synthase OS=...  323        7e-105
A4QEV7 tRNA-2-methylthio-N(6)-dimethylallyladenosine synthase OS=...  323        1e-104
B1VXU5 tRNA-2-methylthio-N(6)-dimethylallyladenosine synthase OS=...  322        2e-104
Q47RR8 tRNA-2-methylthio-N(6)-dimethylallyladenosine synthase OS=...  320        5e-104
A1R550 tRNA-2-methylthio-N(6)-dimethylallyladenosine synthase OS=...  321        5e-104
Q46JG6 tRNA-2-methylthio-N(6)-dimethylallyladenosine synthase OS=...  319        6e-104
B3E0M0 tRNA-2-methylthio-N(6)-dimethylallyladenosine synthase OS=...  319        7e-104
B4U8S7 tRNA-2-methylthio-N(6)-dimethylallyladenosine synthase OS=...  318        9e-104
D5ZT17 tRNA-2-methylthio-N(6)-dimethylallyladenosine synthase OS=...  320        1e-103
Q187U6 tRNA-2-methylthio-N(6)-dimethylallyladenosine synthase OS=...  318        2e-103
A2C471 tRNA-2-methylthio-N(6)-dimethylallyladenosine synthase OS=...  318        3e-103
A9KMU9 tRNA-2-methylthio-N(6)-dimethylallyladenosine synthase OS=...  317        3e-103
Q6NGR0 tRNA-2-methylthio-N(6)-dimethylallyladenosine synthase OS=...  319        5e-103
Q30PR1 tRNA-2-methylthio-N(6)-dimethylallyladenosine synthase OS=...  315        8e-103
Q82KC4 tRNA-2-methylthio-N(6)-dimethylallyladenosine synthase OS=...  318        8e-103
Q7MAW4 tRNA-2-methylthio-N(6)-dimethylallyladenosine synthase OS=...  316        1e-102
A9BGV7 tRNA-2-methylthio-N(6)-dimethylallyladenosine synthase OS=...  315        1e-102


>Q83DX3 tRNA-2-methylthio-N(6)-dimethylallyladenosine synthase OS=Coxiella 
burnetii (strain RSA 493 / Nine Mile phase I) OX=227377 
GN=miaB PE=3 SV=1
Length=439

 Score = 915 bits (2366),  Expect = 0.0, Method: Compositional matrix adjust.
 Identities = 439/439 (100%), Positives = 439/439 (100%), Gaps = 0/439 (0%)

Query  1    MKKLYLKTHGCQMNEYDSAKMADVLKFSHGLELTEDPAVADVFLLNTCSVREKAQTKVFS  60
            MKKLYLKTHGCQMNEYDSAKMADVLKFSHGLELTEDPAVADVFLLNTCSVREKAQTKVFS
Sbjct  1    MKKLYLKTHGCQMNEYDSAKMADVLKFSHGLELTEDPAVADVFLLNTCSVREKAQTKVFS  60

Query  61   ELGRWRPFKEKRPHVVIGVGGCVASQEGETILKQAPFVDIVFGPQTLHRLPDLLDSVIQK  120
            ELGRWRPFKEKRPHVVIGVGGCVASQEGETILKQAPFVDIVFGPQTLHRLPDLLDSVIQK
Sbjct  61   ELGRWRPFKEKRPHVVIGVGGCVASQEGETILKQAPFVDIVFGPQTLHRLPDLLDSVIQK  120

Query  121  RKSVVDITFPEIEKFDRLPQPRAEGPSAFVSIMEGCSKYCTFCVVPYTRGEEISRPFDDV  180
            RKSVVDITFPEIEKFDRLPQPRAEGPSAFVSIMEGCSKYCTFCVVPYTRGEEISRPFDDV
Sbjct  121  RKSVVDITFPEIEKFDRLPQPRAEGPSAFVSIMEGCSKYCTFCVVPYTRGEEISRPFDDV  180

Query  181  IAEVASLCEQGVREITLLGQNVNDYRGLMHDGQVADLALLIHYLAAMDNIERIRFTTSHP  240
            IAEVASLCEQGVREITLLGQNVNDYRGLMHDGQVADLALLIHYLAAMDNIERIRFTTSHP
Sbjct  181  IAEVASLCEQGVREITLLGQNVNDYRGLMHDGQVADLALLIHYLAAMDNIERIRFTTSHP  240

Query  241  SAFSENLIDAYAEEPKLANHLHLPVQSGSDRILAAMKRNYTVLEYKSKIRKLRAVRPDIS  300
            SAFSENLIDAYAEEPKLANHLHLPVQSGSDRILAAMKRNYTVLEYKSKIRKLRAVRPDIS
Sbjct  241  SAFSENLIDAYAEEPKLANHLHLPVQSGSDRILAAMKRNYTVLEYKSKIRKLRAVRPDIS  300

Query  301  LSSDFIIGFPGETDADFEATMNLIHDMGFDHSFSFIYSPRPGTPAAQLPDDVPMAVKKER  360
            LSSDFIIGFPGETDADFEATMNLIHDMGFDHSFSFIYSPRPGTPAAQLPDDVPMAVKKER
Sbjct  301  LSSDFIIGFPGETDADFEATMNLIHDMGFDHSFSFIYSPRPGTPAAQLPDDVPMAVKKER  360

Query  361  LAILQNRINAKAAEISQSMVGTQQRILVTGPSKKYPDQLSGRTENNRVVNFNGDTPLIGQ  420
            LAILQNRINAKAAEISQSMVGTQQRILVTGPSKKYPDQLSGRTENNRVVNFNGDTPLIGQ
Sbjct  361  LAILQNRINAKAAEISQSMVGTQQRILVTGPSKKYPDQLSGRTENNRVVNFNGDTPLIGQ  420

Query  421  MVTIKIKEARPYSLWGEIC  439
            MVTIKIKEARPYSLWGEIC
Sbjct  421  MVTIKIKEARPYSLWGEIC  439


>A9NC58 tRNA-2-methylthio-N(6)-dimethylallyladenosine synthase OS=Coxiella 
burnetii (strain RSA 331 / Henzerling II) OX=360115 GN=miaB 
PE=3 SV=1
Length=439

 Score = 915 bits (2366),  Expect = 0.0, Method: Compositional matrix adjust.
 Identities = 439/439 (100%), Positives = 439/439 (100%), Gaps = 0/439 (0%)

Query  1    MKKLYLKTHGCQMNEYDSAKMADVLKFSHGLELTEDPAVADVFLLNTCSVREKAQTKVFS  60
            MKKLYLKTHGCQMNEYDSAKMADVLKFSHGLELTEDPAVADVFLLNTCSVREKAQTKVFS
Sbjct  1    MKKLYLKTHGCQMNEYDSAKMADVLKFSHGLELTEDPAVADVFLLNTCSVREKAQTKVFS  60

Query  61   ELGRWRPFKEKRPHVVIGVGGCVASQEGETILKQAPFVDIVFGPQTLHRLPDLLDSVIQK  120
            ELGRWRPFKEKRPHVVIGVGGCVASQEGETILKQAPFVDIVFGPQTLHRLPDLLDSVIQK
Sbjct  61   ELGRWRPFKEKRPHVVIGVGGCVASQEGETILKQAPFVDIVFGPQTLHRLPDLLDSVIQK  120

Query  121  RKSVVDITFPEIEKFDRLPQPRAEGPSAFVSIMEGCSKYCTFCVVPYTRGEEISRPFDDV  180
            RKSVVDITFPEIEKFDRLPQPRAEGPSAFVSIMEGCSKYCTFCVVPYTRGEEISRPFDDV
Sbjct  121  RKSVVDITFPEIEKFDRLPQPRAEGPSAFVSIMEGCSKYCTFCVVPYTRGEEISRPFDDV  180

Query  181  IAEVASLCEQGVREITLLGQNVNDYRGLMHDGQVADLALLIHYLAAMDNIERIRFTTSHP  240
            IAEVASLCEQGVREITLLGQNVNDYRGLMHDGQVADLALLIHYLAAMDNIERIRFTTSHP
Sbjct  181  IAEVASLCEQGVREITLLGQNVNDYRGLMHDGQVADLALLIHYLAAMDNIERIRFTTSHP  240

Query  241  SAFSENLIDAYAEEPKLANHLHLPVQSGSDRILAAMKRNYTVLEYKSKIRKLRAVRPDIS  300
            SAFSENLIDAYAEEPKLANHLHLPVQSGSDRILAAMKRNYTVLEYKSKIRKLRAVRPDIS
Sbjct  241  SAFSENLIDAYAEEPKLANHLHLPVQSGSDRILAAMKRNYTVLEYKSKIRKLRAVRPDIS  300

Query  301  LSSDFIIGFPGETDADFEATMNLIHDMGFDHSFSFIYSPRPGTPAAQLPDDVPMAVKKER  360
            LSSDFIIGFPGETDADFEATMNLIHDMGFDHSFSFIYSPRPGTPAAQLPDDVPMAVKKER
Sbjct  301  LSSDFIIGFPGETDADFEATMNLIHDMGFDHSFSFIYSPRPGTPAAQLPDDVPMAVKKER  360

Query  361  LAILQNRINAKAAEISQSMVGTQQRILVTGPSKKYPDQLSGRTENNRVVNFNGDTPLIGQ  420
            LAILQNRINAKAAEISQSMVGTQQRILVTGPSKKYPDQLSGRTENNRVVNFNGDTPLIGQ
Sbjct  361  LAILQNRINAKAAEISQSMVGTQQRILVTGPSKKYPDQLSGRTENNRVVNFNGDTPLIGQ  420

Query  421  MVTIKIKEARPYSLWGEIC  439
            MVTIKIKEARPYSLWGEIC
Sbjct  421  MVTIKIKEARPYSLWGEIC  439


>B6J1A4 tRNA-2-methylthio-N(6)-dimethylallyladenosine synthase OS=Coxiella 
burnetii (strain CbuG_Q212) OX=434923 GN=miaB PE=3 SV=1
Length=439

 Score = 915 bits (2366),  Expect = 0.0, Method: Compositional matrix adjust.
 Identities = 439/439 (100%), Positives = 439/439 (100%), Gaps = 0/439 (0%)

Query  1    MKKLYLKTHGCQMNEYDSAKMADVLKFSHGLELTEDPAVADVFLLNTCSVREKAQTKVFS  60
            MKKLYLKTHGCQMNEYDSAKMADVLKFSHGLELTEDPAVADVFLLNTCSVREKAQTKVFS
Sbjct  1    MKKLYLKTHGCQMNEYDSAKMADVLKFSHGLELTEDPAVADVFLLNTCSVREKAQTKVFS  60

Query  61   ELGRWRPFKEKRPHVVIGVGGCVASQEGETILKQAPFVDIVFGPQTLHRLPDLLDSVIQK  120
            ELGRWRPFKEKRPHVVIGVGGCVASQEGETILKQAPFVDIVFGPQTLHRLPDLLDSVIQK
Sbjct  61   ELGRWRPFKEKRPHVVIGVGGCVASQEGETILKQAPFVDIVFGPQTLHRLPDLLDSVIQK  120

Query  121  RKSVVDITFPEIEKFDRLPQPRAEGPSAFVSIMEGCSKYCTFCVVPYTRGEEISRPFDDV  180
            RKSVVDITFPEIEKFDRLPQPRAEGPSAFVSIMEGCSKYCTFCVVPYTRGEEISRPFDDV
Sbjct  121  RKSVVDITFPEIEKFDRLPQPRAEGPSAFVSIMEGCSKYCTFCVVPYTRGEEISRPFDDV  180

Query  181  IAEVASLCEQGVREITLLGQNVNDYRGLMHDGQVADLALLIHYLAAMDNIERIRFTTSHP  240
            IAEVASLCEQGVREITLLGQNVNDYRGLMHDGQVADLALLIHYLAAMDNIERIRFTTSHP
Sbjct  181  IAEVASLCEQGVREITLLGQNVNDYRGLMHDGQVADLALLIHYLAAMDNIERIRFTTSHP  240

Query  241  SAFSENLIDAYAEEPKLANHLHLPVQSGSDRILAAMKRNYTVLEYKSKIRKLRAVRPDIS  300
            SAFSENLIDAYAEEPKLANHLHLPVQSGSDRILAAMKRNYTVLEYKSKIRKLRAVRPDIS
Sbjct  241  SAFSENLIDAYAEEPKLANHLHLPVQSGSDRILAAMKRNYTVLEYKSKIRKLRAVRPDIS  300

Query  301  LSSDFIIGFPGETDADFEATMNLIHDMGFDHSFSFIYSPRPGTPAAQLPDDVPMAVKKER  360
            LSSDFIIGFPGETDADFEATMNLIHDMGFDHSFSFIYSPRPGTPAAQLPDDVPMAVKKER
Sbjct  301  LSSDFIIGFPGETDADFEATMNLIHDMGFDHSFSFIYSPRPGTPAAQLPDDVPMAVKKER  360

Query  361  LAILQNRINAKAAEISQSMVGTQQRILVTGPSKKYPDQLSGRTENNRVVNFNGDTPLIGQ  420
            LAILQNRINAKAAEISQSMVGTQQRILVTGPSKKYPDQLSGRTENNRVVNFNGDTPLIGQ
Sbjct  361  LAILQNRINAKAAEISQSMVGTQQRILVTGPSKKYPDQLSGRTENNRVVNFNGDTPLIGQ  420

Query  421  MVTIKIKEARPYSLWGEIC  439
            MVTIKIKEARPYSLWGEIC
Sbjct  421  MVTIKIKEARPYSLWGEIC  439


>B6J853 tRNA-2-methylthio-N(6)-dimethylallyladenosine synthase OS=Coxiella 
burnetii (strain CbuK_Q154) OX=434924 GN=miaB PE=3 SV=1
Length=439

 Score = 915 bits (2366),  Expect = 0.0, Method: Compositional matrix adjust.
 Identities = 439/439 (100%), Positives = 439/439 (100%), Gaps = 0/439 (0%)

Query  1    MKKLYLKTHGCQMNEYDSAKMADVLKFSHGLELTEDPAVADVFLLNTCSVREKAQTKVFS  60
            MKKLYLKTHGCQMNEYDSAKMADVLKFSHGLELTEDPAVADVFLLNTCSVREKAQTKVFS
Sbjct  1    MKKLYLKTHGCQMNEYDSAKMADVLKFSHGLELTEDPAVADVFLLNTCSVREKAQTKVFS  60

Query  61   ELGRWRPFKEKRPHVVIGVGGCVASQEGETILKQAPFVDIVFGPQTLHRLPDLLDSVIQK  120
            ELGRWRPFKEKRPHVVIGVGGCVASQEGETILKQAPFVDIVFGPQTLHRLPDLLDSVIQK
Sbjct  61   ELGRWRPFKEKRPHVVIGVGGCVASQEGETILKQAPFVDIVFGPQTLHRLPDLLDSVIQK  120

Query  121  RKSVVDITFPEIEKFDRLPQPRAEGPSAFVSIMEGCSKYCTFCVVPYTRGEEISRPFDDV  180
            RKSVVDITFPEIEKFDRLPQPRAEGPSAFVSIMEGCSKYCTFCVVPYTRGEEISRPFDDV
Sbjct  121  RKSVVDITFPEIEKFDRLPQPRAEGPSAFVSIMEGCSKYCTFCVVPYTRGEEISRPFDDV  180

Query  181  IAEVASLCEQGVREITLLGQNVNDYRGLMHDGQVADLALLIHYLAAMDNIERIRFTTSHP  240
            IAEVASLCEQGVREITLLGQNVNDYRGLMHDGQVADLALLIHYLAAMDNIERIRFTTSHP
Sbjct  181  IAEVASLCEQGVREITLLGQNVNDYRGLMHDGQVADLALLIHYLAAMDNIERIRFTTSHP  240

Query  241  SAFSENLIDAYAEEPKLANHLHLPVQSGSDRILAAMKRNYTVLEYKSKIRKLRAVRPDIS  300
            SAFSENLIDAYAEEPKLANHLHLPVQSGSDRILAAMKRNYTVLEYKSKIRKLRAVRPDIS
Sbjct  241  SAFSENLIDAYAEEPKLANHLHLPVQSGSDRILAAMKRNYTVLEYKSKIRKLRAVRPDIS  300

Query  301  LSSDFIIGFPGETDADFEATMNLIHDMGFDHSFSFIYSPRPGTPAAQLPDDVPMAVKKER  360
            LSSDFIIGFPGETDADFEATMNLIHDMGFDHSFSFIYSPRPGTPAAQLPDDVPMAVKKER
Sbjct  301  LSSDFIIGFPGETDADFEATMNLIHDMGFDHSFSFIYSPRPGTPAAQLPDDVPMAVKKER  360

Query  361  LAILQNRINAKAAEISQSMVGTQQRILVTGPSKKYPDQLSGRTENNRVVNFNGDTPLIGQ  420
            LAILQNRINAKAAEISQSMVGTQQRILVTGPSKKYPDQLSGRTENNRVVNFNGDTPLIGQ
Sbjct  361  LAILQNRINAKAAEISQSMVGTQQRILVTGPSKKYPDQLSGRTENNRVVNFNGDTPLIGQ  420

Query  421  MVTIKIKEARPYSLWGEIC  439
            MVTIKIKEARPYSLWGEIC
Sbjct  421  MVTIKIKEARPYSLWGEIC  439


>A9KCP2 tRNA-2-methylthio-N(6)-dimethylallyladenosine synthase OS=Coxiella 
burnetii (strain Dugway 5J108-111) OX=434922 GN=miaB PE=3 
SV=1
Length=439

 Score = 910 bits (2352),  Expect = 0.0, Method: Compositional matrix adjust.
 Identities = 437/439 (99%), Positives = 437/439 (99%), Gaps = 0/439 (0%)

Query  1    MKKLYLKTHGCQMNEYDSAKMADVLKFSHGLELTEDPAVADVFLLNTCSVREKAQTKVFS  60
            MKKLYLKTHGCQMNEYDSAKMADVLKFSHGLELTEDPAVADVFLLNTCSVREKAQTKVFS
Sbjct  1    MKKLYLKTHGCQMNEYDSAKMADVLKFSHGLELTEDPAVADVFLLNTCSVREKAQTKVFS  60

Query  61   ELGRWRPFKEKRPHVVIGVGGCVASQEGETILKQAPFVDIVFGPQTLHRLPDLLDSVIQK  120
            ELGRWRPFKEKRPHVVIGVGGCVASQEGETILKQAPFVDIVFGPQTLHRLPDLLDSVIQK
Sbjct  61   ELGRWRPFKEKRPHVVIGVGGCVASQEGETILKQAPFVDIVFGPQTLHRLPDLLDSVIQK  120

Query  121  RKSVVDITFPEIEKFDRLPQPRAEGPSAFVSIMEGCSKYCTFCVVPYTRGEEISRPFDDV  180
            RKSVVDITFPEIEKFDRLPQPRAEGPSAFVSIMEGCSKYCTFCVVPYTRGEEISRPFDDV
Sbjct  121  RKSVVDITFPEIEKFDRLPQPRAEGPSAFVSIMEGCSKYCTFCVVPYTRGEEISRPFDDV  180

Query  181  IAEVASLCEQGVREITLLGQNVNDYRGLMHDGQVADLALLIHYLAAMDNIERIRFTTSHP  240
            IAEVASLCEQGVREITLLGQNVNDY GLMHDGQVADLALLIHYLAAMDNIERIRFTTSHP
Sbjct  181  IAEVASLCEQGVREITLLGQNVNDYCGLMHDGQVADLALLIHYLAAMDNIERIRFTTSHP  240

Query  241  SAFSENLIDAYAEEPKLANHLHLPVQSGSDRILAAMKRNYTVLEYKSKIRKLRAVRPDIS  300
            SAFSENLIDAYAEEPKLANHLHLPVQSGSDRILAAMKRNYTVLEYKSKIRKLRAVRPDIS
Sbjct  241  SAFSENLIDAYAEEPKLANHLHLPVQSGSDRILAAMKRNYTVLEYKSKIRKLRAVRPDIS  300

Query  301  LSSDFIIGFPGETDADFEATMNLIHDMGFDHSFSFIYSPRPGTPAAQLPDDVPMAVKKER  360
            LSSDFIIGFPGETDADFEATMNLIHDMGFDHSFSFIYSPRPGTPAAQLPDDVPMAVKKER
Sbjct  301  LSSDFIIGFPGETDADFEATMNLIHDMGFDHSFSFIYSPRPGTPAAQLPDDVPMAVKKER  360

Query  361  LAILQNRINAKAAEISQSMVGTQQRILVTGPSKKYPDQLSGRTENNRVVNFNGDTPLIGQ  420
            LAILQNRIN KAAEISQSMVGTQQRILVTGPSKKYPDQLSGRTENNRVVNFNGDTPLIGQ
Sbjct  361  LAILQNRINVKAAEISQSMVGTQQRILVTGPSKKYPDQLSGRTENNRVVNFNGDTPLIGQ  420

Query  421  MVTIKIKEARPYSLWGEIC  439
            MVTIKIKEARPYSLWGEIC
Sbjct  421  MVTIKIKEARPYSLWGEIC  439


>Q5WX12 tRNA-2-methylthio-N(6)-dimethylallyladenosine synthase OS=Legionella 
pneumophila (strain Lens) OX=297245 GN=miaB PE=3 SV=1
Length=447

 Score = 677 bits (1747),  Expect = 0.0, Method: Compositional matrix adjust.
 Identities = 321/438 (73%), Positives = 372/438 (85%), Gaps = 0/438 (0%)

Query  1    MKKLYLKTHGCQMNEYDSAKMADVLKFSHGLELTEDPAVADVFLLNTCSVREKAQTKVFS  60
            +KKLY+KT+GCQMNEYDS+KMA+VL  SHGL  T+    ADV LLNTCS+REKAQ KVFS
Sbjct  2    VKKLYIKTNGCQMNEYDSSKMAEVLYASHGLVKTDQVEDADVILLNTCSIREKAQEKVFS  61

Query  61   ELGRWRPFKEKRPHVVIGVGGCVASQEGETILKQAPFVDIVFGPQTLHRLPDLLDSVIQK  120
            +LG+WR +K K PHV+IGVGGCVASQEG  I+K+APFVDIVFGPQTLHRLP LL+  ++K
Sbjct  62   QLGQWREYKAKNPHVLIGVGGCVASQEGSDIIKRAPFVDIVFGPQTLHRLPALLNERLEK  121

Query  121  RKSVVDITFPEIEKFDRLPQPRAEGPSAFVSIMEGCSKYCTFCVVPYTRGEEISRPFDDV  180
             KSVVDI+FPEIEKFD LP PRAEGP+AFVSIMEGCSKYC+FCVVPYTRGEEISRPFDDV
Sbjct  122  NKSVVDISFPEIEKFDHLPAPRAEGPTAFVSIMEGCSKYCSFCVVPYTRGEEISRPFDDV  181

Query  181  IAEVASLCEQGVREITLLGQNVNDYRGLMHDGQVADLALLIHYLAAMDNIERIRFTTSHP  240
            +AE   L  QGVREI LLGQNVNDYRG+M +G +ADLALLIHY+AA+D I RIRFTTSHP
Sbjct  182  LAECYQLASQGVREINLLGQNVNDYRGIMDNGDIADLALLIHYIAAIDGIGRIRFTTSHP  241

Query  241  SAFSENLIDAYAEEPKLANHLHLPVQSGSDRILAAMKRNYTVLEYKSKIRKLRAVRPDIS  300
             AFSENLI+AYAE P+LANHLHLPVQSGSDRIL+ MKR YT LE+KSKIRKLR +RPDI 
Sbjct  242  LAFSENLINAYAEVPELANHLHLPVQSGSDRILSLMKRGYTALEFKSKIRKLRKIRPDIR  301

Query  301  LSSDFIIGFPGETDADFEATMNLIHDMGFDHSFSFIYSPRPGTPAAQLPDDVPMAVKKER  360
            LS+D I+GFPGETD DF+ TM+L+H++GFD SFSFIYSPRPGTPAA LPDD PM +KK+R
Sbjct  302  LSTDIIVGFPGETDKDFQDTMDLVHEIGFDTSFSFIYSPRPGTPAANLPDDTPMEIKKQR  361

Query  361  LAILQNRINAKAAEISQSMVGTQQRILVTGPSKKYPDQLSGRTENNRVVNFNGDTPLIGQ  420
            L ILQNR+   AA  S+SM+G++Q+ILVTG SKK   QLSGRTE NRVVNF+G   LIGQ
Sbjct  362  LQILQNRLLMNAARYSESMIGSKQKILVTGFSKKSSQQLSGRTECNRVVNFDGPPHLIGQ  421

Query  421  MVTIKIKEARPYSLWGEI  438
             + ++I +A P SL G +
Sbjct  422  FIDVQISDALPNSLRGRL  439


>Q5ZVV6 tRNA-2-methylthio-N(6)-dimethylallyladenosine synthase OS=Legionella 
pneumophila subsp. pneumophila (strain Philadelphia 
1 / ATCC 33152 / DSM 7513) OX=272624 GN=miaB PE=3 SV=1
Length=447

 Score = 677 bits (1747),  Expect = 0.0, Method: Compositional matrix adjust.
 Identities = 321/438 (73%), Positives = 372/438 (85%), Gaps = 0/438 (0%)

Query  1    MKKLYLKTHGCQMNEYDSAKMADVLKFSHGLELTEDPAVADVFLLNTCSVREKAQTKVFS  60
            +KKLY+KT+GCQMNEYDS+KMA+VL  SHGL  T+    ADV LLNTCS+REKAQ KVFS
Sbjct  2    VKKLYIKTNGCQMNEYDSSKMAEVLYASHGLVKTDQVEDADVILLNTCSIREKAQEKVFS  61

Query  61   ELGRWRPFKEKRPHVVIGVGGCVASQEGETILKQAPFVDIVFGPQTLHRLPDLLDSVIQK  120
            +LG+WR +K K PHV+IGVGGCVASQEG  I+K+APFVDIVFGPQTLHRLP LL+  ++K
Sbjct  62   QLGQWREYKAKNPHVLIGVGGCVASQEGSDIIKRAPFVDIVFGPQTLHRLPALLNERLEK  121

Query  121  RKSVVDITFPEIEKFDRLPQPRAEGPSAFVSIMEGCSKYCTFCVVPYTRGEEISRPFDDV  180
             KSVVDI+FPEIEKFD LP PRAEGP+AFVSIMEGCSKYC+FCVVPYTRGEEISRPFDDV
Sbjct  122  NKSVVDISFPEIEKFDHLPAPRAEGPTAFVSIMEGCSKYCSFCVVPYTRGEEISRPFDDV  181

Query  181  IAEVASLCEQGVREITLLGQNVNDYRGLMHDGQVADLALLIHYLAAMDNIERIRFTTSHP  240
            +AE   L  QGVREI LLGQNVNDYRG+M +G +ADLALLIHY+AA+D I RIRFTTSHP
Sbjct  182  LAECYQLASQGVREINLLGQNVNDYRGIMDNGDIADLALLIHYIAAIDGIGRIRFTTSHP  241

Query  241  SAFSENLIDAYAEEPKLANHLHLPVQSGSDRILAAMKRNYTVLEYKSKIRKLRAVRPDIS  300
             AFSENLI+AYAE P+LANHLHLPVQSGSDRIL+ MKR YT LE+KSKIRKLR +RPDI 
Sbjct  242  LAFSENLINAYAEVPELANHLHLPVQSGSDRILSLMKRGYTALEFKSKIRKLRKIRPDIR  301

Query  301  LSSDFIIGFPGETDADFEATMNLIHDMGFDHSFSFIYSPRPGTPAAQLPDDVPMAVKKER  360
            LS+D I+GFPGETD DF+ TM+L+H++GFD SFSFIYSPRPGTPAA LPDD PM +KK+R
Sbjct  302  LSTDIIVGFPGETDKDFQDTMDLVHEIGFDTSFSFIYSPRPGTPAANLPDDTPMEIKKQR  361

Query  361  LAILQNRINAKAAEISQSMVGTQQRILVTGPSKKYPDQLSGRTENNRVVNFNGDTPLIGQ  420
            L ILQNR+   AA  S+SM+G++Q+ILVTG SKK   QLSGRTE NRVVNF+G   LIGQ
Sbjct  362  LQILQNRLLMNAARYSESMIGSKQKILVTGFSKKSSQQLSGRTECNRVVNFDGPPHLIGQ  421

Query  421  MVTIKIKEARPYSLWGEI  438
             + ++I +A P SL G +
Sbjct  422  FIDVQISDALPNSLRGRL  439


>A5IBH7 tRNA-2-methylthio-N(6)-dimethylallyladenosine synthase OS=Legionella 
pneumophila (strain Corby) OX=400673 GN=miaB PE=3 SV=1
Length=447

 Score = 677 bits (1747),  Expect = 0.0, Method: Compositional matrix adjust.
 Identities = 321/438 (73%), Positives = 372/438 (85%), Gaps = 0/438 (0%)

Query  1    MKKLYLKTHGCQMNEYDSAKMADVLKFSHGLELTEDPAVADVFLLNTCSVREKAQTKVFS  60
            +KKLY+KT+GCQMNEYDS+KMA+VL  SHGL  T+    ADV LLNTCS+REKAQ KVFS
Sbjct  2    VKKLYIKTNGCQMNEYDSSKMAEVLYASHGLVKTDQVEDADVILLNTCSIREKAQEKVFS  61

Query  61   ELGRWRPFKEKRPHVVIGVGGCVASQEGETILKQAPFVDIVFGPQTLHRLPDLLDSVIQK  120
            +LG+WR +K K PHV+IGVGGCVASQEG  I+K+APFVDIVFGPQTLHRLP LL+  ++K
Sbjct  62   QLGQWREYKAKNPHVLIGVGGCVASQEGSDIIKRAPFVDIVFGPQTLHRLPALLNERLEK  121

Query  121  RKSVVDITFPEIEKFDRLPQPRAEGPSAFVSIMEGCSKYCTFCVVPYTRGEEISRPFDDV  180
             KSVVDI+FPEIEKFD LP PRAEGP+AFVSIMEGCSKYC+FCVVPYTRGEEISRPFDDV
Sbjct  122  NKSVVDISFPEIEKFDHLPAPRAEGPTAFVSIMEGCSKYCSFCVVPYTRGEEISRPFDDV  181

Query  181  IAEVASLCEQGVREITLLGQNVNDYRGLMHDGQVADLALLIHYLAAMDNIERIRFTTSHP  240
            +AE   L  QGVREI LLGQNVNDYRG+M +G +ADLALLIHY+AA+D I RIRFTTSHP
Sbjct  182  LAECYQLASQGVREINLLGQNVNDYRGIMDNGDIADLALLIHYIAAIDGIGRIRFTTSHP  241

Query  241  SAFSENLIDAYAEEPKLANHLHLPVQSGSDRILAAMKRNYTVLEYKSKIRKLRAVRPDIS  300
             AFSENLI+AYAE P+LANHLHLPVQSGSDRIL+ MKR YT LE+KSKIRKLR +RPDI 
Sbjct  242  LAFSENLINAYAEVPELANHLHLPVQSGSDRILSLMKRGYTALEFKSKIRKLRKIRPDIR  301

Query  301  LSSDFIIGFPGETDADFEATMNLIHDMGFDHSFSFIYSPRPGTPAAQLPDDVPMAVKKER  360
            LS+D I+GFPGETD DF+ TM+L+H++GFD SFSFIYSPRPGTPAA LPDD PM +KK+R
Sbjct  302  LSTDIIVGFPGETDKDFQDTMDLVHEIGFDTSFSFIYSPRPGTPAANLPDDTPMEIKKQR  361

Query  361  LAILQNRINAKAAEISQSMVGTQQRILVTGPSKKYPDQLSGRTENNRVVNFNGDTPLIGQ  420
            L ILQNR+   AA  S+SM+G++Q+ILVTG SKK   QLSGRTE NRVVNF+G   LIGQ
Sbjct  362  LQILQNRLLMNAARYSESMIGSKQKILVTGFSKKSSQQLSGRTECNRVVNFDGPPHLIGQ  421

Query  421  MVTIKIKEARPYSLWGEI  438
             + ++I +A P SL G +
Sbjct  422  FIDVQISDALPNSLRGRL  439


>Q5X5N2 tRNA-2-methylthio-N(6)-dimethylallyladenosine synthase OS=Legionella 
pneumophila (strain Paris) OX=297246 GN=miaB PE=3 SV=1
Length=447

 Score = 677 bits (1747),  Expect = 0.0, Method: Compositional matrix adjust.
 Identities = 321/438 (73%), Positives = 372/438 (85%), Gaps = 0/438 (0%)

Query  1    MKKLYLKTHGCQMNEYDSAKMADVLKFSHGLELTEDPAVADVFLLNTCSVREKAQTKVFS  60
            +KKLY+KT+GCQMNEYDS+KMA+VL  SHGL  T+    ADV LLNTCS+REKAQ KVFS
Sbjct  2    VKKLYIKTNGCQMNEYDSSKMAEVLYASHGLVKTDQVEDADVILLNTCSIREKAQEKVFS  61

Query  61   ELGRWRPFKEKRPHVVIGVGGCVASQEGETILKQAPFVDIVFGPQTLHRLPDLLDSVIQK  120
            +LG+WR +K K PHV+IGVGGCVASQEG  I+K+APFVDIVFGPQTLHRLP LL+  ++K
Sbjct  62   QLGQWREYKAKNPHVLIGVGGCVASQEGSDIIKRAPFVDIVFGPQTLHRLPALLNERLEK  121

Query  121  RKSVVDITFPEIEKFDRLPQPRAEGPSAFVSIMEGCSKYCTFCVVPYTRGEEISRPFDDV  180
             KSVVDI+FPEIEKFD LP PRAEGP+AFVSIMEGCSKYC+FCVVPYTRGEEISRPFDDV
Sbjct  122  NKSVVDISFPEIEKFDHLPAPRAEGPTAFVSIMEGCSKYCSFCVVPYTRGEEISRPFDDV  181

Query  181  IAEVASLCEQGVREITLLGQNVNDYRGLMHDGQVADLALLIHYLAAMDNIERIRFTTSHP  240
            +AE   L  QGVREI LLGQNVNDYRG+M +G +ADLALLIHY+AA+D I RIRFTTSHP
Sbjct  182  LAECYQLASQGVREINLLGQNVNDYRGIMDNGDIADLALLIHYIAAIDGIGRIRFTTSHP  241

Query  241  SAFSENLIDAYAEEPKLANHLHLPVQSGSDRILAAMKRNYTVLEYKSKIRKLRAVRPDIS  300
             AFSENLI+AYAE P+LANHLHLPVQSGSDRIL+ MKR YT LE+KSKIRKLR +RPDI 
Sbjct  242  LAFSENLINAYAEVPELANHLHLPVQSGSDRILSLMKRGYTALEFKSKIRKLRKIRPDIR  301

Query  301  LSSDFIIGFPGETDADFEATMNLIHDMGFDHSFSFIYSPRPGTPAAQLPDDVPMAVKKER  360
            LS+D I+GFPGETD DF+ TM+L+H++GFD SFSFIYSPRPGTPAA LPDD PM +KK+R
Sbjct  302  LSTDIIVGFPGETDKDFQDTMDLVHEIGFDTSFSFIYSPRPGTPAANLPDDTPMEIKKQR  361

Query  361  LAILQNRINAKAAEISQSMVGTQQRILVTGPSKKYPDQLSGRTENNRVVNFNGDTPLIGQ  420
            L ILQNR+   AA  S+SM+G++Q+ILVTG SKK   QLSGRTE NRVVNF+G   LIGQ
Sbjct  362  LQILQNRLLMNAARYSESMIGSKQKILVTGFSKKSSQQLSGRTECNRVVNFDGPPHLIGQ  421

Query  421  MVTIKIKEARPYSLWGEI  438
             + ++I +A P SL G +
Sbjct  422  FIDVQISDALPNSLRGRL  439


>Q3JEH9 tRNA-2-methylthio-N(6)-dimethylallyladenosine synthase OS=Nitrosococcus 
oceani (strain ATCC 19707 / BCRC 17464 / NCIMB 11848 
/ C-107) OX=323261 GN=miaB PE=3 SV=1
Length=447

 Score = 661 bits (1705),  Expect = 0.0, Method: Compositional matrix adjust.
 Identities = 309/435 (71%), Positives = 365/435 (84%), Gaps = 0/435 (0%)

Query  2    KKLYLKTHGCQMNEYDSAKMADVLKFSHGLELTEDPAVADVFLLNTCSVREKAQTKVFSE  61
            KKLY+KTHGCQMNEYDS++MADVL+ SHGLELT DP  A+V LLNTCSVREKAQ KVFS+
Sbjct  3    KKLYIKTHGCQMNEYDSSRMADVLRESHGLELTSDPEQAEVLLLNTCSVREKAQEKVFSQ  62

Query  62   LGRWRPFKEKRPHVVIGVGGCVASQEGETILKQAPFVDIVFGPQTLHRLPDLLDSVIQKR  121
            LGRWR  K+ RP +VIGVGGCVASQEGETI  +AP+VD+VFGPQT+HRLP +L       
Sbjct  63   LGRWRQLKQSRPELVIGVGGCVASQEGETIRVRAPYVDLVFGPQTIHRLPAMLTQAKASS  122

Query  122  KSVVDITFPEIEKFDRLPQPRAEGPSAFVSIMEGCSKYCTFCVVPYTRGEEISRPFDDVI  181
            + VVD++FPEIEKFD+LP+PRAEGP+AFVS+MEGCSKYC+FCVVPYTRGEEISRPFDDVI
Sbjct  123  QPVVDLSFPEIEKFDKLPEPRAEGPTAFVSVMEGCSKYCSFCVVPYTRGEEISRPFDDVI  182

Query  182  AEVASLCEQGVREITLLGQNVNDYRGLMHDGQVADLALLIHYLAAMDNIERIRFTTSHPS  241
            AE+  L EQGVREITLLGQNVN YRG + +G  ADLALLIHY+A+++ IERIRFTTSHP 
Sbjct  183  AEIVGLAEQGVREITLLGQNVNAYRGSIGEGDTADLALLIHYVASIEGIERIRFTTSHPV  242

Query  242  AFSENLIDAYAEEPKLANHLHLPVQSGSDRILAAMKRNYTVLEYKSKIRKLRAVRPDISL  301
             FS++LI A+AE P L +HLHLPVQSGSDR+L+ MKR +TVLEYK+K+RKLR VRPDIS+
Sbjct  243  EFSDSLIQAFAEVPALVSHLHLPVQSGSDRMLSLMKRGHTVLEYKAKLRKLRQVRPDISI  302

Query  302  SSDFIIGFPGETDADFEATMNLIHDMGFDHSFSFIYSPRPGTPAAQLPDDVPMAVKKERL  361
            SSDFI+G PGET+ADF+AT+ L+ ++GFDHSFSFIYSPRPGTPAA LPD  P+A+KKERL
Sbjct  303  SSDFIVGLPGETEADFQATLALVDEVGFDHSFSFIYSPRPGTPAASLPDCTPIALKKERL  362

Query  362  AILQNRINAKAAEISQSMVGTQQRILVTGPSKKYPDQLSGRTENNRVVNFNGDTPLIGQM  421
            AILQ R+ A    IS+ MV T Q++LV  PSKK P  L+GRT NNRVVNF+    ++GQ 
Sbjct  363  AILQGRLRALEIAISRGMVDTVQQVLVERPSKKDPTMLAGRTANNRVVNFSASQDMVGQF  422

Query  422  VTIKIKEARPYSLWG  436
            V I+I EA P SL G
Sbjct  423  VNIRITEALPNSLRG  437


>Q8PJR9 tRNA-2-methylthio-N(6)-dimethylallyladenosine synthase OS=Xanthomonas 
axonopodis pv. citri (strain 306) OX=190486 GN=miaB 
PE=3 SV=2
Length=484

 Score = 632 bits (1630),  Expect = 0.0, Method: Compositional matrix adjust.
 Identities = 307/441 (70%), Positives = 358/441 (81%), Gaps = 5/441 (1%)

Query  3    KLYLKTHGCQMNEYDSAKMADVLKFSHGLELTEDPAVADVFLLNTCSVREKAQTKVFSEL  62
            KLY+KTHGCQMNEYDSAKMADVL  S GLELT+DP  ADV L+NTCS+REKAQ KVFS+L
Sbjct  37   KLYIKTHGCQMNEYDSAKMADVLAASEGLELTDDPEEADVVLVNTCSIREKAQEKVFSQL  96

Query  63   GRWRPFKEKRPHVVIGVGGCVASQEGETILKQAPFVDIVFGPQTLHRLPDLLDSVIQKRK  122
            GRW+  K     V+IGVGGCVASQEGE I+K+AP+VD+VFGPQTLHRLP+L+ +  +  K
Sbjct  97   GRWKALKAGGKPVIIGVGGCVASQEGEAIVKRAPYVDLVFGPQTLHRLPELIRARRESGK  156

Query  123  SVVDITFPEIEKFDRLPQPRAEGPSAFVSIMEGCSKYCTFCVVPYTRGEEISRPFDDVIA  182
            S VDI+FPEIEKFDRLP+PRAEGPSAFVSIMEGCSKYC+FCVVPYTRGEE+SRPF+DV+ 
Sbjct  157  SQVDISFPEIEKFDRLPEPRAEGPSAFVSIMEGCSKYCSFCVVPYTRGEEVSRPFEDVLV  216

Query  183  EVASLCEQGVREITLLGQNVNDYR-----GLMHDGQVADLALLIHYLAAMDNIERIRFTT  237
            EVA L  QGVREI LLGQNVN YR           Q ADL LLI  +A ++ I RIRFTT
Sbjct  217  EVAQLAAQGVREINLLGQNVNAYRGAYGADAGDAAQYADLGLLIRTIAQIEGIGRIRFTT  276

Query  238  SHPSAFSENLIDAYAEEPKLANHLHLPVQSGSDRILAAMKRNYTVLEYKSKIRKLRAVRP  297
            SHP  FS++L+DAY + P+LAN+LHLPVQ+GSDRIL+AMKR YT LE+KSKIRKLRAVRP
Sbjct  277  SHPLEFSDSLVDAYRDVPQLANYLHLPVQAGSDRILSAMKRGYTALEFKSKIRKLRAVRP  336

Query  298  DISLSSDFIIGFPGETDADFEATMNLIHDMGFDHSFSFIYSPRPGTPAAQLPDDVPMAVK  357
            DIS+SSDFI+GFPGET+ADFE TM LI D+GFD SFSF+YS RPGTPA+ L DD P AVK
Sbjct  337  DISISSDFIVGFPGETEADFEKTMKLIEDVGFDQSFSFVYSRRPGTPASDLQDDTPEAVK  396

Query  358  KERLAILQNRINAKAAEISQSMVGTQQRILVTGPSKKYPDQLSGRTENNRVVNFNGDTPL  417
            + RLA LQ  INA AA ISQSMVG+ QR+LV GPS++ P++L+G++EN R VNF G+  L
Sbjct  397  QARLARLQAHINAHAASISQSMVGSVQRVLVEGPSRRDPNELTGKSENMRPVNFPGNPRL  456

Query  418  IGQMVTIKIKEARPYSLWGEI  438
            IGQ V + I EA   SL G I
Sbjct  457  IGQFVDVLITEAMSNSLRGRI  477


>Q2SBF4 tRNA-2-methylthio-N(6)-dimethylallyladenosine synthase OS=Hahella 
chejuensis (strain KCTC 2396) OX=349521 GN=miaB PE=3 SV=1
Length=446

 Score = 631 bits (1628),  Expect = 0.0, Method: Compositional matrix adjust.
 Identities = 298/437 (68%), Positives = 359/437 (82%), Gaps = 1/437 (0%)

Query  2    KKLYLKTHGCQMNEYDSAKMADVLKFSHGLELTEDPAVADVFLLNTCSVREKAQTKVFSE  61
            +KL++KT+GCQMNEYDS++MAD+L  SH +ELT++P  AD+ LLNTCS+REKAQ KVF +
Sbjct  3    QKLFIKTYGCQMNEYDSSRMADLLGESHSVELTDNPDEADILLLNTCSIREKAQEKVFHQ  62

Query  62   LGRWRPFKEKRPHVVIGVGGCVASQEGETILKQAPFVDIVFGPQTLHRLPDLLDSVIQKR  121
            LGRW+  KEK P+++IGVGGCVASQEG+ I  +AP+VD+VFGPQTLHRLP++++SV  ++
Sbjct  63   LGRWKTLKEKNPNLLIGVGGCVASQEGDAIRDRAPYVDMVFGPQTLHRLPEMVNSVAHQK  122

Query  122  KSVVDITFPEIEKFDRLPQPRAEGPSAFVSIMEGCSKYCTFCVVPYTRGEEISRPFDDVI  181
              +VD+TFPEIEKFDRLP P +EG SAFVSIMEGCSKYCTFCVVPYTRGEE+SRP DDVI
Sbjct  123  IPMVDVTFPEIEKFDRLPMPSSEGASAFVSIMEGCSKYCTFCVVPYTRGEEVSRPVDDVI  182

Query  182  AEVASLCEQGVREITLLGQNVNDYRGLMHDGQVADLALLIHYLAAMDNIERIRFTTSHPS  241
            AE+A L  QGVRE+ LLGQNVN YRGL HDG   DLA LI Y+A++D I+RIR+TTSHP 
Sbjct  183  AEIAHLAGQGVREVNLLGQNVNAYRGLTHDGDYMDLAELITYVASVDGIDRIRYTTSHPV  242

Query  242  AFSENLIDAYAEEPKLANHLHLPVQSGSDRILAAMKRNYTVLEYKSKIRKLRAVRPDISL  301
             FS++LID YA  PKL +HLHLPVQSGSDRIL  MKR +TV EY  K+R+L+ +RPDISL
Sbjct  243  EFSDSLIDVYASVPKLVSHLHLPVQSGSDRILNLMKRGHTVAEYTDKLRRLQEIRPDISL  302

Query  302  SSDFIIGFPGETDADFEATMNLIHDMGFDHSFSFIYSPRPGTPAAQLPDDVPMAVKKERL  361
            SSDFI+GFPGETDADFE TMNLI+++GFDHSFSF+YS RPGTPAA L D+V    KK+RL
Sbjct  303  SSDFIVGFPGETDADFEETMNLINEIGFDHSFSFVYSARPGTPAANLEDNVSEEAKKQRL  362

Query  362  AILQNRINAKAAEISQSMVGTQQRILVTGPSKKYPDQLSGRTENNRVVNFNGDT-PLIGQ  420
            AILQ RI   A +IS+ MVG+ QRILVTG SKK P +L GRTENNRVVNF  D+  +IG+
Sbjct  363  AILQQRILQFAQDISRKMVGSTQRILVTGVSKKDPGELQGRTENNRVVNFRSDSHDIIGR  422

Query  421  MVTIKIKEARPYSLWGE  437
             V + I  A P SL GE
Sbjct  423  FVDVTITAALPNSLRGE  439


>Q0ABN9 tRNA-2-methylthio-N(6)-dimethylallyladenosine synthase OS=Alkalilimnicola 
ehrlichii (strain ATCC BAA-1101 / DSM 17681 / MLHE-1) 
OX=187272 GN=miaB PE=3 SV=2
Length=448

 Score = 631 bits (1627),  Expect = 0.0, Method: Compositional matrix adjust.
 Identities = 302/436 (69%), Positives = 353/436 (81%), Gaps = 1/436 (0%)

Query  3    KLYLKTHGCQMNEYDSAKMADVLKFSHGLELTEDPAVADVFLLNTCSVREKAQTKVFSEL  62
            ++Y+KTHGCQMNEYDS KMADVL    G    + P  ADV LLNTCSVREKAQ KVFSEL
Sbjct  4    RVYVKTHGCQMNEYDSDKMADVLVKERGYTRVDSPGDADVILLNTCSVREKAQEKVFSEL  63

Query  63   GRWRPFKEKRPHVVIGVGGCVASQEGETILKQAPFVDIVFGPQTLHRLPDLLDSVIQKRK  122
            GRW+ +K  R   VIGVGGCVASQEGE I+++AP VD+VFGPQTLHRLP+++D      +
Sbjct  64   GRWKDYK-TRNGAVIGVGGCVASQEGEAIVQRAPHVDVVFGPQTLHRLPEMIDRARDGGR  122

Query  123  SVVDITFPEIEKFDRLPQPRAEGPSAFVSIMEGCSKYCTFCVVPYTRGEEISRPFDDVIA  182
            SVVD++FPEIEKFDRLP+PRAEGP+AFVSIMEGCSKYC+FCVVPYTRGEEISRPF+DVIA
Sbjct  123  SVVDVSFPEIEKFDRLPEPRAEGPTAFVSIMEGCSKYCSFCVVPYTRGEEISRPFEDVIA  182

Query  183  EVASLCEQGVREITLLGQNVNDYRGLMHDGQVADLALLIHYLAAMDNIERIRFTTSHPSA  242
            EVASL EQGVRE+TLLGQNVN YRG M DG V DLALLIHY+AA+D I RIRFTTSHP  
Sbjct  183  EVASLAEQGVREVTLLGQNVNAYRGPMADGTVCDLALLIHYVAALDGIGRIRFTTSHPVE  242

Query  243  FSENLIDAYAEEPKLANHLHLPVQSGSDRILAAMKRNYTVLEYKSKIRKLRAVRPDISLS  302
            FS++LI+AY EEPKLA HLHLPVQSGSD +L  MKR +T  EY  KI +++A RP IS++
Sbjct  243  FSDSLIEAYREEPKLAGHLHLPVQSGSDLVLKLMKRGHTAAEYLDKIERIKAARPGISIA  302

Query  303  SDFIIGFPGETDADFEATMNLIHDMGFDHSFSFIYSPRPGTPAAQLPDDVPMAVKKERLA  362
            SDFI+G+PGE++ADFE T+ LI  +GFD SFSF+YSPRPGTPAA L D  P  VK+ERL 
Sbjct  303  SDFIVGYPGESEADFEDTLRLIEAVGFDQSFSFLYSPRPGTPAASLSDSTPAEVKRERLY  362

Query  363  ILQNRINAKAAEISQSMVGTQQRILVTGPSKKYPDQLSGRTENNRVVNFNGDTPLIGQMV  422
             LQ  INA A  IS+SMVGT QR+LV G S+K P+++SGRTENNRVVNF G   LIG  V
Sbjct  363  RLQETINANARRISESMVGTVQRVLVDGRSRKDPNEISGRTENNRVVNFAGHPRLIGHFV  422

Query  423  TIKIKEARPYSLWGEI  438
             ++I EA+P SL GE+
Sbjct  423  EVRITEAKPNSLRGEL  438


>Q3BS94 tRNA-2-methylthio-N(6)-dimethylallyladenosine synthase OS=Xanthomonas 
campestris pv. vesicatoria (strain 85-10) OX=316273 
GN=miaB PE=3 SV=1
Length=484

 Score = 630 bits (1625),  Expect = 0.0, Method: Compositional matrix adjust.
 Identities = 306/441 (69%), Positives = 358/441 (81%), Gaps = 5/441 (1%)

Query  3    KLYLKTHGCQMNEYDSAKMADVLKFSHGLELTEDPAVADVFLLNTCSVREKAQTKVFSEL  62
            KLY+KTHGCQMNEYDSAKMADVL  S GLELT++P  ADV L+NTCS+REKAQ KVFS+L
Sbjct  37   KLYIKTHGCQMNEYDSAKMADVLAASEGLELTDNPEEADVVLVNTCSIREKAQEKVFSQL  96

Query  63   GRWRPFKEKRPHVVIGVGGCVASQEGETILKQAPFVDIVFGPQTLHRLPDLLDSVIQKRK  122
            GRW+  K     V+IGVGGCVASQEGE I+K+AP+VD+VFGPQTLHRLP+L+ +  +  K
Sbjct  97   GRWKALKAGGKPVIIGVGGCVASQEGEAIVKRAPYVDLVFGPQTLHRLPELIRARRESGK  156

Query  123  SVVDITFPEIEKFDRLPQPRAEGPSAFVSIMEGCSKYCTFCVVPYTRGEEISRPFDDVIA  182
            S VDI+FPEIEKFDRLP+PRAEGPSAFVSIMEGCSKYC+FCVVPYTRGEE+SRPF+DV+ 
Sbjct  157  SQVDISFPEIEKFDRLPEPRAEGPSAFVSIMEGCSKYCSFCVVPYTRGEEVSRPFEDVLV  216

Query  183  EVASLCEQGVREITLLGQNVNDYR-----GLMHDGQVADLALLIHYLAAMDNIERIRFTT  237
            EVA L  QGVREI LLGQNVN YR           Q ADL LLI  +A ++ I RIRFTT
Sbjct  217  EVAQLAAQGVREINLLGQNVNAYRGAYGADAGDAAQYADLGLLIRTIAQIEGIGRIRFTT  276

Query  238  SHPSAFSENLIDAYAEEPKLANHLHLPVQSGSDRILAAMKRNYTVLEYKSKIRKLRAVRP  297
            SHP  FS++L+DAY + P+LAN+LHLPVQ+GSDRIL+AMKR YT LE+KSKIRKLRAVRP
Sbjct  277  SHPLEFSDSLVDAYRDVPQLANYLHLPVQAGSDRILSAMKRGYTALEFKSKIRKLRAVRP  336

Query  298  DISLSSDFIIGFPGETDADFEATMNLIHDMGFDHSFSFIYSPRPGTPAAQLPDDVPMAVK  357
            DIS+SSDFI+GFPGET+ADFE TM LI D+GFD SFSF+YS RPGTPA+ L DD P AVK
Sbjct  337  DISISSDFIVGFPGETEADFEKTMKLIEDVGFDQSFSFVYSRRPGTPASDLQDDTPEAVK  396

Query  358  KERLAILQNRINAKAAEISQSMVGTQQRILVTGPSKKYPDQLSGRTENNRVVNFNGDTPL  417
            + RLA LQ  INA AA ISQSMVG+ QR+LV GPS++ P++L+G++EN R VNF G+  L
Sbjct  397  QARLARLQAHINAHAASISQSMVGSVQRVLVEGPSRRDPNELTGKSENMRPVNFPGNPRL  456

Query  418  IGQMVTIKIKEARPYSLWGEI  438
            IGQ V + I EA   SL G I
Sbjct  457  IGQFVDVLITEAMSNSLRGRI  477


>Q5GZ51 tRNA-2-methylthio-N(6)-dimethylallyladenosine synthase OS=Xanthomonas 
oryzae pv. oryzae (strain KACC10331 / KXO85) OX=291331 
GN=miaB PE=3 SV=2
Length=484

 Score = 629 bits (1623),  Expect = 0.0, Method: Compositional matrix adjust.
 Identities = 304/441 (69%), Positives = 358/441 (81%), Gaps = 5/441 (1%)

Query  3    KLYLKTHGCQMNEYDSAKMADVLKFSHGLELTEDPAVADVFLLNTCSVREKAQTKVFSEL  62
            KLY+KTHGCQMNEYDSAKMADVL  S GLELT++P  ADV L+NTCS+REKAQ KVFS+L
Sbjct  37   KLYIKTHGCQMNEYDSAKMADVLAASEGLELTDNPEEADVVLVNTCSIREKAQEKVFSQL  96

Query  63   GRWRPFKEKRPHVVIGVGGCVASQEGETILKQAPFVDIVFGPQTLHRLPDLLDSVIQKRK  122
            GRW+  K     V+IGVGGCVASQEGE I+K+AP+VD+VFGPQTLHRLP+L+ +  +  K
Sbjct  97   GRWKALKAGGKPVIIGVGGCVASQEGEAIVKRAPYVDLVFGPQTLHRLPELIRARRESGK  156

Query  123  SVVDITFPEIEKFDRLPQPRAEGPSAFVSIMEGCSKYCTFCVVPYTRGEEISRPFDDVIA  182
            S VDI+FPEIEKFDRLP+PRAEGPSAFVSIMEGCSKYC+FCVVPYTRGEE+SRPF+DV+ 
Sbjct  157  SQVDISFPEIEKFDRLPEPRAEGPSAFVSIMEGCSKYCSFCVVPYTRGEEVSRPFEDVLV  216

Query  183  EVASLCEQGVREITLLGQNVNDYRGLM-----HDGQVADLALLIHYLAAMDNIERIRFTT  237
            EVA L  QGVREI LLGQNVN YRG          Q ADL LLI  +A ++ I RIRFTT
Sbjct  217  EVAQLAAQGVREINLLGQNVNAYRGAYGADAGDPAQYADLGLLIRTIAQIEGIGRIRFTT  276

Query  238  SHPSAFSENLIDAYAEEPKLANHLHLPVQSGSDRILAAMKRNYTVLEYKSKIRKLRAVRP  297
            SHP  FS++L+DAY + P+LAN+LHLPVQ+GSDRIL+AMKR YT LE+KS+IRKLRAVRP
Sbjct  277  SHPLEFSDSLVDAYRDVPQLANYLHLPVQAGSDRILSAMKRGYTALEFKSRIRKLRAVRP  336

Query  298  DISLSSDFIIGFPGETDADFEATMNLIHDMGFDHSFSFIYSPRPGTPAAQLPDDVPMAVK  357
            DIS+SSDFI+GFPGET+ADFE TM LI D+GFD SFSF+YS RPGTPA+ L DD P  VK
Sbjct  337  DISISSDFIVGFPGETEADFEKTMKLIEDVGFDQSFSFVYSRRPGTPASDLQDDTPETVK  396

Query  358  KERLAILQNRINAKAAEISQSMVGTQQRILVTGPSKKYPDQLSGRTENNRVVNFNGDTPL  417
            + RLA LQ  I+A AA ISQSMVG+ QR+LV GPS++ P++L+G++EN R VNF G+  L
Sbjct  397  QARLARLQAHISAHAASISQSMVGSVQRVLVEGPSRRDPNELTGKSENMRPVNFPGNPRL  456

Query  418  IGQMVTIKIKEARPYSLWGEI  438
            IGQ V + I EA   SL G I
Sbjct  457  IGQFVDVLITEAMSNSLRGRI  477


>Q8P8B5 tRNA-2-methylthio-N(6)-dimethylallyladenosine synthase OS=Xanthomonas 
campestris pv. campestris (strain ATCC 33913 / DSM 
3586 / NCPPB 528 / LMG 568 / P 25) OX=190485 GN=miaB PE=3 SV=1
Length=485

 Score = 629 bits (1621),  Expect = 0.0, Method: Compositional matrix adjust.
 Identities = 306/441 (69%), Positives = 357/441 (81%), Gaps = 5/441 (1%)

Query  3    KLYLKTHGCQMNEYDSAKMADVLKFSHGLELTEDPAVADVFLLNTCSVREKAQTKVFSEL  62
            KLY+KTHGCQMNEYDSAKMADVL  S GLELT++P  ADV L+NTCS+REKAQ KVFS+L
Sbjct  38   KLYIKTHGCQMNEYDSAKMADVLAASEGLELTDNPEDADVVLVNTCSIREKAQEKVFSQL  97

Query  63   GRWRPFKEKRPHVVIGVGGCVASQEGETILKQAPFVDIVFGPQTLHRLPDLLDSVIQKRK  122
            GRW+  K     V+IGVGGCVASQEGE I+K+AP+VD+VFGPQTLHRLP+L+ +  +  K
Sbjct  98   GRWKALKAGGKPVIIGVGGCVASQEGEAIVKRAPYVDLVFGPQTLHRLPELIRARRESGK  157

Query  123  SVVDITFPEIEKFDRLPQPRAEGPSAFVSIMEGCSKYCTFCVVPYTRGEEISRPFDDVIA  182
            S VDI+FPEIEKFDRLP+PRA+GPSAFVSIMEGCSKYC+FCVVPYTRGEE+SRPF+DV+ 
Sbjct  158  SQVDISFPEIEKFDRLPEPRADGPSAFVSIMEGCSKYCSFCVVPYTRGEEVSRPFEDVLV  217

Query  183  EVASLCEQGVREITLLGQNVNDYRGLM-----HDGQVADLALLIHYLAAMDNIERIRFTT  237
            EVA L  QGVREI LLGQNVN YRG          Q ADL LLI  +A +D I RIRFTT
Sbjct  218  EVAQLAAQGVREINLLGQNVNAYRGAYGADAGEPAQYADLGLLIRTIAQIDGIGRIRFTT  277

Query  238  SHPSAFSENLIDAYAEEPKLANHLHLPVQSGSDRILAAMKRNYTVLEYKSKIRKLRAVRP  297
            SHP  FS++L+DAY + P+LAN+LHLPVQ+GSDRIL+AMKR YT LE+KSKIRKLRAVRP
Sbjct  278  SHPLEFSDSLVDAYRDVPQLANYLHLPVQAGSDRILSAMKRGYTALEFKSKIRKLRAVRP  337

Query  298  DISLSSDFIIGFPGETDADFEATMNLIHDMGFDHSFSFIYSPRPGTPAAQLPDDVPMAVK  357
            DIS+SSDFI+GFPGETDADF+ TM LI D+GFD SFSFIYS RPGTPA+ L DD P AVK
Sbjct  338  DISISSDFIVGFPGETDADFDKTMKLIEDVGFDQSFSFIYSRRPGTPASDLEDDTPDAVK  397

Query  358  KERLAILQNRINAKAAEISQSMVGTQQRILVTGPSKKYPDQLSGRTENNRVVNFNGDTPL  417
            + RLA LQ  INA AA ISQ MVG+ QR+LV GPS++  ++L+G+TEN R VNF G+  L
Sbjct  398  QARLARLQAHINAHAAGISQRMVGSVQRVLVEGPSRRDANELTGKTENMRPVNFPGNPRL  457

Query  418  IGQMVTIKIKEARPYSLWGEI  438
            +GQ V + I EA   SL G I
Sbjct  458  VGQFVDVLITEALSNSLRGRI  478


>B0RRW2 tRNA-2-methylthio-N(6)-dimethylallyladenosine synthase OS=Xanthomonas 
campestris pv. campestris (strain B100) OX=509169 GN=miaB 
PE=3 SV=1
Length=485

 Score = 629 bits (1621),  Expect = 0.0, Method: Compositional matrix adjust.
 Identities = 306/441 (69%), Positives = 357/441 (81%), Gaps = 5/441 (1%)

Query  3    KLYLKTHGCQMNEYDSAKMADVLKFSHGLELTEDPAVADVFLLNTCSVREKAQTKVFSEL  62
            KLY+KTHGCQMNEYDSAKMADVL  S GLELT++P  ADV L+NTCS+REKAQ KVFS+L
Sbjct  38   KLYIKTHGCQMNEYDSAKMADVLAASEGLELTDNPEDADVVLVNTCSIREKAQEKVFSQL  97

Query  63   GRWRPFKEKRPHVVIGVGGCVASQEGETILKQAPFVDIVFGPQTLHRLPDLLDSVIQKRK  122
            GRW+  K     V+IGVGGCVASQEGE I+K+AP+VD+VFGPQTLHRLP+L+ +  +  K
Sbjct  98   GRWKALKAGGKPVIIGVGGCVASQEGEAIVKRAPYVDLVFGPQTLHRLPELIRARRESGK  157

Query  123  SVVDITFPEIEKFDRLPQPRAEGPSAFVSIMEGCSKYCTFCVVPYTRGEEISRPFDDVIA  182
            S VDI+FPEIEKFDRLP+PRA+GPSAFVSIMEGCSKYC+FCVVPYTRGEE+SRPF+DV+ 
Sbjct  158  SQVDISFPEIEKFDRLPEPRADGPSAFVSIMEGCSKYCSFCVVPYTRGEEVSRPFEDVLV  217

Query  183  EVASLCEQGVREITLLGQNVNDYRGLM-----HDGQVADLALLIHYLAAMDNIERIRFTT  237
            EVA L  QGVREI LLGQNVN YRG          Q ADL LLI  +A +D I RIRFTT
Sbjct  218  EVAQLAAQGVREINLLGQNVNAYRGAYGADAGEPAQYADLGLLIRTIAQIDGIGRIRFTT  277

Query  238  SHPSAFSENLIDAYAEEPKLANHLHLPVQSGSDRILAAMKRNYTVLEYKSKIRKLRAVRP  297
            SHP  FS++L+DAY + P+LAN+LHLPVQ+GSDRIL+AMKR YT LE+KSKIRKLRAVRP
Sbjct  278  SHPLEFSDSLVDAYRDVPQLANYLHLPVQAGSDRILSAMKRGYTALEFKSKIRKLRAVRP  337

Query  298  DISLSSDFIIGFPGETDADFEATMNLIHDMGFDHSFSFIYSPRPGTPAAQLPDDVPMAVK  357
            DIS+SSDFI+GFPGETDADF+ TM LI D+GFD SFSFIYS RPGTPA+ L DD P AVK
Sbjct  338  DISISSDFIVGFPGETDADFDKTMKLIEDVGFDQSFSFIYSRRPGTPASDLEDDTPDAVK  397

Query  358  KERLAILQNRINAKAAEISQSMVGTQQRILVTGPSKKYPDQLSGRTENNRVVNFNGDTPL  417
            + RLA LQ  INA AA ISQ MVG+ QR+LV GPS++  ++L+G+TEN R VNF G+  L
Sbjct  398  QARLARLQAHINAHAAGISQRMVGSVQRVLVEGPSRRDANELTGKTENMRPVNFPGNPRL  457

Query  418  IGQMVTIKIKEARPYSLWGEI  438
            +GQ V + I EA   SL G I
Sbjct  458  VGQFVDVLITEALSNSLRGRI  478


>Q4UVS2 tRNA-2-methylthio-N(6)-dimethylallyladenosine synthase OS=Xanthomonas 
campestris pv. campestris (strain 8004) OX=314565 GN=miaB 
PE=3 SV=1
Length=485

 Score = 629 bits (1621),  Expect = 0.0, Method: Compositional matrix adjust.
 Identities = 306/441 (69%), Positives = 357/441 (81%), Gaps = 5/441 (1%)

Query  3    KLYLKTHGCQMNEYDSAKMADVLKFSHGLELTEDPAVADVFLLNTCSVREKAQTKVFSEL  62
            KLY+KTHGCQMNEYDSAKMADVL  S GLELT++P  ADV L+NTCS+REKAQ KVFS+L
Sbjct  38   KLYIKTHGCQMNEYDSAKMADVLAASEGLELTDNPEDADVVLVNTCSIREKAQEKVFSQL  97

Query  63   GRWRPFKEKRPHVVIGVGGCVASQEGETILKQAPFVDIVFGPQTLHRLPDLLDSVIQKRK  122
            GRW+  K     V+IGVGGCVASQEGE I+K+AP+VD+VFGPQTLHRLP+L+ +  +  K
Sbjct  98   GRWKALKAGGKPVIIGVGGCVASQEGEAIVKRAPYVDLVFGPQTLHRLPELIRARRESGK  157

Query  123  SVVDITFPEIEKFDRLPQPRAEGPSAFVSIMEGCSKYCTFCVVPYTRGEEISRPFDDVIA  182
            S VDI+FPEIEKFDRLP+PRA+GPSAFVSIMEGCSKYC+FCVVPYTRGEE+SRPF+DV+ 
Sbjct  158  SQVDISFPEIEKFDRLPEPRADGPSAFVSIMEGCSKYCSFCVVPYTRGEEVSRPFEDVLV  217

Query  183  EVASLCEQGVREITLLGQNVNDYRGLM-----HDGQVADLALLIHYLAAMDNIERIRFTT  237
            EVA L  QGVREI LLGQNVN YRG          Q ADL LLI  +A +D I RIRFTT
Sbjct  218  EVAQLAAQGVREINLLGQNVNAYRGAYGADAGEPAQYADLGLLIRTIAQIDGIGRIRFTT  277

Query  238  SHPSAFSENLIDAYAEEPKLANHLHLPVQSGSDRILAAMKRNYTVLEYKSKIRKLRAVRP  297
            SHP  FS++L+DAY + P+LAN+LHLPVQ+GSDRIL+AMKR YT LE+KSKIRKLRAVRP
Sbjct  278  SHPLEFSDSLVDAYRDVPQLANYLHLPVQAGSDRILSAMKRGYTALEFKSKIRKLRAVRP  337

Query  298  DISLSSDFIIGFPGETDADFEATMNLIHDMGFDHSFSFIYSPRPGTPAAQLPDDVPMAVK  357
            DIS+SSDFI+GFPGETDADF+ TM LI D+GFD SFSFIYS RPGTPA+ L DD P AVK
Sbjct  338  DISISSDFIVGFPGETDADFDKTMKLIEDVGFDQSFSFIYSRRPGTPASDLEDDTPDAVK  397

Query  358  KERLAILQNRINAKAAEISQSMVGTQQRILVTGPSKKYPDQLSGRTENNRVVNFNGDTPL  417
            + RLA LQ  INA AA ISQ MVG+ QR+LV GPS++  ++L+G+TEN R VNF G+  L
Sbjct  398  QARLARLQAHINAHAAGISQRMVGSVQRVLVEGPSRRDANELTGKTENMRPVNFPGNPRL  457

Query  418  IGQMVTIKIKEARPYSLWGEI  438
            +GQ V + I EA   SL G I
Sbjct  458  VGQFVDVLITEALSNSLRGRI  478


>B2SW86 tRNA-2-methylthio-N(6)-dimethylallyladenosine synthase OS=Xanthomonas 
oryzae pv. oryzae (strain PXO99A) OX=360094 GN=miaB 
PE=3 SV=2
Length=484

 Score = 627 bits (1617),  Expect = 0.0, Method: Compositional matrix adjust.
 Identities = 304/441 (69%), Positives = 357/441 (81%), Gaps = 5/441 (1%)

Query  3    KLYLKTHGCQMNEYDSAKMADVLKFSHGLELTEDPAVADVFLLNTCSVREKAQTKVFSEL  62
            KLY+KTHGCQMNEYDSAKMADVL  S GLELT++P  ADV L+NTCS+REKAQ KVFS+L
Sbjct  37   KLYIKTHGCQMNEYDSAKMADVLAASEGLELTDNPEEADVVLVNTCSIREKAQEKVFSQL  96

Query  63   GRWRPFKEKRPHVVIGVGGCVASQEGETILKQAPFVDIVFGPQTLHRLPDLLDSVIQKRK  122
            GRW+  K     V+IGVGGCVASQEGE I+K+AP+VD+VFGPQTLHRLP+L+ +  +  K
Sbjct  97   GRWKALKAGGKPVIIGVGGCVASQEGEAIVKRAPYVDLVFGPQTLHRLPELIRARRESGK  156

Query  123  SVVDITFPEIEKFDRLPQPRAEGPSAFVSIMEGCSKYCTFCVVPYTRGEEISRPFDDVIA  182
            S VDI+FPEIEKFDRLP+PRAEGPSAFVSIMEGCSKYC+FCVVPYTRGEE+SRPF+DV+ 
Sbjct  157  SQVDISFPEIEKFDRLPEPRAEGPSAFVSIMEGCSKYCSFCVVPYTRGEEVSRPFEDVLV  216

Query  183  EVASLCEQGVREITLLGQNVNDYRGLM-----HDGQVADLALLIHYLAAMDNIERIRFTT  237
            EVA L  QGVREI LLGQNVN YRG          Q ADL LLI  +A ++ I RIRFTT
Sbjct  217  EVAQLAAQGVREINLLGQNVNAYRGAYGADAGDPAQYADLGLLIRTIAQIEGIGRIRFTT  276

Query  238  SHPSAFSENLIDAYAEEPKLANHLHLPVQSGSDRILAAMKRNYTVLEYKSKIRKLRAVRP  297
            SHP  FS++L+DAY + P+LAN LHLPVQ+GSDRIL+AMKR YT LE+KS+IRKLRAVRP
Sbjct  277  SHPLEFSDSLVDAYRDVPQLANCLHLPVQAGSDRILSAMKRGYTALEFKSRIRKLRAVRP  336

Query  298  DISLSSDFIIGFPGETDADFEATMNLIHDMGFDHSFSFIYSPRPGTPAAQLPDDVPMAVK  357
            DIS+SSDFI+GFPGET+ADFE TM LI D+GFD SFSF+YS RPGTPA+ L DD P  VK
Sbjct  337  DISISSDFIVGFPGETEADFEKTMKLIEDVGFDQSFSFVYSRRPGTPASDLQDDTPETVK  396

Query  358  KERLAILQNRINAKAAEISQSMVGTQQRILVTGPSKKYPDQLSGRTENNRVVNFNGDTPL  417
            + RLA LQ  I+A AA ISQSMVG+ QR+LV GPS++ P++L+G++EN R VNF G+  L
Sbjct  397  QARLARLQAHISAHAASISQSMVGSVQRVLVEGPSRRDPNELTGKSENMRPVNFPGNPRL  456

Query  418  IGQMVTIKIKEARPYSLWGEI  438
            IGQ V + I EA   SL G I
Sbjct  457  IGQFVDVLITEAMSNSLRGRI  477


>Q51470 tRNA-2-methylthio-N(6)-dimethylallyladenosine synthase OS=Pseudomonas 
aeruginosa (strain ATCC 15692 / DSM 22644 / CIP 104116 
/ JCM 14847 / LMG 12228 / 1C / PRS 101 / PAO1) OX=208964 
GN=miaB PE=3 SV=2
Length=446

 Score = 627 bits (1617),  Expect = 0.0, Method: Compositional matrix adjust.
 Identities = 296/438 (68%), Positives = 358/438 (82%), Gaps = 1/438 (0%)

Query  2    KKLYLKTHGCQMNEYDSAKMADVLKFSHGLELTEDPAVADVFLLNTCSVREKAQTKVFSE  61
            KKL+++THGCQMNEYDS++MAD+L     LE+TE+ A ADV LLNTCS+REKAQ KVFS+
Sbjct  3    KKLFIETHGCQMNEYDSSRMADLLGEHQALEVTENAAEADVILLNTCSIREKAQEKVFSK  62

Query  62   LGRWRPFKEKRPHVVIGVGGCVASQEGETILKQAPFVDIVFGPQTLHRLPDLLDSVIQKR  121
            LG WR  K++ P +VIGVGGCVASQEG  I ++AP+VD+VFGPQTLHRLP+++D+    R
Sbjct  63   LGMWRELKQQNPDLVIGVGGCVASQEGAAIRERAPYVDVVFGPQTLHRLPEMIDAARSTR  122

Query  122  KSVVDITFPEIEKFDRLPQPRAEGPSAFVSIMEGCSKYCTFCVVPYTRGEEISRPFDDVI  181
            K  VD++FPEIEKFDRLP+PR +GP+AFVS+MEGCSKYC+FCVVPYTRGEE+SRPFDDVI
Sbjct  123  KPQVDVSFPEIEKFDRLPEPRVDGPTAFVSVMEGCSKYCSFCVVPYTRGEEVSRPFDDVI  182

Query  182  AEVASLCEQGVREITLLGQNVNDYRGLMHDGQVADLALLIHYLAAMDNIERIRFTTSHPS  241
            AEV  L E GVRE+TLLGQNVN +RGL HDG++AD A L+  +AA+D IERIR+TTSHP 
Sbjct  183  AEVIHLAENGVREVTLLGQNVNGFRGLTHDGRLADFAELLRVVAAVDGIERIRYTTSHPL  242

Query  242  AFSENLIDAYAEEPKLANHLHLPVQSGSDRILAAMKRNYTVLEYKSKIRKLRAVRPDISL  301
             FS+ LI A+AE P+L   +HLPVQSGSDR+LAAMKRN+TVLEYKS+IRKL+A  PDI +
Sbjct  243  EFSDALIQAHAEVPELVKFIHLPVQSGSDRVLAAMKRNHTVLEYKSRIRKLKAAVPDICI  302

Query  302  SSDFIIGFPGETDADFEATMNLIHDMGFDHSFSFIYSPRPGTPAAQLPDDVPMAVKKERL  361
            SSDFI+GFPGET+ DFE TM L+ D+GFD SFSFIYS RPGTPAA L DD+P  VKK+RL
Sbjct  303  SSDFIVGFPGETEKDFEQTMKLVEDVGFDFSFSFIYSARPGTPAADLADDLPEEVKKQRL  362

Query  362  AILQNRINAKAAEISQSMVGTQQRILVTGPSKKYPDQLSGRTENNRVVNFNGDTP-LIGQ  420
             ILQ+RI+ +  EIS+ MVG+ QRILVT  SKK P  L GRTENNR+VNF  D P LIGQ
Sbjct  363  QILQSRIHQQGYEISRRMVGSTQRILVTDFSKKDPGMLQGRTENNRIVNFRCDNPRLIGQ  422

Query  421  MVTIKIKEARPYSLWGEI  438
               + I +A P+SL G +
Sbjct  423  FAQVHIDDALPHSLRGTL  440


>Q02SE8 tRNA-2-methylthio-N(6)-dimethylallyladenosine synthase OS=Pseudomonas 
aeruginosa (strain UCBPP-PA14) OX=208963 GN=miaB PE=3 
SV=1
Length=446

 Score = 627 bits (1617),  Expect = 0.0, Method: Compositional matrix adjust.
 Identities = 296/438 (68%), Positives = 358/438 (82%), Gaps = 1/438 (0%)

Query  2    KKLYLKTHGCQMNEYDSAKMADVLKFSHGLELTEDPAVADVFLLNTCSVREKAQTKVFSE  61
            KKL+++THGCQMNEYDS++MAD+L     LE+TE+ A ADV LLNTCS+REKAQ KVFS+
Sbjct  3    KKLFIETHGCQMNEYDSSRMADLLGEHQALEVTENAAEADVILLNTCSIREKAQEKVFSK  62

Query  62   LGRWRPFKEKRPHVVIGVGGCVASQEGETILKQAPFVDIVFGPQTLHRLPDLLDSVIQKR  121
            LG WR  K++ P +VIGVGGCVASQEG  I ++AP+VD+VFGPQTLHRLP+++D+    R
Sbjct  63   LGMWRELKQQNPDLVIGVGGCVASQEGAAIRERAPYVDVVFGPQTLHRLPEMIDAARSTR  122

Query  122  KSVVDITFPEIEKFDRLPQPRAEGPSAFVSIMEGCSKYCTFCVVPYTRGEEISRPFDDVI  181
            K  VD++FPEIEKFDRLP+PR +GP+AFVS+MEGCSKYC+FCVVPYTRGEE+SRPFDDVI
Sbjct  123  KPQVDVSFPEIEKFDRLPEPRVDGPTAFVSVMEGCSKYCSFCVVPYTRGEEVSRPFDDVI  182

Query  182  AEVASLCEQGVREITLLGQNVNDYRGLMHDGQVADLALLIHYLAAMDNIERIRFTTSHPS  241
            AEV  L E GVRE+TLLGQNVN +RGL HDG++AD A L+  +AA+D IERIR+TTSHP 
Sbjct  183  AEVIHLAENGVREVTLLGQNVNGFRGLTHDGRLADFAELLRVVAAVDGIERIRYTTSHPL  242

Query  242  AFSENLIDAYAEEPKLANHLHLPVQSGSDRILAAMKRNYTVLEYKSKIRKLRAVRPDISL  301
             FS+ LI A+AE P+L   +HLPVQSGSDR+LAAMKRN+TVLEYKS+IRKL+A  PDI +
Sbjct  243  EFSDALIQAHAEVPELVKFIHLPVQSGSDRVLAAMKRNHTVLEYKSRIRKLKAAVPDICI  302

Query  302  SSDFIIGFPGETDADFEATMNLIHDMGFDHSFSFIYSPRPGTPAAQLPDDVPMAVKKERL  361
            SSDFI+GFPGET+ DFE TM L+ D+GFD SFSFIYS RPGTPAA L DD+P  VKK+RL
Sbjct  303  SSDFIVGFPGETEKDFEQTMKLVEDVGFDFSFSFIYSARPGTPAADLADDLPEEVKKQRL  362

Query  362  AILQNRINAKAAEISQSMVGTQQRILVTGPSKKYPDQLSGRTENNRVVNFNGDTP-LIGQ  420
             ILQ+RI+ +  EIS+ MVG+ QRILVT  SKK P  L GRTENNR+VNF  D P LIGQ
Sbjct  363  QILQSRIHQQGYEISRRMVGSTQRILVTDFSKKDPGMLQGRTENNRIVNFRCDNPRLIGQ  422

Query  421  MVTIKIKEARPYSLWGEI  438
               + I +A P+SL G +
Sbjct  423  FAQVHIDDALPHSLRGTL  440


>A1U494 tRNA-2-methylthio-N(6)-dimethylallyladenosine synthase OS=Marinobacter 
hydrocarbonoclasticus (strain ATCC 700491 / DSM 11845 
/ VT8) OX=351348 GN=miaB PE=3 SV=1
Length=448

 Score = 627 bits (1616),  Expect = 0.0, Method: Compositional matrix adjust.
 Identities = 296/438 (68%), Positives = 354/438 (81%), Gaps = 3/438 (1%)

Query  2    KKLYLKTHGCQMNEYDSAKMADVLKFSHGLELTEDPAVADVFLLNTCSVREKAQTKVFSE  61
            KKLY+KTHGCQMNEYDSA+MAD+LK    +E+T++   AD+ LLNTCS+REKAQ KVF +
Sbjct  3    KKLYIKTHGCQMNEYDSARMADLLKTGEAVEVTDNADDADILLLNTCSIREKAQEKVFHQ  62

Query  62   LGRWRPFKEKRPHVVIGVGGCVASQEGETILKQAPFVDIVFGPQTLHRLPDLLDSVIQKR  121
            LGRW+  K K+P ++IGVGGCVASQEG+ I+ +AP+VD+VFGPQTLHRLPD++  V  K 
Sbjct  63   LGRWKSLKTKKPDLIIGVGGCVASQEGQAIIDRAPYVDMVFGPQTLHRLPDMITEVRTKG  122

Query  122  KSV--VDITFPEIEKFDRLPQPRAEGPSAFVSIMEGCSKYCTFCVVPYTRGEEISRPFDD  179
              V  VD++FPEIEKFD LP+P A+GPSAFVSIMEGCSKYCTFCVVPYTRGEE+SRP DD
Sbjct  123  NGVGVVDVSFPEIEKFDNLPEPGADGPSAFVSIMEGCSKYCTFCVVPYTRGEEVSRPVDD  182

Query  180  VIAEVASLCEQGVREITLLGQNVNDYRGLMHDGQVADLALLIHYLAAMDNIERIRFTTSH  239
            VIAEVA L  QGVRE+ LLGQNVN YRG  HDG   DLA LI  +A +D I+RIR+TTSH
Sbjct  183  VIAEVAHLAAQGVREVNLLGQNVNAYRGETHDGDQMDLAELIEVIATIDGIDRIRYTTSH  242

Query  240  PSAFSENLIDAYAEEPKLANHLHLPVQSGSDRILAAMKRNYTVLEYKSKIRKLRAVRPDI  299
            P  FS+ LI+ Y   P+L +HLHLPVQSGSDRILAAMKR +T LEYKSK+R+LR +RPDI
Sbjct  243  PVEFSDALIEVYERVPELVSHLHLPVQSGSDRILAAMKRGHTALEYKSKLRRLRKIRPDI  302

Query  300  SLSSDFIIGFPGETDADFEATMNLIHDMGFDHSFSFIYSPRPGTPAAQLPDDVPMAVKKE  359
            S SSDFIIGFPGETD DFE TM LI+D+GFD SFSFIYS RPGTPA+ LPDD PM VKK+
Sbjct  303  SFSSDFIIGFPGETDKDFEDTMKLINDIGFDMSFSFIYSARPGTPASDLPDDTPMEVKKQ  362

Query  360  RLAILQNRINAKAAEISQSMVGTQQRILVTGPSKKYPDQLSGRTENNRVVNFNGDTP-LI  418
            RL+ILQ+R+N    +IS+ MVG+ QRILVTG SKK P + +GRTENNR+VNF  + P ++
Sbjct  363  RLSILQDRLNQNVMDISRKMVGSTQRILVTGLSKKDPGEYAGRTENNRIVNFRHENPEVV  422

Query  419  GQMVTIKIKEARPYSLWG  436
            G  + ++I EA P SL G
Sbjct  423  GHFIDVEIVEAYPNSLRG  440


>Q2P266 tRNA-2-methylthio-N(6)-dimethylallyladenosine synthase OS=Xanthomonas 
oryzae pv. oryzae (strain MAFF 311018) OX=342109 GN=miaB 
PE=3 SV=1
Length=484

 Score = 626 bits (1614),  Expect = 0.0, Method: Compositional matrix adjust.
 Identities = 303/441 (69%), Positives = 357/441 (81%), Gaps = 5/441 (1%)

Query  3    KLYLKTHGCQMNEYDSAKMADVLKFSHGLELTEDPAVADVFLLNTCSVREKAQTKVFSEL  62
            KLY+KTHGCQMNEYDSAKMADVL  S GLELT++P  ADV L+NTCS+REKAQ KVFS+L
Sbjct  37   KLYIKTHGCQMNEYDSAKMADVLAASEGLELTDNPEEADVVLVNTCSIREKAQEKVFSQL  96

Query  63   GRWRPFKEKRPHVVIGVGGCVASQEGETILKQAPFVDIVFGPQTLHRLPDLLDSVIQKRK  122
            GRW+  K     V+IGVGGCVASQEGE I+K+AP+VD+VFGPQTLHRLP+L+ +  +  K
Sbjct  97   GRWKALKAGGKPVIIGVGGCVASQEGEAIVKRAPYVDLVFGPQTLHRLPELIRARRESGK  156

Query  123  SVVDITFPEIEKFDRLPQPRAEGPSAFVSIMEGCSKYCTFCVVPYTRGEEISRPFDDVIA  182
            S VDI+FPEIEKFDRLP+PRAEGPSAFVSIMEGCSKYC+FCVVPYTRGEE+SRPF+DV+ 
Sbjct  157  SQVDISFPEIEKFDRLPEPRAEGPSAFVSIMEGCSKYCSFCVVPYTRGEEVSRPFEDVLV  216

Query  183  EVASLCEQGVREITLLGQNVNDYR-----GLMHDGQVADLALLIHYLAAMDNIERIRFTT  237
            EVA L  QGVREI LLGQNVN YR           Q ADL LLI  +A ++ I RIRFTT
Sbjct  217  EVAQLAAQGVREINLLGQNVNAYRGAYGADAGDAAQYADLGLLIRTIAQIEGIGRIRFTT  276

Query  238  SHPSAFSENLIDAYAEEPKLANHLHLPVQSGSDRILAAMKRNYTVLEYKSKIRKLRAVRP  297
            SHP  FS++L+DAY + P+LAN+LHLPVQ+GSDRIL+AMKR YT LE+KS+IRKLRAVRP
Sbjct  277  SHPLEFSDSLVDAYRDVPQLANYLHLPVQAGSDRILSAMKRGYTALEFKSRIRKLRAVRP  336

Query  298  DISLSSDFIIGFPGETDADFEATMNLIHDMGFDHSFSFIYSPRPGTPAAQLPDDVPMAVK  357
            DIS+SSDFI+GFPGET+ADFE TM LI D+GFD SFSF+YS RPGTPA+ L DD P  VK
Sbjct  337  DISISSDFIVGFPGETEADFEKTMKLIEDVGFDQSFSFVYSRRPGTPASDLQDDTPETVK  396

Query  358  KERLAILQNRINAKAAEISQSMVGTQQRILVTGPSKKYPDQLSGRTENNRVVNFNGDTPL  417
            + RLA LQ  I+A AA ISQSMVG+ QR+LV GPS++ P++L+G++EN R VNF G+  L
Sbjct  397  QARLARLQAHISAHAASISQSMVGSVQRVLVEGPSRRDPNELTGKSENMRPVNFPGNPRL  456

Query  418  IGQMVTIKIKEARPYSLWGEI  438
            IGQ V + I EA   SL G I
Sbjct  457  IGQFVDVLITEAMSNSLRGRI  477


>B2FJ92 tRNA-2-methylthio-N(6)-dimethylallyladenosine synthase OS=Stenotrophomonas 
maltophilia (strain K279a) OX=522373 GN=miaB PE=3 
SV=1
Length=472

 Score = 624 bits (1610),  Expect = 0.0, Method: Compositional matrix adjust.
 Identities = 302/436 (69%), Positives = 352/436 (81%), Gaps = 0/436 (0%)

Query  3    KLYLKTHGCQMNEYDSAKMADVLKFSHGLELTEDPAVADVFLLNTCSVREKAQTKVFSEL  62
            KLY+KTHGCQMNEYDSAKMADVL  S GLELT+ P  ADV L+NTCS+REKAQ KVFS+L
Sbjct  34   KLYIKTHGCQMNEYDSAKMADVLAASDGLELTDTPEDADVILVNTCSIREKAQEKVFSQL  93

Query  63   GRWRPFKEKRPHVVIGVGGCVASQEGETILKQAPFVDIVFGPQTLHRLPDLLDSVIQKRK  122
            G W+  K K   V+IGVGGCVASQEGE I+K+APFVD+VFGPQTLHRLP+L+ +  ++++
Sbjct  94   GVWKGLKNKGREVIIGVGGCVASQEGEAIIKRAPFVDLVFGPQTLHRLPELIRARREQKR  153

Query  123  SVVDITFPEIEKFDRLPQPRAEGPSAFVSIMEGCSKYCTFCVVPYTRGEEISRPFDDVIA  182
              VDI+FPEIEKFDRLP+PRAEG SAFVSIMEGCSKYC+FCVVPYTRG E+SRPF+DV+ 
Sbjct  154  PQVDISFPEIEKFDRLPEPRAEGASAFVSIMEGCSKYCSFCVVPYTRGTEVSRPFEDVVV  213

Query  183  EVASLCEQGVREITLLGQNVNDYRGLMHDGQVADLALLIHYLAAMDNIERIRFTTSHPSA  242
            EVA L  QGVREI LLGQNVN YRG   DG+ ADL LLI  +A +D + RIRFTTSHP  
Sbjct  214  EVAQLAAQGVREINLLGQNVNAYRGPYGDGEFADLGLLIRTIAEIDGVGRIRFTTSHPLE  273

Query  243  FSENLIDAYAEEPKLANHLHLPVQSGSDRILAAMKRNYTVLEYKSKIRKLRAVRPDISLS  302
            FS++LIDA+ + P+LAN LHLPVQ+GSDR+L+AMKR YT LE+KSKIRKLRAVRPDIS+S
Sbjct  274  FSDSLIDAFRDVPQLANFLHLPVQAGSDRVLSAMKRGYTALEFKSKIRKLRAVRPDISIS  333

Query  303  SDFIIGFPGETDADFEATMNLIHDMGFDHSFSFIYSPRPGTPAAQLPDDVPMAVKKERLA  362
            SDFI+GFPGETDADFE TM LI D+GFDHSFSFIYS RPGTPAA L D +  A K  RL+
Sbjct  334  SDFIVGFPGETDADFEKTMKLIEDIGFDHSFSFIYSRRPGTPAADLEDTISDAEKHARLS  393

Query  363  ILQNRINAKAAEISQSMVGTQQRILVTGPSKKYPDQLSGRTENNRVVNFNGDTPLIGQMV  422
             LQ RINA AA IS+ MVGT Q +LV GPS+K P++L+G+TEN R VNF     LIGQ V
Sbjct  394  RLQERINAHAAGISEKMVGTVQTVLVEGPSRKNPNELTGKTENMRSVNFPAPARLIGQFV  453

Query  423  TIKIKEARPYSLWGEI  438
             + I EA   SL   +
Sbjct  454  DVVITEALTNSLRARV  469


>B3PER6 tRNA-2-methylthio-N(6)-dimethylallyladenosine synthase OS=Cellvibrio 
japonicus (strain Ueda107) OX=498211 GN=miaB PE=3 SV=1
Length=456

 Score = 624 bits (1610),  Expect = 0.0, Method: Compositional matrix adjust.
 Identities = 298/438 (68%), Positives = 354/438 (81%), Gaps = 1/438 (0%)

Query  2    KKLYLKTHGCQMNEYDSAKMADVLKFSHGLELTEDPAVADVFLLNTCSVREKAQTKVFSE  61
            KKLY+KTHGCQMNEYDS +M D+L  SH +  TE+P  ADV L+NTCS+REKAQ K+F E
Sbjct  9    KKLYIKTHGCQMNEYDSNRMRDLLGESHNMVATENPEEADVILINTCSIREKAQEKLFHE  68

Query  62   LGRWRPFKEKRPHVVIGVGGCVASQEGETILKQAPFVDIVFGPQTLHRLPDLLDSVIQKR  121
            LGRW+  K++ P ++IGVGGCVASQEG  I ++AP+VD++FGPQTLHRLP+++++     
Sbjct  69   LGRWKNLKKQNPELIIGVGGCVASQEGAAIAERAPYVDLIFGPQTLHRLPEMMETKKSNG  128

Query  122  KSVVDITFPEIEKFDRLPQPRAEGPSAFVSIMEGCSKYCTFCVVPYTRGEEISRPFDDVI  181
              VVDI+FPEIEKFD+LPQP A+G SAFVSIMEGCSKYCTFCVVPYTRGEE+SRP  DV+
Sbjct  129  VVVVDISFPEIEKFDKLPQPDADGVSAFVSIMEGCSKYCTFCVVPYTRGEEVSRPVADVM  188

Query  182  AEVASLCEQGVREITLLGQNVNDYRGLMHDGQVADLALLIHYLAAMDNIERIRFTTSHPS  241
            AEV  L +QGVRE+ LLGQNVN YRG   DG + DLA LI Y+AA+D I+RIRFTTSHP 
Sbjct  189  AEVIHLAKQGVREVNLLGQNVNAYRGAAADGTIVDLAELITYIAAVDGIDRIRFTTSHPV  248

Query  242  AFSENLIDAYAEEPKLANHLHLPVQSGSDRILAAMKRNYTVLEYKSKIRKLRAVRPDISL  301
             F++ LI+ Y + P+L +HLHLPVQSGSDRIL AMKR +TVLEYKSK+R+++  RP+IS 
Sbjct  249  EFTDALIEVYNQVPELVSHLHLPVQSGSDRILMAMKRGHTVLEYKSKLRRIKKNRPNISF  308

Query  302  SSDFIIGFPGETDADFEATMNLIHDMGFDHSFSFIYSPRPGTPAAQLPDDVPMAVKKERL  361
            SSDFIIGFPGETDADFEATM LIHDM FD SFSFIYSPRPGTPAA LPDD P  VKK+RL
Sbjct  309  SSDFIIGFPGETDADFEATMKLIHDMEFDTSFSFIYSPRPGTPAADLPDDTPEEVKKQRL  368

Query  362  AILQNRINAKAAEISQSMVGTQQRILVTGPSKKYPDQLSGRTENNRVVNFNGDTP-LIGQ  420
            AILQ+RI  +A  IS+ MVG  +RILV+G SKK P QLSGRTENNRVVNF  D P LIG+
Sbjct  369  AILQDRITQQAMAISRRMVGNTERILVSGYSKKDPGQLSGRTENNRVVNFRCDNPALIGK  428

Query  421  MVTIKIKEARPYSLWGEI  438
               + I+EA P SL G +
Sbjct  429  FADVLIEEALPNSLRGSL  446


>B4SQK7 tRNA-2-methylthio-N(6)-dimethylallyladenosine synthase OS=Stenotrophomonas 
maltophilia (strain R551-3) OX=391008 GN=miaB 
PE=3 SV=1
Length=472

 Score = 623 bits (1607),  Expect = 0.0, Method: Compositional matrix adjust.
 Identities = 301/436 (69%), Positives = 352/436 (81%), Gaps = 0/436 (0%)

Query  3    KLYLKTHGCQMNEYDSAKMADVLKFSHGLELTEDPAVADVFLLNTCSVREKAQTKVFSEL  62
            KLY+KTHGCQMNEYDSAKMADVL  S GLELT+ P  ADV L+NTCS+REKAQ KVFS+L
Sbjct  34   KLYIKTHGCQMNEYDSAKMADVLAASDGLELTDSPDDADVILVNTCSIREKAQEKVFSQL  93

Query  63   GRWRPFKEKRPHVVIGVGGCVASQEGETILKQAPFVDIVFGPQTLHRLPDLLDSVIQKRK  122
            G W+  K K   V+IGVGGCVASQEGE I+K+APFVD+VFGPQTLHRLP+L+ +  ++++
Sbjct  94   GVWKSLKNKGREVIIGVGGCVASQEGEAIIKRAPFVDLVFGPQTLHRLPELIRARREQKR  153

Query  123  SVVDITFPEIEKFDRLPQPRAEGPSAFVSIMEGCSKYCTFCVVPYTRGEEISRPFDDVIA  182
              VDI+FPEIEKFDRLP+PRA+G SAFVSIMEGCSKYC+FCVVPYTRG E+SRPF+DV+ 
Sbjct  154  PQVDISFPEIEKFDRLPEPRADGASAFVSIMEGCSKYCSFCVVPYTRGTEVSRPFEDVVV  213

Query  183  EVASLCEQGVREITLLGQNVNDYRGLMHDGQVADLALLIHYLAAMDNIERIRFTTSHPSA  242
            EVA L  QGVREI LLGQNVN YRG   DG+ ADL LLI  +A +D + RIRFTTSHP  
Sbjct  214  EVAQLAAQGVREINLLGQNVNAYRGPYGDGEFADLGLLIRTIAEIDGVGRIRFTTSHPLE  273

Query  243  FSENLIDAYAEEPKLANHLHLPVQSGSDRILAAMKRNYTVLEYKSKIRKLRAVRPDISLS  302
            FS++LIDA+ + P+LAN LHLPVQ+GSDR+L+AMKR YT LE+KSKIRKLRAVRPDIS+S
Sbjct  274  FSDSLIDAFRDVPQLANFLHLPVQAGSDRVLSAMKRGYTALEFKSKIRKLRAVRPDISIS  333

Query  303  SDFIIGFPGETDADFEATMNLIHDMGFDHSFSFIYSPRPGTPAAQLPDDVPMAVKKERLA  362
            SDFI+GFPGETDADFE TM LI D+GFDHSFSFIYS RPGTPAA L D +  A K  RL+
Sbjct  334  SDFIVGFPGETDADFEKTMKLIEDIGFDHSFSFIYSRRPGTPAADLEDTISDAEKHARLS  393

Query  363  ILQNRINAKAAEISQSMVGTQQRILVTGPSKKYPDQLSGRTENNRVVNFNGDTPLIGQMV  422
             LQ RINA AA IS+ MVGT Q +LV GPS+K P++L+G+TEN R VNF     LIGQ V
Sbjct  394  RLQERINAHAAGISEKMVGTVQTVLVEGPSRKNPNELTGKTENMRSVNFPAPARLIGQFV  453

Query  423  TIKIKEARPYSLWGEI  438
             + I EA   SL   +
Sbjct  454  DVVITEALTNSLRARV  469


>A6V0C9 tRNA-2-methylthio-N(6)-dimethylallyladenosine synthase OS=Pseudomonas 
aeruginosa (strain PA7) OX=381754 GN=miaB PE=3 SV=1
Length=446

 Score = 621 bits (1601),  Expect = 0.0, Method: Compositional matrix adjust.
 Identities = 294/438 (67%), Positives = 355/438 (81%), Gaps = 1/438 (0%)

Query  2    KKLYLKTHGCQMNEYDSAKMADVLKFSHGLELTEDPAVADVFLLNTCSVREKAQTKVFSE  61
            KKL+++THGCQMNEYDS++MAD+L     LE+TE+ A ADV LLNTCS+REKAQ KVFS+
Sbjct  3    KKLFIETHGCQMNEYDSSRMADLLGEHQALEVTENAAEADVILLNTCSIREKAQEKVFSK  62

Query  62   LGRWRPFKEKRPHVVIGVGGCVASQEGETILKQAPFVDIVFGPQTLHRLPDLLDSVIQKR  121
            LG WR  K++ P +VIGVGGCVASQEG  I ++AP+VD+VFGPQTLHRLP+++D+    R
Sbjct  63   LGMWRDLKQQNPDLVIGVGGCVASQEGAAIRERAPYVDVVFGPQTLHRLPEMIDAARSTR  122

Query  122  KSVVDITFPEIEKFDRLPQPRAEGPSAFVSIMEGCSKYCTFCVVPYTRGEEISRPFDDVI  181
            K  VD++FPEIEKFDRLP+PR +GP+AFVS+MEGCSKYC+FCVVPYTRGEE+SRPFDDVI
Sbjct  123  KPQVDVSFPEIEKFDRLPEPRVDGPTAFVSVMEGCSKYCSFCVVPYTRGEEVSRPFDDVI  182

Query  182  AEVASLCEQGVREITLLGQNVNDYRGLMHDGQVADLALLIHYLAAMDNIERIRFTTSHPS  241
            AEV  L E GVRE+TLLGQNVN +RG  HDG++AD A L+  +AA+D IERIR+TTSHP 
Sbjct  183  AEVIHLAENGVREVTLLGQNVNGFRGQTHDGRLADFAELLRVVAAVDGIERIRYTTSHPL  242

Query  242  AFSENLIDAYAEEPKLANHLHLPVQSGSDRILAAMKRNYTVLEYKSKIRKLRAVRPDISL  301
             FS+ LI A+AE P+L   +HLPVQSGSDR+LAAMKRN+TVLEYKS+IRKL+A  PDI +
Sbjct  243  EFSDALIQAHAEVPELVKFIHLPVQSGSDRVLAAMKRNHTVLEYKSRIRKLKAAVPDICI  302

Query  302  SSDFIIGFPGETDADFEATMNLIHDMGFDHSFSFIYSPRPGTPAAQLPDDVPMAVKKERL  361
            SSDFI+GFPGET+ DFE TM L+ ++GFD SFSFIYS RPGTPAA L DD+P  VKK RL
Sbjct  303  SSDFIVGFPGETEKDFEQTMKLVEEVGFDFSFSFIYSARPGTPAADLADDLPEEVKKRRL  362

Query  362  AILQNRINAKAAEISQSMVGTQQRILVTGPSKKYPDQLSGRTENNRVVNFNGDTP-LIGQ  420
             ILQ RI+ +  EIS+ MVG+ QRILVT  SKK P  L GRTENNR+VNF  D P LIGQ
Sbjct  363  QILQGRIHQQGYEISRRMVGSTQRILVTDFSKKDPGMLQGRTENNRIVNFRCDNPRLIGQ  422

Query  421  MVTIKIKEARPYSLWGEI  438
               + I +A P+SL G +
Sbjct  423  FAQVHIDDALPHSLRGTL  440


>Q4ZN97 tRNA-2-methylthio-N(6)-dimethylallyladenosine synthase OS=Pseudomonas 
syringae pv. syringae (strain B728a) OX=205918 GN=miaB 
PE=3 SV=1
Length=442

 Score = 619 bits (1597),  Expect = 0.0, Method: Compositional matrix adjust.
 Identities = 293/438 (67%), Positives = 353/438 (81%), Gaps = 1/438 (0%)

Query  2    KKLYLKTHGCQMNEYDSAKMADVLKFSHGLELTEDPAVADVFLLNTCSVREKAQTKVFSE  61
            KKLY++THGCQMNEYDS++M D+L     LE+T     ADV LLNTCS+RE+AQ +V+S+
Sbjct  3    KKLYIETHGCQMNEYDSSRMVDLLGEHQALEVTARAEDADVILLNTCSIRERAQDRVYSQ  62

Query  62   LGRWRPFKEKRPHVVIGVGGCVASQEGETILKQAPFVDIVFGPQTLHRLPDLLDSVIQKR  121
            LGRWR  K   P +VI VGGCVASQEG  I  +AP+VD+VFGPQTLHRLP+++D+    R
Sbjct  63   LGRWRELKLANPEMVIAVGGCVASQEGAAIRDRAPYVDVVFGPQTLHRLPEMIDAARVTR  122

Query  122  KSVVDITFPEIEKFDRLPQPRAEGPSAFVSIMEGCSKYCTFCVVPYTRGEEISRPFDDVI  181
               VD++FPEIEKFD LP+PR +GPSA+VS+MEGCSKYCTFCVVPYTRGEE+SRPFDDV+
Sbjct  123  LPQVDVSFPEIEKFDHLPEPRVDGPSAYVSVMEGCSKYCTFCVVPYTRGEEVSRPFDDVL  182

Query  182  AEVASLCEQGVREITLLGQNVNDYRGLMHDGQVADLALLIHYLAAMDNIERIRFTTSHPS  241
            +EV  L E GVRE+TLLGQNVN YRG  HDG+VADLA LI  +AA+D I+RIR+TTSHP 
Sbjct  183  SEVIHLAENGVREVTLLGQNVNGYRGTTHDGRVADLADLIRVVAAVDGIDRIRYTTSHPL  242

Query  242  AFSENLIDAYAEEPKLANHLHLPVQSGSDRILAAMKRNYTVLEYKSKIRKLRAVRPDISL  301
             FS++LI A+AE P+L  HLHLPVQSGSDRILAAMKRN+T LEYKS++RKLRA  P IS+
Sbjct  243  EFSDSLIQAHAEVPELVKHLHLPVQSGSDRILAAMKRNHTTLEYKSRLRKLRAAVPGISI  302

Query  302  SSDFIIGFPGETDADFEATMNLIHDMGFDHSFSFIYSPRPGTPAAQLPDDVPMAVKKERL  361
            SSDFI+GFPGET+ DF+ TM LI D+GFD SFSF+YSPRPGTPAA L DD P A+KKERL
Sbjct  303  SSDFIVGFPGETEKDFDNTMKLIEDVGFDFSFSFVYSPRPGTPAADLKDDTPEALKKERL  362

Query  362  AILQNRINAKAAEISQSMVGTQQRILVTGPSKKYPDQLSGRTENNRVVNFNGDTP-LIGQ  420
            A LQ+R+N +  EIS+ MVG+ QRILVT  SKK P +L GRTENNR+VNF  D P LIGQ
Sbjct  363  AALQHRLNQQGFEISRQMVGSIQRILVTDYSKKDPGELQGRTENNRIVNFRCDNPKLIGQ  422

Query  421  MVTIKIKEARPYSLWGEI  438
               + I +A+P+SL G +
Sbjct  423  FADVHIDDAQPHSLRGSL  440


>Q48DN8 tRNA-2-methylthio-N(6)-dimethylallyladenosine synthase OS=Pseudomonas 
savastanoi pv. phaseolicola (strain 1448A / Race 6) 
OX=264730 GN=miaB PE=3 SV=1
Length=442

 Score = 617 bits (1591),  Expect = 0.0, Method: Compositional matrix adjust.
 Identities = 292/438 (67%), Positives = 353/438 (81%), Gaps = 1/438 (0%)

Query  2    KKLYLKTHGCQMNEYDSAKMADVLKFSHGLELTEDPAVADVFLLNTCSVREKAQTKVFSE  61
            KKLY++THGCQMNEYDS++M D+L     LE+T     ADV LLNTCS+RE+AQ +V+S+
Sbjct  3    KKLYIETHGCQMNEYDSSRMVDLLGEHQALEVTARAEDADVILLNTCSIRERAQDRVYSQ  62

Query  62   LGRWRPFKEKRPHVVIGVGGCVASQEGETILKQAPFVDIVFGPQTLHRLPDLLDSVIQKR  121
            LGRWR  K   P +VI VGGCVASQEG  I  +AP+VD+VFGPQTLHRLP+++D+    R
Sbjct  63   LGRWRELKLANPEMVIAVGGCVASQEGAAIRDRAPYVDVVFGPQTLHRLPEMIDAARITR  122

Query  122  KSVVDITFPEIEKFDRLPQPRAEGPSAFVSIMEGCSKYCTFCVVPYTRGEEISRPFDDVI  181
               VD++FPEIEKFD LP+PR +GPSA+VS+MEGCSKYCTFCVVPYTRGEE+SRPFDDV+
Sbjct  123  LPQVDVSFPEIEKFDHLPEPRVDGPSAYVSVMEGCSKYCTFCVVPYTRGEEVSRPFDDVL  182

Query  182  AEVASLCEQGVREITLLGQNVNDYRGLMHDGQVADLALLIHYLAAMDNIERIRFTTSHPS  241
            +EV  L E GVRE+TLLGQNVN YRG  HDG+VADLA LI  +AA+D I+RIR+TTSHP 
Sbjct  183  SEVIHLAENGVREVTLLGQNVNGYRGTTHDGRVADLADLIRVVAAVDGIDRIRYTTSHPL  242

Query  242  AFSENLIDAYAEEPKLANHLHLPVQSGSDRILAAMKRNYTVLEYKSKIRKLRAVRPDISL  301
             FS++LI A+AE P+L  HLHLPVQSGSDRILAAMKRN+T LEYKS++RKLRA  P IS+
Sbjct  243  EFSDSLIQAHAEVPELVKHLHLPVQSGSDRILAAMKRNHTTLEYKSRLRKLRAAVPGISI  302

Query  302  SSDFIIGFPGETDADFEATMNLIHDMGFDHSFSFIYSPRPGTPAAQLPDDVPMAVKKERL  361
            SSDFI+GFPGET+ DF+ TM LI D+GFD SFSF+YSPRPGTPAA L DD P A+KKERL
Sbjct  303  SSDFIVGFPGETEKDFDNTMKLIEDVGFDFSFSFVYSPRPGTPAADLKDDTPEALKKERL  362

Query  362  AILQNRINAKAAEISQSMVGTQQRILVTGPSKKYPDQLSGRTENNRVVNFNGDTP-LIGQ  420
            A LQ+R+N +  EIS+ MVG+ QRILVT  SKK P +L GRTENNR+VNF  + P LIGQ
Sbjct  363  AALQHRLNQQGFEISRQMVGSIQRILVTDYSKKDPGELQGRTENNRIVNFRCNNPKLIGQ  422

Query  421  MVTIKIKEARPYSLWGEI  438
               + I +A+P+SL G +
Sbjct  423  FADVHIDDAQPHSLRGSL  440


>Q3IK75 tRNA-2-methylthio-N(6)-dimethylallyladenosine synthase OS=Pseudoalteromonas 
translucida (strain TAC 125) OX=326442 GN=miaB 
PE=3 SV=2
Length=482

 Score = 617 bits (1590),  Expect = 0.0, Method: Compositional matrix adjust.
 Identities = 291/438 (66%), Positives = 355/438 (81%), Gaps = 1/438 (0%)

Query  2    KKLYLKTHGCQMNEYDSAKMADVLKFSHGLELTEDPAVADVFLLNTCSVREKAQTKVFSE  61
            KKL++KT GCQMNEYDS KMA++L  ++G +LT+D   ADV LLNTCS+REKAQ KVF +
Sbjct  3    KKLHIKTWGCQMNEYDSQKMAELLDATNGYQLTDDATDADVILLNTCSIREKAQEKVFHQ  62

Query  62   LGRWRPFKEKRPHVVIGVGGCVASQEGETILKQAPFVDIVFGPQTLHRLPDLLDSVI-QK  120
            LGRW+  K+ +P ++IGVGGCVASQEG++I ++APFVD++FGPQTLHRLP+++  V   K
Sbjct  63   LGRWKLLKDDKPDLIIGVGGCVASQEGDSIRQRAPFVDVIFGPQTLHRLPEMIKQVQGDK  122

Query  121  RKSVVDITFPEIEKFDRLPQPRAEGPSAFVSIMEGCSKYCTFCVVPYTRGEEISRPFDDV  180
              SVVDI+FPEIEKFDRLP+P+A+GPSAFVSIMEGCSKYCTFCVVPYTRGEE+SRP DDV
Sbjct  123  GSSVVDISFPEIEKFDRLPEPKADGPSAFVSIMEGCSKYCTFCVVPYTRGEEVSRPVDDV  182

Query  181  IAEVASLCEQGVREITLLGQNVNDYRGLMHDGQVADLALLIHYLAAMDNIERIRFTTSHP  240
            + E+A L EQ VRE+ LLGQNVN YRG  HDG++   + LI  +AA+D I+RIR+TTSHP
Sbjct  183  LLEIAQLAEQSVREVNLLGQNVNAYRGDTHDGEICYFSDLIRLIAAIDGIDRIRYTTSHP  242

Query  241  SAFSENLIDAYAEEPKLANHLHLPVQSGSDRILAAMKRNYTVLEYKSKIRKLRAVRPDIS  300
              F+++++D YA+ P+L +HLHLPVQSGSDRIL  MKR +T +EYKS IRKLR +RP++S
Sbjct  243  VEFTQDIVDVYADVPELVDHLHLPVQSGSDRILNLMKRGHTAIEYKSTIRKLRKIRPNLS  302

Query  301  LSSDFIIGFPGETDADFEATMNLIHDMGFDHSFSFIYSPRPGTPAAQLPDDVPMAVKKER  360
            +SSDFIIGFPGET  DFEATM LI D+GFD SFSFIYS RPGTPAA LPDDV    KKER
Sbjct  303  MSSDFIIGFPGETQDDFEATMKLISDVGFDMSFSFIYSARPGTPAADLPDDVTEQEKKER  362

Query  361  LAILQNRINAKAAEISQSMVGTQQRILVTGPSKKYPDQLSGRTENNRVVNFNGDTPLIGQ  420
            L +LQNRI   A +IS+ M  T+QRILV GPSKK P +L GRTENNRVVNF G   +IGQ
Sbjct  363  LYLLQNRITQMAQQISRQMFDTEQRILVEGPSKKNPMELRGRTENNRVVNFVGPHTVIGQ  422

Query  421  MVTIKIKEARPYSLWGEI  438
             V ++I EA P SL G++
Sbjct  423  FVDVRITEALPNSLRGDL  440


>Q608N1 tRNA-2-methylthio-N(6)-dimethylallyladenosine synthase OS=Methylococcus 
capsulatus (strain ATCC 33009 / NCIMB 11132 / Bath) 
OX=243233 GN=miaB PE=3 SV=1
Length=458

 Score = 617 bits (1590),  Expect = 0.0, Method: Compositional matrix adjust.
 Identities = 293/437 (67%), Positives = 350/437 (80%), Gaps = 0/437 (0%)

Query  2    KKLYLKTHGCQMNEYDSAKMADVLKFSHGLELTEDPAVADVFLLNTCSVREKAQTKVFSE  61
            +KLY++T GCQMNEYDSAKM D+L+ S   EL   P  ADV LLNTCS+R+KAQ KVFS+
Sbjct  3    QKLYIETFGCQMNEYDSAKMRDLLEVSDSFELARSPEEADVLLLNTCSIRDKAQEKVFSQ  62

Query  62   LGRWRPFKEKRPHVVIGVGGCVASQEGETILKQAPFVDIVFGPQTLHRLPDLLDSVIQKR  121
            LGRWRP K +RP VVIGVGGCVASQEGE + K+AP+VDIVFGPQTLHRLP +L+ V  +R
Sbjct  63   LGRWRPIKLRRPEVVIGVGGCVASQEGEALQKRAPYVDIVFGPQTLHRLPSMLEQVRCER  122

Query  122  KSVVDITFPEIEKFDRLPQPRAEGPSAFVSIMEGCSKYCTFCVVPYTRGEEISRPFDDVI  181
            + VVD++FP IEKFD LP+PRA+GP AFVS+MEGC KYCTFCVVPYTRGEEISRP DDVI
Sbjct  123  RPVVDVSFPAIEKFDALPEPRADGPKAFVSVMEGCGKYCTFCVVPYTRGEEISRPVDDVI  182

Query  182  AEVASLCEQGVREITLLGQNVNDYRGLMHDGQVADLALLIHYLAAMDNIERIRFTTSHPS  241
            AE+ +L EQGVRE+ LLGQNVN YRG++ DG +ADLALL+HY+AA+D I+RIRFTTSHP 
Sbjct  183  AEIVALAEQGVREVNLLGQNVNAYRGVLADGGMADLALLMHYVAAVDGIDRIRFTTSHPV  242

Query  242  AFSENLIDAYAEEPKLANHLHLPVQSGSDRILAAMKRNYTVLEYKSKIRKLRAVRPDISL  301
             FS+ LI+A+ + P+L +HLHLPVQSGSDRIL  MKR +T  EY +K+ KLR +RPD+SL
Sbjct  243  EFSDALIEAFRDIPQLVSHLHLPVQSGSDRILRLMKRGHTRAEYMAKVAKLREIRPDLSL  302

Query  302  SSDFIIGFPGETDADFEATMNLIHDMGFDHSFSFIYSPRPGTPAAQLPDDVPMAVKKERL  361
            SSDFI+GFPGETD DFE TM LI  +GFD SFSFI+S RPGTPAA + DDVP   K+ RL
Sbjct  303  SSDFIVGFPGETDEDFEDTMALIEQLGFDQSFSFIFSARPGTPAAAMADDVPPETKRARL  362

Query  362  AILQNRINAKAAEISQSMVGTQQRILVTGPSKKYPDQLSGRTENNRVVNFNGDTPLIGQM  421
            A LQ +I   AA+I  SMVG+ Q +LV G S+K  ++LSGRTENNRVVNF G   LIGQ 
Sbjct  363  ARLQAKIADNAAKIGASMVGSIQSVLVEGTSRKNFNELSGRTENNRVVNFAGHPRLIGQF  422

Query  422  VTIKIKEARPYSLWGEI  438
            V + I E+ P SL G +
Sbjct  423  VDVVITESLPNSLRGRL  439


>Q15TR4 tRNA-2-methylthio-N(6)-dimethylallyladenosine synthase OS=Pseudoalteromonas 
atlantica (strain T6c / ATCC BAA-1087) OX=342610 
GN=miaB PE=3 SV=1
Length=477

 Score = 616 bits (1589),  Expect = 0.0, Method: Compositional matrix adjust.
 Identities = 284/437 (65%), Positives = 353/437 (81%), Gaps = 0/437 (0%)

Query  2    KKLYLKTHGCQMNEYDSAKMADVLKFSHGLELTEDPAVADVFLLNTCSVREKAQTKVFSE  61
            KKL++KT GCQMNEYDS KMAD+L  +HG ++ +    AD+ LLNTCS+REKAQ KVF +
Sbjct  3    KKLFIKTWGCQMNEYDSQKMADLLDSTHGYQVADTAEEADIILLNTCSIREKAQEKVFHQ  62

Query  62   LGRWRPFKEKRPHVVIGVGGCVASQEGETILKQAPFVDIVFGPQTLHRLPDLLDSVIQKR  121
            LGRW+  K+ +P ++IGVGGCVASQEG+ I ++APFVD+VFGPQTLHRLP++++ +    
Sbjct  63   LGRWKNLKQDKPELIIGVGGCVASQEGQVIRQRAPFVDLVFGPQTLHRLPEMINQIKGGS  122

Query  122  KSVVDITFPEIEKFDRLPQPRAEGPSAFVSIMEGCSKYCTFCVVPYTRGEEISRPFDDVI  181
             SV+DI+FPEIEKFDRLP+P+AEGP+AFVSIMEGCSKYCTFCVVPYTRGEE+SRP DDV+
Sbjct  123  SSVIDISFPEIEKFDRLPEPKAEGPTAFVSIMEGCSKYCTFCVVPYTRGEEVSRPVDDVL  182

Query  182  AEVASLCEQGVREITLLGQNVNDYRGLMHDGQVADLALLIHYLAAMDNIERIRFTTSHPS  241
             EVA L EQGVRE+ LLGQNVN +RG  HDG +   A L+  +A++D I+RIR+TTSHP 
Sbjct  183  LEVAQLAEQGVREVNLLGQNVNAFRGPHHDGAICTFAELLEMVASIDGIDRIRYTTSHPV  242

Query  242  AFSENLIDAYAEEPKLANHLHLPVQSGSDRILAAMKRNYTVLEYKSKIRKLRAVRPDISL  301
             F++++IDAYA  P+L +HLHLPVQSGSDR+L  MKR +T +EYKSKIRKLR +RP++S+
Sbjct  243  EFTDDIIDAYATIPELVDHLHLPVQSGSDRVLNLMKRGHTAIEYKSKIRKLRKIRPNLSM  302

Query  302  SSDFIIGFPGETDADFEATMNLIHDMGFDHSFSFIYSPRPGTPAAQLPDDVPMAVKKERL  361
            SSDFIIGFPGETD DFEATM+LI  M FD SFSFIYS RPGTPAA LPDDV    KKERL
Sbjct  303  SSDFIIGFPGETDDDFEATMDLIQAMDFDLSFSFIYSARPGTPAADLPDDVSETTKKERL  362

Query  362  AILQNRINAKAAEISQSMVGTQQRILVTGPSKKYPDQLSGRTENNRVVNFNGDTPLIGQM  421
             +LQNRI  +A  I+++M+ ++QR+LV GPSKK P +LSGRTENNRVVNF G   +IG  
Sbjct  363  QLLQNRITQQALRIARNMIDSEQRVLVEGPSKKNPMELSGRTENNRVVNFEGTPDMIGGF  422

Query  422  VTIKIKEARPYSLWGEI  438
            V +KI +    SL G++
Sbjct  423  VDVKITDVFANSLRGDV  439


>B0U4P1 tRNA-2-methylthio-N(6)-dimethylallyladenosine synthase OS=Xylella 
fastidiosa (strain M12) OX=405440 GN=miaB PE=3 SV=1
Length=497

 Score = 615 bits (1587),  Expect = 0.0, Method: Compositional matrix adjust.
 Identities = 296/446 (66%), Positives = 353/446 (79%), Gaps = 10/446 (2%)

Query  3    KLYLKTHGCQMNEYDSAKMADVLKFSHGLELTEDPAVADVFLLNTCSVREKAQTKVFSEL  62
            KL++KTHGCQMNEYDSAKMADVL  +  LELT++P  AD+ L+NTCS+REKAQ KVFS+L
Sbjct  49   KLFIKTHGCQMNEYDSAKMADVLTTTEALELTDNPEEADIILINTCSIREKAQEKVFSQL  108

Query  63   GRWRPFKEKRPHVVIGVGGCVASQEGETILKQAPFVDIVFGPQTLHRLPDLLDSVIQKRK  122
            GRWR  K     V+IGVGGCVASQEGETI+K+AP+VD+VFGPQTLHRLPD++ +  ++ +
Sbjct  109  GRWRALKTNGRDVIIGVGGCVASQEGETIVKRAPYVDLVFGPQTLHRLPDMIRARREQNR  168

Query  123  SVVDITFPEIEKFDRLPQPRAEGPSAFVSIMEGCSKYCTFCVVPYTRGEEISRPFDDVIA  182
              +DI+FPEIEKFD LP PRAEGPSAFVSIMEGCSKYC+FCVVPYTRGEE+SRPF+DV+ 
Sbjct  169  PQIDISFPEIEKFDHLPTPRAEGPSAFVSIMEGCSKYCSFCVVPYTRGEEVSRPFEDVLT  228

Query  183  EVASLCEQGVREITLLGQNVNDYRGLMHDG----------QVADLALLIHYLAAMDNIER  232
            E+A L  QGVREI LLGQNVN YRG M  G            ADL LLI  +A  ++I R
Sbjct  229  EIAHLATQGVREINLLGQNVNAYRGAMDPGPSNNTNPAAPPYADLGLLIRAIAQFESIGR  288

Query  233  IRFTTSHPSAFSENLIDAYAEEPKLANHLHLPVQSGSDRILAAMKRNYTVLEYKSKIRKL  292
            IRFTTSHP  FS++L++AY + P+LANHLHLPVQSGSDRIL+AMKR YT LE+KSKIRKL
Sbjct  289  IRFTTSHPLEFSDSLVEAYRDIPQLANHLHLPVQSGSDRILSAMKRGYTALEFKSKIRKL  348

Query  293  RAVRPDISLSSDFIIGFPGETDADFEATMNLIHDMGFDHSFSFIYSPRPGTPAAQLPDDV  352
            RAVRPDIS+SSDFIIGFPGE+D DF+ TM LI D+GFD SFSFIYS RPGTPA+ L D  
Sbjct  349  RAVRPDISISSDFIIGFPGESDTDFQKTMQLIEDIGFDQSFSFIYSRRPGTPASNLEDHT  408

Query  353  PMAVKKERLAILQNRINAKAAEISQSMVGTQQRILVTGPSKKYPDQLSGRTENNRVVNFN  412
            P  +K+ RL  LQ  INA AA+IS+ M+GT Q +LV GPSKK P++L+G+TEN R VNF 
Sbjct  409  PDEIKRTRLEHLQKHINAYAADISKRMIGTVQTVLVEGPSKKNPNELTGKTENMRPVNFP  468

Query  413  GDTPLIGQMVTIKIKEARPYSLWGEI  438
            G+  LIGQ + + I EA   SL G +
Sbjct  469  GNPRLIGQFIDVHITEALTNSLRGRV  494


>Q87VY1 tRNA-2-methylthio-N(6)-dimethylallyladenosine synthase OS=Pseudomonas 
syringae pv. tomato (strain ATCC BAA-871 / DC3000) 
OX=223283 GN=miaB PE=3 SV=1
Length=442

 Score = 615 bits (1587),  Expect = 0.0, Method: Compositional matrix adjust.
 Identities = 292/438 (67%), Positives = 350/438 (80%), Gaps = 1/438 (0%)

Query  2    KKLYLKTHGCQMNEYDSAKMADVLKFSHGLELTEDPAVADVFLLNTCSVREKAQTKVFSE  61
            KKLY++THGCQMNEYDS++M D+L     LE+T     ADV LLNTCS+RE+AQ +V+S+
Sbjct  3    KKLYIETHGCQMNEYDSSRMVDLLGEHQALEVTARAEDADVILLNTCSIRERAQDRVYSQ  62

Query  62   LGRWRPFKEKRPHVVIGVGGCVASQEGETILKQAPFVDIVFGPQTLHRLPDLLDSVIQKR  121
            LGRWR  K   P +VI VGGCVASQEG  I  +AP+VD+VFGPQTLHRLP+++D+    R
Sbjct  63   LGRWRELKLANPEMVIAVGGCVASQEGAAIRDRAPYVDVVFGPQTLHRLPEMIDAARITR  122

Query  122  KSVVDITFPEIEKFDRLPQPRAEGPSAFVSIMEGCSKYCTFCVVPYTRGEEISRPFDDVI  181
               VD++FPEIEKFD LP+PR +GPSA+VS+MEGCSKYCTFCVVPYTRGEE+SRPFDDV+
Sbjct  123  LPQVDVSFPEIEKFDHLPEPRVDGPSAYVSVMEGCSKYCTFCVVPYTRGEEVSRPFDDVL  182

Query  182  AEVASLCEQGVREITLLGQNVNDYRGLMHDGQVADLALLIHYLAAMDNIERIRFTTSHPS  241
             EV  L E GVRE+TLLGQNVN YRG  HDG+VADLA LI  +A +D I+RIR+TTSHP 
Sbjct  183  TEVTHLAEHGVREVTLLGQNVNGYRGTTHDGRVADLADLIRAVAVVDGIDRIRYTTSHPL  242

Query  242  AFSENLIDAYAEEPKLANHLHLPVQSGSDRILAAMKRNYTVLEYKSKIRKLRAVRPDISL  301
             FS++LI A+A+ P+L  HLHLPVQSGSDRILAAMKRN+T LEYKS++RKLRA  P IS+
Sbjct  243  EFSDSLIQAHADVPELVKHLHLPVQSGSDRILAAMKRNHTTLEYKSRLRKLRAAVPGISI  302

Query  302  SSDFIIGFPGETDADFEATMNLIHDMGFDHSFSFIYSPRPGTPAAQLPDDVPMAVKKERL  361
            SSDFI+GFPGET+ DF+ TM LI D GFD SFSFIYSPRPGTPAA L DD P A+KKERL
Sbjct  303  SSDFIVGFPGETEKDFDNTMKLIEDAGFDFSFSFIYSPRPGTPAADLKDDTPEALKKERL  362

Query  362  AILQNRINAKAAEISQSMVGTQQRILVTGPSKKYPDQLSGRTENNRVVNFNGDTP-LIGQ  420
            A LQ+R+N +  EIS+ MVG+ QRILVT  SKK P +L GRTENNR+VNF  D P LIGQ
Sbjct  363  AALQHRLNQQGFEISRQMVGSIQRILVTDYSKKDPGELQGRTENNRIVNFRCDNPRLIGQ  422

Query  421  MVTIKIKEARPYSLWGEI  438
               + I +A+P+SL G +
Sbjct  423  FADVHIDDAQPHSLRGSL  440


>A4XYW1 tRNA-2-methylthio-N(6)-dimethylallyladenosine synthase OS=Pseudomonas 
mendocina (strain ymp) OX=399739 GN=miaB PE=3 SV=2
Length=447

 Score = 615 bits (1587),  Expect = 0.0, Method: Compositional matrix adjust.
 Identities = 294/438 (67%), Positives = 350/438 (80%), Gaps = 1/438 (0%)

Query  2    KKLYLKTHGCQMNEYDSAKMADVLKFSHGLELTEDPAVADVFLLNTCSVREKAQTKVFSE  61
            KKLY++THGCQMNEYDS++M D+L     LE+TE P  ADV LLNTCS+REKAQ KVFS+
Sbjct  3    KKLYIETHGCQMNEYDSSRMVDLLGEHQALEVTEKPEEADVILLNTCSIREKAQDKVFSQ  62

Query  62   LGRWRPFKEKRPHVVIGVGGCVASQEGETILKQAPFVDIVFGPQTLHRLPDLLDSVIQKR  121
            LGRWR  K+  P +VIGVGGCVASQEG  I  +AP+VD+VFGPQTLHRLP+++D+    +
Sbjct  63   LGRWRELKQANPDLVIGVGGCVASQEGAAIRDRAPYVDVVFGPQTLHRLPEMIDAARTTK  122

Query  122  KSVVDITFPEIEKFDRLPQPRAEGPSAFVSIMEGCSKYCTFCVVPYTRGEEISRPFDDVI  181
             + VDI+FPEIEKFDRLP+PR +GPSAFVS+MEGCSKYCTFCVVPYTRGEE+SRP  DV+
Sbjct  123  TAQVDISFPEIEKFDRLPEPRVDGPSAFVSVMEGCSKYCTFCVVPYTRGEEVSRPLADVL  182

Query  182  AEVASLCEQGVREITLLGQNVNDYRGLMHDGQVADLALLIHYLAAMDNIERIRFTTSHPS  241
             E+  L ++GV+E+TLLGQNVN YRG   DG++AD A L+H +AA+D IERIR+TTSHP 
Sbjct  183  LEITQLTDKGVKEVTLLGQNVNGYRGATPDGRIADFAELLHAVAALDGIERIRYTTSHPL  242

Query  242  AFSENLIDAYAEEPKLANHLHLPVQSGSDRILAAMKRNYTVLEYKSKIRKLRAVRPDISL  301
             FS+ +I A+AE P+L  +LHLPVQSGSDRILAAMKRN+T LEYKS+IRKLRA  PDI +
Sbjct  243  EFSDAIIAAHAEIPQLVKYLHLPVQSGSDRILAAMKRNHTALEYKSRIRKLRAAVPDILI  302

Query  302  SSDFIIGFPGETDADFEATMNLIHDMGFDHSFSFIYSPRPGTPAAQLPDDVPMAVKKERL  361
            SSDFI+GFPGET+ DFE TM LI D+GFD SFSFIYS RPGTPAA L DD P  VKK+RL
Sbjct  303  SSDFIVGFPGETEKDFEQTMKLIEDVGFDFSFSFIYSSRPGTPAADLVDDTPDEVKKQRL  362

Query  362  AILQNRINAKAAEISQSMVGTQQRILVTGPSKKYPDQLSGRTENNRVVNFNGDTP-LIGQ  420
            AILQ+RIN    E S+ MVGT QRILV+  SKK P  L GRTE NR+VNF  D P LIGQ
Sbjct  363  AILQHRINQYGFENSRRMVGTVQRILVSDYSKKDPGMLQGRTEQNRIVNFRCDNPRLIGQ  422

Query  421  MVTIKIKEARPYSLWGEI  438
             V + I +A P+SL G +
Sbjct  423  FVDVHIDDALPHSLRGTL  440


>A5EXA7 tRNA-2-methylthio-N(6)-dimethylallyladenosine synthase OS=Dichelobacter 
nodosus (strain VCS1703A) OX=246195 GN=miaB PE=3 
SV=1
Length=456

 Score = 615 bits (1587),  Expect = 0.0, Method: Compositional matrix adjust.
 Identities = 290/438 (66%), Positives = 352/438 (80%), Gaps = 0/438 (0%)

Query  1    MKKLYLKTHGCQMNEYDSAKMADVLKFSHGLELTEDPAVADVFLLNTCSVREKAQTKVFS  60
            +K +Y++T+GCQMNEYDS+KM  VLK SHG+     P  ADV LLNTCSVREKAQ KVFS
Sbjct  5    LKHVYIETYGCQMNEYDSSKMLAVLKNSHGITPVATPEEADVLLLNTCSVREKAQEKVFS  64

Query  61   ELGRWRPFKEKRPHVVIGVGGCVASQEGETILKQAPFVDIVFGPQTLHRLPDLLDSVIQK  120
            +LGRW+  KE++PH++IGVGGCVASQEGE I ++AP VD+VFGPQTLHRLP+L++   + 
Sbjct  65   QLGRWKSLKERKPHLIIGVGGCVASQEGEMIRRRAPEVDVVFGPQTLHRLPNLIEEAQRS  124

Query  121  RKSVVDITFPEIEKFDRLPQPRAEGPSAFVSIMEGCSKYCTFCVVPYTRGEEISRPFDDV  180
            R  VVD++FPEIEKFD LP+PRAEGP+A+VS+MEGCSKYCT+CVVPYTRG EISRPFDDV
Sbjct  125  RGGVVDVSFPEIEKFDHLPEPRAEGPTAYVSVMEGCSKYCTYCVVPYTRGAEISRPFDDV  184

Query  181  IAEVASLCEQGVREITLLGQNVNDYRGLMHDGQVADLALLIHYLAAMDNIERIRFTTSHP  240
            +AE A+L  QGVREI LLGQNVN YRG MHDG +ADLALLI Y+AA+ NI RIRFTTSHP
Sbjct  185  LAECATLAAQGVREINLLGQNVNAYRGAMHDGTIADLALLIEYVAAIPNIGRIRFTTSHP  244

Query  241  SAFSENLIDAYAEEPKLANHLHLPVQSGSDRILAAMKRNYTVLEYKSKIRKLRAVRPDIS  300
            S FS+ LI+ Y   PKL +HLHLPVQSGS+RILA MKR+Y V EY+ K+ K+RA+RPDIS
Sbjct  245  SEFSDALIETYRRVPKLVSHLHLPVQSGSNRILALMKRDYKVAEYQEKLAKIRAIRPDIS  304

Query  301  LSSDFIIGFPGETDADFEATMNLIHDMGFDHSFSFIYSPRPGTPAAQLPDDVPMAVKKER  360
             SSDFI+GFPGE + DF+ATM+LI  + FD S+SFIYS RPGTPA+ +PD VP+ VKKER
Sbjct  305  FSSDFIVGFPGEEEEDFQATMDLIEAVFFDTSYSFIYSQRPGTPASTMPDRVPLTVKKER  364

Query  361  LAILQNRINAKAAEISQSMVGTQQRILVTGPSKKYPDQLSGRTENNRVVNFNGDTPLIGQ  420
            LA LQ RI   AA IS++MVGT+Q +LV   S+K   ++SGRTENNRVVNF+    LIG+
Sbjct  365  LARLQARILEMAASISEAMVGTEQWVLVDRLSRKSEREVSGRTENNRVVNFSAPASLIGR  424

Query  421  MVTIKIKEARPYSLWGEI  438
               ++I  A   SL G +
Sbjct  425  FAKVQITAAYKNSLRGRL  442


>Q57163 tRNA-2-methylthio-N(6)-dimethylallyladenosine synthase OS=Haemophilus 
influenzae (strain ATCC 51907 / DSM 11121 / KW20 / 
Rd) OX=71421 GN=miaB PE=3 SV=1
Length=474

 Score = 615 bits (1586),  Expect = 0.0, Method: Compositional matrix adjust.
 Identities = 285/437 (65%), Positives = 353/437 (81%), Gaps = 0/437 (0%)

Query  2    KKLYLKTHGCQMNEYDSAKMADVLKFSHGLELTEDPAVADVFLLNTCSVREKAQTKVFSE  61
            +KL++KT GCQMNEYDS+KMAD+L  +HGLELTE P  ADV LLNTCS+REKAQ KVF +
Sbjct  3    QKLHIKTWGCQMNEYDSSKMADLLLSTHGLELTEAPEEADVLLLNTCSIREKAQEKVFHQ  62

Query  62   LGRWRPFKEKRPHVVIGVGGCVASQEGETILKQAPFVDIVFGPQTLHRLPDLLDSVIQKR  121
            LGRW+  K+  P++VIGVGGCVASQEGE I  +AP+VDI+FGPQTLHRLP++++ +   +
Sbjct  63   LGRWKELKKNNPNLVIGVGGCVASQEGEHIRHRAPYVDIIFGPQTLHRLPEMINQIRGGK  122

Query  122  KSVVDITFPEIEKFDRLPQPRAEGPSAFVSIMEGCSKYCTFCVVPYTRGEEISRPFDDVI  181
             SVVD++FPEIEKFDRLP+PRAEGP+AFVSIMEGC+KYCTFCVVPYTRGEE+SRP DDV+
Sbjct  123  SSVVDVSFPEIEKFDRLPEPRAEGPTAFVSIMEGCNKYCTFCVVPYTRGEEVSRPVDDVL  182

Query  182  AEVASLCEQGVREITLLGQNVNDYRGLMHDGQVADLALLIHYLAAMDNIERIRFTTSHPS  241
             E+A L EQGVRE+ LLGQNVN YRG  HDGQ+   A L+  +A++D I+R+RFTTSHP 
Sbjct  183  FEIAQLAEQGVREVNLLGQNVNAYRGPTHDGQICSFAELLRLVASIDGIDRLRFTTSHPI  242

Query  242  AFSENLIDAYAEEPKLANHLHLPVQSGSDRILAAMKRNYTVLEYKSKIRKLRAVRPDISL  301
             F++++ID Y + P+L + LHLPVQ+GSDR+L  MKR +T LEYKS IRKLRAVRPDI +
Sbjct  243  EFTDDIIDVYRDTPELVSFLHLPVQAGSDRVLTMMKRAHTALEYKSIIRKLRAVRPDIQI  302

Query  302  SSDFIIGFPGETDADFEATMNLIHDMGFDHSFSFIYSPRPGTPAAQLPDDVPMAVKKERL  361
            SSDFI+GFPGET  DFE TMNLI  + FD SFSF+YS RPGTPAA +PDDV    KK+RL
Sbjct  303  SSDFIVGFPGETAEDFEQTMNLIAQVNFDMSFSFVYSARPGTPAADMPDDVTEDEKKQRL  362

Query  362  AILQNRINAKAAEISQSMVGTQQRILVTGPSKKYPDQLSGRTENNRVVNFNGDTPLIGQM  421
             +LQ RIN +AA+ S+ M+GT+QR+LV GPSKK   +L+GRTE NR+VNF G   +IG+ 
Sbjct  363  YVLQERINQQAAQFSRRMLGTEQRVLVEGPSKKDIMELTGRTETNRIVNFQGSPEMIGKF  422

Query  422  VTIKIKEARPYSLWGEI  438
            V +KI +    SL GE+
Sbjct  423  VDVKITDVYTNSLRGEV  439


>A5UFJ1 tRNA-2-methylthio-N(6)-dimethylallyladenosine synthase OS=Haemophilus 
influenzae (strain PittGG) OX=374931 GN=miaB PE=3 SV=1
Length=474

 Score = 615 bits (1586),  Expect = 0.0, Method: Compositional matrix adjust.
 Identities = 285/437 (65%), Positives = 353/437 (81%), Gaps = 0/437 (0%)

Query  2    KKLYLKTHGCQMNEYDSAKMADVLKFSHGLELTEDPAVADVFLLNTCSVREKAQTKVFSE  61
            +KL++KT GCQMNEYDS+KMAD+L  +HGLELTE P  ADV LLNTCS+REKAQ KVF +
Sbjct  3    QKLHIKTWGCQMNEYDSSKMADLLLSTHGLELTEAPEEADVLLLNTCSIREKAQEKVFHQ  62

Query  62   LGRWRPFKEKRPHVVIGVGGCVASQEGETILKQAPFVDIVFGPQTLHRLPDLLDSVIQKR  121
            LGRW+  K+  P++VIGVGGCVASQEGE I  +AP+VDI+FGPQTLHRLP++++ +   +
Sbjct  63   LGRWKELKKNNPNLVIGVGGCVASQEGEHIRHRAPYVDIIFGPQTLHRLPEMINQIRGGK  122

Query  122  KSVVDITFPEIEKFDRLPQPRAEGPSAFVSIMEGCSKYCTFCVVPYTRGEEISRPFDDVI  181
             SVVD++FPEIEKFDRLP+PRAEGP+AFVSIMEGC+KYCTFCVVPYTRGEE+SRP DDV+
Sbjct  123  SSVVDVSFPEIEKFDRLPEPRAEGPTAFVSIMEGCNKYCTFCVVPYTRGEEVSRPVDDVL  182

Query  182  AEVASLCEQGVREITLLGQNVNDYRGLMHDGQVADLALLIHYLAAMDNIERIRFTTSHPS  241
             E+A L EQGVRE+ LLGQNVN YRG  HDGQ+   A L+  +A++D I+R+RFTTSHP 
Sbjct  183  FEIAQLAEQGVREVNLLGQNVNAYRGPTHDGQICSFAELLRLVASIDGIDRLRFTTSHPI  242

Query  242  AFSENLIDAYAEEPKLANHLHLPVQSGSDRILAAMKRNYTVLEYKSKIRKLRAVRPDISL  301
             F++++ID Y + P+L + LHLPVQ+GSDR+L  MKR +T LEYKS IRKLRAVRPDI +
Sbjct  243  EFTDDIIDVYRDTPELVSFLHLPVQAGSDRVLTMMKRAHTALEYKSIIRKLRAVRPDIQI  302

Query  302  SSDFIIGFPGETDADFEATMNLIHDMGFDHSFSFIYSPRPGTPAAQLPDDVPMAVKKERL  361
            SSDFI+GFPGET  DFE TMNLI  + FD SFSF+YS RPGTPAA +PDDV    KK+RL
Sbjct  303  SSDFIVGFPGETAEDFEQTMNLIAQVNFDMSFSFVYSARPGTPAADMPDDVTEDEKKQRL  362

Query  362  AILQNRINAKAAEISQSMVGTQQRILVTGPSKKYPDQLSGRTENNRVVNFNGDTPLIGQM  421
             +LQ RIN +AA+ S+ M+GT+QR+LV GPSKK   +L+GRTE NR+VNF G   +IG+ 
Sbjct  363  YVLQERINQQAAQFSRRMLGTEQRVLVEGPSKKDIMELTGRTETNRIVNFQGSPEMIGKF  422

Query  422  VTIKIKEARPYSLWGEI  438
            V +KI +    SL GE+
Sbjct  423  VDVKITDVYTNSLRGEV  439


>A5UBB9 tRNA-2-methylthio-N(6)-dimethylallyladenosine synthase OS=Haemophilus 
influenzae (strain PittEE) OX=374930 GN=miaB PE=3 SV=1
Length=474

 Score = 615 bits (1586),  Expect = 0.0, Method: Compositional matrix adjust.
 Identities = 285/437 (65%), Positives = 352/437 (81%), Gaps = 0/437 (0%)

Query  2    KKLYLKTHGCQMNEYDSAKMADVLKFSHGLELTEDPAVADVFLLNTCSVREKAQTKVFSE  61
            +KL++KT GCQMNEYDS+KMAD+L  +HGLELTE P  ADV LLNTCS+REKAQ KVF +
Sbjct  3    QKLHIKTWGCQMNEYDSSKMADLLLSTHGLELTEAPEEADVLLLNTCSIREKAQEKVFHQ  62

Query  62   LGRWRPFKEKRPHVVIGVGGCVASQEGETILKQAPFVDIVFGPQTLHRLPDLLDSVIQKR  121
            LGRW+  K+  P++VIGVGGCVASQEGE I  +AP+VDI+FGPQTLHRLP++++ +   +
Sbjct  63   LGRWKELKKNNPNLVIGVGGCVASQEGEHIRHRAPYVDIIFGPQTLHRLPEMINQIRGGK  122

Query  122  KSVVDITFPEIEKFDRLPQPRAEGPSAFVSIMEGCSKYCTFCVVPYTRGEEISRPFDDVI  181
             SVVD++FPEIEKFDRLP+PRAEGP+AFVSIMEGC+KYCTFCVVPYTRGEE+SRP DDV+
Sbjct  123  SSVVDVSFPEIEKFDRLPEPRAEGPTAFVSIMEGCNKYCTFCVVPYTRGEEVSRPVDDVL  182

Query  182  AEVASLCEQGVREITLLGQNVNDYRGLMHDGQVADLALLIHYLAAMDNIERIRFTTSHPS  241
             E+A L EQGVRE+ LLGQNVN YRG  HDGQ+   A L+  +A++D I+R+RFTTSHP 
Sbjct  183  FEIAQLAEQGVREVNLLGQNVNAYRGPTHDGQICSFAELLRLVASIDGIDRLRFTTSHPI  242

Query  242  AFSENLIDAYAEEPKLANHLHLPVQSGSDRILAAMKRNYTVLEYKSKIRKLRAVRPDISL  301
             F+ ++ID Y + P+L + LHLPVQ+GSDR+L  MKR +T LEYKS IRKLRAVRPDI +
Sbjct  243  EFTNDIIDVYRDTPELVSFLHLPVQAGSDRVLTMMKRGHTALEYKSIIRKLRAVRPDIQI  302

Query  302  SSDFIIGFPGETDADFEATMNLIHDMGFDHSFSFIYSPRPGTPAAQLPDDVPMAVKKERL  361
            SSDFI+GFPGET  DFE TMNLI  + FD SFSF+YS RPGTPAA +PDDV    KK+RL
Sbjct  303  SSDFIVGFPGETAEDFEQTMNLIAQVNFDMSFSFVYSARPGTPAADMPDDVTEDEKKQRL  362

Query  362  AILQNRINAKAAEISQSMVGTQQRILVTGPSKKYPDQLSGRTENNRVVNFNGDTPLIGQM  421
             +LQ RIN +AA+ S+ M+GT+QR+LV GPSKK   +L+GRTE NR+VNF G   +IG+ 
Sbjct  363  YVLQERINQQAAQFSRRMLGTEQRVLVEGPSKKDIMELTGRTETNRIVNFQGSPEMIGKF  422

Query  422  VTIKIKEARPYSLWGEI  438
            V +KI +    SL GE+
Sbjct  423  VDVKITDVYTNSLRGEV  439


>Q4QPM5 tRNA-2-methylthio-N(6)-dimethylallyladenosine synthase OS=Haemophilus 
influenzae (strain 86-028NP) OX=281310 GN=miaB PE=3 
SV=1
Length=474

 Score = 615 bits (1586),  Expect = 0.0, Method: Compositional matrix adjust.
 Identities = 285/437 (65%), Positives = 352/437 (81%), Gaps = 0/437 (0%)

Query  2    KKLYLKTHGCQMNEYDSAKMADVLKFSHGLELTEDPAVADVFLLNTCSVREKAQTKVFSE  61
            +KL++KT GCQMNEYDS+KMAD+L  +HGLELTE P  ADV LLNTCS+REKAQ KVF +
Sbjct  3    QKLHIKTWGCQMNEYDSSKMADLLLSTHGLELTEAPEEADVLLLNTCSIREKAQEKVFHQ  62

Query  62   LGRWRPFKEKRPHVVIGVGGCVASQEGETILKQAPFVDIVFGPQTLHRLPDLLDSVIQKR  121
            LGRW+  K+  P++VIGVGGCVASQEGE I  +AP+VDI+FGPQTLHRLP++++ +   +
Sbjct  63   LGRWKELKKNNPNLVIGVGGCVASQEGEHIRHRAPYVDIIFGPQTLHRLPEMINQIRGGK  122

Query  122  KSVVDITFPEIEKFDRLPQPRAEGPSAFVSIMEGCSKYCTFCVVPYTRGEEISRPFDDVI  181
             SVVD++FPEIEKFDRLP+PRAEGP+AFVSIMEGC+KYCTFCVVPYTRGEE+SRP DDV+
Sbjct  123  SSVVDVSFPEIEKFDRLPEPRAEGPTAFVSIMEGCNKYCTFCVVPYTRGEEVSRPVDDVL  182

Query  182  AEVASLCEQGVREITLLGQNVNDYRGLMHDGQVADLALLIHYLAAMDNIERIRFTTSHPS  241
             E+A L EQGVRE+ LLGQNVN YRG  HDGQ+   A L+  +A++D I+R+RFTTSHP 
Sbjct  183  FEIAQLAEQGVREVNLLGQNVNAYRGPTHDGQICSFAELLRLVASIDGIDRLRFTTSHPI  242

Query  242  AFSENLIDAYAEEPKLANHLHLPVQSGSDRILAAMKRNYTVLEYKSKIRKLRAVRPDISL  301
             F+ ++ID Y + P+L + LHLPVQ+GSDR+L  MKR +T LEYKS IRKLRAVRPDI +
Sbjct  243  EFTNDIIDVYRDTPELVSFLHLPVQAGSDRVLTMMKRGHTALEYKSIIRKLRAVRPDIQI  302

Query  302  SSDFIIGFPGETDADFEATMNLIHDMGFDHSFSFIYSPRPGTPAAQLPDDVPMAVKKERL  361
            SSDFI+GFPGET  DFE TMNLI  + FD SFSF+YS RPGTPAA +PDDV    KK+RL
Sbjct  303  SSDFIVGFPGETAEDFEQTMNLIAQVNFDMSFSFVYSARPGTPAADMPDDVTEDEKKQRL  362

Query  362  AILQNRINAKAAEISQSMVGTQQRILVTGPSKKYPDQLSGRTENNRVVNFNGDTPLIGQM  421
             +LQ RIN +AA+ S+ M+GT+QR+LV GPSKK   +L+GRTE NR+VNF G   +IG+ 
Sbjct  363  YVLQERINQQAAQFSRRMLGTEQRVLVEGPSKKDIMELTGRTETNRIVNFQGSPEMIGKF  422

Query  422  VTIKIKEARPYSLWGEI  438
            V +KI +    SL GE+
Sbjct  423  VDVKITDVYTNSLRGEV  439


>Q87AP4 tRNA-2-methylthio-N(6)-dimethylallyladenosine synthase OS=Xylella 
fastidiosa (strain Temecula1 / ATCC 700964) OX=183190 GN=miaB 
PE=3 SV=2
Length=497

 Score = 615 bits (1585),  Expect = 0.0, Method: Compositional matrix adjust.
 Identities = 297/446 (67%), Positives = 352/446 (79%), Gaps = 10/446 (2%)

Query  3    KLYLKTHGCQMNEYDSAKMADVLKFSHGLELTEDPAVADVFLLNTCSVREKAQTKVFSEL  62
            KL++KTHGCQMNEYDSAKMADVL  +  LELT++P  AD+ L+NTCS+REKAQ KVFS+L
Sbjct  49   KLFIKTHGCQMNEYDSAKMADVLTTTEALELTDNPEEADIILINTCSIREKAQEKVFSQL  108

Query  63   GRWRPFKEKRPHVVIGVGGCVASQEGETILKQAPFVDIVFGPQTLHRLPDLLDSVIQKRK  122
            GRWR  K     V+IGVGGCVASQEGETI+K+AP+VD+VFGPQTLHRLPD++ +  ++ +
Sbjct  109  GRWRALKTNGRDVIIGVGGCVASQEGETIVKRAPYVDLVFGPQTLHRLPDMIRARREQNR  168

Query  123  SVVDITFPEIEKFDRLPQPRAEGPSAFVSIMEGCSKYCTFCVVPYTRGEEISRPFDDVIA  182
              VDI+FPEIEKFD LP PRAEGPSAFVSIMEGCSKYC+FCVVPYTRGEE+SRPF+DV+ 
Sbjct  169  PQVDISFPEIEKFDHLPTPRAEGPSAFVSIMEGCSKYCSFCVVPYTRGEEVSRPFEDVLT  228

Query  183  EVASLCEQGVREITLLGQNVNDYRGLMHDG----------QVADLALLIHYLAAMDNIER  232
            E+A L  QGVREI LLGQNVN YRG M  G            ADL LLI  +A  ++I R
Sbjct  229  EIAHLATQGVREINLLGQNVNAYRGAMDPGPSNNTNPAPPPYADLGLLIRAIAQFESIGR  288

Query  233  IRFTTSHPSAFSENLIDAYAEEPKLANHLHLPVQSGSDRILAAMKRNYTVLEYKSKIRKL  292
            IRFTTSHP  FS++L++AY + P+LANHLHLPVQSGSDRIL+AMKR YT LE+KSKIRKL
Sbjct  289  IRFTTSHPLEFSDSLVEAYRDVPQLANHLHLPVQSGSDRILSAMKRGYTALEFKSKIRKL  348

Query  293  RAVRPDISLSSDFIIGFPGETDADFEATMNLIHDMGFDHSFSFIYSPRPGTPAAQLPDDV  352
            RAVRPDIS+SSDFIIGFPGE+D DF+ TM LI D+GFD SFSFIYS RPGTPA+ L D  
Sbjct  349  RAVRPDISISSDFIIGFPGESDTDFQKTMQLIKDIGFDQSFSFIYSRRPGTPASNLEDHT  408

Query  353  PMAVKKERLAILQNRINAKAAEISQSMVGTQQRILVTGPSKKYPDQLSGRTENNRVVNFN  412
            P  +K+ RL  LQ  INA AA+IS+ M+GT Q +LV GPSKK P++L+G+TEN R VNF 
Sbjct  409  PDEIKRTRLEHLQKHINAYAADISKRMIGTVQTVLVEGPSKKNPNELTGKTENMRPVNFP  468

Query  413  GDTPLIGQMVTIKIKEARPYSLWGEI  438
            G   LIGQ + + I EA   SL G +
Sbjct  469  GHPRLIGQFIDVHITEALTNSLRGRV  494


>B2I8U1 tRNA-2-methylthio-N(6)-dimethylallyladenosine synthase OS=Xylella 
fastidiosa (strain M23) OX=405441 GN=miaB PE=3 SV=1
Length=497

 Score = 615 bits (1585),  Expect = 0.0, Method: Compositional matrix adjust.
 Identities = 297/446 (67%), Positives = 352/446 (79%), Gaps = 10/446 (2%)

Query  3    KLYLKTHGCQMNEYDSAKMADVLKFSHGLELTEDPAVADVFLLNTCSVREKAQTKVFSEL  62
            KL++KTHGCQMNEYDSAKMADVL  +  LELT++P  AD+ L+NTCS+REKAQ KVFS+L
Sbjct  49   KLFIKTHGCQMNEYDSAKMADVLTTTEALELTDNPEEADIILINTCSIREKAQEKVFSQL  108

Query  63   GRWRPFKEKRPHVVIGVGGCVASQEGETILKQAPFVDIVFGPQTLHRLPDLLDSVIQKRK  122
            GRWR  K     V+IGVGGCVASQEGETI+K+AP+VD+VFGPQTLHRLPD++ +  ++ +
Sbjct  109  GRWRALKTNGRDVIIGVGGCVASQEGETIVKRAPYVDLVFGPQTLHRLPDMIRARREQNR  168

Query  123  SVVDITFPEIEKFDRLPQPRAEGPSAFVSIMEGCSKYCTFCVVPYTRGEEISRPFDDVIA  182
              VDI+FPEIEKFD LP PRAEGPSAFVSIMEGCSKYC+FCVVPYTRGEE+SRPF+DV+ 
Sbjct  169  PQVDISFPEIEKFDHLPTPRAEGPSAFVSIMEGCSKYCSFCVVPYTRGEEVSRPFEDVLT  228

Query  183  EVASLCEQGVREITLLGQNVNDYRGLMHDG----------QVADLALLIHYLAAMDNIER  232
            E+A L  QGVREI LLGQNVN YRG M  G            ADL LLI  +A  ++I R
Sbjct  229  EIAHLATQGVREINLLGQNVNAYRGAMDPGPSNNTNPAPPPYADLGLLIRAIAQFESIGR  288

Query  233  IRFTTSHPSAFSENLIDAYAEEPKLANHLHLPVQSGSDRILAAMKRNYTVLEYKSKIRKL  292
            IRFTTSHP  FS++L++AY + P+LANHLHLPVQSGSDRIL+AMKR YT LE+KSKIRKL
Sbjct  289  IRFTTSHPLEFSDSLVEAYRDVPQLANHLHLPVQSGSDRILSAMKRGYTALEFKSKIRKL  348

Query  293  RAVRPDISLSSDFIIGFPGETDADFEATMNLIHDMGFDHSFSFIYSPRPGTPAAQLPDDV  352
            RAVRPDIS+SSDFIIGFPGE+D DF+ TM LI D+GFD SFSFIYS RPGTPA+ L D  
Sbjct  349  RAVRPDISISSDFIIGFPGESDTDFQKTMQLIKDIGFDQSFSFIYSRRPGTPASNLEDHT  408

Query  353  PMAVKKERLAILQNRINAKAAEISQSMVGTQQRILVTGPSKKYPDQLSGRTENNRVVNFN  412
            P  +K+ RL  LQ  INA AA+IS+ M+GT Q +LV GPSKK P++L+G+TEN R VNF 
Sbjct  409  PDEIKRTRLEHLQKHINAYAADISKRMIGTVQTVLVEGPSKKNPNELTGKTENMRPVNFP  468

Query  413  GDTPLIGQMVTIKIKEARPYSLWGEI  438
            G   LIGQ + + I EA   SL G +
Sbjct  469  GHPRLIGQFIDVHITEALTNSLRGRV  494


>Q9L699 tRNA-2-methylthio-N(6)-dimethylallyladenosine synthase OS=Pasteurella 
multocida (strain Pm70) OX=272843 GN=miaB PE=3 SV=1
Length=474

 Score = 613 bits (1582),  Expect = 0.0, Method: Compositional matrix adjust.
 Identities = 286/437 (65%), Positives = 354/437 (81%), Gaps = 0/437 (0%)

Query  2    KKLYLKTHGCQMNEYDSAKMADVLKFSHGLELTEDPAVADVFLLNTCSVREKAQTKVFSE  61
            +KL++KT GCQMNEYDS+KMAD+L  +HGLELTE P  ADV LLNTCS+REKAQ KVF +
Sbjct  3    QKLHIKTWGCQMNEYDSSKMADLLNSTHGLELTEIPEEADVLLLNTCSIREKAQEKVFHQ  62

Query  62   LGRWRPFKEKRPHVVIGVGGCVASQEGETILKQAPFVDIVFGPQTLHRLPDLLDSVIQKR  121
            LGRW+  K+ +P +VIGVGGCVASQEGE I  +AP+VDI+FGPQTLHRLP++++ +   +
Sbjct  63   LGRWKELKKHKPGLVIGVGGCVASQEGEHIRTRAPYVDIIFGPQTLHRLPEMINQIRGGK  122

Query  122  KSVVDITFPEIEKFDRLPQPRAEGPSAFVSIMEGCSKYCTFCVVPYTRGEEISRPFDDVI  181
             SVVD++FPEIEKFDRLP+PRAEGP+AFVSIMEGC+KYC+FCVVPYTRGEE+SRP DDV+
Sbjct  123  SSVVDVSFPEIEKFDRLPEPRAEGPTAFVSIMEGCNKYCSFCVVPYTRGEEVSRPVDDVL  182

Query  182  AEVASLCEQGVREITLLGQNVNDYRGLMHDGQVADLALLIHYLAAMDNIERIRFTTSHPS  241
             E+A L EQGVRE+ LLGQNVN YRG  HD  +   A L+  +AA+D I+R+RFTTSHP 
Sbjct  183  FEIAQLAEQGVREVNLLGQNVNAYRGATHDDGICTFAELLRLVAAIDGIDRLRFTTSHPI  242

Query  242  AFSENLIDAYAEEPKLANHLHLPVQSGSDRILAAMKRNYTVLEYKSKIRKLRAVRPDISL  301
             F++++ID Y + P+L + LHLPVQSGSDR+L+ MKRN+T LEYKS IRKLRAVRP+I +
Sbjct  243  EFTDDIIDVYRDTPELVSFLHLPVQSGSDRVLSMMKRNHTALEYKSIIRKLRAVRPEIQI  302

Query  302  SSDFIIGFPGETDADFEATMNLIHDMGFDHSFSFIYSPRPGTPAAQLPDDVPMAVKKERL  361
            SSDFI+GFPGET  DFE TMNLI  + FD SFSFIYS RPGTPAA +PDDV    KK+RL
Sbjct  303  SSDFIVGFPGETAEDFEQTMNLIAQVNFDMSFSFIYSARPGTPAADMPDDVTEEEKKQRL  362

Query  362  AILQNRINAKAAEISQSMVGTQQRILVTGPSKKYPDQLSGRTENNRVVNFNGDTPLIGQM  421
             +LQ RIN +AA+ S++M+GT+QR+LV GPSKK   +L+GRTE NR+VNF G   +IG+ 
Sbjct  363  YVLQQRINNQAAQFSRAMLGTEQRVLVEGPSKKDLMELTGRTETNRIVNFVGTPDMIGKF  422

Query  422  VTIKIKEARPYSLWGEI  438
            V IKI +    SL GE+
Sbjct  423  VDIKITDVFTNSLRGEV  439


>B4S0R8 tRNA-2-methylthio-N(6)-dimethylallyladenosine synthase OS=Alteromonas 
mediterranea (strain DSM 17117 / CIP 110805 / LMG 28347 
/ Deep ecotype) OX=1774373 GN=miaB PE=3 SV=1
Length=477

 Score = 613 bits (1580),  Expect = 0.0, Method: Compositional matrix adjust.
 Identities = 287/437 (66%), Positives = 350/437 (80%), Gaps = 0/437 (0%)

Query  2    KKLYLKTHGCQMNEYDSAKMADVLKFSHGLELTEDPAVADVFLLNTCSVREKAQTKVFSE  61
            KKLY+KT GCQMNEYDS KMAD+L  +HG    +    ADV LLNTCS+REKAQ KVF +
Sbjct  3    KKLYIKTWGCQMNEYDSEKMADLLDSTHGFSAAQSAEEADVILLNTCSIREKAQEKVFHQ  62

Query  62   LGRWRPFKEKRPHVVIGVGGCVASQEGETILKQAPFVDIVFGPQTLHRLPDLLDSVIQKR  121
            LGRW+  K+ +P ++IGVGGCVASQEG+TI ++APFVD+VFGPQTLHRLP++++ +    
Sbjct  63   LGRWKTLKQDKPELIIGVGGCVASQEGDTIRQRAPFVDLVFGPQTLHRLPEMINELKGGA  122

Query  122  KSVVDITFPEIEKFDRLPQPRAEGPSAFVSIMEGCSKYCTFCVVPYTRGEEISRPFDDVI  181
            KSV+D++FPEIEKFDRLP+PRAEGP+AFVSIMEGCSKYCTFCVVPYTRGEE+SRP DDV+
Sbjct  123  KSVIDVSFPEIEKFDRLPEPRAEGPTAFVSIMEGCSKYCTFCVVPYTRGEEVSRPVDDVL  182

Query  182  AEVASLCEQGVREITLLGQNVNDYRGLMHDGQVADLALLIHYLAAMDNIERIRFTTSHPS  241
             E+A L  QGVRE+ LLGQNVN YRG  +DG +   + L+  +AA+D I+RIR+TTSHP 
Sbjct  183  LEIAQLAGQGVREVNLLGQNVNAYRGENYDGTICRFSELLELVAAIDGIDRIRYTTSHPV  242

Query  242  AFSENLIDAYAEEPKLANHLHLPVQSGSDRILAAMKRNYTVLEYKSKIRKLRAVRPDISL  301
             F++++IDAYA  P+L +HLHLPVQSGSDRIL  MKR +T LEYKSK+RKL+ +RP+ISL
Sbjct  243  EFTDDIIDAYASIPELVDHLHLPVQSGSDRILNLMKRGHTALEYKSKMRKLKKIRPNISL  302

Query  302  SSDFIIGFPGETDADFEATMNLIHDMGFDHSFSFIYSPRPGTPAAQLPDDVPMAVKKERL  361
            SSDFIIGFPGETDADFEATM+LI  + +D SFSFIYS RPGTPAA   DDV    KK+RL
Sbjct  303  SSDFIIGFPGETDADFEATMDLIQAVDYDLSFSFIYSARPGTPAADAVDDVTEETKKQRL  362

Query  362  AILQNRINAKAAEISQSMVGTQQRILVTGPSKKYPDQLSGRTENNRVVNFNGDTPLIGQM  421
             +LQ RI  +A  I++ MVGT+QRILV GPSKK P +LSGRTENNRVVNF G   +IG+ 
Sbjct  363  HLLQQRITQQALRIARHMVGTEQRILVEGPSKKNPMELSGRTENNRVVNFEGTPDMIGEF  422

Query  422  VTIKIKEARPYSLWGEI  438
            V + I +    SL GE+
Sbjct  423  VDVNITDVFTNSLRGEV  439


>Q0VN66 tRNA-2-methylthio-N(6)-dimethylallyladenosine synthase OS=Alcanivorax 
borkumensis (strain ATCC 700651 / DSM 11573 / NCIMB 
13689 / SK2) OX=393595 GN=miaB PE=3 SV=1
Length=445

 Score = 613 bits (1580),  Expect = 0.0, Method: Compositional matrix adjust.
 Identities = 292/436 (67%), Positives = 344/436 (79%), Gaps = 1/436 (0%)

Query  2    KKLYLKTHGCQMNEYDSAKMADVLKFSHGLELTEDPAVADVFLLNTCSVREKAQTKVFSE  61
            +KL+++THGCQMNEYDS +M D+L+ SHGLE T++P  ADV LLNTCS+REKAQ KVF +
Sbjct  3    RKLFIQTHGCQMNEYDSTRMVDLLESSHGLEPTDNPEEADVLLLNTCSIREKAQEKVFHQ  62

Query  62   LGRWRPFKEKRPHVVIGVGGCVASQEGETILKQAPFVDIVFGPQTLHRLPDLLDSVIQKR  121
            LGRW+  K+ +P ++IGVGGCVASQEG+ I  +AP+VD+VFGPQTLHRLP L+      R
Sbjct  63   LGRWKKLKDAKPDMIIGVGGCVASQEGDAIRDRAPYVDVVFGPQTLHRLPGLITQAASTR  122

Query  122  KSVVDITFPEIEKFDRLPQPRAEGPSAFVSIMEGCSKYCTFCVVPYTRGEEISRPFDDVI  181
            +  +D+TFPEIEKFD LP+P  +GPSAFVSIMEGCSKYCTFCVVPYTRGEE+SRP   V+
Sbjct  123  ELAIDVTFPEIEKFDNLPEPSVDGPSAFVSIMEGCSKYCTFCVVPYTRGEEVSRPVQPVL  182

Query  182  AEVASLCEQGVREITLLGQNVNDYRGLMHDGQVADLALLIHYLAAMDNIERIRFTTSHPS  241
             E+  L + GVRE+ LLGQNVN Y+G+  DG   DLA LI  +  +D I+RIR+TTSHP 
Sbjct  183  KEIQHLADMGVREVNLLGQNVNAYQGVGADGDTLDLADLIRLIRDIDGIDRIRYTTSHPV  242

Query  242  AFSENLIDAYAEEPKLANHLHLPVQSGSDRILAAMKRNYTVLEYKSKIRKLRAVRPDISL  301
             FSE LI  Y + P+L +HLHLPVQSGSDRILA MKRN+ VLEYKSK+RKL+ +RPDIS 
Sbjct  243  EFSEALIQVYEDVPELVSHLHLPVQSGSDRILAMMKRNHMVLEYKSKLRKLKRIRPDISF  302

Query  302  SSDFIIGFPGETDADFEATMNLIHDMGFDHSFSFIYSPRPGTPAAQLPDDVPMAVKKERL  361
            SSDFIIGFPGETD DFE TMNLIHD+GFD SFSFIYS RPGTPAA LPDDV M VKK+RL
Sbjct  303  SSDFIIGFPGETDRDFEDTMNLIHDIGFDMSFSFIYSARPGTPAADLPDDVDMEVKKQRL  362

Query  362  AILQNRINAKAAEISQSMVGTQQRILVTGPSKKYPDQLSGRTENNRVVNFN-GDTPLIGQ  420
            AILQ RIN    +IS+ MVG+ QRILV G SKK P QL GRTENNRVVNF   DT LIG+
Sbjct  363  AILQQRINQNVQDISRKMVGSTQRILVDGFSKKDPGQLKGRTENNRVVNFQCDDTDLIGK  422

Query  421  MVTIKIKEARPYSLWG  436
             V + I +A   SL G
Sbjct  423  FVDVTIAKAYSNSLLG  438


>B0TXS4 tRNA-2-methylthio-N(6)-dimethylallyladenosine synthase OS=Francisella 
philomiragia subsp. philomiragia (strain ATCC 25017 
/ FSC 153 / O#319-036) OX=484022 GN=miaB PE=3 SV=1
Length=442

 Score = 612 bits (1579),  Expect = 0.0, Method: Compositional matrix adjust.
 Identities = 286/437 (65%), Positives = 352/437 (81%), Gaps = 0/437 (0%)

Query  2    KKLYLKTHGCQMNEYDSAKMADVLKFSHGLELTEDPAVADVFLLNTCSVREKAQTKVFSE  61
            KK+++KT GCQMNEYDS KM +VL        T+D   AD+ L+NTCS+REKAQ KVF E
Sbjct  5    KKVFIKTLGCQMNEYDSQKMHEVLDEHFHTVKTDDYKEADIILINTCSIREKAQEKVFHE  64

Query  62   LGRWRPFKEKRPHVVIGVGGCVASQEGETILKQAPFVDIVFGPQTLHRLPDLLDSVIQKR  121
            LGRW+  K+K+  +VIGVGGCVASQEGE I+K+APFVD+VFGPQT+HRLP+++      +
Sbjct  65   LGRWKNLKKKKEDLVIGVGGCVASQEGENIIKRAPFVDLVFGPQTIHRLPEMIKRKQSTQ  124

Query  122  KSVVDITFPEIEKFDRLPQPRAEGPSAFVSIMEGCSKYCTFCVVPYTRGEEISRPFDDVI  181
            +S VDI+FPE+EKFD LP+P+AEG  A+VSIMEGC KYC++CVVPYTRG E++RPF+DV+
Sbjct  125  ESQVDISFPEVEKFDFLPEPKAEGAKAYVSIMEGCDKYCSYCVVPYTRGPEVNRPFEDVL  184

Query  182  AEVASLCEQGVREITLLGQNVNDYRGLMHDGQVADLALLIHYLAAMDNIERIRFTTSHPS  241
             E A+L EQGV+EITLLGQNVN Y G M +G+ ADLALLIH++A +D IERIRFTTSHP 
Sbjct  185  GECAALAEQGVKEITLLGQNVNHYLGPMENGETADLALLIHFIAEIDGIERIRFTTSHPV  244

Query  242  AFSENLIDAYAEEPKLANHLHLPVQSGSDRILAAMKRNYTVLEYKSKIRKLRAVRPDISL  301
             FS+NLIDAY   P+LANHLHLPVQ GSDR+L  MKRN+T+LE+K KIRKLRA+RPDI++
Sbjct  245  EFSQNLIDAYGSVPELANHLHLPVQHGSDRVLINMKRNHTILEFKQKIRKLRAIRPDITI  304

Query  302  SSDFIIGFPGETDADFEATMNLIHDMGFDHSFSFIYSPRPGTPAAQLPDDVPMAVKKERL  361
            SSDFI+GFPGET+ DF+  M+L+ D+ FD SFSFIYS RPGTPAA LPDD PM VKK+RL
Sbjct  305  SSDFIVGFPGETEEDFQKLMDLVKDVNFDQSFSFIYSKRPGTPAADLPDDTPMEVKKDRL  364

Query  362  AILQNRINAKAAEISQSMVGTQQRILVTGPSKKYPDQLSGRTENNRVVNFNGDTPLIGQM  421
              LQ+ +N+ A  IS+ MVGT+QRILV G SKK  + L+GRTENNR+VNF GD  LIGQ 
Sbjct  365  KRLQDLLNSNAQIISRQMVGTEQRILVEGTSKKDDNVLAGRTENNRIVNFIGDKSLIGQF  424

Query  422  VTIKIKEARPYSLWGEI  438
              +KI E+ P SL GE+
Sbjct  425  AMVKITESLPNSLRGEL  441


>Q65RW3 tRNA-2-methylthio-N(6)-dimethylallyladenosine synthase OS=Mannheimia 
succiniciproducens (strain MBEL55E) OX=221988 GN=miaB 
PE=3 SV=1
Length=474

 Score = 612 bits (1578),  Expect = 0.0, Method: Compositional matrix adjust.
 Identities = 282/437 (65%), Positives = 358/437 (82%), Gaps = 0/437 (0%)

Query  2    KKLYLKTHGCQMNEYDSAKMADVLKFSHGLELTEDPAVADVFLLNTCSVREKAQTKVFSE  61
            +KL++KT GCQMNEYDS+KMAD+L+ +HGLELTE+   ADV LLNTCS+REKAQ KVF +
Sbjct  3    QKLHIKTWGCQMNEYDSSKMADLLQSTHGLELTEEAEQADVLLLNTCSIREKAQEKVFHQ  62

Query  62   LGRWRPFKEKRPHVVIGVGGCVASQEGETILKQAPFVDIVFGPQTLHRLPDLLDSVIQKR  121
            LGRW+  K+K P++VIGVGGCVASQEGE I ++AP+VDI+FGPQTLHRLP++++ +    
Sbjct  63   LGRWKELKKKNPNLVIGVGGCVASQEGEHIRERAPYVDIIFGPQTLHRLPEMINQIRAGE  122

Query  122  KSVVDITFPEIEKFDRLPQPRAEGPSAFVSIMEGCSKYCTFCVVPYTRGEEISRPFDDVI  181
            K+V+DI+FPEIEKFDRLP+P+AEGP+AFVSIMEGC+KYCT+CVVPYTRGEE+SRP DDV+
Sbjct  123  KAVLDISFPEIEKFDRLPEPKAEGPTAFVSIMEGCNKYCTYCVVPYTRGEEVSRPLDDVL  182

Query  182  AEVASLCEQGVREITLLGQNVNDYRGLMHDGQVADLALLIHYLAAMDNIERIRFTTSHPS  241
             E+A L EQGVRE+ LLGQNVN YRG  HDG +   A L+  +AA+D I+R+RFTTS+P 
Sbjct  183  FEIAQLAEQGVREVNLLGQNVNAYRGPTHDGGICSFAELLRLVAAIDGIDRLRFTTSNPI  242

Query  242  AFSENLIDAYAEEPKLANHLHLPVQSGSDRILAAMKRNYTVLEYKSKIRKLRAVRPDISL  301
             F++++ID Y + P+L + LHLPVQ+GSDRIL  MKR +T +EYKS IRKLRAVRP+I +
Sbjct  243  EFTDDIIDVYRDTPELVSFLHLPVQAGSDRILTMMKRGHTAIEYKSIIRKLRAVRPNIQI  302

Query  302  SSDFIIGFPGETDADFEATMNLIHDMGFDHSFSFIYSPRPGTPAAQLPDDVPMAVKKERL  361
            SSDFI+GFPGET+ +FE TMNLI  + FD SFSF+YS RPGTPAA +PDDV    KK+RL
Sbjct  303  SSDFIVGFPGETNEEFEQTMNLIQQVNFDMSFSFVYSARPGTPAADMPDDVTEEEKKQRL  362

Query  362  AILQNRINAKAAEISQSMVGTQQRILVTGPSKKYPDQLSGRTENNRVVNFNGDTPLIGQM  421
             ILQ RIN +AA+ S++M+GT+QR+LV GPSKK   +L+GRTENNR+VNF G   +IG+ 
Sbjct  363  YILQQRINNQAAQFSRAMLGTEQRVLVEGPSKKDIMELTGRTENNRIVNFAGTPDMIGKF  422

Query  422  VTIKIKEARPYSLWGEI  438
            V IKI +    SL G++
Sbjct  423  VDIKITDVFTNSLRGDV  439


>B0UUU9 tRNA-2-methylthio-N(6)-dimethylallyladenosine synthase OS=Histophilus 
somni (strain 2336) OX=228400 GN=miaB PE=3 SV=1
Length=474

 Score = 612 bits (1578),  Expect = 0.0, Method: Compositional matrix adjust.
 Identities = 285/437 (65%), Positives = 355/437 (81%), Gaps = 0/437 (0%)

Query  2    KKLYLKTHGCQMNEYDSAKMADVLKFSHGLELTEDPAVADVFLLNTCSVREKAQTKVFSE  61
            +KL++KT GCQMNEYDS+KMAD+L  +HGLELT+ P  ADV LLNTCS+REKAQ KVF +
Sbjct  3    QKLHIKTWGCQMNEYDSSKMADLLLNTHGLELTDVPEEADVLLLNTCSIREKAQEKVFHQ  62

Query  62   LGRWRPFKEKRPHVVIGVGGCVASQEGETILKQAPFVDIVFGPQTLHRLPDLLDSVIQKR  121
            LGRW+  K++ P +VIGVGGCVASQEGE I  +AP+VDIVFGPQTLHRLP++++ +   +
Sbjct  63   LGRWKELKKQNPSLVIGVGGCVASQEGEHIRSRAPYVDIVFGPQTLHRLPEMINQIRGGK  122

Query  122  KSVVDITFPEIEKFDRLPQPRAEGPSAFVSIMEGCSKYCTFCVVPYTRGEEISRPFDDVI  181
             +VVD++FPEIEKFDRLP+PRAEGP+AFVSIMEGC+KYC+FCVVPYTRGEE+SRP DDV+
Sbjct  123  SAVVDVSFPEIEKFDRLPEPRAEGPTAFVSIMEGCNKYCSFCVVPYTRGEEVSRPVDDVL  182

Query  182  AEVASLCEQGVREITLLGQNVNDYRGLMHDGQVADLALLIHYLAAMDNIERIRFTTSHPS  241
             E+A L EQGVRE+ LLGQNVN YRG  HDG +   A L+  +A++D I+R+RFTTSHP 
Sbjct  183  FEIAQLAEQGVREVNLLGQNVNAYRGPTHDGGICSFAELLRLVASIDGIDRLRFTTSHPI  242

Query  242  AFSENLIDAYAEEPKLANHLHLPVQSGSDRILAAMKRNYTVLEYKSKIRKLRAVRPDISL  301
             F++++ID YA+ P+L + LHLPVQSGSDR+L  MKRN+T LEYKS IRKL+ VRP+I +
Sbjct  243  EFTDDIIDVYADTPELVSFLHLPVQSGSDRVLNLMKRNHTALEYKSIIRKLKKVRPNIQI  302

Query  302  SSDFIIGFPGETDADFEATMNLIHDMGFDHSFSFIYSPRPGTPAAQLPDDVPMAVKKERL  361
            SSDFI+GFPGETD DFE TMNLI  + FD SFSFIYS RPGTPAA +PDDV    KK+RL
Sbjct  303  SSDFIVGFPGETDQDFEDTMNLIAQVNFDMSFSFIYSARPGTPAADMPDDVTEEEKKQRL  362

Query  362  AILQNRINAKAAEISQSMVGTQQRILVTGPSKKYPDQLSGRTENNRVVNFNGDTPLIGQM  421
             +LQ RIN +AA+ S++M+GT+QR+LV GPSKK   +L+GRTE NR+VNF G   +IG+ 
Sbjct  363  YLLQQRINNQAAQFSRAMLGTEQRVLVEGPSKKDIMELTGRTETNRIVNFAGTPNMIGKF  422

Query  422  VTIKIKEARPYSLWGEI  438
            V IKI +    SL GE+
Sbjct  423  VDIKITDVYTNSLRGEV  439


>Q0I3Z1 tRNA-2-methylthio-N(6)-dimethylallyladenosine synthase OS=Haemophilus 
somnus (strain 129Pt) OX=205914 GN=miaB PE=3 SV=1
Length=474

 Score = 612 bits (1578),  Expect = 0.0, Method: Compositional matrix adjust.
 Identities = 285/437 (65%), Positives = 355/437 (81%), Gaps = 0/437 (0%)

Query  2    KKLYLKTHGCQMNEYDSAKMADVLKFSHGLELTEDPAVADVFLLNTCSVREKAQTKVFSE  61
            +KL++KT GCQMNEYDS+KMAD+L  +HGLELT+ P  ADV LLNTCS+REKAQ KVF +
Sbjct  3    QKLHIKTWGCQMNEYDSSKMADLLLNTHGLELTDVPEEADVLLLNTCSIREKAQEKVFHQ  62

Query  62   LGRWRPFKEKRPHVVIGVGGCVASQEGETILKQAPFVDIVFGPQTLHRLPDLLDSVIQKR  121
            LGRW+  K++ P +VIGVGGCVASQEGE I  +AP+VDIVFGPQTLHRLP++++ +   +
Sbjct  63   LGRWKELKKQNPSLVIGVGGCVASQEGEHIRSRAPYVDIVFGPQTLHRLPEMINQIRGGK  122

Query  122  KSVVDITFPEIEKFDRLPQPRAEGPSAFVSIMEGCSKYCTFCVVPYTRGEEISRPFDDVI  181
             +VVD++FPEIEKFDRLP+PRAEGP+AFVSIMEGC+KYC+FCVVPYTRGEE+SRP DDV+
Sbjct  123  SAVVDVSFPEIEKFDRLPEPRAEGPTAFVSIMEGCNKYCSFCVVPYTRGEEVSRPVDDVL  182

Query  182  AEVASLCEQGVREITLLGQNVNDYRGLMHDGQVADLALLIHYLAAMDNIERIRFTTSHPS  241
             E+A L EQGVRE+ LLGQNVN YRG  HDG +   A L+  +A++D I+R+RFTTSHP 
Sbjct  183  FEIAQLAEQGVREVNLLGQNVNAYRGPTHDGGICSFAELLRLVASIDGIDRLRFTTSHPI  242

Query  242  AFSENLIDAYAEEPKLANHLHLPVQSGSDRILAAMKRNYTVLEYKSKIRKLRAVRPDISL  301
             F++++ID YA+ P+L + LHLPVQSGSDR+L  MKRN+T LEYKS IRKL+ VRP+I +
Sbjct  243  EFTDDIIDVYADTPELVSFLHLPVQSGSDRVLNLMKRNHTALEYKSIIRKLKKVRPNIQI  302

Query  302  SSDFIIGFPGETDADFEATMNLIHDMGFDHSFSFIYSPRPGTPAAQLPDDVPMAVKKERL  361
            SSDFI+GFPGETD DFE TMNLI  + FD SFSFIYS RPGTPAA +PDDV    KK+RL
Sbjct  303  SSDFIVGFPGETDQDFEDTMNLIAQVNFDMSFSFIYSARPGTPAADMPDDVTEEEKKQRL  362

Query  362  AILQNRINAKAAEISQSMVGTQQRILVTGPSKKYPDQLSGRTENNRVVNFNGDTPLIGQM  421
             +LQ RIN +AA+ S++M+GT+QR+LV GPSKK   +L+GRTE NR+VNF G   +IG+ 
Sbjct  363  YLLQQRINNQAAQFSRAMLGTEQRVLVEGPSKKDIMELTGRTETNRIVNFAGTPNMIGKF  422

Query  422  VTIKIKEARPYSLWGEI  438
            V IKI +    SL GE+
Sbjct  423  VDIKITDVYTNSLRGEV  439


>Q7NQI8 tRNA-2-methylthio-N(6)-dimethylallyladenosine synthase OS=Chromobacterium 
violaceum (strain ATCC 12472 / DSM 30191 / JCM 
1249 / NBRC 12614 / NCIMB 9131 / NCTC 9757) OX=243365 GN=miaB 
PE=3 SV=1
Length=444

 Score = 612 bits (1578),  Expect = 0.0, Method: Compositional matrix adjust.
 Identities = 294/437 (67%), Positives = 345/437 (79%), Gaps = 0/437 (0%)

Query  1    MKKLYLKTHGCQMNEYDSAKMADVLKFSHGLELTEDPAVADVFLLNTCSVREKAQTKVFS  60
            MKK+Y+KT GCQMNEYDS KMADVL  + G+  T++P  ADV L NTCSVREKAQ KVFS
Sbjct  1    MKKVYIKTFGCQMNEYDSDKMADVLGSAEGMVKTDNPEEADVILFNTCSVREKAQEKVFS  60

Query  61   ELGRWRPFKEKRPHVVIGVGGCVASQEGETILKQAPFVDIVFGPQTLHRLPDLLDSVIQK  120
            +LGR RP KE  P ++IGVGGCVASQEG+ I+K+APFVD+VFGPQTLHRLPDL++S  Q 
Sbjct  61   DLGRIRPLKEANPDLIIGVGGCVASQEGDAIVKRAPFVDVVFGPQTLHRLPDLIESRKQS  120

Query  121  RKSVVDITFPEIEKFDRLPQPRAEGPSAFVSIMEGCSKYCTFCVVPYTRGEEISRPFDDV  180
             +S VDI+FPEIEKFD +P  + +G +AFVSIMEGCSKYC+FCVVPYTRGEE+SRPF+DV
Sbjct  121  GRSQVDISFPEIEKFDHIPPAKVDGGAAFVSIMEGCSKYCSFCVVPYTRGEEVSRPFEDV  180

Query  181  IAEVASLCEQGVREITLLGQNVNDYRGLMHDGQVADLALLIHYLAAMDNIERIRFTTSHP  240
            + E+A L  QGV+EITLLGQNVN YRGLM DG++AD ALL+ Y+  +  +ERIRFTTSHP
Sbjct  181  LTEIAGLAAQGVKEITLLGQNVNAYRGLMSDGEIADFALLLEYVHEVPGVERIRFTTSHP  240

Query  241  SAFSENLIDAYAEEPKLANHLHLPVQSGSDRILAAMKRNYTVLEYKSKIRKLRAVRPDIS  300
              FS+ +ID YA+ PKL +HLHLPVQSGSDR+L AMKR YT LEYKS IRKLRA+RPD+ 
Sbjct  241  REFSQRIIDCYAKLPKLVSHLHLPVQSGSDRVLMAMKRGYTGLEYKSIIRKLRAIRPDLC  300

Query  301  LSSDFIIGFPGETDADFEATMNLIHDMGFDHSFSFIYSPRPGTPAAQLPDDVPMAVKKER  360
            LSSDFIIGFPGET+ADFE T+ L+ D  FD SF FIYSPRPGTPAA LPDD P A K  R
Sbjct  301  LSSDFIIGFPGETEADFEQTLKLVRDCEFDFSFVFIYSPRPGTPAANLPDDTPHAEKVRR  360

Query  361  LAILQNRINAKAAEISQSMVGTQQRILVTGPSKKYPDQLSGRTENNRVVNFNGDTPLIGQ  420
            L  L   I AK   I+QSMVGT QR+LV   SKK    L+ RT NNRVVNF G   L+G+
Sbjct  361  LEALNEVIEAKGYAINQSMVGTVQRVLVENVSKKDATMLAARTANNRVVNFAGHPRLLGR  420

Query  421  MVTIKIKEARPYSLWGE  437
            M+ +KI  A P+SL GE
Sbjct  421  MIEVKITAAFPHSLAGE  437


>Q21FH4 tRNA-2-methylthio-N(6)-dimethylallyladenosine synthase OS=Saccharophagus 
degradans (strain 2-40 / ATCC 43961 / DSM 17024) 
OX=203122 GN=miaB PE=3 SV=1
Length=454

 Score = 611 bits (1575),  Expect = 0.0, Method: Compositional matrix adjust.
 Identities = 296/436 (68%), Positives = 353/436 (81%), Gaps = 2/436 (0%)

Query  2    KKLYLKTHGCQMNEYDSAKMADVLKFSHGLELTEDPAVADVFLLNTCSVREKAQTKVFSE  61
            KKLY++THGCQMNEYDS++M D+L  SH +  T++P  ADV L+NTCS+REKAQ K+F +
Sbjct  11   KKLYIQTHGCQMNEYDSSRMRDLLGASHDMVPTDNPEEADVLLVNTCSIREKAQEKLFHQ  70

Query  62   LGRWRPFKEKRPHVVIGVGGCVASQEGETILKQAPFVDIVFGPQTLHRLPDLLDSVIQKR  121
            LGRW+  KE +P +VIGVGGCVASQEG+ I K+APFVD++FGPQTLHRLP+++++  +  
Sbjct  71   LGRWKHLKEAKPDLVIGVGGCVASQEGDAISKRAPFVDLIFGPQTLHRLPEMIETPRENG  130

Query  122  KSVVDITFPEIEKFDRLPQPRAEGPSAFVSIMEGCSKYCTFCVVPYTRGEEISRPFDDVI  181
              VVDI+FPEIEKFD LP+P A+G +AFVS+MEGCSKYCTFCVVPYTRGEE+SRP  DV+
Sbjct  131  AVVVDISFPEIEKFDNLPEPEADGATAFVSVMEGCSKYCTFCVVPYTRGEEVSRPAVDVL  190

Query  182  AEVASLCEQGVREITLLGQNVNDYRGLMHDGQVADLALLIHYLAAMDNIERIRFTTSHPS  241
             EV  L  QGVRE+ LLGQNVN YR     G+V DLA LI  +A +D I+RIRFTTSHP 
Sbjct  191  REVTHLASQGVREVNLLGQNVNAYRD-DSSGEVIDLAELIAAVADIDGIDRIRFTTSHPM  249

Query  242  AFSENLIDAYAEEPKLANHLHLPVQSGSDRILAAMKRNYTVLEYKSKIRKLRAVRPDISL  301
             F+E+LI AYAE P+L +HLHLPVQSGSDRIL+AMKR +T LEYKSK+RK+RA+RPDIS 
Sbjct  250  EFTESLIQAYAEIPELVSHLHLPVQSGSDRILSAMKRGHTCLEYKSKLRKIRALRPDISF  309

Query  302  SSDFIIGFPGETDADFEATMNLIHDMGFDHSFSFIYSPRPGTPAAQLPDDVPMAVKKERL  361
            SSDFIIGFPGET+ADF ATM LI D+GFD+SFSFIYSPRPGTPAA LPDD P  VKK+RL
Sbjct  310  SSDFIIGFPGETEADFAATMKLIEDIGFDNSFSFIYSPRPGTPAADLPDDTPEQVKKDRL  369

Query  362  AILQNRINAKAAEISQSMVGTQQRILVTGPSKKYPDQLSGRTENNRVVNFNGDTP-LIGQ  420
             ILQ RI  +A EIS+ MVG  +R+LVTG SKK P QLSGRTENNRVVNF  + P LIG+
Sbjct  370  KILQTRIIQQAQEISRRMVGNTERVLVTGYSKKDPGQLSGRTENNRVVNFRCNQPELIGK  429

Query  421  MVTIKIKEARPYSLWG  436
               I I+EA P SL G
Sbjct  430  FADILIEEALPNSLRG  445


>A4IYC1 tRNA-2-methylthio-N(6)-dimethylallyladenosine synthase OS=Francisella 
tularensis subsp. tularensis (strain WY96-3418) OX=418136 
GN=miaB PE=3 SV=1
Length=442

 Score = 610 bits (1574),  Expect = 0.0, Method: Compositional matrix adjust.
 Identities = 288/437 (66%), Positives = 352/437 (81%), Gaps = 0/437 (0%)

Query  2    KKLYLKTHGCQMNEYDSAKMADVLKFSHGLELTEDPAVADVFLLNTCSVREKAQTKVFSE  61
            KK+++KT GCQMNEYDSA+M +VL        T+D   AD+ L+NTCS+REKAQ KVF E
Sbjct  5    KKVFIKTLGCQMNEYDSARMHEVLNEHFDTVKTDDYKDADIILINTCSIREKAQEKVFHE  64

Query  62   LGRWRPFKEKRPHVVIGVGGCVASQEGETILKQAPFVDIVFGPQTLHRLPDLLDSVIQKR  121
            LGRW+  K+    ++IGVGGCVASQEGE I+K+APFVD+VFGPQT+HRLP+++    + +
Sbjct  65   LGRWKGLKKTNEDLIIGVGGCVASQEGENIIKRAPFVDLVFGPQTIHRLPEMIKQKQKTQ  124

Query  122  KSVVDITFPEIEKFDRLPQPRAEGPSAFVSIMEGCSKYCTFCVVPYTRGEEISRPFDDVI  181
            +S VDI+FPE+EKFD LP+P+AEG  A+VSIMEGC KYC++CVVPYTRG E++RPF+DV+
Sbjct  125  QSQVDISFPEVEKFDYLPEPKAEGAKAYVSIMEGCDKYCSYCVVPYTRGPEVNRPFEDVL  184

Query  182  AEVASLCEQGVREITLLGQNVNDYRGLMHDGQVADLALLIHYLAAMDNIERIRFTTSHPS  241
            AE A L EQGV+EITLLGQNVN Y G M +GQ ADLALLIH++A +D IERIRFTTSHP 
Sbjct  185  AECAILAEQGVKEITLLGQNVNHYLGPMENGQTADLALLIHFIAEIDGIERIRFTTSHPV  244

Query  242  AFSENLIDAYAEEPKLANHLHLPVQSGSDRILAAMKRNYTVLEYKSKIRKLRAVRPDISL  301
             FS+NLIDAYA  P+LANHLHLPVQ GSDRIL  MKRN+T+LE+K KIRKLRA+RPDI++
Sbjct  245  EFSQNLIDAYATVPELANHLHLPVQHGSDRILINMKRNHTILEFKQKIRKLRAIRPDITI  304

Query  302  SSDFIIGFPGETDADFEATMNLIHDMGFDHSFSFIYSPRPGTPAAQLPDDVPMAVKKERL  361
            SSDFI+GFPGET+ DF+  ++L+ ++ FD SFSFIYS RPGTPAA LPDD PM VKK+RL
Sbjct  305  SSDFIVGFPGETEEDFQKLLDLVKEINFDQSFSFIYSKRPGTPAADLPDDTPMEVKKDRL  364

Query  362  AILQNRINAKAAEISQSMVGTQQRILVTGPSKKYPDQLSGRTENNRVVNFNGDTPLIGQM  421
              LQ+ +N+ A  IS+ MVGT QRILV G SKK  + LSGRTENNRVVNF GD  LIGQ 
Sbjct  365  KRLQDLLNSNAQIISRQMVGTNQRILVDGTSKKDDNILSGRTENNRVVNFKGDKSLIGQF  424

Query  422  VTIKIKEARPYSLWGEI  438
              +KI E+ P SL GE+
Sbjct  425  AMVKITESLPNSLRGEL  441


>Q5NH53 tRNA-2-methylthio-N(6)-dimethylallyladenosine synthase OS=Francisella 
tularensis subsp. tularensis (strain SCHU S4 / Schu 
4) OX=177416 GN=miaB PE=3 SV=1
Length=442

 Score = 610 bits (1574),  Expect = 0.0, Method: Compositional matrix adjust.
 Identities = 288/437 (66%), Positives = 352/437 (81%), Gaps = 0/437 (0%)

Query  2    KKLYLKTHGCQMNEYDSAKMADVLKFSHGLELTEDPAVADVFLLNTCSVREKAQTKVFSE  61
            KK+++KT GCQMNEYDSA+M +VL        T+D   AD+ L+NTCS+REKAQ KVF E
Sbjct  5    KKVFIKTLGCQMNEYDSARMHEVLNEHFDTVKTDDYKDADIILINTCSIREKAQEKVFHE  64

Query  62   LGRWRPFKEKRPHVVIGVGGCVASQEGETILKQAPFVDIVFGPQTLHRLPDLLDSVIQKR  121
            LGRW+  K+    ++IGVGGCVASQEGE I+K+APFVD+VFGPQT+HRLP+++    + +
Sbjct  65   LGRWKGLKKTNEDLIIGVGGCVASQEGENIIKRAPFVDLVFGPQTIHRLPEMIKQKQKTQ  124

Query  122  KSVVDITFPEIEKFDRLPQPRAEGPSAFVSIMEGCSKYCTFCVVPYTRGEEISRPFDDVI  181
            +S VDI+FPE+EKFD LP+P+AEG  A+VSIMEGC KYC++CVVPYTRG E++RPF+DV+
Sbjct  125  QSQVDISFPEVEKFDYLPEPKAEGAKAYVSIMEGCDKYCSYCVVPYTRGPEVNRPFEDVL  184

Query  182  AEVASLCEQGVREITLLGQNVNDYRGLMHDGQVADLALLIHYLAAMDNIERIRFTTSHPS  241
            AE A L EQGV+EITLLGQNVN Y G M +GQ ADLALLIH++A +D IERIRFTTSHP 
Sbjct  185  AECAILAEQGVKEITLLGQNVNHYLGPMENGQTADLALLIHFIAEIDGIERIRFTTSHPV  244

Query  242  AFSENLIDAYAEEPKLANHLHLPVQSGSDRILAAMKRNYTVLEYKSKIRKLRAVRPDISL  301
             FS+NLIDAYA  P+LANHLHLPVQ GSDRIL  MKRN+T+LE+K KIRKLRA+RPDI++
Sbjct  245  EFSQNLIDAYATVPELANHLHLPVQHGSDRILINMKRNHTILEFKQKIRKLRAIRPDITI  304

Query  302  SSDFIIGFPGETDADFEATMNLIHDMGFDHSFSFIYSPRPGTPAAQLPDDVPMAVKKERL  361
            SSDFI+GFPGET+ DF+  ++L+ ++ FD SFSFIYS RPGTPAA LPDD PM VKK+RL
Sbjct  305  SSDFIVGFPGETEEDFQKLLDLVKEINFDQSFSFIYSKRPGTPAADLPDDTPMEVKKDRL  364

Query  362  AILQNRINAKAAEISQSMVGTQQRILVTGPSKKYPDQLSGRTENNRVVNFNGDTPLIGQM  421
              LQ+ +N+ A  IS+ MVGT QRILV G SKK  + LSGRTENNRVVNF GD  LIGQ 
Sbjct  365  KRLQDLLNSNAQIISRQMVGTNQRILVDGTSKKDDNILSGRTENNRVVNFKGDKSLIGQF  424

Query  422  VTIKIKEARPYSLWGEI  438
              +KI E+ P SL GE+
Sbjct  425  AMVKITESLPNSLRGEL  441


>Q0BM96 tRNA-2-methylthio-N(6)-dimethylallyladenosine synthase OS=Francisella 
tularensis subsp. holarctica (strain OSU18) OX=393011 
GN=miaB PE=3 SV=1
Length=442

 Score = 610 bits (1574),  Expect = 0.0, Method: Compositional matrix adjust.
 Identities = 288/437 (66%), Positives = 352/437 (81%), Gaps = 0/437 (0%)

Query  2    KKLYLKTHGCQMNEYDSAKMADVLKFSHGLELTEDPAVADVFLLNTCSVREKAQTKVFSE  61
            KK+++KT GCQMNEYDSA+M +VL        T+D   AD+ L+NTCS+REKAQ KVF E
Sbjct  5    KKVFIKTLGCQMNEYDSARMHEVLNEHFDTVKTDDYKDADIILINTCSIREKAQEKVFHE  64

Query  62   LGRWRPFKEKRPHVVIGVGGCVASQEGETILKQAPFVDIVFGPQTLHRLPDLLDSVIQKR  121
            LGRW+  K+    ++IGVGGCVASQEGE I+K+APFVD+VFGPQT+HRLP+++    + +
Sbjct  65   LGRWKGLKKTNEDLIIGVGGCVASQEGENIIKRAPFVDLVFGPQTIHRLPEMIKQKQKSQ  124

Query  122  KSVVDITFPEIEKFDRLPQPRAEGPSAFVSIMEGCSKYCTFCVVPYTRGEEISRPFDDVI  181
            +S VDI+FPE+EKFD LP+P+AEG  A+VSIMEGC KYC++CVVPYTRG E++RPF+DV+
Sbjct  125  QSQVDISFPEVEKFDYLPEPKAEGAKAYVSIMEGCDKYCSYCVVPYTRGPEVNRPFEDVL  184

Query  182  AEVASLCEQGVREITLLGQNVNDYRGLMHDGQVADLALLIHYLAAMDNIERIRFTTSHPS  241
            AE A L EQGV+EITLLGQNVN Y G M +GQ ADLALLIH++A +D IERIRFTTSHP 
Sbjct  185  AECAILAEQGVKEITLLGQNVNHYLGPMENGQTADLALLIHFIAEIDGIERIRFTTSHPV  244

Query  242  AFSENLIDAYAEEPKLANHLHLPVQSGSDRILAAMKRNYTVLEYKSKIRKLRAVRPDISL  301
             FS+NLIDAYA  P+LANHLHLPVQ GSDRIL  MKRN+T+LE+K KIRKLRA+RPDI++
Sbjct  245  EFSQNLIDAYATVPELANHLHLPVQHGSDRILINMKRNHTILEFKQKIRKLRAIRPDITI  304

Query  302  SSDFIIGFPGETDADFEATMNLIHDMGFDHSFSFIYSPRPGTPAAQLPDDVPMAVKKERL  361
            SSDFI+GFPGET+ DF+  ++L+ ++ FD SFSFIYS RPGTPAA LPDD PM VKK+RL
Sbjct  305  SSDFIVGFPGETEEDFQKLLDLVKEINFDQSFSFIYSKRPGTPAADLPDDTPMEVKKDRL  364

Query  362  AILQNRINAKAAEISQSMVGTQQRILVTGPSKKYPDQLSGRTENNRVVNFNGDTPLIGQM  421
              LQ+ +N+ A  IS+ MVGT QRILV G SKK  + LSGRTENNRVVNF GD  LIGQ 
Sbjct  365  KRLQDLLNSNAQIISRQMVGTNQRILVDGTSKKDDNILSGRTENNRVVNFKGDKSLIGQF  424

Query  422  VTIKIKEARPYSLWGEI  438
              +KI E+ P SL GE+
Sbjct  425  AMVKITESLPNSLRGEL  441


>A0Q6T5 tRNA-2-methylthio-N(6)-dimethylallyladenosine synthase OS=Francisella 
tularensis subsp. novicida (strain U112) OX=401614 
GN=miaB PE=3 SV=1
Length=442

 Score = 610 bits (1574),  Expect = 0.0, Method: Compositional matrix adjust.
 Identities = 288/437 (66%), Positives = 352/437 (81%), Gaps = 0/437 (0%)

Query  2    KKLYLKTHGCQMNEYDSAKMADVLKFSHGLELTEDPAVADVFLLNTCSVREKAQTKVFSE  61
            KK+++KT GCQMNEYDSA+M +VL        T+D   AD+ L+NTCS+REKAQ KVF E
Sbjct  5    KKVFIKTLGCQMNEYDSARMHEVLNEHFDTVKTDDYKDADIILINTCSIREKAQEKVFHE  64

Query  62   LGRWRPFKEKRPHVVIGVGGCVASQEGETILKQAPFVDIVFGPQTLHRLPDLLDSVIQKR  121
            LGRW+  K+    ++IGVGGCVASQEGE I+K+APFVD+VFGPQT+HRLP+++    + +
Sbjct  65   LGRWKGLKKTNEDLIIGVGGCVASQEGENIIKRAPFVDLVFGPQTIHRLPEMIKQKQKTQ  124

Query  122  KSVVDITFPEIEKFDRLPQPRAEGPSAFVSIMEGCSKYCTFCVVPYTRGEEISRPFDDVI  181
            +S VDI+FPE+EKFD LP+P+AEG  A+VSIMEGC KYC++CVVPYTRG E++RPF+DV+
Sbjct  125  QSQVDISFPEVEKFDYLPEPKAEGAKAYVSIMEGCDKYCSYCVVPYTRGPEVNRPFEDVL  184

Query  182  AEVASLCEQGVREITLLGQNVNDYRGLMHDGQVADLALLIHYLAAMDNIERIRFTTSHPS  241
            AE A L EQGV+EITLLGQNVN Y G M +GQ ADLALLIH++A +D IERIRFTTSHP 
Sbjct  185  AECAILAEQGVKEITLLGQNVNHYLGPMENGQTADLALLIHFIAEIDGIERIRFTTSHPV  244

Query  242  AFSENLIDAYAEEPKLANHLHLPVQSGSDRILAAMKRNYTVLEYKSKIRKLRAVRPDISL  301
             FS+NLIDAYA  P+LANHLHLPVQ GSDRIL  MKRN+T+LE+K KIRKLRA+RPDI++
Sbjct  245  EFSQNLIDAYATVPELANHLHLPVQHGSDRILINMKRNHTILEFKQKIRKLRAIRPDITI  304

Query  302  SSDFIIGFPGETDADFEATMNLIHDMGFDHSFSFIYSPRPGTPAAQLPDDVPMAVKKERL  361
            SSDFI+GFPGET+ DF+  ++L+ ++ FD SFSFIYS RPGTPAA LPDD PM VKK+RL
Sbjct  305  SSDFIVGFPGETEEDFQKLLDLVKEINFDQSFSFIYSKRPGTPAADLPDDTPMEVKKDRL  364

Query  362  AILQNRINAKAAEISQSMVGTQQRILVTGPSKKYPDQLSGRTENNRVVNFNGDTPLIGQM  421
              LQ+ +N+ A  IS+ MVGT QRILV G SKK  + LSGRTENNRVVNF GD  LIGQ 
Sbjct  365  KRLQDLLNSNAQIISRQMVGTNQRILVDGTSKKDDNILSGRTENNRVVNFKGDKSLIGQF  424

Query  422  VTIKIKEARPYSLWGEI  438
              +KI E+ P SL GE+
Sbjct  425  AMVKITESLPNSLRGEL  441


>B2SG13 tRNA-2-methylthio-N(6)-dimethylallyladenosine synthase OS=Francisella 
tularensis subsp. mediasiatica (strain FSC147) OX=441952 
GN=miaB PE=3 SV=1
Length=442

 Score = 610 bits (1574),  Expect = 0.0, Method: Compositional matrix adjust.
 Identities = 288/437 (66%), Positives = 352/437 (81%), Gaps = 0/437 (0%)

Query  2    KKLYLKTHGCQMNEYDSAKMADVLKFSHGLELTEDPAVADVFLLNTCSVREKAQTKVFSE  61
            KK+++KT GCQMNEYDSA+M +VL        T+D   AD+ L+NTCS+REKAQ KVF E
Sbjct  5    KKVFIKTLGCQMNEYDSARMHEVLNEHFDTVKTDDYKDADIILINTCSIREKAQEKVFHE  64

Query  62   LGRWRPFKEKRPHVVIGVGGCVASQEGETILKQAPFVDIVFGPQTLHRLPDLLDSVIQKR  121
            LGRW+  K+    ++IGVGGCVASQEGE I+K+APFVD+VFGPQT+HRLP+++    + +
Sbjct  65   LGRWKGLKKTNEDLIIGVGGCVASQEGENIIKRAPFVDLVFGPQTIHRLPEMIKQKQKTQ  124

Query  122  KSVVDITFPEIEKFDRLPQPRAEGPSAFVSIMEGCSKYCTFCVVPYTRGEEISRPFDDVI  181
            +S VDI+FPE+EKFD LP+P+AEG  A+VSIMEGC KYC++CVVPYTRG E++RPF+DV+
Sbjct  125  QSQVDISFPEVEKFDYLPEPKAEGAKAYVSIMEGCDKYCSYCVVPYTRGPEVNRPFEDVL  184

Query  182  AEVASLCEQGVREITLLGQNVNDYRGLMHDGQVADLALLIHYLAAMDNIERIRFTTSHPS  241
            AE A L EQGV+EITLLGQNVN Y G M +GQ ADLALLIH++A +D IERIRFTTSHP 
Sbjct  185  AECAILAEQGVKEITLLGQNVNHYLGPMENGQTADLALLIHFIAEIDGIERIRFTTSHPV  244

Query  242  AFSENLIDAYAEEPKLANHLHLPVQSGSDRILAAMKRNYTVLEYKSKIRKLRAVRPDISL  301
             FS+NLIDAYA  P+LANHLHLPVQ GSDRIL  MKRN+T+LE+K KIRKLRA+RPDI++
Sbjct  245  EFSQNLIDAYATVPELANHLHLPVQHGSDRILINMKRNHTILEFKQKIRKLRAIRPDITI  304

Query  302  SSDFIIGFPGETDADFEATMNLIHDMGFDHSFSFIYSPRPGTPAAQLPDDVPMAVKKERL  361
            SSDFI+GFPGET+ DF+  ++L+ ++ FD SFSFIYS RPGTPAA LPDD PM VKK+RL
Sbjct  305  SSDFIVGFPGETEEDFQKLLDLVKEINFDQSFSFIYSKRPGTPAADLPDDTPMEVKKDRL  364

Query  362  AILQNRINAKAAEISQSMVGTQQRILVTGPSKKYPDQLSGRTENNRVVNFNGDTPLIGQM  421
              LQ+ +N+ A  IS+ MVGT QRILV G SKK  + LSGRTENNRVVNF GD  LIGQ 
Sbjct  365  KRLQDLLNSNAQIISRQMVGTNQRILVDGTSKKDDNILSGRTENNRVVNFKGDKSLIGQF  424

Query  422  VTIKIKEARPYSLWGEI  438
              +KI E+ P SL GE+
Sbjct  425  AMVKITESLPNSLRGEL  441


>Q2A3U6 tRNA-2-methylthio-N(6)-dimethylallyladenosine synthase OS=Francisella 
tularensis subsp. holarctica (strain LVS) OX=376619 
GN=miaB PE=3 SV=1
Length=442

 Score = 610 bits (1574),  Expect = 0.0, Method: Compositional matrix adjust.
 Identities = 288/437 (66%), Positives = 352/437 (81%), Gaps = 0/437 (0%)

Query  2    KKLYLKTHGCQMNEYDSAKMADVLKFSHGLELTEDPAVADVFLLNTCSVREKAQTKVFSE  61
            KK+++KT GCQMNEYDSA+M +VL        T+D   AD+ L+NTCS+REKAQ KVF E
Sbjct  5    KKVFIKTLGCQMNEYDSARMHEVLNEHFDTVKTDDYKDADIILINTCSIREKAQEKVFHE  64

Query  62   LGRWRPFKEKRPHVVIGVGGCVASQEGETILKQAPFVDIVFGPQTLHRLPDLLDSVIQKR  121
            LGRW+  K+    ++IGVGGCVASQEGE I+K+APFVD+VFGPQT+HRLP+++    + +
Sbjct  65   LGRWKGIKKTNEDLIIGVGGCVASQEGENIIKRAPFVDLVFGPQTIHRLPEMIKQKQKSQ  124

Query  122  KSVVDITFPEIEKFDRLPQPRAEGPSAFVSIMEGCSKYCTFCVVPYTRGEEISRPFDDVI  181
            +S VDI+FPE+EKFD LP+P+AEG  A+VSIMEGC KYC++CVVPYTRG E++RPF+DV+
Sbjct  125  QSQVDISFPEVEKFDYLPEPKAEGAKAYVSIMEGCDKYCSYCVVPYTRGPEVNRPFEDVL  184

Query  182  AEVASLCEQGVREITLLGQNVNDYRGLMHDGQVADLALLIHYLAAMDNIERIRFTTSHPS  241
            AE A L EQGV+EITLLGQNVN Y G M +GQ ADLALLIH++A +D IERIRFTTSHP 
Sbjct  185  AECAILAEQGVKEITLLGQNVNHYLGPMENGQTADLALLIHFIAEIDGIERIRFTTSHPV  244

Query  242  AFSENLIDAYAEEPKLANHLHLPVQSGSDRILAAMKRNYTVLEYKSKIRKLRAVRPDISL  301
             FS+NLIDAYA  P+LANHLHLPVQ GSDRIL  MKRN+T+LE+K KIRKLRA+RPDI++
Sbjct  245  EFSQNLIDAYATVPELANHLHLPVQHGSDRILINMKRNHTILEFKQKIRKLRAIRPDITI  304

Query  302  SSDFIIGFPGETDADFEATMNLIHDMGFDHSFSFIYSPRPGTPAAQLPDDVPMAVKKERL  361
            SSDFI+GFPGET+ DF+  ++L+ ++ FD SFSFIYS RPGTPAA LPDD PM VKK+RL
Sbjct  305  SSDFIVGFPGETEEDFQKLLDLVKEINFDQSFSFIYSKRPGTPAADLPDDTPMEVKKDRL  364

Query  362  AILQNRINAKAAEISQSMVGTQQRILVTGPSKKYPDQLSGRTENNRVVNFNGDTPLIGQM  421
              LQ+ +N+ A  IS+ MVGT QRILV G SKK  + LSGRTENNRVVNF GD  LIGQ 
Sbjct  365  KRLQDLLNSNAQIISRQMVGTNQRILVDGTSKKDDNILSGRTENNRVVNFKGDKSLIGQF  424

Query  422  VTIKIKEARPYSLWGEI  438
              +KI E+ P SL GE+
Sbjct  425  AMVKITESLPNSLRGEL  441


>A7NBR0 tRNA-2-methylthio-N(6)-dimethylallyladenosine synthase OS=Francisella 
tularensis subsp. holarctica (strain FTNF002-00 / FTA) 
OX=458234 GN=miaB PE=3 SV=1
Length=442

 Score = 610 bits (1574),  Expect = 0.0, Method: Compositional matrix adjust.
 Identities = 288/437 (66%), Positives = 352/437 (81%), Gaps = 0/437 (0%)

Query  2    KKLYLKTHGCQMNEYDSAKMADVLKFSHGLELTEDPAVADVFLLNTCSVREKAQTKVFSE  61
            KK+++KT GCQMNEYDSA+M +VL        T+D   AD+ L+NTCS+REKAQ KVF E
Sbjct  5    KKVFIKTLGCQMNEYDSARMHEVLNEHFDTVKTDDYKDADIILINTCSIREKAQEKVFHE  64

Query  62   LGRWRPFKEKRPHVVIGVGGCVASQEGETILKQAPFVDIVFGPQTLHRLPDLLDSVIQKR  121
            LGRW+  K+    ++IGVGGCVASQEGE I+K+APFVD+VFGPQT+HRLP+++    + +
Sbjct  65   LGRWKGLKKTNEDLIIGVGGCVASQEGENIIKRAPFVDLVFGPQTIHRLPEMIKQKQKSQ  124

Query  122  KSVVDITFPEIEKFDRLPQPRAEGPSAFVSIMEGCSKYCTFCVVPYTRGEEISRPFDDVI  181
            +S VDI+FPE+EKFD LP+P+AEG  A+VSIMEGC KYC++CVVPYTRG E++RPF+DV+
Sbjct  125  QSQVDISFPEVEKFDYLPEPKAEGAKAYVSIMEGCDKYCSYCVVPYTRGPEVNRPFEDVL  184

Query  182  AEVASLCEQGVREITLLGQNVNDYRGLMHDGQVADLALLIHYLAAMDNIERIRFTTSHPS  241
            AE A L EQGV+EITLLGQNVN Y G M +GQ ADLALLIH++A +D IERIRFTTSHP 
Sbjct  185  AECAILAEQGVKEITLLGQNVNHYLGPMENGQTADLALLIHFIAEIDGIERIRFTTSHPV  244

Query  242  AFSENLIDAYAEEPKLANHLHLPVQSGSDRILAAMKRNYTVLEYKSKIRKLRAVRPDISL  301
             FS+NLIDAYA  P+LANHLHLPVQ GSDRIL  MKRN+T+LE+K KIRKLRA+RPDI++
Sbjct  245  EFSQNLIDAYATVPELANHLHLPVQHGSDRILINMKRNHTILEFKQKIRKLRAIRPDITI  304

Query  302  SSDFIIGFPGETDADFEATMNLIHDMGFDHSFSFIYSPRPGTPAAQLPDDVPMAVKKERL  361
            SSDFI+GFPGET+ DF+  ++L+ ++ FD SFSFIYS RPGTPAA LPDD PM VKK+RL
Sbjct  305  SSDFIVGFPGETEEDFQKLLDLVKEINFDQSFSFIYSKRPGTPAADLPDDTPMEVKKDRL  364

Query  362  AILQNRINAKAAEISQSMVGTQQRILVTGPSKKYPDQLSGRTENNRVVNFNGDTPLIGQM  421
              LQ+ +N+ A  IS+ MVGT QRILV G SKK  + LSGRTENNRVVNF GD  LIGQ 
Sbjct  365  KRLQDLLNSNAQIISRQMVGTNQRILVDGTSKKDDNILSGRTENNRVVNFKGDKSLIGQF  424

Query  422  VTIKIKEARPYSLWGEI  438
              +KI E+ P SL GE+
Sbjct  425  AMVKITESLPNSLRGEL  441


>Q14IK5 tRNA-2-methylthio-N(6)-dimethylallyladenosine synthase OS=Francisella 
tularensis subsp. tularensis (strain FSC 198) OX=393115 
GN=miaB PE=3 SV=1
Length=442

 Score = 610 bits (1574),  Expect = 0.0, Method: Compositional matrix adjust.
 Identities = 288/437 (66%), Positives = 352/437 (81%), Gaps = 0/437 (0%)

Query  2    KKLYLKTHGCQMNEYDSAKMADVLKFSHGLELTEDPAVADVFLLNTCSVREKAQTKVFSE  61
            KK+++KT GCQMNEYDSA+M +VL        T+D   AD+ L+NTCS+REKAQ KVF E
Sbjct  5    KKVFIKTLGCQMNEYDSARMHEVLNEHFDTVKTDDYKDADIILINTCSIREKAQEKVFHE  64

Query  62   LGRWRPFKEKRPHVVIGVGGCVASQEGETILKQAPFVDIVFGPQTLHRLPDLLDSVIQKR  121
            LGRW+  K+    ++IGVGGCVASQEGE I+K+APFVD+VFGPQT+HRLP+++    + +
Sbjct  65   LGRWKGLKKTNEDLIIGVGGCVASQEGENIIKRAPFVDLVFGPQTIHRLPEMIKQKQKTQ  124

Query  122  KSVVDITFPEIEKFDRLPQPRAEGPSAFVSIMEGCSKYCTFCVVPYTRGEEISRPFDDVI  181
            +S VDI+FPE+EKFD LP+P+AEG  A+VSIMEGC KYC++CVVPYTRG E++RPF+DV+
Sbjct  125  QSQVDISFPEVEKFDYLPEPKAEGAKAYVSIMEGCDKYCSYCVVPYTRGPEVNRPFEDVL  184

Query  182  AEVASLCEQGVREITLLGQNVNDYRGLMHDGQVADLALLIHYLAAMDNIERIRFTTSHPS  241
            AE A L EQGV+EITLLGQNVN Y G M +GQ ADLALLIH++A +D IERIRFTTSHP 
Sbjct  185  AECAILAEQGVKEITLLGQNVNHYLGPMENGQTADLALLIHFIAEIDGIERIRFTTSHPV  244

Query  242  AFSENLIDAYAEEPKLANHLHLPVQSGSDRILAAMKRNYTVLEYKSKIRKLRAVRPDISL  301
             FS+NLIDAYA  P+LANHLHLPVQ GSDRIL  MKRN+T+LE+K KIRKLRA+RPDI++
Sbjct  245  EFSQNLIDAYATVPELANHLHLPVQHGSDRILINMKRNHTILEFKQKIRKLRAIRPDITI  304

Query  302  SSDFIIGFPGETDADFEATMNLIHDMGFDHSFSFIYSPRPGTPAAQLPDDVPMAVKKERL  361
            SSDFI+GFPGET+ DF+  ++L+ ++ FD SFSFIYS RPGTPAA LPDD PM VKK+RL
Sbjct  305  SSDFIVGFPGETEEDFQKLLDLVKEINFDQSFSFIYSKRPGTPAADLPDDTPMEVKKDRL  364

Query  362  AILQNRINAKAAEISQSMVGTQQRILVTGPSKKYPDQLSGRTENNRVVNFNGDTPLIGQM  421
              LQ+ +N+ A  IS+ MVGT QRILV G SKK  + LSGRTENNRVVNF GD  LIGQ 
Sbjct  365  KRLQDLLNSNAQIISRQMVGTNQRILVDGTSKKDDNILSGRTENNRVVNFKGDKSLIGQF  424

Query  422  VTIKIKEARPYSLWGEI  438
              +KI E+ P SL GE+
Sbjct  425  AMVKITESLPNSLRGEL  441


>A6VQQ3 tRNA-2-methylthio-N(6)-dimethylallyladenosine synthase OS=Actinobacillus 
succinogenes (strain ATCC 55618 / DSM 22257 / 130Z) 
OX=339671 GN=miaB PE=3 SV=1
Length=474

 Score = 610 bits (1574),  Expect = 0.0, Method: Compositional matrix adjust.
 Identities = 283/437 (65%), Positives = 358/437 (82%), Gaps = 0/437 (0%)

Query  2    KKLYLKTHGCQMNEYDSAKMADVLKFSHGLELTEDPAVADVFLLNTCSVREKAQTKVFSE  61
            +KL++KT GCQMNEYDSAK+AD+L  +HGLELTE+   ADV LLNTCS+REKAQ KVFS+
Sbjct  3    QKLHIKTWGCQMNEYDSAKIADLLLSTHGLELTEEAEQADVLLLNTCSIREKAQEKVFSQ  62

Query  62   LGRWRPFKEKRPHVVIGVGGCVASQEGETILKQAPFVDIVFGPQTLHRLPDLLDSVIQKR  121
            LGRW+ +K ++P ++IGVGGCVASQEGE I ++APFVDI+FGPQTLHRLP++++ +   +
Sbjct  63   LGRWKTWKNEKPGLIIGVGGCVASQEGEHIRERAPFVDIIFGPQTLHRLPEMINQIRGGK  122

Query  122  KSVVDITFPEIEKFDRLPQPRAEGPSAFVSIMEGCSKYCTFCVVPYTRGEEISRPFDDVI  181
             SVVD++FPEIEKFD LP+P+AEGP+AFVSIMEGC+KYCT+CVVPYTRGEE+SRP DDV+
Sbjct  123  SSVVDVSFPEIEKFDCLPEPKAEGPTAFVSIMEGCNKYCTYCVVPYTRGEEVSRPLDDVL  182

Query  182  AEVASLCEQGVREITLLGQNVNDYRGLMHDGQVADLALLIHYLAAMDNIERIRFTTSHPS  241
             EVA L +QGVREI LLGQNVN YRG  HDG +   A L+  +A++D I+R+RFTTSHP 
Sbjct  183  FEVAQLADQGVREINLLGQNVNAYRGPTHDGGICTFAELLRLVASIDGIDRLRFTTSHPI  242

Query  242  AFSENLIDAYAEEPKLANHLHLPVQSGSDRILAAMKRNYTVLEYKSKIRKLRAVRPDISL  301
             F++++ID YA+ P+L + LHLPVQSG+DRIL  MKR +T LEYKS IRKLR VRPDI +
Sbjct  243  EFTDDIIDVYADTPELVSFLHLPVQSGADRILTMMKRGHTALEYKSIIRKLRKVRPDIQI  302

Query  302  SSDFIIGFPGETDADFEATMNLIHDMGFDHSFSFIYSPRPGTPAAQLPDDVPMAVKKERL  361
            SSDFI+GFPGET+ +FE TMNLI D+ FD SFSF+YS RPGTPAA +PDDV    KK+RL
Sbjct  303  SSDFIVGFPGETNEEFEQTMNLIADVNFDMSFSFVYSARPGTPAADMPDDVSEEEKKQRL  362

Query  362  AILQNRINAKAAEISQSMVGTQQRILVTGPSKKYPDQLSGRTENNRVVNFNGDTPLIGQM  421
             +LQ RIN +AA+ S++M+GT+QR+LV GPSKK   +L+GRTENNR+VNF G   +IG+ 
Sbjct  363  YLLQQRINNQAAKFSRAMLGTEQRVLVEGPSKKDIMELTGRTENNRIVNFKGTPDMIGKF  422

Query  422  VTIKIKEARPYSLWGEI  438
            V I+I +    SL G++
Sbjct  423  VDIQITDVFTNSLRGDV  439


>Q9PEX2 tRNA-2-methylthio-N(6)-dimethylallyladenosine synthase OS=Xylella 
fastidiosa (strain 9a5c) OX=160492 GN=miaB PE=3 SV=1
Length=497

 Score = 610 bits (1573),  Expect = 0.0, Method: Compositional matrix adjust.
 Identities = 295/446 (66%), Positives = 349/446 (78%), Gaps = 10/446 (2%)

Query  3    KLYLKTHGCQMNEYDSAKMADVLKFSHGLELTEDPAVADVFLLNTCSVREKAQTKVFSEL  62
            KL++KTHGCQMNEYDSAKMADVL  +  LELT++P  AD+ L+NTCS+REKAQ KVFS+L
Sbjct  49   KLFIKTHGCQMNEYDSAKMADVLTTTEALELTDNPEEADIILINTCSIREKAQEKVFSQL  108

Query  63   GRWRPFKEKRPHVVIGVGGCVASQEGETILKQAPFVDIVFGPQTLHRLPDLLDSVIQKRK  122
            GRWR  K     V+IGVGGCVASQEGE I+K+AP+VD+VFGPQTLHRLPD++ +  ++ +
Sbjct  109  GRWRALKTSGRDVIIGVGGCVASQEGEAIVKRAPYVDLVFGPQTLHRLPDMIRARREQNR  168

Query  123  SVVDITFPEIEKFDRLPQPRAEGPSAFVSIMEGCSKYCTFCVVPYTRGEEISRPFDDVIA  182
              VDI FPEIEKFD LP PRAEGPSAFVSIMEGCSKYC+FCVVPYTRGEE+SRPF+DV+ 
Sbjct  169  PQVDIRFPEIEKFDHLPTPRAEGPSAFVSIMEGCSKYCSFCVVPYTRGEEVSRPFEDVLT  228

Query  183  EVASLCEQGVREITLLGQNVNDYRGLMHDG----------QVADLALLIHYLAAMDNIER  232
            E+A L  QGVREI LLGQNVN YRG M  G            ADL LLI  +A  ++I R
Sbjct  229  EIAHLATQGVREINLLGQNVNAYRGAMDPGPSNNTNPAPPPYADLGLLIRAIAQFESIGR  288

Query  233  IRFTTSHPSAFSENLIDAYAEEPKLANHLHLPVQSGSDRILAAMKRNYTVLEYKSKIRKL  292
            IRFTTSHP  FS++L++AY + P+LANHLHLPVQSGSDRIL+AMKR YT LE+KSKIRKL
Sbjct  289  IRFTTSHPLEFSDSLVEAYRDVPQLANHLHLPVQSGSDRILSAMKRGYTALEFKSKIRKL  348

Query  293  RAVRPDISLSSDFIIGFPGETDADFEATMNLIHDMGFDHSFSFIYSPRPGTPAAQLPDDV  352
            RAVRPDIS+SSDFIIGFPGE+D DF+ TM LI D+GFD SFSFIYS RPGTPA+ L D  
Sbjct  349  RAVRPDISISSDFIIGFPGESDTDFQKTMQLIEDIGFDQSFSFIYSRRPGTPASNLEDHT  408

Query  353  PMAVKKERLAILQNRINAKAAEISQSMVGTQQRILVTGPSKKYPDQLSGRTENNRVVNFN  412
            P  +K+ RL  LQ  IN  AA+IS+ M+GT Q +LV GPSKK P++L+G+TEN R VNF 
Sbjct  409  PDEIKRTRLEHLQKHINTYAADISKRMIGTVQTVLVEGPSKKNPNELTGKTENMRPVNFP  468

Query  413  GDTPLIGQMVTIKIKEARPYSLWGEI  438
            G   LIGQ + + I EA   SL G +
Sbjct  469  GHPRLIGQFIDVHITEALSNSLRGRV  494


>Q3K6B7 tRNA-2-methylthio-N(6)-dimethylallyladenosine synthase OS=Pseudomonas 
fluorescens (strain Pf0-1) OX=205922 GN=miaB PE=3 SV=1
Length=442

 Score = 610 bits (1573),  Expect = 0.0, Method: Compositional matrix adjust.
 Identities = 290/438 (66%), Positives = 349/438 (80%), Gaps = 1/438 (0%)

Query  2    KKLYLKTHGCQMNEYDSAKMADVLKFSHGLELTEDPAVADVFLLNTCSVREKAQTKVFSE  61
            KKLY++THGCQMNEYDS++M D+L     LE+T     ADV LLNTCS+RE+AQ +V+S+
Sbjct  3    KKLYIETHGCQMNEYDSSRMVDLLGEHQALEVTARAEDADVILLNTCSIRERAQDRVYSQ  62

Query  62   LGRWRPFKEKRPHVVIGVGGCVASQEGETILKQAPFVDIVFGPQTLHRLPDLLDSVIQKR  121
            LGRWR  K   P +VI VGGCVASQEG  I  +AP+VD+VFGPQTLHRLP+++D+    +
Sbjct  63   LGRWRELKLANPDMVIAVGGCVASQEGAAIRDRAPYVDVVFGPQTLHRLPEMIDAARISK  122

Query  122  KSVVDITFPEIEKFDRLPQPRAEGPSAFVSIMEGCSKYCTFCVVPYTRGEEISRPFDDVI  181
               VD++FPEIEKFD LP+PR +GPSA+VS+MEGCSKYCTFCVVPYTRGEE+SRPFDDVI
Sbjct  123  LPQVDVSFPEIEKFDHLPEPRIDGPSAYVSVMEGCSKYCTFCVVPYTRGEEVSRPFDDVI  182

Query  182  AEVASLCEQGVREITLLGQNVNDYRGLMHDGQVADLALLIHYLAAMDNIERIRFTTSHPS  241
            AE+  L E GVRE+TLLGQNVN YRGL HDG++ADLA LI  +AA+D I+RIR+TTSHP 
Sbjct  183  AEIIHLAENGVREVTLLGQNVNGYRGLTHDGRLADLAELIRVVAAVDGIDRIRYTTSHPL  242

Query  242  AFSENLIDAYAEEPKLANHLHLPVQSGSDRILAAMKRNYTVLEYKSKIRKLRAVRPDISL  301
             FS++LI A+AE P+L  HLHLPVQSGSDRILAAMKRN+T LEYKSK+RKLRA  P I +
Sbjct  243  EFSDSLIQAHAEVPELVKHLHLPVQSGSDRILAAMKRNHTALEYKSKLRKLRAAVPGICI  302

Query  302  SSDFIIGFPGETDADFEATMNLIHDMGFDHSFSFIYSPRPGTPAAQLPDDVPMAVKKERL  361
            SSDFI+GFPGET+ DFE TM LI D+GFD S+SF+YS RPGTPAA L DD P  +KKERL
Sbjct  303  SSDFIVGFPGETEKDFEQTMKLIADVGFDFSYSFVYSQRPGTPAADLADDTPEELKKERL  362

Query  362  AILQNRINAKAAEISQSMVGTQQRILVTGPSKKYPDQLSGRTENNRVVNFNGDTP-LIGQ  420
              LQ+R+N +  EIS+ MVG+ QRILVT  SKK P +L GRTENNR+VNF  D P LIGQ
Sbjct  363  NALQHRLNQQGFEISRQMVGSVQRILVTDYSKKDPGELQGRTENNRIVNFRCDNPTLIGQ  422

Query  421  MVTIKIKEARPYSLWGEI  438
               + I  A+P+SL G +
Sbjct  423  FADVHIDAAQPHSLRGSL  440


>Q4K5I3 tRNA-2-methylthio-N(6)-dimethylallyladenosine synthase OS=Pseudomonas 
fluorescens (strain ATCC BAA-477 / NRRL B-23932 / Pf-5) 
OX=220664 GN=miaB PE=3 SV=1
Length=442

 Score = 610 bits (1573),  Expect = 0.0, Method: Compositional matrix adjust.
 Identities = 290/438 (66%), Positives = 348/438 (79%), Gaps = 1/438 (0%)

Query  2    KKLYLKTHGCQMNEYDSAKMADVLKFSHGLELTEDPAVADVFLLNTCSVREKAQTKVFSE  61
            KKLY++THGCQMNEYDS++M D+L     LE+T     ADV LLNTCS+RE+AQ +V+S+
Sbjct  3    KKLYIETHGCQMNEYDSSRMVDLLGEHQALEVTARAEDADVILLNTCSIRERAQDRVYSQ  62

Query  62   LGRWRPFKEKRPHVVIGVGGCVASQEGETILKQAPFVDIVFGPQTLHRLPDLLDSVIQKR  121
            LGRWR  K   P +VI VGGCVASQEG  I  +AP+VD+VFGPQTLHRLP+++D     +
Sbjct  63   LGRWRELKLANPDMVIAVGGCVASQEGAAIRDRAPYVDVVFGPQTLHRLPEMIDVARITK  122

Query  122  KSVVDITFPEIEKFDRLPQPRAEGPSAFVSIMEGCSKYCTFCVVPYTRGEEISRPFDDVI  181
               VD++FPEIEKFD LP+PR +GPSA+VS+MEGCSKYCTFCVVPYTRGEE+SRPFDDVI
Sbjct  123  LPQVDVSFPEIEKFDHLPEPRIDGPSAYVSVMEGCSKYCTFCVVPYTRGEEVSRPFDDVI  182

Query  182  AEVASLCEQGVREITLLGQNVNDYRGLMHDGQVADLALLIHYLAAMDNIERIRFTTSHPS  241
            AE+  L E GVRE+TLLGQNVN YRG  HDG++ADLA LI  +AA+D IERIR+TTSHP 
Sbjct  183  AEIIHLAENGVREVTLLGQNVNGYRGQTHDGRMADLAELIRVVAAIDGIERIRYTTSHPL  242

Query  242  AFSENLIDAYAEEPKLANHLHLPVQSGSDRILAAMKRNYTVLEYKSKIRKLRAVRPDISL  301
             FS++LI A+AE P+L  HLHLPVQSGSDRILAAMKRN+T LEYKSK+RKLRA  P I +
Sbjct  243  EFSDSLIQAHAEVPELVKHLHLPVQSGSDRILAAMKRNHTALEYKSKLRKLRAAVPGICI  302

Query  302  SSDFIIGFPGETDADFEATMNLIHDMGFDHSFSFIYSPRPGTPAAQLPDDVPMAVKKERL  361
            SSDFI+GFPGET+ DF+ TM LI D+GFD S+SF+YS RPGTPAA L D+ P AVKKERL
Sbjct  303  SSDFIVGFPGETEKDFQQTMKLIEDVGFDFSYSFVYSQRPGTPAADLADETPEAVKKERL  362

Query  362  AILQNRINAKAAEISQSMVGTQQRILVTGPSKKYPDQLSGRTENNRVVNFNGDTP-LIGQ  420
              LQ+R+N +  EIS+ MVG+ QRILVT  SKK P +L GRTENNR+VNF  D P LIGQ
Sbjct  363  NALQHRLNQQGFEISRQMVGSTQRILVTDYSKKDPGELQGRTENNRIVNFRCDNPTLIGQ  422

Query  421  MVTIKIKEARPYSLWGEI  438
               + I  A+P+SL G +
Sbjct  423  FADVYIDSAQPHSLRGSL  440


>B2UFP3 tRNA-2-methylthio-N(6)-dimethylallyladenosine synthase OS=Ralstonia 
pickettii (strain 12J) OX=402626 GN=miaB PE=3 SV=1
Length=456

 Score = 609 bits (1571),  Expect = 0.0, Method: Compositional matrix adjust.
 Identities = 298/447 (67%), Positives = 352/447 (79%), Gaps = 8/447 (2%)

Query  1    MKKLYLKTHGCQMNEYDSAKMADVLKFSHGLELTEDPAVADVFLLNTCSVREKAQTKVFS  60
            MKK+++KT+GCQMNEYDS KM+DVL  + GL  T+ P  ADV L NTCSVREKAQ KVFS
Sbjct  1    MKKVFIKTYGCQMNEYDSDKMSDVLNAAEGLVPTDTPEDADVILFNTCSVREKAQEKVFS  60

Query  61   ELGRWRPFKEKRPHVVIGVGGCVASQEGETILKQAPFVDIVFGPQTLHRLPDLLDSVIQK  120
            ELGR +  K  +P +V+GVGGCVASQEG +I+ +AP+VD+VFGPQTLHRLPDL+ +  + 
Sbjct  61   ELGRVKALKALKPDLVVGVGGCVASQEGASIVARAPYVDVVFGPQTLHRLPDLIAARRRT  120

Query  121  RKSVVDITFPEIEKFDRLPQPRAEGPSAFVSIMEGCSKYCTFCVVPYTRGEEISRPFDDV  180
             +S VD++FPEIEKFD LP  R +G SA+VSIMEGCSKYC++CVVPYTRGEE+SRPFDDV
Sbjct  121  GRSQVDVSFPEIEKFDHLPPARVDGASAYVSIMEGCSKYCSYCVVPYTRGEEVSRPFDDV  180

Query  181  IAEVASLCEQGVREITLLGQNVNDYRGLMHD-GQVADLALLIHYLAAMDNIERIRFTTSH  239
            +AEVA L EQGVRE+TLLGQNVN Y G M D  + AD ALL+ Y+A +  IERIR+TTSH
Sbjct  181  LAEVAGLAEQGVREVTLLGQNVNAYIGKMGDTSERADFALLLEYVAEIPGIERIRYTTSH  240

Query  240  PSAFSENLIDAYAEEPKLANHLHLPVQSGSDRILAAMKRNYTVLEYKSKIRKLRAVRPDI  299
            P  FS  LI+AYA  PKL +HLHLPVQ GSDRIL AMKR YTVLEYKS IRKLRA+RP+I
Sbjct  241  PKEFSSRLIEAYATNPKLVDHLHLPVQHGSDRILMAMKRGYTVLEYKSSIRKLRAIRPNI  300

Query  300  SLSSDFIIGFPGETDADFEATMNLIHDMGFDHSFSFIYSPRPGTPAAQLPDDVPMAVKKE  359
            S+++DFI+GFPGETDADF  TM+LIH++G+D SFSFIYSPRPGTPAA L DD P AVK E
Sbjct  301  SIATDFIVGFPGETDADFAKTMDLIHEIGYDTSFSFIYSPRPGTPAANLHDDTPQAVKLE  360

Query  360  RLAILQNRINAKAAEISQSMVGTQQRILVTGPSKKYPDQLSGRTENNRVVNFN-GDTP--  416
            RL  LQ  I    A ISQ MVG+ QRILV GPS+K P +L GRTENNRVVNF   D P  
Sbjct  361  RLKHLQATIEENVARISQGMVGSVQRILVEGPSRKDPTELHGRTENNRVVNFALPDLPQV  420

Query  417  ----LIGQMVTIKIKEARPYSLWGEIC  439
                LIGQM+ ++I  A P+SL GE+ 
Sbjct  421  RREQLIGQMLDVRIVHAFPHSLRGEVA  447


>Q2T101 tRNA-2-methylthio-N(6)-dimethylallyladenosine synthase OS=Burkholderia 
thailandensis (strain ATCC 700388 / DSM 13276 / CIP 
106301 / E264) OX=271848 GN=miaB PE=3 SV=1
Length=457

 Score = 608 bits (1567),  Expect = 0.0, Method: Compositional matrix adjust.
 Identities = 290/443 (65%), Positives = 349/443 (79%), Gaps = 6/443 (1%)

Query  2    KKLYLKTHGCQMNEYDSAKMADVLKFSHGLELTEDPAVADVFLLNTCSVREKAQTKVFSE  61
            KK+Y+KT GCQMNEYDS KM DVL  + GLE T+ P  AD+ L NTCSVREKAQ KVFS+
Sbjct  3    KKVYVKTFGCQMNEYDSDKMVDVLNAAEGLEKTDSPEDADIILFNTCSVREKAQEKVFSD  62

Query  62   LGRWRPFKEKRPHVVIGVGGCVASQEGETILKQAPFVDIVFGPQTLHRLPDLLDSVIQKR  121
            LGR R  KE +P ++IGVGGCVASQEG +I+ +AP+VD+VFGPQTLHRLP ++D+  +  
Sbjct  63   LGRVRELKEAKPDLLIGVGGCVASQEGASIVARAPYVDLVFGPQTLHRLPQMIDARRESG  122

Query  122  KSVVDITFPEIEKFDRLPQPRAEGPSAFVSIMEGCSKYCTFCVVPYTRGEEISRPFDDVI  181
            ++ VDITFPEIEKFD LP  R EGPSAFVSIMEGCSKYC++CVVPYTRG+E+SRP DDV+
Sbjct  123  RAQVDITFPEIEKFDHLPPARVEGPSAFVSIMEGCSKYCSYCVVPYTRGDEVSRPLDDVL  182

Query  182  AEVASLCEQGVREITLLGQNVNDYRGLMHDG--QVADLALLIHYLAAMDNIERIRFTTSH  239
             E+A L +QGVRE+TLLGQNVN YRG +  G  ++AD A LI Y+A +  IERIR+TTSH
Sbjct  183  TEIAGLADQGVREVTLLGQNVNAYRGALTAGAHEIADFATLIEYVADIPGIERIRYTTSH  242

Query  240  PSAFSENLIDAYAEEPKLANHLHLPVQSGSDRILAAMKRNYTVLEYKSKIRKLRAVRPDI  299
            P  F++ L+D YA+ PKL +HLHLPVQ GSDRIL AMKR YTVLEYKS IRKLRA+RP++
Sbjct  243  PKEFTQRLLDVYAKVPKLVDHLHLPVQHGSDRILMAMKRGYTVLEYKSLIRKLRAIRPNL  302

Query  300  SLSSDFIIGFPGETDADFEATMNLIHDMGFDHSFSFIYSPRPGTPAAQLPDDVPMAVKKE  359
            SLS+D I+GFPGET+ADF+ TM L+H+M +D SFSFIYSPRPGTPAA L DD P  VK E
Sbjct  303  SLSTDIIVGFPGETEADFDKTMALVHEMSYDTSFSFIYSPRPGTPAANLADDTPREVKLE  362

Query  360  RLAILQNRINAKAAEISQSMVGTQQRILVTGPSKKYPDQLSGRTENNRVVNF----NGDT  415
            RL  LQ  I    A ISQSM+G  +RILV GPS+K P++L+GRTENNRVVNF        
Sbjct  363  RLQHLQATIEENVARISQSMLGKVERILVEGPSRKDPNELAGRTENNRVVNFPAPLTAHA  422

Query  416  PLIGQMVTIKIKEARPYSLWGEI  438
             LIGQM+ +KI  A P+SL GE+
Sbjct  423  RLIGQMIDVKINHAYPHSLRGEL  445


>B4EBG2 tRNA-2-methylthio-N(6)-dimethylallyladenosine synthase OS=Burkholderia 
cenocepacia (strain ATCC BAA-245 / DSM 16553 / LMG 
16656 / NCTC 13227 / J2315 / CF5610) OX=216591 GN=miaB PE=3 
SV=1
Length=457

 Score = 607 bits (1566),  Expect = 0.0, Method: Compositional matrix adjust.
 Identities = 293/443 (66%), Positives = 347/443 (78%), Gaps = 6/443 (1%)

Query  2    KKLYLKTHGCQMNEYDSAKMADVLKFSHGLELTEDPAVADVFLLNTCSVREKAQTKVFSE  61
            KK+Y+KT GCQMNEYDS KM DVL  + GLE T+ P  AD+ L NTCSVREKAQ KVFS+
Sbjct  3    KKVYVKTFGCQMNEYDSDKMVDVLNAAEGLEKTDTPEDADIILFNTCSVREKAQEKVFSD  62

Query  62   LGRWRPFKEKRPHVVIGVGGCVASQEGETILKQAPFVDIVFGPQTLHRLPDLLDSVIQKR  121
            LGR R  KE +P ++IGVGGCVASQEG +I+ +AP+VD+VFGPQTLHRLP ++D+     
Sbjct  63   LGRVRELKEAKPGLLIGVGGCVASQEGASIVSRAPYVDLVFGPQTLHRLPQMIDARRASG  122

Query  122  KSVVDITFPEIEKFDRLPQPRAEGPSAFVSIMEGCSKYCTFCVVPYTRGEEISRPFDDVI  181
            ++ VDITFPEIEKFD LP  R EGPSAFVSIMEGCSKYC++CVVPYTRG+E+SRP DDV+
Sbjct  123  RAQVDITFPEIEKFDHLPPARVEGPSAFVSIMEGCSKYCSYCVVPYTRGDEVSRPLDDVL  182

Query  182  AEVASLCEQGVREITLLGQNVNDYRGLMHDG--QVADLALLIHYLAAMDNIERIRFTTSH  239
             EVA L +QGVRE+TLLGQNVN YRG +  G  ++AD A LI Y+A +  IERIR+TTSH
Sbjct  183  TEVAGLADQGVREVTLLGQNVNAYRGALAAGSSEIADFATLIEYVADIPGIERIRYTTSH  242

Query  240  PSAFSENLIDAYAEEPKLANHLHLPVQSGSDRILAAMKRNYTVLEYKSKIRKLRAVRPDI  299
            P  F++ LID YA+ PKL NHLHLPVQ GSDRIL AMKR YTVLEYKS IRKLRA+RPD+
Sbjct  243  PKEFTQRLIDTYAKVPKLVNHLHLPVQHGSDRILMAMKRGYTVLEYKSVIRKLRAIRPDL  302

Query  300  SLSSDFIIGFPGETDADFEATMNLIHDMGFDHSFSFIYSPRPGTPAAQLPDDVPMAVKKE  359
            SLS+D I+GFPGET+ DF+  M L+H+MG+D SFSFIYSPRPGTPAA L DD P  VK +
Sbjct  303  SLSTDMIVGFPGETEDDFDKMMALVHEMGYDTSFSFIYSPRPGTPAANLADDTPRDVKLK  362

Query  360  RLAILQNRINAKAAEISQSMVGTQQRILVTGPSKKYPDQLSGRTENNRVVNFNGDTP---  416
            RL  LQ  I    A ISQSMVG  +RILV GPS+K P++L+GRTENNRVVNF        
Sbjct  363  RLQHLQATIEENVARISQSMVGKVERILVEGPSRKDPNELAGRTENNRVVNFPAPLASHP  422

Query  417  -LIGQMVTIKIKEARPYSLWGEI  438
             LIGQM+ +KI  A P+SL GE+
Sbjct  423  RLIGQMIDVKINHAYPHSLRGEL  445


>A9AFF8 tRNA-2-methylthio-N(6)-dimethylallyladenosine synthase OS=Burkholderia 
multivorans (strain ATCC 17616 / 249) OX=395019 GN=miaB 
PE=3 SV=1
Length=457

 Score = 607 bits (1564),  Expect = 0.0, Method: Compositional matrix adjust.
 Identities = 292/443 (66%), Positives = 347/443 (78%), Gaps = 6/443 (1%)

Query  2    KKLYLKTHGCQMNEYDSAKMADVLKFSHGLELTEDPAVADVFLLNTCSVREKAQTKVFSE  61
            KK+Y+KT GCQMNEYDS KM DVL  + GLE T+ P  AD+ L NTCSVREKAQ KVFS+
Sbjct  3    KKVYVKTFGCQMNEYDSDKMVDVLNAAEGLEKTDSPEDADIILFNTCSVREKAQEKVFSD  62

Query  62   LGRWRPFKEKRPHVVIGVGGCVASQEGETILKQAPFVDIVFGPQTLHRLPDLLDSVIQKR  121
            LGR R  KE +P ++IGVGGCVASQEG +I+ +AP+VD+VFGPQTLHRLP ++D+     
Sbjct  63   LGRVRELKEAKPDLLIGVGGCVASQEGASIVSRAPYVDLVFGPQTLHRLPQMIDARRTSG  122

Query  122  KSVVDITFPEIEKFDRLPQPRAEGPSAFVSIMEGCSKYCTFCVVPYTRGEEISRPFDDVI  181
            ++ VDITFPEIEKFD LP  R EGP+AFVSIMEGCSKYC++CVVPYTRG+E+SRP DDV+
Sbjct  123  RAQVDITFPEIEKFDHLPPARVEGPTAFVSIMEGCSKYCSYCVVPYTRGDEVSRPLDDVL  182

Query  182  AEVASLCEQGVREITLLGQNVNDYRGLMHDG--QVADLALLIHYLAAMDNIERIRFTTSH  239
             EVA L +QGVRE+TLLGQNVN YRG +  G  +VAD A LI Y+A +  IERIR+TTSH
Sbjct  183  TEVAGLADQGVREVTLLGQNVNAYRGALTAGSSEVADFATLIEYVADIPGIERIRYTTSH  242

Query  240  PSAFSENLIDAYAEEPKLANHLHLPVQSGSDRILAAMKRNYTVLEYKSKIRKLRAVRPDI  299
            P  F++ LID YA+ PKL NHLHLPVQ GSDRIL AMKR YTVLEYKS IRKLRA+RPD+
Sbjct  243  PKEFTQRLIDTYAKVPKLVNHLHLPVQHGSDRILMAMKRGYTVLEYKSVIRKLRAIRPDL  302

Query  300  SLSSDFIIGFPGETDADFEATMNLIHDMGFDHSFSFIYSPRPGTPAAQLPDDVPMAVKKE  359
            SLS+D I+GFPGET+ DF+  M L+HDM +D SFSFIYSPRPGTPAA L DD P  VK +
Sbjct  303  SLSTDLIVGFPGETEEDFDKMMALVHDMRYDTSFSFIYSPRPGTPAANLHDDTPRDVKLK  362

Query  360  RLAILQNRINAKAAEISQSMVGTQQRILVTGPSKKYPDQLSGRTENNRVVNFNGDTP---  416
            RL ++Q  I    A ISQSMVG  +RILV GPS+K P++L+GRTENNRVVNF        
Sbjct  363  RLQLVQATIEENVARISQSMVGKVERILVEGPSRKDPNELAGRTENNRVVNFPAPLAAHP  422

Query  417  -LIGQMVTIKIKEARPYSLWGEI  438
             LIGQM+ +KI  A P+SL GE+
Sbjct  423  RLIGQMIDVKINHAYPHSLRGEL  445


>A6SV24 tRNA-2-methylthio-N(6)-dimethylallyladenosine synthase OS=Janthinobacterium 
sp. (strain Marseille) OX=375286 GN=miaB PE=3 
SV=1
Length=446

 Score = 606 bits (1563),  Expect = 0.0, Method: Compositional matrix adjust.
 Identities = 296/440 (67%), Positives = 345/440 (78%), Gaps = 3/440 (1%)

Query  2    KKLYLKTHGCQMNEYDSAKMADVLKFSHGLELTEDPAVADVFLLNTCSVREKAQTKVFSE  61
            KK+Y+KT GCQMNEYDS KM DVL  S GL  T+ P  ADV LLNTCSVREKAQ KVFS+
Sbjct  3    KKIYIKTFGCQMNEYDSDKMVDVLNASEGLIKTDTPEDADVILLNTCSVREKAQEKVFSD  62

Query  62   LGRWRPFKEKRPHVVIGVGGCVASQEGETILKQAPFVDIVFGPQTLHRLPDLLDSVIQKR  121
            LGR R  K   P +VIGVGGCVASQEG+ I+K+AP+VD+VFGPQTLHRLP++L       
Sbjct  63   LGRLRELKFNNPDLVIGVGGCVASQEGDAIVKRAPYVDLVFGPQTLHRLPEMLKQRRSTG  122

Query  122  KSVVDITFPEIEKFDRLPQPRAEGPSAFVSIMEGCSKYCTFCVVPYTRGEEISRPFDDVI  181
            +S VDI+FPEIEKFD +P  + EG +AFVSIMEGCSKYC++CVVPYTRGEE+SR F+DV+
Sbjct  123  RSQVDISFPEIEKFDHMPPAKVEGATAFVSIMEGCSKYCSYCVVPYTRGEEVSRRFEDVL  182

Query  182  AEVASLCEQGVREITLLGQNVNDYRGLMHDGQVADLALLIHYLAAMDNIERIRFTTSHPS  241
            AEVA L  QGV+EITLLGQNVN YRG M DG++AD ALLI Y+A ++ IERIRF TSHP 
Sbjct  183  AEVAGLEAQGVKEITLLGQNVNAYRGEMADGEIADFALLIEYIAELEGIERIRFVTSHPK  242

Query  242  AFSENLIDAYAEEPKLANHLHLPVQSGSDRILAAMKRNYTVLEYKSKIRKLRAVRPDISL  301
             F++ LIDAYA+ PKL NHL+LP Q GSDRILAAMKR YT LEYKS +R+LR VRP+IS+
Sbjct  243  EFTQRLIDAYAKVPKLVNHLYLPAQHGSDRILAAMKRGYTSLEYKSILRRLREVRPNISI  302

Query  302  SSDFIIGFPGETDADFEATMNLIHDMGFDHSFSFIYSPRPGTPAAQLPDDVPMAVKKERL  361
            SSDFI+GFPGETDADFEA M LI+D+G+D+SFSFI+SPRPGTPAA L DD P  VK +RL
Sbjct  303  SSDFIVGFPGETDADFEAMMKLINDIGYDNSFSFIFSPRPGTPAANLEDDTPHEVKLQRL  362

Query  362  AILQNRINAKAAEISQSMVGTQQRILVTGPSKKYPDQLSGRTENNRVVNFNG---DTPLI  418
              LQ  I+      S  MVGT QRILV GPSKK PD+L GRTENNRVVNF        LI
Sbjct  363  QRLQAVIDQNTRRYSDEMVGTVQRILVEGPSKKDPDELQGRTENNRVVNFAAGEHGARLI  422

Query  419  GQMVTIKIKEARPYSLWGEI  438
            GQMV + I ++  Y+L GEI
Sbjct  423  GQMVDVNIVQSFAYTLRGEI  442


>Q63X63 tRNA-2-methylthio-N(6)-dimethylallyladenosine synthase OS=Burkholderia 
pseudomallei (strain K96243) OX=272560 GN=miaB PE=3 
SV=1
Length=457

 Score = 606 bits (1562),  Expect = 0.0, Method: Compositional matrix adjust.
 Identities = 290/443 (65%), Positives = 350/443 (79%), Gaps = 6/443 (1%)

Query  2    KKLYLKTHGCQMNEYDSAKMADVLKFSHGLELTEDPAVADVFLLNTCSVREKAQTKVFSE  61
            KK+Y+KT GCQMNEYDS KM DVL  + GLE T+ P  AD+ L NTCSVREKAQ KVFS+
Sbjct  3    KKVYVKTFGCQMNEYDSDKMVDVLNAAEGLEKTDTPEDADIILFNTCSVREKAQEKVFSD  62

Query  62   LGRWRPFKEKRPHVVIGVGGCVASQEGETILKQAPFVDIVFGPQTLHRLPDLLDSVIQKR  121
            LGR R  KE +P ++IGVGGCVASQEG +I+ +AP+VD+VFGPQTLHRLP ++D+  +  
Sbjct  63   LGRVRELKEAKPDLLIGVGGCVASQEGASIVARAPYVDLVFGPQTLHRLPQMIDARRESG  122

Query  122  KSVVDITFPEIEKFDRLPQPRAEGPSAFVSIMEGCSKYCTFCVVPYTRGEEISRPFDDVI  181
            ++ VDITFPEIEKFD LP  R EGPSAFVSIMEGCSKYC++CVVPYTRG+E+SRP DDV+
Sbjct  123  RAQVDITFPEIEKFDHLPPARVEGPSAFVSIMEGCSKYCSYCVVPYTRGDEVSRPLDDVL  182

Query  182  AEVASLCEQGVREITLLGQNVNDYRGLMHDG--QVADLALLIHYLAAMDNIERIRFTTSH  239
             EVA L +QGVRE+TLLGQNVN YRG +  G  ++AD A LI Y+A +  IERIR+TTSH
Sbjct  183  TEVAGLADQGVREVTLLGQNVNAYRGAIAAGSAEIADFATLIEYVADIPGIERIRYTTSH  242

Query  240  PSAFSENLIDAYAEEPKLANHLHLPVQSGSDRILAAMKRNYTVLEYKSKIRKLRAVRPDI  299
            P  F++ L+D YA+ PKL +HLHLPVQ GSDRIL AMKR YTVLEYKS IRKLRA+RP++
Sbjct  243  PKEFTQRLLDVYAKVPKLVDHLHLPVQHGSDRILMAMKRGYTVLEYKSVIRKLRAIRPNL  302

Query  300  SLSSDFIIGFPGETDADFEATMNLIHDMGFDHSFSFIYSPRPGTPAAQLPDDVPMAVKKE  359
            SLS+D I+GFPGETDADF+ TM L+H+M +D SFSFIYSPRPGTPAA L DD P  +K +
Sbjct  303  SLSTDIIVGFPGETDADFDKTMALVHEMSYDTSFSFIYSPRPGTPAANLADDTPRELKLK  362

Query  360  RLAILQNRINAKAAEISQSMVGTQQRILVTGPSKKYPDQLSGRTENNRVVNFNGDTP---  416
            RL  LQ  I    A ISQSM+G  +RILV GPS+K P++L+GRTENNRVVNF   +    
Sbjct  363  RLQHLQATIEENVARISQSMLGKVERILVEGPSRKDPNELAGRTENNRVVNFPAPSAAHP  422

Query  417  -LIGQMVTIKIKEARPYSLWGEI  438
             LIGQM+ +KI  A P+SL GE+
Sbjct  423  RLIGQMIDVKINHAYPHSLRGEL  445


>A3N5Z1 tRNA-2-methylthio-N(6)-dimethylallyladenosine synthase OS=Burkholderia 
pseudomallei (strain 668) OX=320373 GN=miaB PE=3 SV=1
Length=457

 Score = 606 bits (1562),  Expect = 0.0, Method: Compositional matrix adjust.
 Identities = 290/443 (65%), Positives = 350/443 (79%), Gaps = 6/443 (1%)

Query  2    KKLYLKTHGCQMNEYDSAKMADVLKFSHGLELTEDPAVADVFLLNTCSVREKAQTKVFSE  61
            KK+Y+KT GCQMNEYDS KM DVL  + GLE T+ P  AD+ L NTCSVREKAQ KVFS+
Sbjct  3    KKVYVKTFGCQMNEYDSDKMVDVLNAAEGLEKTDTPEDADIILFNTCSVREKAQEKVFSD  62

Query  62   LGRWRPFKEKRPHVVIGVGGCVASQEGETILKQAPFVDIVFGPQTLHRLPDLLDSVIQKR  121
            LGR R  KE +P ++IGVGGCVASQEG +I+ +AP+VD+VFGPQTLHRLP ++D+  +  
Sbjct  63   LGRVRELKEAKPDLLIGVGGCVASQEGASIVARAPYVDLVFGPQTLHRLPQMIDARRESG  122

Query  122  KSVVDITFPEIEKFDRLPQPRAEGPSAFVSIMEGCSKYCTFCVVPYTRGEEISRPFDDVI  181
            ++ VDITFPEIEKFD LP  R EGPSAFVSIMEGCSKYC++CVVPYTRG+E+SRP DDV+
Sbjct  123  RAQVDITFPEIEKFDHLPPARVEGPSAFVSIMEGCSKYCSYCVVPYTRGDEVSRPLDDVL  182

Query  182  AEVASLCEQGVREITLLGQNVNDYRGLMHDG--QVADLALLIHYLAAMDNIERIRFTTSH  239
             EVA L +QGVRE+TLLGQNVN YRG +  G  ++AD A LI Y+A +  IERIR+TTSH
Sbjct  183  TEVAGLADQGVREVTLLGQNVNAYRGAIAAGSAEIADFATLIEYVADIPGIERIRYTTSH  242

Query  240  PSAFSENLIDAYAEEPKLANHLHLPVQSGSDRILAAMKRNYTVLEYKSKIRKLRAVRPDI  299
            P  F++ L+D YA+ PKL +HLHLPVQ GSDRIL AMKR YTVLEYKS IRKLRA+RP++
Sbjct  243  PKEFTQRLLDVYAKVPKLVDHLHLPVQHGSDRILMAMKRGYTVLEYKSVIRKLRAIRPNL  302

Query  300  SLSSDFIIGFPGETDADFEATMNLIHDMGFDHSFSFIYSPRPGTPAAQLPDDVPMAVKKE  359
            SLS+D I+GFPGETDADF+ TM L+H+M +D SFSFIYSPRPGTPAA L DD P  +K +
Sbjct  303  SLSTDIIVGFPGETDADFDKTMALVHEMSYDTSFSFIYSPRPGTPAANLADDTPRELKLK  362

Query  360  RLAILQNRINAKAAEISQSMVGTQQRILVTGPSKKYPDQLSGRTENNRVVNFNGDTP---  416
            RL  LQ  I    A ISQSM+G  +RILV GPS+K P++L+GRTENNRVVNF   +    
Sbjct  363  RLQHLQATIEENVARISQSMLGKVERILVEGPSRKDPNELAGRTENNRVVNFPAPSAAHP  422

Query  417  -LIGQMVTIKIKEARPYSLWGEI  438
             LIGQM+ +KI  A P+SL GE+
Sbjct  423  RLIGQMIDVKINHAYPHSLRGEL  445


>A3NRN5 tRNA-2-methylthio-N(6)-dimethylallyladenosine synthase OS=Burkholderia 
pseudomallei (strain 1106a) OX=357348 GN=miaB PE=3 
SV=1
Length=457

 Score = 606 bits (1562),  Expect = 0.0, Method: Compositional matrix adjust.
 Identities = 290/443 (65%), Positives = 350/443 (79%), Gaps = 6/443 (1%)

Query  2    KKLYLKTHGCQMNEYDSAKMADVLKFSHGLELTEDPAVADVFLLNTCSVREKAQTKVFSE  61
            KK+Y+KT GCQMNEYDS KM DVL  + GLE T+ P  AD+ L NTCSVREKAQ KVFS+
Sbjct  3    KKVYVKTFGCQMNEYDSDKMVDVLNAAEGLEKTDTPEDADIILFNTCSVREKAQEKVFSD  62

Query  62   LGRWRPFKEKRPHVVIGVGGCVASQEGETILKQAPFVDIVFGPQTLHRLPDLLDSVIQKR  121
            LGR R  KE +P ++IGVGGCVASQEG +I+ +AP+VD+VFGPQTLHRLP ++D+  +  
Sbjct  63   LGRVRELKEAKPDLLIGVGGCVASQEGASIVARAPYVDLVFGPQTLHRLPQMIDARRESG  122

Query  122  KSVVDITFPEIEKFDRLPQPRAEGPSAFVSIMEGCSKYCTFCVVPYTRGEEISRPFDDVI  181
            ++ VDITFPEIEKFD LP  R EGPSAFVSIMEGCSKYC++CVVPYTRG+E+SRP DDV+
Sbjct  123  RAQVDITFPEIEKFDHLPPARVEGPSAFVSIMEGCSKYCSYCVVPYTRGDEVSRPLDDVL  182

Query  182  AEVASLCEQGVREITLLGQNVNDYRGLMHDG--QVADLALLIHYLAAMDNIERIRFTTSH  239
             EVA L +QGVRE+TLLGQNVN YRG +  G  ++AD A LI Y+A +  IERIR+TTSH
Sbjct  183  TEVAGLADQGVREVTLLGQNVNAYRGAIAAGSAEIADFATLIEYVADIPGIERIRYTTSH  242

Query  240  PSAFSENLIDAYAEEPKLANHLHLPVQSGSDRILAAMKRNYTVLEYKSKIRKLRAVRPDI  299
            P  F++ L+D YA+ PKL +HLHLPVQ GSDRIL AMKR YTVLEYKS IRKLRA+RP++
Sbjct  243  PKEFTQRLLDVYAKVPKLVDHLHLPVQHGSDRILMAMKRGYTVLEYKSVIRKLRAIRPNL  302

Query  300  SLSSDFIIGFPGETDADFEATMNLIHDMGFDHSFSFIYSPRPGTPAAQLPDDVPMAVKKE  359
            SLS+D I+GFPGETDADF+ TM L+H+M +D SFSFIYSPRPGTPAA L DD P  +K +
Sbjct  303  SLSTDIIVGFPGETDADFDKTMALVHEMSYDTSFSFIYSPRPGTPAANLADDTPRELKLK  362

Query  360  RLAILQNRINAKAAEISQSMVGTQQRILVTGPSKKYPDQLSGRTENNRVVNFNGDTP---  416
            RL  LQ  I    A ISQSM+G  +RILV GPS+K P++L+GRTENNRVVNF   +    
Sbjct  363  RLQHLQATIEENVARISQSMLGKVERILVEGPSRKDPNELAGRTENNRVVNFPAPSAAHP  422

Query  417  -LIGQMVTIKIKEARPYSLWGEI  438
             LIGQM+ +KI  A P+SL GE+
Sbjct  423  RLIGQMIDVKINHAYPHSLRGEL  445


>A1V713 tRNA-2-methylthio-N(6)-dimethylallyladenosine synthase OS=Burkholderia 
mallei (strain SAVP1) OX=320388 GN=miaB PE=3 SV=1
Length=457

 Score = 606 bits (1562),  Expect = 0.0, Method: Compositional matrix adjust.
 Identities = 290/443 (65%), Positives = 350/443 (79%), Gaps = 6/443 (1%)

Query  2    KKLYLKTHGCQMNEYDSAKMADVLKFSHGLELTEDPAVADVFLLNTCSVREKAQTKVFSE  61
            KK+Y+KT GCQMNEYDS KM DVL  + GLE T+ P  AD+ L NTCSVREKAQ KVFS+
Sbjct  3    KKVYVKTFGCQMNEYDSDKMVDVLNAAEGLEKTDTPEDADIILFNTCSVREKAQEKVFSD  62

Query  62   LGRWRPFKEKRPHVVIGVGGCVASQEGETILKQAPFVDIVFGPQTLHRLPDLLDSVIQKR  121
            LGR R  KE +P ++IGVGGCVASQEG +I+ +AP+VD+VFGPQTLHRLP ++D+  +  
Sbjct  63   LGRVRELKEAKPDLLIGVGGCVASQEGASIVARAPYVDLVFGPQTLHRLPQMIDARRESG  122

Query  122  KSVVDITFPEIEKFDRLPQPRAEGPSAFVSIMEGCSKYCTFCVVPYTRGEEISRPFDDVI  181
            ++ VDITFPEIEKFD LP  R EGPSAFVSIMEGCSKYC++CVVPYTRG+E+SRP DDV+
Sbjct  123  RAQVDITFPEIEKFDHLPPARVEGPSAFVSIMEGCSKYCSYCVVPYTRGDEVSRPLDDVL  182

Query  182  AEVASLCEQGVREITLLGQNVNDYRGLMHDG--QVADLALLIHYLAAMDNIERIRFTTSH  239
             EVA L +QGVRE+TLLGQNVN YRG +  G  ++AD A LI Y+A +  IERIR+TTSH
Sbjct  183  TEVAGLADQGVREVTLLGQNVNAYRGAIAAGSAEIADFATLIEYVADIPGIERIRYTTSH  242

Query  240  PSAFSENLIDAYAEEPKLANHLHLPVQSGSDRILAAMKRNYTVLEYKSKIRKLRAVRPDI  299
            P  F++ L+D YA+ PKL +HLHLPVQ GSDRIL AMKR YTVLEYKS IRKLRA+RP++
Sbjct  243  PKEFTQRLLDVYAKVPKLVDHLHLPVQHGSDRILMAMKRGYTVLEYKSVIRKLRAIRPNL  302

Query  300  SLSSDFIIGFPGETDADFEATMNLIHDMGFDHSFSFIYSPRPGTPAAQLPDDVPMAVKKE  359
            SLS+D I+GFPGETDADF+ TM L+H+M +D SFSFIYSPRPGTPAA L DD P  +K +
Sbjct  303  SLSTDIIVGFPGETDADFDKTMALVHEMSYDTSFSFIYSPRPGTPAANLADDTPRELKLK  362

Query  360  RLAILQNRINAKAAEISQSMVGTQQRILVTGPSKKYPDQLSGRTENNRVVNFNGDTP---  416
            RL  LQ  I    A ISQSM+G  +RILV GPS+K P++L+GRTENNRVVNF   +    
Sbjct  363  RLQHLQATIEENVARISQSMLGKVERILVEGPSRKDPNELAGRTENNRVVNFPAPSAAHP  422

Query  417  -LIGQMVTIKIKEARPYSLWGEI  438
             LIGQM+ +KI  A P+SL GE+
Sbjct  423  RLIGQMIDVKINHAYPHSLRGEL  445


>Q62MK8 tRNA-2-methylthio-N(6)-dimethylallyladenosine synthase OS=Burkholderia 
mallei (strain ATCC 23344) OX=243160 GN=miaB PE=3 
SV=1
Length=457

 Score = 606 bits (1562),  Expect = 0.0, Method: Compositional matrix adjust.
 Identities = 290/443 (65%), Positives = 350/443 (79%), Gaps = 6/443 (1%)

Query  2    KKLYLKTHGCQMNEYDSAKMADVLKFSHGLELTEDPAVADVFLLNTCSVREKAQTKVFSE  61
            KK+Y+KT GCQMNEYDS KM DVL  + GLE T+ P  AD+ L NTCSVREKAQ KVFS+
Sbjct  3    KKVYVKTFGCQMNEYDSDKMVDVLNAAEGLEKTDTPEDADIILFNTCSVREKAQEKVFSD  62

Query  62   LGRWRPFKEKRPHVVIGVGGCVASQEGETILKQAPFVDIVFGPQTLHRLPDLLDSVIQKR  121
            LGR R  KE +P ++IGVGGCVASQEG +I+ +AP+VD+VFGPQTLHRLP ++D+  +  
Sbjct  63   LGRVRELKEAKPDLLIGVGGCVASQEGASIVARAPYVDLVFGPQTLHRLPQMIDARRESG  122

Query  122  KSVVDITFPEIEKFDRLPQPRAEGPSAFVSIMEGCSKYCTFCVVPYTRGEEISRPFDDVI  181
            ++ VDITFPEIEKFD LP  R EGPSAFVSIMEGCSKYC++CVVPYTRG+E+SRP DDV+
Sbjct  123  RAQVDITFPEIEKFDHLPPARVEGPSAFVSIMEGCSKYCSYCVVPYTRGDEVSRPLDDVL  182

Query  182  AEVASLCEQGVREITLLGQNVNDYRGLMHDG--QVADLALLIHYLAAMDNIERIRFTTSH  239
             EVA L +QGVRE+TLLGQNVN YRG +  G  ++AD A LI Y+A +  IERIR+TTSH
Sbjct  183  TEVAGLADQGVREVTLLGQNVNAYRGAIAAGSAEIADFATLIEYVADIPGIERIRYTTSH  242

Query  240  PSAFSENLIDAYAEEPKLANHLHLPVQSGSDRILAAMKRNYTVLEYKSKIRKLRAVRPDI  299
            P  F++ L+D YA+ PKL +HLHLPVQ GSDRIL AMKR YTVLEYKS IRKLRA+RP++
Sbjct  243  PKEFTQRLLDVYAKVPKLVDHLHLPVQHGSDRILMAMKRGYTVLEYKSVIRKLRAIRPNL  302

Query  300  SLSSDFIIGFPGETDADFEATMNLIHDMGFDHSFSFIYSPRPGTPAAQLPDDVPMAVKKE  359
            SLS+D I+GFPGETDADF+ TM L+H+M +D SFSFIYSPRPGTPAA L DD P  +K +
Sbjct  303  SLSTDIIVGFPGETDADFDKTMALVHEMSYDTSFSFIYSPRPGTPAANLADDTPRELKLK  362

Query  360  RLAILQNRINAKAAEISQSMVGTQQRILVTGPSKKYPDQLSGRTENNRVVNFNGDTP---  416
            RL  LQ  I    A ISQSM+G  +RILV GPS+K P++L+GRTENNRVVNF   +    
Sbjct  363  RLQHLQATIEENVARISQSMLGKVERILVEGPSRKDPNELAGRTENNRVVNFPAPSAAHP  422

Query  417  -LIGQMVTIKIKEARPYSLWGEI  438
             LIGQM+ +KI  A P+SL GE+
Sbjct  423  RLIGQMIDVKINHAYPHSLRGEL  445


>A2S8Q1 tRNA-2-methylthio-N(6)-dimethylallyladenosine synthase OS=Burkholderia 
mallei (strain NCTC 10229) OX=412022 GN=miaB PE=3 
SV=1
Length=457

 Score = 606 bits (1562),  Expect = 0.0, Method: Compositional matrix adjust.
 Identities = 290/443 (65%), Positives = 350/443 (79%), Gaps = 6/443 (1%)

Query  2    KKLYLKTHGCQMNEYDSAKMADVLKFSHGLELTEDPAVADVFLLNTCSVREKAQTKVFSE  61
            KK+Y+KT GCQMNEYDS KM DVL  + GLE T+ P  AD+ L NTCSVREKAQ KVFS+
Sbjct  3    KKVYVKTFGCQMNEYDSDKMVDVLNAAEGLEKTDTPEDADIILFNTCSVREKAQEKVFSD  62

Query  62   LGRWRPFKEKRPHVVIGVGGCVASQEGETILKQAPFVDIVFGPQTLHRLPDLLDSVIQKR  121
            LGR R  KE +P ++IGVGGCVASQEG +I+ +AP+VD+VFGPQTLHRLP ++D+  +  
Sbjct  63   LGRVRELKEAKPDLLIGVGGCVASQEGASIVARAPYVDLVFGPQTLHRLPQMIDARRESG  122

Query  122  KSVVDITFPEIEKFDRLPQPRAEGPSAFVSIMEGCSKYCTFCVVPYTRGEEISRPFDDVI  181
            ++ VDITFPEIEKFD LP  R EGPSAFVSIMEGCSKYC++CVVPYTRG+E+SRP DDV+
Sbjct  123  RAQVDITFPEIEKFDHLPPARVEGPSAFVSIMEGCSKYCSYCVVPYTRGDEVSRPLDDVL  182

Query  182  AEVASLCEQGVREITLLGQNVNDYRGLMHDG--QVADLALLIHYLAAMDNIERIRFTTSH  239
             EVA L +QGVRE+TLLGQNVN YRG +  G  ++AD A LI Y+A +  IERIR+TTSH
Sbjct  183  TEVAGLADQGVREVTLLGQNVNAYRGAIAAGSAEIADFATLIEYVADIPGIERIRYTTSH  242

Query  240  PSAFSENLIDAYAEEPKLANHLHLPVQSGSDRILAAMKRNYTVLEYKSKIRKLRAVRPDI  299
            P  F++ L+D YA+ PKL +HLHLPVQ GSDRIL AMKR YTVLEYKS IRKLRA+RP++
Sbjct  243  PKEFTQRLLDVYAKVPKLVDHLHLPVQHGSDRILMAMKRGYTVLEYKSVIRKLRAIRPNL  302

Query  300  SLSSDFIIGFPGETDADFEATMNLIHDMGFDHSFSFIYSPRPGTPAAQLPDDVPMAVKKE  359
            SLS+D I+GFPGETDADF+ TM L+H+M +D SFSFIYSPRPGTPAA L DD P  +K +
Sbjct  303  SLSTDIIVGFPGETDADFDKTMALVHEMSYDTSFSFIYSPRPGTPAANLADDTPRELKLK  362

Query  360  RLAILQNRINAKAAEISQSMVGTQQRILVTGPSKKYPDQLSGRTENNRVVNFNGDTP---  416
            RL  LQ  I    A ISQSM+G  +RILV GPS+K P++L+GRTENNRVVNF   +    
Sbjct  363  RLQHLQATIEENVARISQSMLGKVERILVEGPSRKDPNELAGRTENNRVVNFPAPSAAHP  422

Query  417  -LIGQMVTIKIKEARPYSLWGEI  438
             LIGQM+ +KI  A P+SL GE+
Sbjct  423  RLIGQMIDVKINHAYPHSLRGEL  445


>A3MNX8 tRNA-2-methylthio-N(6)-dimethylallyladenosine synthase OS=Burkholderia 
mallei (strain NCTC 10247) OX=320389 GN=miaB PE=3 
SV=1
Length=457

 Score = 606 bits (1562),  Expect = 0.0, Method: Compositional matrix adjust.
 Identities = 290/443 (65%), Positives = 350/443 (79%), Gaps = 6/443 (1%)

Query  2    KKLYLKTHGCQMNEYDSAKMADVLKFSHGLELTEDPAVADVFLLNTCSVREKAQTKVFSE  61
            KK+Y+KT GCQMNEYDS KM DVL  + GLE T+ P  AD+ L NTCSVREKAQ KVFS+
Sbjct  3    KKVYVKTFGCQMNEYDSDKMVDVLNAAEGLEKTDTPEDADIILFNTCSVREKAQEKVFSD  62

Query  62   LGRWRPFKEKRPHVVIGVGGCVASQEGETILKQAPFVDIVFGPQTLHRLPDLLDSVIQKR  121
            LGR R  KE +P ++IGVGGCVASQEG +I+ +AP+VD+VFGPQTLHRLP ++D+  +  
Sbjct  63   LGRVRELKEAKPDLLIGVGGCVASQEGASIVARAPYVDLVFGPQTLHRLPQMIDARRESG  122

Query  122  KSVVDITFPEIEKFDRLPQPRAEGPSAFVSIMEGCSKYCTFCVVPYTRGEEISRPFDDVI  181
            ++ VDITFPEIEKFD LP  R EGPSAFVSIMEGCSKYC++CVVPYTRG+E+SRP DDV+
Sbjct  123  RAQVDITFPEIEKFDHLPPARVEGPSAFVSIMEGCSKYCSYCVVPYTRGDEVSRPLDDVL  182

Query  182  AEVASLCEQGVREITLLGQNVNDYRGLMHDG--QVADLALLIHYLAAMDNIERIRFTTSH  239
             EVA L +QGVRE+TLLGQNVN YRG +  G  ++AD A LI Y+A +  IERIR+TTSH
Sbjct  183  TEVAGLADQGVREVTLLGQNVNAYRGAIAAGSAEIADFATLIEYVADIPGIERIRYTTSH  242

Query  240  PSAFSENLIDAYAEEPKLANHLHLPVQSGSDRILAAMKRNYTVLEYKSKIRKLRAVRPDI  299
            P  F++ L+D YA+ PKL +HLHLPVQ GSDRIL AMKR YTVLEYKS IRKLRA+RP++
Sbjct  243  PKEFTQRLLDVYAKVPKLVDHLHLPVQHGSDRILMAMKRGYTVLEYKSVIRKLRAIRPNL  302

Query  300  SLSSDFIIGFPGETDADFEATMNLIHDMGFDHSFSFIYSPRPGTPAAQLPDDVPMAVKKE  359
            SLS+D I+GFPGETDADF+ TM L+H+M +D SFSFIYSPRPGTPAA L DD P  +K +
Sbjct  303  SLSTDIIVGFPGETDADFDKTMALVHEMSYDTSFSFIYSPRPGTPAANLADDTPRELKLK  362

Query  360  RLAILQNRINAKAAEISQSMVGTQQRILVTGPSKKYPDQLSGRTENNRVVNFNGDTP---  416
            RL  LQ  I    A ISQSM+G  +RILV GPS+K P++L+GRTENNRVVNF   +    
Sbjct  363  RLQHLQATIEENVARISQSMLGKVERILVEGPSRKDPNELAGRTENNRVVNFPAPSAAHP  422

Query  417  -LIGQMVTIKIKEARPYSLWGEI  438
             LIGQM+ +KI  A P+SL GE+
Sbjct  423  RLIGQMIDVKINHAYPHSLRGEL  445


>A4SJX4 tRNA-2-methylthio-N(6)-dimethylallyladenosine synthase OS=Aeromonas 
salmonicida (strain A449) OX=382245 GN=miaB PE=3 SV=1
Length=477

 Score = 605 bits (1561),  Expect = 0.0, Method: Compositional matrix adjust.
 Identities = 288/435 (66%), Positives = 346/435 (80%), Gaps = 0/435 (0%)

Query  2    KKLYLKTHGCQMNEYDSAKMADVLKFSHGLELTEDPAVADVFLLNTCSVREKAQTKVFSE  61
            KKL++KT GCQMNEYDS+KMAD+L  S+G  LTE+P  ADV LLNTCS+REKAQ KVF +
Sbjct  3    KKLHIKTWGCQMNEYDSSKMADLLDASNGYTLTEEPEEADVLLLNTCSIREKAQEKVFHQ  62

Query  62   LGRWRPFKEKRPHVVIGVGGCVASQEGETILKQAPFVDIVFGPQTLHRLPDLLDSVIQKR  121
            LGRW+  K  +P +VIGVGGCVASQEGE I  +AP+VDIVFGPQTLHRLP ++  V + R
Sbjct  63   LGRWKKLKANKPGLVIGVGGCVASQEGENIRSRAPYVDIVFGPQTLHRLPAMIKQVQEGR  122

Query  122  KSVVDITFPEIEKFDRLPQPRAEGPSAFVSIMEGCSKYCTFCVVPYTRGEEISRPFDDVI  181
             + VDI FPEIEKFD LP+PRAEG +AFVSIMEGCSKYC+FCVVPYTRGEE+SRP DDV+
Sbjct  123  GAQVDIAFPEIEKFDSLPEPRAEGATAFVSIMEGCSKYCSFCVVPYTRGEEVSRPMDDVL  182

Query  182  AEVASLCEQGVREITLLGQNVNDYRGLMHDGQVADLALLIHYLAAMDNIERIRFTTSHPS  241
             E+A L EQGVRE+ LLGQNVN YRG   DG +   A L+  +AA+D I+RIR+TTSHP 
Sbjct  183  YEIAQLAEQGVREVNLLGQNVNAYRGPTFDGSICSFAELLRLVAAIDGIDRIRYTTSHPI  242

Query  242  AFSENLIDAYAEEPKLANHLHLPVQSGSDRILAAMKRNYTVLEYKSKIRKLRAVRPDISL  301
             F++++I+ Y + P++ + LHLPVQSGSDRIL  MKR +TVLEYKSKIR+LRA RPDI++
Sbjct  243  EFTDDIIEVYKDTPEVVSFLHLPVQSGSDRILTMMKRPHTVLEYKSKIRRLRAARPDITI  302

Query  302  SSDFIIGFPGETDADFEATMNLIHDMGFDHSFSFIYSPRPGTPAAQLPDDVPMAVKKERL  361
            SSDFI+GFP ETD DFEATM LI ++ FD SFSFIYSPRPGTPAA +PDDV M VKK RL
Sbjct  303  SSDFIVGFPNETDEDFEATMKLIEEINFDMSFSFIYSPRPGTPAADMPDDVDMEVKKVRL  362

Query  362  AILQNRINAKAAEISQSMVGTQQRILVTGPSKKYPDQLSGRTENNRVVNFNGDTPLIGQM  421
            A LQ+ IN ++ +I ++M+G+ QRILV GPS+  P QL GRTENNRVVNF G   LIG  
Sbjct  363  ARLQHVINNQSMQIGRAMLGSTQRILVEGPSRLDPMQLCGRTENNRVVNFEGAHTLIGGF  422

Query  422  VTIKIKEARPYSLWG  436
              ++I E RP SL G
Sbjct  423  ADVEITEVRPNSLRG  437


>A5CW77 tRNA-2-methylthio-N(6)-dimethylallyladenosine synthase OS=Vesicomyosocius 
okutanii subsp. Calyptogena okutanii (strain HA) 
OX=412965 GN=miaB PE=3 SV=1
Length=442

 Score = 605 bits (1559),  Expect = 0.0, Method: Compositional matrix adjust.
 Identities = 282/438 (64%), Positives = 348/438 (79%), Gaps = 1/438 (0%)

Query  1    MKKLYLKTHGCQMNEYDSAKMADVLKFSHGLELTEDPAVADVFLLNTCSVREKAQTKVFS  60
            + KLY++T GCQMNEYDS KM D+LK SH L LT+D   ADV LLNTCS+REKAQ K+F 
Sbjct  2    INKLYIRTFGCQMNEYDSNKMVDILKHSHDLTLTDDATSADVLLLNTCSIREKAQDKLFH  61

Query  61   ELGRWRPFKEKRPHVVIGVGGCVASQEGETILKQAPFVDIVFGPQTLHRLPDLLDSVIQK  120
            +LGRW   K K P+++IGVGGCVASQEGE ILK+ P+VDI+FGPQTLHRLP++L+  +  
Sbjct  62   QLGRWSKLKNKNPNLIIGVGGCVASQEGELILKRTPYVDIIFGPQTLHRLPNMLNDALNN  121

Query  121  RKSVVDITFPEIEKFDRLPQPRAEGPSAFVSIMEGCSKYCTFCVVPYTRGEEISRPFDDV  180
            +K+ +DI+FPEIEKFD LP+PR    +AFVSIMEGCSKYCTFC+VPYTRGEEISRPF+DV
Sbjct  122  KKTSIDISFPEIEKFDHLPKPRTNSVTAFVSIMEGCSKYCTFCIVPYTRGEEISRPFNDV  181

Query  181  IAEVASLCEQGVREITLLGQNVNDYRGLMHDGQVADLALLIHYLAAMDNIERIRFTTSHP  240
            I EV  L  QGVREI LLGQNVN Y+G M+DG+V+DLALLI+ +A +  I+RIR+TTSHP
Sbjct  182  INEVKILASQGVREINLLGQNVNAYQGSMNDGEVSDLALLINIVAKISGIKRIRYTTSHP  241

Query  241  SAFSENLIDAYAEEPKLANHLHLPVQSGSDRILAAMKRNYTVLEYKSKIRKLRAVRPDIS  300
            + FS++LI+AYAE P+L +HLHLPVQSGSD+IL  MKR Y  +EYKSKIRKLR +RPDIS
Sbjct  242  NQFSDSLIEAYAEVPELVSHLHLPVQSGSDKILRLMKRGYMSIEYKSKIRKLRKIRPDIS  301

Query  301  LSSDFIIGFPGETDADFEATMNLIHDMGFDHSFSFIYSPRPGTPAAQLPDDVPMAVKKER  360
            +SSDFIIGFPGE + DF  TM LI ++GFD SFSFIYS RPGTPAA  PDD+ + VKK+R
Sbjct  302  ISSDFIIGFPGENEKDFLDTMILIDEIGFDKSFSFIYSVRPGTPAASYPDDIDIQVKKQR  361

Query  361  LAILQNRINAKAAEISQSMVGTQQRILVTGPSKKYPDQLSGRTENNRVVNFNGDTPLIGQ  420
            LA++Q  IN     ISQ M+G+ Q++LV   +KK  ++L GRTEN R  +F GD  LIGQ
Sbjct  362  LALIQKTINNNTEHISQLMIGSIQKVLVENITKK-GNELFGRTENMRNTHFKGDKSLIGQ  420

Query  421  MVTIKIKEARPYSLWGEI  438
            +V +KI + R  SL G++
Sbjct  421  IVNVKITKGRGNSLMGDL  438


>Q1H3L6 tRNA-2-methylthio-N(6)-dimethylallyladenosine synthase OS=Methylobacillus 
flagellatus (strain KT / ATCC 51484 / DSM 6875) 
OX=265072 GN=miaB PE=3 SV=1
Length=442

 Score = 605 bits (1559),  Expect = 0.0, Method: Compositional matrix adjust.
 Identities = 285/437 (65%), Positives = 349/437 (80%), Gaps = 0/437 (0%)

Query  2    KKLYLKTHGCQMNEYDSAKMADVLKFSHGLELTEDPAVADVFLLNTCSVREKAQTKVFSE  61
            K++++KT GCQMNEYDS++M D+L+ + G++ T++P  ADV LLNTCSVREKAQ KVFS 
Sbjct  5    KRIFIKTFGCQMNEYDSSRMLDMLQAAEGMQTTDNPEEADVILLNTCSVREKAQEKVFSH  64

Query  62   LGRWRPFKEKRPHVVIGVGGCVASQEGETILKQAPFVDIVFGPQTLHRLPDLLDSVIQKR  121
            LGR+ P KEK P +VIGVGGCVASQEGE+I+ +AP+VD+VFGPQTLHRLPD+++S  +  
Sbjct  65   LGRFAPLKEKNPDLVIGVGGCVASQEGESIVARAPYVDVVFGPQTLHRLPDMIESKRRTG  124

Query  122  KSVVDITFPEIEKFDRLPQPRAEGPSAFVSIMEGCSKYCTFCVVPYTRGEEISRPFDDVI  181
             S VDI+FPE+EKFD LP PR EG +AF+SIMEGCSKYCTFCVVPYTRG+E+SRPFDD++
Sbjct  125  ISQVDISFPEVEKFDHLPPPRVEGAAAFLSIMEGCSKYCTFCVVPYTRGDEVSRPFDDIL  184

Query  182  AEVASLCEQGVREITLLGQNVNDYRGLMHDGQVADLALLIHYLAAMDNIERIRFTTSHPS  241
             E   L EQGV+EITLLGQNVN YR    DG++ADLALLI YLA +  IERIR+TTSHP+
Sbjct  185  TEAIQLAEQGVKEITLLGQNVNGYRSETADGEMADLALLIEYLAEIPEIERIRYTTSHPN  244

Query  242  AFSENLIDAYAEEPKLANHLHLPVQSGSDRILAAMKRNYTVLEYKSKIRKLRAVRPDISL  301
              +  LID YA  PKL +HLHLPVQ+GSDR+L  MKRNYTVL+YKS IRKLRA RPDI +
Sbjct  245  EMTPALIDCYARIPKLVSHLHLPVQAGSDRVLMNMKRNYTVLQYKSIIRKLRAARPDICI  304

Query  302  SSDFIIGFPGETDADFEATMNLIHDMGFDHSFSFIYSPRPGTPAAQLPDDVPMAVKKERL  361
            SSDFI+GFPGET+ DFEATM L+ D+GFD SFSFIYSPRPGTPA+ LPDD     K+ RL
Sbjct  305  SSDFIVGFPGETEQDFEATMKLMRDVGFDFSFSFIYSPRPGTPASYLPDDCSPEEKQSRL  364

Query  362  AILQNRINAKAAEISQSMVGTQQRILVTGPSKKYPDQLSGRTENNRVVNFNGDTPLIGQM  421
            + LQ    A+   IS SMVG+ QR+L+   S K  D+L+GRT+NNR+VNF GDT LI Q 
Sbjct  365  SRLQALNEAQGKAISASMVGSIQRVLIESVSAKRADELAGRTDNNRIVNFPGDTALINQF  424

Query  422  VTIKIKEARPYSLWGEI  438
            V ++I EA  ++L GE+
Sbjct  425  VNVRITEALSHTLRGEL  441


>A0KAB6 tRNA-2-methylthio-N(6)-dimethylallyladenosine synthase OS=Burkholderia 
cenocepacia (strain HI2424) OX=331272 GN=miaB PE=3 
SV=1
Length=457

 Score = 605 bits (1559),  Expect = 0.0, Method: Compositional matrix adjust.
 Identities = 292/443 (66%), Positives = 346/443 (78%), Gaps = 6/443 (1%)

Query  2    KKLYLKTHGCQMNEYDSAKMADVLKFSHGLELTEDPAVADVFLLNTCSVREKAQTKVFSE  61
            KK+Y+KT GCQMNEYDS KM DVL  + GLE T+ P  AD+ L NTCSVREKAQ KVFS+
Sbjct  3    KKVYVKTFGCQMNEYDSDKMVDVLNAAEGLEKTDTPEDADIILFNTCSVREKAQEKVFSD  62

Query  62   LGRWRPFKEKRPHVVIGVGGCVASQEGETILKQAPFVDIVFGPQTLHRLPDLLDSVIQKR  121
            LGR R  KE +P ++IGVGGCVASQEG +I+ +AP+VD+VFGPQTLHRLP ++D+     
Sbjct  63   LGRVRELKEAKPGLLIGVGGCVASQEGASIVSRAPYVDLVFGPQTLHRLPQMIDARRASG  122

Query  122  KSVVDITFPEIEKFDRLPQPRAEGPSAFVSIMEGCSKYCTFCVVPYTRGEEISRPFDDVI  181
            ++ VDITFPEIEKFD LP  R EGPSAFVSIMEGCSKYC++CVVPYTRG+E+SRP DDV+
Sbjct  123  RAQVDITFPEIEKFDHLPPARVEGPSAFVSIMEGCSKYCSYCVVPYTRGDEVSRPLDDVL  182

Query  182  AEVASLCEQGVREITLLGQNVNDYRGLMHDGQ--VADLALLIHYLAAMDNIERIRFTTSH  239
             EVA L +QGVRE+TLLGQNVN YRG +  G   +AD A LI Y+A +  IERIR+TTSH
Sbjct  183  TEVAGLADQGVREVTLLGQNVNAYRGALTAGSTDIADFATLIEYVADIPGIERIRYTTSH  242

Query  240  PSAFSENLIDAYAEEPKLANHLHLPVQSGSDRILAAMKRNYTVLEYKSKIRKLRAVRPDI  299
            P  F++ LID YA+ PKL +HLHLPVQ GSDRIL AMKR YTVLEYKS IRKLRA+RPD+
Sbjct  243  PKEFTQRLIDTYAKVPKLVSHLHLPVQHGSDRILMAMKRGYTVLEYKSVIRKLRAIRPDL  302

Query  300  SLSSDFIIGFPGETDADFEATMNLIHDMGFDHSFSFIYSPRPGTPAAQLPDDVPMAVKKE  359
            SLS+D I+GFPGET+ DF+  M L+H+MG+D SFSFIYSPRPGTPAA L DD P  VK +
Sbjct  303  SLSTDMIVGFPGETEDDFDKMMALVHEMGYDTSFSFIYSPRPGTPAANLADDTPREVKLK  362

Query  360  RLAILQNRINAKAAEISQSMVGTQQRILVTGPSKKYPDQLSGRTENNRVVNFNGDTP---  416
            RL  LQ  I    A ISQSMVG  +RILV GPS+K P++L+GRTENNRVVNF        
Sbjct  363  RLQHLQATIEENVARISQSMVGKVERILVEGPSRKDPNELAGRTENNRVVNFPAPLASHP  422

Query  417  -LIGQMVTIKIKEARPYSLWGEI  438
             LIGQM+ +KI  A P+SL GE+
Sbjct  423  RLIGQMIDVKINHAYPHSLRGEL  445


>B1JY57 tRNA-2-methylthio-N(6)-dimethylallyladenosine synthase OS=Burkholderia 
cenocepacia (strain MC0-3) OX=406425 GN=miaB PE=3 
SV=1
Length=457

 Score = 605 bits (1559),  Expect = 0.0, Method: Compositional matrix adjust.
 Identities = 292/443 (66%), Positives = 346/443 (78%), Gaps = 6/443 (1%)

Query  2    KKLYLKTHGCQMNEYDSAKMADVLKFSHGLELTEDPAVADVFLLNTCSVREKAQTKVFSE  61
            KK+Y+KT GCQMNEYDS KM DVL  + GLE T+ P  AD+ L NTCSVREKAQ KVFS+
Sbjct  3    KKVYVKTFGCQMNEYDSDKMVDVLNAAEGLEKTDTPEDADIILFNTCSVREKAQEKVFSD  62

Query  62   LGRWRPFKEKRPHVVIGVGGCVASQEGETILKQAPFVDIVFGPQTLHRLPDLLDSVIQKR  121
            LGR R  KE +P ++IGVGGCVASQEG +I+ +AP+VD+VFGPQTLHRLP ++D+     
Sbjct  63   LGRVRELKEAKPGLLIGVGGCVASQEGASIVSRAPYVDLVFGPQTLHRLPQMIDARRASG  122

Query  122  KSVVDITFPEIEKFDRLPQPRAEGPSAFVSIMEGCSKYCTFCVVPYTRGEEISRPFDDVI  181
            ++ VDITFPEIEKFD LP  R EGPSAFVSIMEGCSKYC++CVVPYTRG+E+SRP DDV+
Sbjct  123  RAQVDITFPEIEKFDHLPPARVEGPSAFVSIMEGCSKYCSYCVVPYTRGDEVSRPLDDVL  182

Query  182  AEVASLCEQGVREITLLGQNVNDYRGLMHDGQ--VADLALLIHYLAAMDNIERIRFTTSH  239
             EVA L +QGVRE+TLLGQNVN YRG +  G   +AD A LI Y+A +  IERIR+TTSH
Sbjct  183  TEVAGLADQGVREVTLLGQNVNAYRGALTAGSTDIADFATLIEYVADIPGIERIRYTTSH  242

Query  240  PSAFSENLIDAYAEEPKLANHLHLPVQSGSDRILAAMKRNYTVLEYKSKIRKLRAVRPDI  299
            P  F++ LID YA+ PKL +HLHLPVQ GSDRIL AMKR YTVLEYKS IRKLRA+RPD+
Sbjct  243  PKEFTQRLIDTYAKVPKLVSHLHLPVQHGSDRILMAMKRGYTVLEYKSVIRKLRAIRPDL  302

Query  300  SLSSDFIIGFPGETDADFEATMNLIHDMGFDHSFSFIYSPRPGTPAAQLPDDVPMAVKKE  359
            SLS+D I+GFPGET+ DF+  M L+H+MG+D SFSFIYSPRPGTPAA L DD P  VK +
Sbjct  303  SLSTDMIVGFPGETEDDFDKMMALVHEMGYDTSFSFIYSPRPGTPAANLADDTPREVKLK  362

Query  360  RLAILQNRINAKAAEISQSMVGTQQRILVTGPSKKYPDQLSGRTENNRVVNFNGDTP---  416
            RL  LQ  I    A ISQSMVG  +RILV GPS+K P++L+GRTENNRVVNF        
Sbjct  363  RLQHLQATIEENVARISQSMVGKVERILVEGPSRKDPNELAGRTENNRVVNFPAPLASHP  422

Query  417  -LIGQMVTIKIKEARPYSLWGEI  438
             LIGQM+ +KI  A P+SL GE+
Sbjct  423  RLIGQMIDVKINHAYPHSLRGEL  445


>Q1BTS3 tRNA-2-methylthio-N(6)-dimethylallyladenosine synthase OS=Burkholderia 
cenocepacia (strain AU 1054) OX=331271 GN=miaB PE=3 
SV=1
Length=457

 Score = 605 bits (1559),  Expect = 0.0, Method: Compositional matrix adjust.
 Identities = 292/443 (66%), Positives = 346/443 (78%), Gaps = 6/443 (1%)

Query  2    KKLYLKTHGCQMNEYDSAKMADVLKFSHGLELTEDPAVADVFLLNTCSVREKAQTKVFSE  61
            KK+Y+KT GCQMNEYDS KM DVL  + GLE T+ P  AD+ L NTCSVREKAQ KVFS+
Sbjct  3    KKVYVKTFGCQMNEYDSDKMVDVLNAAEGLEKTDTPEDADIILFNTCSVREKAQEKVFSD  62

Query  62   LGRWRPFKEKRPHVVIGVGGCVASQEGETILKQAPFVDIVFGPQTLHRLPDLLDSVIQKR  121
            LGR R  KE +P ++IGVGGCVASQEG +I+ +AP+VD+VFGPQTLHRLP ++D+     
Sbjct  63   LGRVRELKEAKPGLLIGVGGCVASQEGASIVSRAPYVDLVFGPQTLHRLPQMIDARRASG  122

Query  122  KSVVDITFPEIEKFDRLPQPRAEGPSAFVSIMEGCSKYCTFCVVPYTRGEEISRPFDDVI  181
            ++ VDITFPEIEKFD LP  R EGPSAFVSIMEGCSKYC++CVVPYTRG+E+SRP DDV+
Sbjct  123  RAQVDITFPEIEKFDHLPPARVEGPSAFVSIMEGCSKYCSYCVVPYTRGDEVSRPLDDVL  182

Query  182  AEVASLCEQGVREITLLGQNVNDYRGLMHDGQ--VADLALLIHYLAAMDNIERIRFTTSH  239
             EVA L +QGVRE+TLLGQNVN YRG +  G   +AD A LI Y+A +  IERIR+TTSH
Sbjct  183  TEVAGLADQGVREVTLLGQNVNAYRGALTAGSTDIADFATLIEYVADIPGIERIRYTTSH  242

Query  240  PSAFSENLIDAYAEEPKLANHLHLPVQSGSDRILAAMKRNYTVLEYKSKIRKLRAVRPDI  299
            P  F++ LID YA+ PKL +HLHLPVQ GSDRIL AMKR YTVLEYKS IRKLRA+RPD+
Sbjct  243  PKEFTQRLIDTYAKVPKLVSHLHLPVQHGSDRILMAMKRGYTVLEYKSVIRKLRAIRPDL  302

Query  300  SLSSDFIIGFPGETDADFEATMNLIHDMGFDHSFSFIYSPRPGTPAAQLPDDVPMAVKKE  359
            SLS+D I+GFPGET+ DF+  M L+H+MG+D SFSFIYSPRPGTPAA L DD P  VK +
Sbjct  303  SLSTDMIVGFPGETEDDFDKMMALVHEMGYDTSFSFIYSPRPGTPAANLADDTPREVKLK  362

Query  360  RLAILQNRINAKAAEISQSMVGTQQRILVTGPSKKYPDQLSGRTENNRVVNFNGDTP---  416
            RL  LQ  I    A ISQSMVG  +RILV GPS+K P++L+GRTENNRVVNF        
Sbjct  363  RLQHLQATIEENVARISQSMVGKVERILVEGPSRKDPNELAGRTENNRVVNFPAPLASHP  422

Query  417  -LIGQMVTIKIKEARPYSLWGEI  438
             LIGQM+ +KI  A P+SL GE+
Sbjct  423  RLIGQMIDVKINHAYPHSLRGEL  445


>Q3JVV1 tRNA-2-methylthio-N(6)-dimethylallyladenosine synthase OS=Burkholderia 
pseudomallei (strain 1710b) OX=320372 GN=miaB PE=3 
SV=1
Length=457

 Score = 604 bits (1558),  Expect = 0.0, Method: Compositional matrix adjust.
 Identities = 289/443 (65%), Positives = 350/443 (79%), Gaps = 6/443 (1%)

Query  2    KKLYLKTHGCQMNEYDSAKMADVLKFSHGLELTEDPAVADVFLLNTCSVREKAQTKVFSE  61
            KK+Y+KT GCQMNEYDS KM DVL  + GLE T+ P  AD+ L NTCSVREKAQ KVFS+
Sbjct  3    KKVYVKTFGCQMNEYDSDKMVDVLNAAEGLEKTDTPEDADIILFNTCSVREKAQEKVFSD  62

Query  62   LGRWRPFKEKRPHVVIGVGGCVASQEGETILKQAPFVDIVFGPQTLHRLPDLLDSVIQKR  121
            LGR R  KE +P ++IGVGGCVASQEG +I+ +AP+VD+VFGPQTLHRLP ++D+  +  
Sbjct  63   LGRVRELKEAKPDLLIGVGGCVASQEGASIVARAPYVDLVFGPQTLHRLPQMIDARRESG  122

Query  122  KSVVDITFPEIEKFDRLPQPRAEGPSAFVSIMEGCSKYCTFCVVPYTRGEEISRPFDDVI  181
            ++ VDITFPEIEKFD LP  R EGPSAFVSIMEGCSKYC++CVVPYTRG+E+SRP DDV+
Sbjct  123  RAQVDITFPEIEKFDHLPPARVEGPSAFVSIMEGCSKYCSYCVVPYTRGDEVSRPLDDVL  182

Query  182  AEVASLCEQGVREITLLGQNVNDYRGLMHDG--QVADLALLIHYLAAMDNIERIRFTTSH  239
             EVA L +QGVRE+TLLGQNVN YRG +  G  ++AD A LI Y+A +  IERIR+TTSH
Sbjct  183  TEVAGLADQGVREVTLLGQNVNAYRGAIAAGSAEIADFATLIEYVADIPGIERIRYTTSH  242

Query  240  PSAFSENLIDAYAEEPKLANHLHLPVQSGSDRILAAMKRNYTVLEYKSKIRKLRAVRPDI  299
            P  F++ L+D YA+ PKL +HLHLPVQ GSDRIL AMKR YTVLEYKS IRKLRA+RP++
Sbjct  243  PKEFTQRLLDVYAKVPKLVDHLHLPVQHGSDRILMAMKRGYTVLEYKSVIRKLRAIRPNL  302

Query  300  SLSSDFIIGFPGETDADFEATMNLIHDMGFDHSFSFIYSPRPGTPAAQLPDDVPMAVKKE  359
            SLS++ I+GFPGETDADF+ TM L+H+M +D SFSFIYSPRPGTPAA L DD P  +K +
Sbjct  303  SLSTNIIVGFPGETDADFDKTMALVHEMSYDTSFSFIYSPRPGTPAANLADDTPRELKLK  362

Query  360  RLAILQNRINAKAAEISQSMVGTQQRILVTGPSKKYPDQLSGRTENNRVVNFNGDTP---  416
            RL  LQ  I    A ISQSM+G  +RILV GPS+K P++L+GRTENNRVVNF   +    
Sbjct  363  RLQHLQATIEENVARISQSMLGKVERILVEGPSRKDPNELAGRTENNRVVNFPAPSAAHP  422

Query  417  -LIGQMVTIKIKEARPYSLWGEI  438
             LIGQM+ +KI  A P+SL GE+
Sbjct  423  RLIGQMIDVKINHAYPHSLRGEL  445


>Q39D51 tRNA-2-methylthio-N(6)-dimethylallyladenosine synthase OS=Burkholderia 
lata (strain ATCC 17760 / DSM 23089 / LMG 22485 / 
NCIMB 9086 / R18194 / 383) OX=482957 GN=miaB PE=3 SV=2
Length=457

 Score = 604 bits (1557),  Expect = 0.0, Method: Compositional matrix adjust.
 Identities = 291/443 (66%), Positives = 347/443 (78%), Gaps = 6/443 (1%)

Query  2    KKLYLKTHGCQMNEYDSAKMADVLKFSHGLELTEDPAVADVFLLNTCSVREKAQTKVFSE  61
            KK+Y+KT GCQMNEYDS KM DVL  + GLE T+ P  AD+ L NTCSVREKAQ KVFS+
Sbjct  3    KKVYVKTFGCQMNEYDSDKMVDVLNAAEGLEKTDTPEDADIILFNTCSVREKAQEKVFSD  62

Query  62   LGRWRPFKEKRPHVVIGVGGCVASQEGETILKQAPFVDIVFGPQTLHRLPDLLDSVIQKR  121
            LGR R  KE +P ++IGVGGCVASQEG +I+ +AP+VD+VFGPQTLHRLP ++D+  +  
Sbjct  63   LGRVRELKEAKPGLLIGVGGCVASQEGASIVSRAPYVDLVFGPQTLHRLPQMIDARRESG  122

Query  122  KSVVDITFPEIEKFDRLPQPRAEGPSAFVSIMEGCSKYCTFCVVPYTRGEEISRPFDDVI  181
            ++ VDI+FPEIEKFD LP  R EGPSAFVSIMEGCSKYC++CVVPYTRG+E+SRP DDV+
Sbjct  123  RAQVDISFPEIEKFDHLPPARVEGPSAFVSIMEGCSKYCSYCVVPYTRGDEVSRPLDDVL  182

Query  182  AEVASLCEQGVREITLLGQNVNDYRGLMHDG--QVADLALLIHYLAAMDNIERIRFTTSH  239
             EVA L +QGVRE+TLLGQNVN YRG +  G  ++AD A LI Y+A +  IERIR+TTSH
Sbjct  183  TEVAGLADQGVREVTLLGQNVNAYRGALAAGSSEIADFATLIEYVADIPGIERIRYTTSH  242

Query  240  PSAFSENLIDAYAEEPKLANHLHLPVQSGSDRILAAMKRNYTVLEYKSKIRKLRAVRPDI  299
            P  F++ LID YA+ PKL NHLHLPVQ GSDRIL AMKR YTVLEYKS IRKLRA+RPD+
Sbjct  243  PKEFTQRLIDTYAKVPKLVNHLHLPVQHGSDRILMAMKRGYTVLEYKSVIRKLRAIRPDL  302

Query  300  SLSSDFIIGFPGETDADFEATMNLIHDMGFDHSFSFIYSPRPGTPAAQLPDDVPMAVKKE  359
            SLS+D I+GFPGET+ DF+  M L+H+M +D SFSFIYSPRPGTPAA L DD P  VK +
Sbjct  303  SLSTDMIVGFPGETEDDFDKMMALVHEMSYDTSFSFIYSPRPGTPAANLHDDTPRDVKLK  362

Query  360  RLAILQNRINAKAAEISQSMVGTQQRILVTGPSKKYPDQLSGRTENNRVVNFNGDTP---  416
            RL  LQ  I    A ISQSMVG  +RILV GPS+K P++L+GRTENNRVVNF        
Sbjct  363  RLQHLQATIEENVARISQSMVGKVERILVEGPSRKDPNELAGRTENNRVVNFPAPLASHP  422

Query  417  -LIGQMVTIKIKEARPYSLWGEI  438
             LIGQM+ +KI  A P+SL GE+
Sbjct  423  RLIGQMIDVKINHAYPHSLRGEL  445


>B3GYA4 tRNA-2-methylthio-N(6)-dimethylallyladenosine synthase OS=Actinobacillus 
pleuropneumoniae serotype 7 (strain AP76) OX=537457 
GN=miaB PE=3 SV=1
Length=475

 Score = 604 bits (1557),  Expect = 0.0, Method: Compositional matrix adjust.
 Identities = 279/438 (64%), Positives = 352/438 (80%), Gaps = 0/438 (0%)

Query  1    MKKLYLKTHGCQMNEYDSAKMADVLKFSHGLELTEDPAVADVFLLNTCSVREKAQTKVFS  60
            M KL++ T GCQMNEYDS+KMAD+L  +HGLELT+ P  ADV LLNTCS+REKAQ KVFS
Sbjct  1    MAKLHITTWGCQMNEYDSSKMADLLNSTHGLELTDKPEEADVLLLNTCSIREKAQEKVFS  60

Query  61   ELGRWRPFKEKRPHVVIGVGGCVASQEGETILKQAPFVDIVFGPQTLHRLPDLLDSVIQK  120
            +LGRW+ +K+ +P ++IGVGGCVASQEGE I  +APFVDIVFGPQTLHRLP++++ +   
Sbjct  61   QLGRWKNWKKDKPDLIIGVGGCVASQEGEHIRDRAPFVDIVFGPQTLHRLPEMINKIRGG  120

Query  121  RKSVVDITFPEIEKFDRLPQPRAEGPSAFVSIMEGCSKYCTFCVVPYTRGEEISRPFDDV  180
             +++VDI+FPEIEKFDRLP+PRAEGP+AFVSIMEGC+KYC+FCVVPYTRGEE+SRP DDV
Sbjct  121  DRAIVDISFPEIEKFDRLPEPRAEGPTAFVSIMEGCNKYCSFCVVPYTRGEEVSRPVDDV  180

Query  181  IAEVASLCEQGVREITLLGQNVNDYRGLMHDGQVADLALLIHYLAAMDNIERIRFTTSHP  240
            + E+A L EQGVRE+ LLGQNVN YRG   DG +   A L+  +AA+D I+R+R+TTSHP
Sbjct  181  LFEIAQLAEQGVREVNLLGQNVNAYRGETFDGGICTFAELLRLVAAIDGIDRVRYTTSHP  240

Query  241  SAFSENLIDAYAEEPKLANHLHLPVQSGSDRILAAMKRNYTVLEYKSKIRKLRAVRPDIS  300
              F++++I+ Y + P+L + LHLP+QSG+DR+L  MKRN+T LEYK+ IRKLR VRP+I 
Sbjct  241  IEFTDDIIEVYRDTPELVSFLHLPIQSGADRVLTMMKRNHTALEYKAIIRKLREVRPNIQ  300

Query  301  LSSDFIIGFPGETDADFEATMNLIHDMGFDHSFSFIYSPRPGTPAAQLPDDVPMAVKKER  360
            +SSDFI+GFPGET  DFE TM +I  + FD SFSFIYS RPGTPAA LPDD+    KKER
Sbjct  301  ISSDFIVGFPGETAEDFEQTMKVIEQVNFDMSFSFIYSARPGTPAADLPDDISEEEKKER  360

Query  361  LAILQNRINAKAAEISQSMVGTQQRILVTGPSKKYPDQLSGRTENNRVVNFNGDTPLIGQ  420
            LA LQ RIN +A + S++M+GT+QR+LV GPSKK   +L+GRTENNR+VNF G   +IG+
Sbjct  361  LARLQQRINHQAMQFSRAMLGTEQRVLVEGPSKKDIMELTGRTENNRIVNFQGTPDMIGK  420

Query  421  MVTIKIKEARPYSLWGEI  438
             V IKI +    SL G++
Sbjct  421  FVDIKITDVYTNSLRGDV  438


>A3N1X3 tRNA-2-methylthio-N(6)-dimethylallyladenosine synthase OS=Actinobacillus 
pleuropneumoniae serotype 5b (strain L20) OX=416269 
GN=miaB PE=3 SV=1
Length=475

 Score = 604 bits (1557),  Expect = 0.0, Method: Compositional matrix adjust.
 Identities = 279/438 (64%), Positives = 352/438 (80%), Gaps = 0/438 (0%)

Query  1    MKKLYLKTHGCQMNEYDSAKMADVLKFSHGLELTEDPAVADVFLLNTCSVREKAQTKVFS  60
            M KL++ T GCQMNEYDS+KMAD+L  +HGLELT+ P  ADV LLNTCS+REKAQ KVFS
Sbjct  1    MAKLHITTWGCQMNEYDSSKMADLLNSTHGLELTDKPEEADVLLLNTCSIREKAQEKVFS  60

Query  61   ELGRWRPFKEKRPHVVIGVGGCVASQEGETILKQAPFVDIVFGPQTLHRLPDLLDSVIQK  120
            +LGRW+ +K+ +P ++IGVGGCVASQEGE I  +APFVDIVFGPQTLHRLP++++ +   
Sbjct  61   QLGRWKNWKKDKPDLIIGVGGCVASQEGEHIRDRAPFVDIVFGPQTLHRLPEMINKIRGG  120

Query  121  RKSVVDITFPEIEKFDRLPQPRAEGPSAFVSIMEGCSKYCTFCVVPYTRGEEISRPFDDV  180
             +++VDI+FPEIEKFDRLP+PRAEGP+AFVSIMEGC+KYC+FCVVPYTRGEE+SRP DDV
Sbjct  121  DRAIVDISFPEIEKFDRLPEPRAEGPTAFVSIMEGCNKYCSFCVVPYTRGEEVSRPVDDV  180

Query  181  IAEVASLCEQGVREITLLGQNVNDYRGLMHDGQVADLALLIHYLAAMDNIERIRFTTSHP  240
            + E+A L EQGVRE+ LLGQNVN YRG   DG +   A L+  +AA+D I+R+R+TTSHP
Sbjct  181  LFEIAQLAEQGVREVNLLGQNVNAYRGETFDGGICTFAELLRLVAAIDGIDRVRYTTSHP  240

Query  241  SAFSENLIDAYAEEPKLANHLHLPVQSGSDRILAAMKRNYTVLEYKSKIRKLRAVRPDIS  300
              F++++I+ Y + P+L + LHLP+QSG+DR+L  MKRN+T LEYK+ IRKLR VRP+I 
Sbjct  241  IEFTDDIIEVYRDTPELVSFLHLPIQSGADRVLTMMKRNHTALEYKAIIRKLREVRPNIQ  300

Query  301  LSSDFIIGFPGETDADFEATMNLIHDMGFDHSFSFIYSPRPGTPAAQLPDDVPMAVKKER  360
            +SSDFI+GFPGET  DFE TM +I  + FD SFSFIYS RPGTPAA LPDD+    KKER
Sbjct  301  ISSDFIVGFPGETAEDFEQTMKVIEQVNFDMSFSFIYSARPGTPAADLPDDISEEEKKER  360

Query  361  LAILQNRINAKAAEISQSMVGTQQRILVTGPSKKYPDQLSGRTENNRVVNFNGDTPLIGQ  420
            LA LQ RIN +A + S++M+GT+QR+LV GPSKK   +L+GRTENNR+VNF G   +IG+
Sbjct  361  LARLQQRINHQAMQFSRAMLGTEQRVLVEGPSKKDIMELTGRTENNRIVNFQGTPDMIGK  420

Query  421  MVTIKIKEARPYSLWGEI  438
             V IKI +    SL G++
Sbjct  421  FVDIKITDVYTNSLRGDV  438


>A0KTX4 tRNA-2-methylthio-N(6)-dimethylallyladenosine synthase OS=Shewanella 
sp. (strain ANA-3) OX=94122 GN=miaB PE=3 SV=1
Length=474

 Score = 603 bits (1556),  Expect = 0.0, Method: Compositional matrix adjust.
 Identities = 286/436 (66%), Positives = 342/436 (78%), Gaps = 0/436 (0%)

Query  2    KKLYLKTHGCQMNEYDSAKMADVLKFSHGLELTEDPAVADVFLLNTCSVREKAQTKVFSE  61
            KKL++KT GCQMNEYDS+KMAD+L    G  LTE+   AD+ LLNTCS+REKAQ KVF +
Sbjct  3    KKLHIKTWGCQMNEYDSSKMADLLGEYQGYTLTEEAEEADILLLNTCSIREKAQEKVFHQ  62

Query  62   LGRWRPFKEKRPHVVIGVGGCVASQEGETILKQAPFVDIVFGPQTLHRLPDLLDSVIQKR  121
            LGRW+  K+K P ++IGVGGCVASQEG+ I  +A  VDI+FGPQTLHRLPD++D V +  
Sbjct  63   LGRWKTLKDKNPDLIIGVGGCVASQEGKAIKDRAQCVDIIFGPQTLHRLPDMIDQVRRGE  122

Query  122  KSVVDITFPEIEKFDRLPQPRAEGPSAFVSIMEGCSKYCTFCVVPYTRGEEISRPFDDVI  181
            K+V+D++FPEIEKFDRLP+PRAEGP+AFVSIMEGCSKYC+FCVVPYTRGEE+SRP DD+I
Sbjct  123  KAVIDVSFPEIEKFDRLPEPRAEGPTAFVSIMEGCSKYCSFCVVPYTRGEEVSRPSDDII  182

Query  182  AEVASLCEQGVREITLLGQNVNDYRGLMHDGQVADLALLIHYLAAMDNIERIRFTTSHPS  241
             E+A L EQGVRE+ LLGQNVN YRG  HDG +   A L+ Y+AA+D I+RIRFTTSHP 
Sbjct  183  LEIAQLAEQGVREVNLLGQNVNAYRGATHDGGICTFAELLRYVAAIDGIDRIRFTTSHPI  242

Query  242  AFSENLIDAYAEEPKLANHLHLPVQSGSDRILAAMKRNYTVLEYKSKIRKLRAVRPDISL  301
             F++++ID Y + P+L + LHLPVQSGSDRIL AMKR +  +EYKS IR+LR  RPDI +
Sbjct  243  EFTQDIIDVYEDTPELVSFLHLPVQSGSDRILTAMKRGHMAIEYKSIIRRLRKARPDIQI  302

Query  302  SSDFIIGFPGETDADFEATMNLIHDMGFDHSFSFIYSPRPGTPAAQLPDDVPMAVKKERL  361
            SSDFIIGFPGET  DF  TM LI D+ FDHSFSFIYS RPGTPAA LPDDV M  KK+RL
Sbjct  303  SSDFIIGFPGETKEDFADTMKLIEDVAFDHSFSFIYSARPGTPAADLPDDVDMEEKKQRL  362

Query  362  AILQNRINAKAAEISQSMVGTQQRILVTGPSKKYPDQLSGRTENNRVVNFNGDTPLIGQM  421
            AILQ+RI  +A   S+ M+GT QRILV GPS K P +L GRTENNRVVNF G    IG  
Sbjct  363  AILQDRITQQAMRYSRHMMGTVQRILVEGPSVKNPMELRGRTENNRVVNFEGQPKHIGSF  422

Query  422  VTIKIKEARPYSLWGE  437
            V ++I +    SL G+
Sbjct  423  VDVEIVDVYTNSLRGK  438


>B0BQR0 tRNA-2-methylthio-N(6)-dimethylallyladenosine synthase OS=Actinobacillus 
pleuropneumoniae serotype 3 (strain JL03) OX=434271 
GN=miaB PE=3 SV=2
Length=475

 Score = 603 bits (1556),  Expect = 0.0, Method: Compositional matrix adjust.
 Identities = 279/438 (64%), Positives = 351/438 (80%), Gaps = 0/438 (0%)

Query  1    MKKLYLKTHGCQMNEYDSAKMADVLKFSHGLELTEDPAVADVFLLNTCSVREKAQTKVFS  60
            M KL++ T GCQMNEYDS+KMAD+L  +HGLELT+ P  ADV LLNTCS+REKAQ KVFS
Sbjct  1    MAKLHITTWGCQMNEYDSSKMADLLNSTHGLELTDKPEEADVLLLNTCSIREKAQEKVFS  60

Query  61   ELGRWRPFKEKRPHVVIGVGGCVASQEGETILKQAPFVDIVFGPQTLHRLPDLLDSVIQK  120
            +LGRW+ +K+ +P ++IGVGGCVASQEGE I  +APFVDIVFGPQTLHRLP++++ +   
Sbjct  61   QLGRWKNWKKDKPDLIIGVGGCVASQEGEHIRDRAPFVDIVFGPQTLHRLPEMINKIRGG  120

Query  121  RKSVVDITFPEIEKFDRLPQPRAEGPSAFVSIMEGCSKYCTFCVVPYTRGEEISRPFDDV  180
             +++VDI+FPEIEKFDRLP+PRAEGP+AFVSIMEGC+KYC+FCVVPYTRGEE+SRP DDV
Sbjct  121  DRAIVDISFPEIEKFDRLPEPRAEGPTAFVSIMEGCNKYCSFCVVPYTRGEEVSRPVDDV  180

Query  181  IAEVASLCEQGVREITLLGQNVNDYRGLMHDGQVADLALLIHYLAAMDNIERIRFTTSHP  240
            + E+A L EQGVRE+ LLGQNVN YRG   DG +   A L+  +AA+D I+R+R+TTSHP
Sbjct  181  LFEIAQLAEQGVREVNLLGQNVNAYRGETFDGGICTFAELLRLVAAIDGIDRVRYTTSHP  240

Query  241  SAFSENLIDAYAEEPKLANHLHLPVQSGSDRILAAMKRNYTVLEYKSKIRKLRAVRPDIS  300
              F++++I+ Y + P+L + LHLP+QSG+DR+L  MKRN+T LEYK+ IRKLR VRP+I 
Sbjct  241  IEFTDDIIEVYRDTPELVSFLHLPIQSGADRVLTMMKRNHTALEYKAIIRKLREVRPNIQ  300

Query  301  LSSDFIIGFPGETDADFEATMNLIHDMGFDHSFSFIYSPRPGTPAAQLPDDVPMAVKKER  360
            +SSDFI+GFPGET  DFE TM +I  + FD SFSFIYS RPGTPAA LPDD+    KK R
Sbjct  301  ISSDFIVGFPGETAEDFEQTMKVIEQVNFDMSFSFIYSARPGTPAADLPDDISEEEKKAR  360

Query  361  LAILQNRINAKAAEISQSMVGTQQRILVTGPSKKYPDQLSGRTENNRVVNFNGDTPLIGQ  420
            LA LQ RIN +A + S++M+GT+QR+LV GPSKK   +L+GRTENNR+VNF G   +IG+
Sbjct  361  LARLQQRINHQAMQFSRAMLGTEQRVLVEGPSKKDIMELTGRTENNRIVNFQGTPDMIGK  420

Query  421  MVTIKIKEARPYSLWGEI  438
             V IKI +    SL GE+
Sbjct  421  FVDIKITDVYTNSLRGEV  438


>A4JHN3 tRNA-2-methylthio-N(6)-dimethylallyladenosine synthase OS=Burkholderia 
vietnamiensis (strain G4 / LMG 22486) OX=269482 GN=miaB 
PE=3 SV=1
Length=457

 Score = 603 bits (1555),  Expect = 0.0, Method: Compositional matrix adjust.
 Identities = 292/443 (66%), Positives = 345/443 (78%), Gaps = 6/443 (1%)

Query  2    KKLYLKTHGCQMNEYDSAKMADVLKFSHGLELTEDPAVADVFLLNTCSVREKAQTKVFSE  61
            KK+Y+KT GCQMNEYDS KM DVL  + GLE T+ P  AD+ L NTCSVREKAQ KVFS+
Sbjct  3    KKVYVKTFGCQMNEYDSDKMVDVLNAAEGLEKTDTPEDADIILFNTCSVREKAQEKVFSD  62

Query  62   LGRWRPFKEKRPHVVIGVGGCVASQEGETILKQAPFVDIVFGPQTLHRLPDLLDSVIQKR  121
            LGR R  KE +P ++IGVGGCVASQEG +I+ +AP+VD+VFGPQTLHRLP ++D+     
Sbjct  63   LGRVRELKEAKPGLLIGVGGCVASQEGASIVSRAPYVDLVFGPQTLHRLPQMIDARRASG  122

Query  122  KSVVDITFPEIEKFDRLPQPRAEGPSAFVSIMEGCSKYCTFCVVPYTRGEEISRPFDDVI  181
            ++ VDITFPEIEKFD LP  R EGPSAFVSIMEGCSKYC++CVVPYTRG+E+SRP DDV+
Sbjct  123  RAQVDITFPEIEKFDHLPPARVEGPSAFVSIMEGCSKYCSYCVVPYTRGDEVSRPLDDVL  182

Query  182  AEVASLCEQGVREITLLGQNVNDYRGLMHDGQ--VADLALLIHYLAAMDNIERIRFTTSH  239
             EVA L +QGVRE+TLLGQNVN YRG +  G   +AD A LI Y+A +  IERIR+TTSH
Sbjct  183  TEVAGLADQGVREVTLLGQNVNAYRGALSAGSADIADFATLIEYVADIPGIERIRYTTSH  242

Query  240  PSAFSENLIDAYAEEPKLANHLHLPVQSGSDRILAAMKRNYTVLEYKSKIRKLRAVRPDI  299
            P  F++ LID YA+ PKL +HLHLPVQ GSDRIL AMKR YTVLEYKS IRKLRA+RPD+
Sbjct  243  PKEFTQRLIDTYAKVPKLVSHLHLPVQHGSDRILMAMKRGYTVLEYKSVIRKLRAIRPDL  302

Query  300  SLSSDFIIGFPGETDADFEATMNLIHDMGFDHSFSFIYSPRPGTPAAQLPDDVPMAVKKE  359
            SLS+D I+GFPGET+ DF+  M L+H+M +D SFSFIYSPRPGTPAA L DD P  VK +
Sbjct  303  SLSTDMIVGFPGETEDDFDKMMALVHEMSYDTSFSFIYSPRPGTPAANLHDDTPREVKLK  362

Query  360  RLAILQNRINAKAAEISQSMVGTQQRILVTGPSKKYPDQLSGRTENNRVVNFNGDTP---  416
            RL  LQ  I    A ISQSMVG  +RILV GPS+K P++LSGRTENNRVVNF        
Sbjct  363  RLQHLQATIEENVARISQSMVGKVERILVEGPSRKDPNELSGRTENNRVVNFPAPLASHP  422

Query  417  -LIGQMVTIKIKEARPYSLWGEI  438
             LIGQM+ +KI  A P+SL GE+
Sbjct  423  RLIGQMIDVKINHAYPHSLRGEL  445


>Q8Y206 tRNA-2-methylthio-N(6)-dimethylallyladenosine synthase OS=Ralstonia 
solanacearum (strain GMI1000) OX=267608 GN=miaB PE=3 
SV=1
Length=457

 Score = 602 bits (1553),  Expect = 0.0, Method: Compositional matrix adjust.
 Identities = 294/446 (66%), Positives = 353/446 (79%), Gaps = 8/446 (2%)

Query  1    MKKLYLKTHGCQMNEYDSAKMADVLKFSHGLELTEDPAVADVFLLNTCSVREKAQTKVFS  60
            MKK+++KT GCQMNEYDS KMADVL  + GL  T+ P  ADV L NTCSVREKAQ KVFS
Sbjct  1    MKKVFIKTFGCQMNEYDSDKMADVLNAAEGLVPTDTPEDADVILFNTCSVREKAQEKVFS  60

Query  61   ELGRWRPFKEKRPHVVIGVGGCVASQEGETILKQAPFVDIVFGPQTLHRLPDLLDSVIQK  120
            +LGR +  K + P +V+GVGGCVASQEG +I+ +AP+VD+VFGPQTLHRLP+L+D+  + 
Sbjct  61   DLGRVKALKARNPDLVVGVGGCVASQEGASIVARAPYVDVVFGPQTLHRLPELIDARRRT  120

Query  121  RKSVVDITFPEIEKFDRLPQPRAEGPSAFVSIMEGCSKYCTFCVVPYTRGEEISRPFDDV  180
             +  VD++FPEIEKFD LP  R EGPSAFVSIMEGCSKYC++CVVPYTRGEE+SRPF+DV
Sbjct  121  GRPQVDVSFPEIEKFDHLPPARVEGPSAFVSIMEGCSKYCSYCVVPYTRGEEVSRPFEDV  180

Query  181  IAEVASLCEQGVREITLLGQNVNDYRGLMHD-GQVADLALLIHYLAAMDNIERIRFTTSH  239
            +AEVA L EQGVRE+TLLGQNVN Y G M    + AD ALL+ Y+A +  IERIR+TTSH
Sbjct  181  LAEVAGLAEQGVREVTLLGQNVNAYIGKMGGTSERADFALLLEYVAEIPGIERIRYTTSH  240

Query  240  PSAFSENLIDAYAEEPKLANHLHLPVQSGSDRILAAMKRNYTVLEYKSKIRKLRAVRPDI  299
            P  F+  LI+AYA   KL +HLHLPVQ GSDRIL AMKR YTVLEYKS IRKLRA+RPDI
Sbjct  241  PKEFTARLIEAYATNRKLVDHLHLPVQHGSDRILMAMKRGYTVLEYKSIIRKLRAIRPDI  300

Query  300  SLSSDFIIGFPGETDADFEATMNLIHDMGFDHSFSFIYSPRPGTPAAQLPDDVPMAVKKE  359
            S+++DFI+GFPGETDADF  TM+L+H++G+D+SFSFIYSPRPGTPAA L DD P AVK E
Sbjct  301  SIATDFIVGFPGETDADFAKTMDLVHEIGYDNSFSFIYSPRPGTPAANLHDDTPHAVKLE  360

Query  360  RLAILQNRINAKAAEISQSMVGTQQRILVTGPSKKYPDQLSGRTENNRVVNFN-GDTP--  416
            RL  LQ  I+A  A IS+ MVG+ QRILV GPS+K P +L GRTENNRVVNF   D P  
Sbjct  361  RLKHLQATIDANMARISEGMVGSVQRILVEGPSRKDPSELHGRTENNRVVNFALPDLPQA  420

Query  417  ----LIGQMVTIKIKEARPYSLWGEI  438
                L+GQM+ ++I  A P+SL G++
Sbjct  421  RRDQLVGQMLDVRIVHAYPHSLRGDV  446


>A4VQY3 tRNA-2-methylthio-N(6)-dimethylallyladenosine synthase OS=Pseudomonas 
stutzeri (strain A1501) OX=379731 GN=miaB PE=3 SV=2
Length=437

 Score = 602 bits (1553),  Expect = 0.0, Method: Compositional matrix adjust.
 Identities = 287/438 (66%), Positives = 348/438 (79%), Gaps = 6/438 (1%)

Query  2    KKLYLKTHGCQMNEYDSAKMADVLKFSHGLELTEDPAVADVFLLNTCSVREKAQTKVFSE  61
            +KL+++THGCQMNEYDS++M D+L     +E+TE+PA ADV LLNTCS+REKAQ KVFS+
Sbjct  3    RKLFIETHGCQMNEYDSSRMVDLLGEHQAMEITENPAEADVILLNTCSIREKAQEKVFSQ  62

Query  62   LGRWRPFKEKRPHVVIGVGGCVASQEGETILKQAPFVDIVFGPQTLHRLPDLLDSVIQKR  121
            LGRWR  K+  P +VIGVGGCVASQEG  I  +AP+VD+VFGPQTLHRLP+++D+    R
Sbjct  63   LGRWRELKQDNPQLVIGVGGCVASQEGAAIRDRAPYVDVVFGPQTLHRLPEMIDAARTTR  122

Query  122  KSVVDITFPEIEKFDRLPQPRAEGPSAFVSIMEGCSKYCTFCVVPYTRGEEISRPFDDVI  181
               VDI+FPEIEKFDRLP+PR +GPSA+VS+MEGCSKYCTFCVVPYTRGEE+SRP  DV+
Sbjct  123  TPQVDISFPEIEKFDRLPEPRVDGPSAYVSVMEGCSKYCTFCVVPYTRGEEVSRPLADVL  182

Query  182  AEVASLCEQGVREITLLGQNVNDYRGLMHDGQVADLALLIHYLAAMDNIERIRFTTSHPS  241
            AE+  L E GV+E+TLLGQNVN YR   HDG   D A L+H +AA+D I RIR+TTSHP 
Sbjct  183  AEIVHLAENGVKEVTLLGQNVNGYR---HDGH--DFADLLHAVAAIDGIGRIRYTTSHPL  237

Query  242  AFSENLIDAYAEEPKLANHLHLPVQSGSDRILAAMKRNYTVLEYKSKIRKLRAVRPDISL  301
             FS+ +I A+A+ P+L  +LHLPVQ+GSDRILAAMKRN+T LEYKS+IR+L+A  PDI +
Sbjct  238  EFSDAIIQAHADIPQLVKYLHLPVQAGSDRILAAMKRNHTALEYKSRIRRLKAAVPDILI  297

Query  302  SSDFIIGFPGETDADFEATMNLIHDMGFDHSFSFIYSPRPGTPAAQLPDDVPMAVKKERL  361
            SSDFI+GFPGETD DFE TM LI D+GFD S+SF+YS RPGTPAA L DD P  VKK+RL
Sbjct  298  SSDFIVGFPGETDKDFEQTMKLIEDVGFDFSYSFVYSARPGTPAADLADDTPEEVKKQRL  357

Query  362  AILQNRINAKAAEISQSMVGTQQRILVTGPSKKYPDQLSGRTENNRVVNFNGDTP-LIGQ  420
            AILQ RIN +  E S+ MVGT QRILV+  SKK P  L GRTE+NR+VNF  D P LIGQ
Sbjct  358  AILQQRINQQGFENSRRMVGTTQRILVSDYSKKDPGMLQGRTEHNRIVNFRCDNPRLIGQ  417

Query  421  MVTIKIKEARPYSLWGEI  438
             V + I +A P+SL G +
Sbjct  418  FVDVHIDDALPHSLRGSL  435


>A0KN81 tRNA-2-methylthio-N(6)-dimethylallyladenosine synthase OS=Aeromonas 
hydrophila subsp. hydrophila (strain ATCC 7966 / DSM 
30187 / BCRC 13018 / CCUG 14551 / JCM 1027 / KCTC 2358 / NCIMB 
9240 / NCTC 8049) OX=380703 GN=miaB PE=3 SV=1
Length=477

 Score = 602 bits (1553),  Expect = 0.0, Method: Compositional matrix adjust.
 Identities = 286/436 (66%), Positives = 346/436 (79%), Gaps = 0/436 (0%)

Query  2    KKLYLKTHGCQMNEYDSAKMADVLKFSHGLELTEDPAVADVFLLNTCSVREKAQTKVFSE  61
            KKL++KT GCQMNEYDS+KMAD+L  S+G  LTE+P  ADV LLNTCS+REKAQ KVF +
Sbjct  3    KKLHIKTWGCQMNEYDSSKMADLLDASNGYTLTEEPEEADVLLLNTCSIREKAQEKVFHQ  62

Query  62   LGRWRPFKEKRPHVVIGVGGCVASQEGETILKQAPFVDIVFGPQTLHRLPDLLDSVIQKR  121
            LGRW+  K  +P +VIGVGGCVASQEG+ I  +AP+VDIVFGPQTLHRLP ++  V + R
Sbjct  63   LGRWKKLKANKPGLVIGVGGCVASQEGDNIRTRAPYVDIVFGPQTLHRLPTMIKQVQEGR  122

Query  122  KSVVDITFPEIEKFDRLPQPRAEGPSAFVSIMEGCSKYCTFCVVPYTRGEEISRPFDDVI  181
             + VD+ FPEIEKFD LP+PRAEG +AFVSIMEGCSKYC+FCVVPYTRGEE+SRP DDV+
Sbjct  123  GAQVDVAFPEIEKFDSLPEPRAEGATAFVSIMEGCSKYCSFCVVPYTRGEEVSRPLDDVL  182

Query  182  AEVASLCEQGVREITLLGQNVNDYRGLMHDGQVADLALLIHYLAAMDNIERIRFTTSHPS  241
             E+A L +QGVRE+ LLGQNVN YRG   DG +   A L+  +AA+D I+RIR+TTSHP 
Sbjct  183  YEIAQLAQQGVREVNLLGQNVNAYRGPTFDGGICTFAELLRLVAAIDGIDRIRYTTSHPI  242

Query  242  AFSENLIDAYAEEPKLANHLHLPVQSGSDRILAAMKRNYTVLEYKSKIRKLRAVRPDISL  301
             F++++I+ Y + P++ + LHLPVQSGSDRIL  MKR +TVLEYKSKIR+LRA RPDI++
Sbjct  243  EFTDDIIEVYKDTPEVVSFLHLPVQSGSDRILTMMKRPHTVLEYKSKIRRLRAARPDITI  302

Query  302  SSDFIIGFPGETDADFEATMNLIHDMGFDHSFSFIYSPRPGTPAAQLPDDVPMAVKKERL  361
            SSDFI+GFP ETD DFEATM LI ++ FD SFSFIYSPRPGTPAA LPDDV M VKK RL
Sbjct  303  SSDFIVGFPNETDEDFEATMKLIEEINFDMSFSFIYSPRPGTPAADLPDDVDMEVKKARL  362

Query  362  AILQNRINAKAAEISQSMVGTQQRILVTGPSKKYPDQLSGRTENNRVVNFNGDTPLIGQM  421
              LQ+ IN ++ +I ++M+G+ QRILV GPSK  P QL GRTENNRVVNF G   LIG  
Sbjct  363  TRLQHVINNQSMQIGRAMLGSTQRILVEGPSKLDPMQLCGRTENNRVVNFEGPHTLIGGF  422

Query  422  VTIKIKEARPYSLWGE  437
              ++I E RP SL G+
Sbjct  423  ADVEITEVRPNSLRGK  438


>Q0HXT7 tRNA-2-methylthio-N(6)-dimethylallyladenosine synthase OS=Shewanella 
sp. (strain MR-7) OX=60481 GN=miaB PE=3 SV=1
Length=474

 Score = 601 bits (1550),  Expect = 0.0, Method: Compositional matrix adjust.
 Identities = 285/436 (65%), Positives = 342/436 (78%), Gaps = 0/436 (0%)

Query  2    KKLYLKTHGCQMNEYDSAKMADVLKFSHGLELTEDPAVADVFLLNTCSVREKAQTKVFSE  61
            KKL++KT GCQMNEYDS+KMAD+L    G  LTE+   AD+ LLNTCS+REKAQ KVF +
Sbjct  3    KKLHIKTWGCQMNEYDSSKMADLLGEYQGYTLTEEAEEADILLLNTCSIREKAQEKVFHQ  62

Query  62   LGRWRPFKEKRPHVVIGVGGCVASQEGETILKQAPFVDIVFGPQTLHRLPDLLDSVIQKR  121
            LGRW+  K+K P ++IGVGGCVASQEG+ I  +A  VDI+FGPQTLHRLPD+++ V +  
Sbjct  63   LGRWKTLKDKNPDLIIGVGGCVASQEGKAIKDRAHCVDIIFGPQTLHRLPDMIEQVRRGE  122

Query  122  KSVVDITFPEIEKFDRLPQPRAEGPSAFVSIMEGCSKYCTFCVVPYTRGEEISRPFDDVI  181
            K+V+D++FPEIEKFDRLP+PRAEGP+AFVSIMEGCSKYC+FCVVPYTRGEE+SRP DD+I
Sbjct  123  KAVIDVSFPEIEKFDRLPEPRAEGPTAFVSIMEGCSKYCSFCVVPYTRGEEVSRPSDDII  182

Query  182  AEVASLCEQGVREITLLGQNVNDYRGLMHDGQVADLALLIHYLAAMDNIERIRFTTSHPS  241
             E+A L EQGVRE+ LLGQNVN YRG  HDG +   A L+ Y+AA+D I+RIRFTTSHP 
Sbjct  183  LEIAQLAEQGVREVNLLGQNVNAYRGATHDGGICTFAELLRYVAAIDGIDRIRFTTSHPI  242

Query  242  AFSENLIDAYAEEPKLANHLHLPVQSGSDRILAAMKRNYTVLEYKSKIRKLRAVRPDISL  301
             F++++ID Y + P+L + LHLPVQSGSDRIL AMKR +  +EYKS IR+LR  RPDI +
Sbjct  243  EFTQDIIDVYEDTPELVSFLHLPVQSGSDRILTAMKRGHMAIEYKSIIRRLRKARPDIQI  302

Query  302  SSDFIIGFPGETDADFEATMNLIHDMGFDHSFSFIYSPRPGTPAAQLPDDVPMAVKKERL  361
            SSDFIIGFPGET  DF  TM LI D+ FDHSFSFIYS RPGTPAA LPDDV M  KK+RL
Sbjct  303  SSDFIIGFPGETKEDFADTMKLIEDVAFDHSFSFIYSARPGTPAADLPDDVDMEEKKQRL  362

Query  362  AILQNRINAKAAEISQSMVGTQQRILVTGPSKKYPDQLSGRTENNRVVNFNGDTPLIGQM  421
            AILQ+RI  +A   S+ M+GT QRILV GPS K P +L GRTENNRVVNF G    IG  
Sbjct  363  AILQDRITQQAMRYSRHMMGTVQRILVEGPSVKNPMELRGRTENNRVVNFEGQPKHIGSF  422

Query  422  VTIKIKEARPYSLWGE  437
            V ++I +    SL G+
Sbjct  423  VDVEIVDVYTNSLRGK  438


>Q7VP74 tRNA-2-methylthio-N(6)-dimethylallyladenosine synthase OS=Haemophilus 
ducreyi (strain 35000HP / ATCC 700724) OX=233412 GN=miaB 
PE=3 SV=1
Length=475

 Score = 601 bits (1550),  Expect = 0.0, Method: Compositional matrix adjust.
 Identities = 280/438 (64%), Positives = 352/438 (80%), Gaps = 0/438 (0%)

Query  1    MKKLYLKTHGCQMNEYDSAKMADVLKFSHGLELTEDPAVADVFLLNTCSVREKAQTKVFS  60
            M KL++ T GCQMNEYDS+KMAD+L  +HGLELT+ P  AD+ LLNTCS+REKAQ KVFS
Sbjct  1    MAKLHITTWGCQMNEYDSSKMADLLNSTHGLELTDKPEEADILLLNTCSIREKAQEKVFS  60

Query  61   ELGRWRPFKEKRPHVVIGVGGCVASQEGETILKQAPFVDIVFGPQTLHRLPDLLDSVIQK  120
            +LGRW+ +K+ +P ++IGVGGCVASQEGE I ++APFVDIVFGPQTLHRLP++++ +   
Sbjct  61   QLGRWKNWKKDKPDLIIGVGGCVASQEGEHIRERAPFVDIVFGPQTLHRLPEMINQIRSG  120

Query  121  RKSVVDITFPEIEKFDRLPQPRAEGPSAFVSIMEGCSKYCTFCVVPYTRGEEISRPFDDV  180
             ++VVDI+FPEIEKFDRLP+P+AEGP+AFVSIMEGC+KYC+FCVVPYTRGEE+SRP DDV
Sbjct  121  DRAVVDISFPEIEKFDRLPEPKAEGPTAFVSIMEGCNKYCSFCVVPYTRGEEVSRPVDDV  180

Query  181  IAEVASLCEQGVREITLLGQNVNDYRGLMHDGQVADLALLIHYLAAMDNIERIRFTTSHP  240
            + E+A L EQGVRE+ LLGQNVN YRG   DG +   A L+  +AA+D I+R+R+TTSHP
Sbjct  181  LFEIAQLAEQGVREVNLLGQNVNAYRGETFDGGICTFAELLRLVAAIDGIDRLRYTTSHP  240

Query  241  SAFSENLIDAYAEEPKLANHLHLPVQSGSDRILAAMKRNYTVLEYKSKIRKLRAVRPDIS  300
              F++++I+ Y + P+L + LHLP+QSG+DR+L  MKRN+T LEYK+ IRKLRAVRP+I 
Sbjct  241  IEFTDDIIEVYRDTPELVSFLHLPIQSGADRVLTMMKRNHTALEYKAIIRKLRAVRPNIQ  300

Query  301  LSSDFIIGFPGETDADFEATMNLIHDMGFDHSFSFIYSPRPGTPAAQLPDDVPMAVKKER  360
            +SSDFI+GFPGET  DFE TM +I  + FD SFSFIYS RPGTPA+ LPDDV    KK+R
Sbjct  301  ISSDFIVGFPGETAEDFEQTMKIIEQVNFDMSFSFIYSARPGTPASDLPDDVSENEKKDR  360

Query  361  LAILQNRINAKAAEISQSMVGTQQRILVTGPSKKYPDQLSGRTENNRVVNFNGDTPLIGQ  420
            LA LQ RIN +A + S+ M+GT+QRILV GPSKK   +L+GRTE NRVVNF G   +IG+
Sbjct  361  LAHLQQRINHQAMQFSRLMLGTEQRILVEGPSKKDIMELTGRTETNRVVNFIGTPNMIGK  420

Query  421  MVTIKIKEARPYSLWGEI  438
             V IKI +    SL GE+
Sbjct  421  FVDIKITDVYSNSLRGEV  438


>Q0HLI3 tRNA-2-methylthio-N(6)-dimethylallyladenosine synthase OS=Shewanella 
sp. (strain MR-4) OX=60480 GN=miaB PE=3 SV=1
Length=474

 Score = 600 bits (1548),  Expect = 0.0, Method: Compositional matrix adjust.
 Identities = 285/436 (65%), Positives = 342/436 (78%), Gaps = 0/436 (0%)

Query  2    KKLYLKTHGCQMNEYDSAKMADVLKFSHGLELTEDPAVADVFLLNTCSVREKAQTKVFSE  61
            KKL++KT GCQMNEYDS+KMAD+L    G  LTE+   AD+ LLNTCS+REKAQ KVF +
Sbjct  3    KKLHIKTWGCQMNEYDSSKMADLLGEYQGYTLTEEAEEADILLLNTCSIREKAQEKVFHQ  62

Query  62   LGRWRPFKEKRPHVVIGVGGCVASQEGETILKQAPFVDIVFGPQTLHRLPDLLDSVIQKR  121
            LGRW+  K+K P ++IGVGGCVASQEG+ I  +A  VDI+FGPQTLHRLPD+++ V +  
Sbjct  63   LGRWKTLKDKNPDLIIGVGGCVASQEGKAIKDRAHCVDIIFGPQTLHRLPDMIEQVRRGE  122

Query  122  KSVVDITFPEIEKFDRLPQPRAEGPSAFVSIMEGCSKYCTFCVVPYTRGEEISRPFDDVI  181
            K+V+D++FPEIEKFDRLP+PRAEGP+AFVSIMEGCSKYC+FCVVPYTRGEE+SRP DD+I
Sbjct  123  KAVIDVSFPEIEKFDRLPEPRAEGPTAFVSIMEGCSKYCSFCVVPYTRGEEVSRPSDDII  182

Query  182  AEVASLCEQGVREITLLGQNVNDYRGLMHDGQVADLALLIHYLAAMDNIERIRFTTSHPS  241
             E+A L EQGVRE+ LLGQNVN YRG  HDG +   A L+ Y+AA+D I+RIRFTTSHP 
Sbjct  183  LEIAQLAEQGVREVNLLGQNVNAYRGATHDGGICTFAELLRYVAAIDGIDRIRFTTSHPI  242

Query  242  AFSENLIDAYAEEPKLANHLHLPVQSGSDRILAAMKRNYTVLEYKSKIRKLRAVRPDISL  301
             F++++ID Y + P+L + LHLPVQSGSDRIL AMKR +  +EYKS IR+LR  RPDI +
Sbjct  243  EFTQDIIDVYEDTPELVSFLHLPVQSGSDRILTAMKRGHMAIEYKSIIRRLRKARPDIQI  302

Query  302  SSDFIIGFPGETDADFEATMNLIHDMGFDHSFSFIYSPRPGTPAAQLPDDVPMAVKKERL  361
            SSDFIIGFPGET  DF  TM LI D+ FDHSFSFIYS RPGTPAA LPDDV M  KK+RL
Sbjct  303  SSDFIIGFPGETKEDFADTMKLIEDVAFDHSFSFIYSARPGTPAADLPDDVDMEEKKQRL  362

Query  362  AILQNRINAKAAEISQSMVGTQQRILVTGPSKKYPDQLSGRTENNRVVNFNGDTPLIGQM  421
            AILQ+RI  +A   S+ M+GT QRILV GPS K P +L GRTENNRVVNF G    IG  
Sbjct  363  AILQDRITQQAMRYSRHMMGTVQRILVEGPSVKNPMELRGRTENNRVVNFEGLPKHIGSF  422

Query  422  VTIKIKEARPYSLWGE  437
            V ++I +    SL G+
Sbjct  423  VDVEIVDVYTNSLRGK  438


>Q47Y80 tRNA-2-methylthio-N(6)-dimethylallyladenosine synthase OS=Colwellia 
psychrerythraea (strain 34H / ATCC BAA-681) OX=167879 
GN=miaB PE=3 SV=1
Length=480

 Score = 600 bits (1548),  Expect = 0.0, Method: Compositional matrix adjust.
 Identities = 277/437 (63%), Positives = 347/437 (79%), Gaps = 0/437 (0%)

Query  2    KKLYLKTHGCQMNEYDSAKMADVLKFSHGLELTEDPAVADVFLLNTCSVREKAQTKVFSE  61
            KKLY+KT GCQMNEYDS KMA++L  +HG  L E+   ADV LLNTCS+REKAQ KVF +
Sbjct  3    KKLYIKTWGCQMNEYDSQKMAELLDSTHGFSLVEEAEQADVILLNTCSIREKAQEKVFHQ  62

Query  62   LGRWRPFKEKRPHVVIGVGGCVASQEGETILKQAPFVDIVFGPQTLHRLPDLLDSVIQKR  121
            LGRW+  K+K+P ++IGVGGCVASQEG++I K+APFVD++FGPQTLHRLP++L+ +   +
Sbjct  63   LGRWKNLKDKKPDLLIGVGGCVASQEGDSIRKRAPFVDMIFGPQTLHRLPEMLNQLQHSK  122

Query  122  KSVVDITFPEIEKFDRLPQPRAEGPSAFVSIMEGCSKYCTFCVVPYTRGEEISRPFDDVI  181
              ++D++FPEIEKFDRLP+P+A+G SAFVSIMEGCSKYCTFCVVPYTRGEE+SRP DDV+
Sbjct  123  SPIIDVSFPEIEKFDRLPEPKADGASAFVSIMEGCSKYCTFCVVPYTRGEEVSRPLDDVL  182

Query  182  AEVASLCEQGVREITLLGQNVNDYRGLMHDGQVADLALLIHYLAAMDNIERIRFTTSHPS  241
             E+A L EQGVRE+ LLGQNVN YRG  HDG +   A L+  +A +D I+RIR+TTSHP 
Sbjct  183  YEIAQLAEQGVREVNLLGQNVNAYRGETHDGSICRFADLVRLVATIDGIDRIRYTTSHPV  242

Query  242  AFSENLIDAYAEEPKLANHLHLPVQSGSDRILAAMKRNYTVLEYKSKIRKLRAVRPDISL  301
             F++++I+AY + P+L NHLHLPVQSG DRIL  MKR +T LEYKS+IRKL+ VRP++S+
Sbjct  243  EFTDDIIEAYTDVPELVNHLHLPVQSGCDRILTQMKRGHTALEYKSQIRKLKKVRPELSM  302

Query  302  SSDFIIGFPGETDADFEATMNLIHDMGFDHSFSFIYSPRPGTPAAQLPDDVPMAVKKERL  361
            SSDFIIGFPGETD DF ATM+LI  + FD SFSFIYS RPGTPAA LPDD+    KK+RL
Sbjct  303  SSDFIIGFPGETDEDFTATMDLIKAVDFDLSFSFIYSARPGTPAADLPDDISDQTKKDRL  362

Query  362  AILQNRINAKAAEISQSMVGTQQRILVTGPSKKYPDQLSGRTENNRVVNFNGDTPLIGQM  421
             +LQ +I  +A  I++ M+ T+QR+LV GPS+K P +L G+TENNR VNF     +IGQ 
Sbjct  363  KLLQEQITHQALRIARQMLNTEQRVLVEGPSRKNPMELRGKTENNRTVNFVAPHSVIGQF  422

Query  422  VTIKIKEARPYSLWGEI  438
            V IKI +    SL GE+
Sbjct  423  VDIKITDVVANSLRGEL  439


>Q0BC21 tRNA-2-methylthio-N(6)-dimethylallyladenosine synthase OS=Burkholderia 
ambifaria (strain ATCC BAA-244 / AMMD) OX=339670 GN=miaB 
PE=3 SV=1
Length=457

 Score = 600 bits (1548),  Expect = 0.0, Method: Compositional matrix adjust.
 Identities = 290/443 (65%), Positives = 345/443 (78%), Gaps = 6/443 (1%)

Query  2    KKLYLKTHGCQMNEYDSAKMADVLKFSHGLELTEDPAVADVFLLNTCSVREKAQTKVFSE  61
            KK+Y+KT GCQMNEYDS KM DVL  + GLE T+ P  AD+ L NTCSVREKAQ KVFS+
Sbjct  3    KKVYVKTFGCQMNEYDSDKMVDVLNAAEGLEKTDTPEDADIILFNTCSVREKAQEKVFSD  62

Query  62   LGRWRPFKEKRPHVVIGVGGCVASQEGETILKQAPFVDIVFGPQTLHRLPDLLDSVIQKR  121
            LGR R  KE +P ++IGVGGCVASQEG +I+ +AP+VD+VFGPQTLHRLP ++D      
Sbjct  63   LGRVRELKEAKPGLLIGVGGCVASQEGASIVSRAPYVDLVFGPQTLHRLPQMIDQRRASG  122

Query  122  KSVVDITFPEIEKFDRLPQPRAEGPSAFVSIMEGCSKYCTFCVVPYTRGEEISRPFDDVI  181
            ++ VDI+FPEIEKFD LP  R EGPSAFVSIMEGCSKYC++CVVPYTRG+E+SRP DDV+
Sbjct  123  RAQVDISFPEIEKFDHLPPARVEGPSAFVSIMEGCSKYCSYCVVPYTRGDEVSRPLDDVL  182

Query  182  AEVASLCEQGVREITLLGQNVNDYRGLMHDG--QVADLALLIHYLAAMDNIERIRFTTSH  239
             EVA L +QGVRE+TLLGQNVN YRG +  G  ++AD A LI Y+A +  IERIR+TTSH
Sbjct  183  TEVAGLADQGVREVTLLGQNVNAYRGALTAGSTEIADFATLIEYVADIPGIERIRYTTSH  242

Query  240  PSAFSENLIDAYAEEPKLANHLHLPVQSGSDRILAAMKRNYTVLEYKSKIRKLRAVRPDI  299
            P  F++ LID YA+ PKL +HLHLPVQ GSDRIL AMKR YTVLEYKS IRKLRA+RPD+
Sbjct  243  PKEFTQRLIDTYAKVPKLVSHLHLPVQHGSDRILMAMKRGYTVLEYKSVIRKLRAIRPDL  302

Query  300  SLSSDFIIGFPGETDADFEATMNLIHDMGFDHSFSFIYSPRPGTPAAQLPDDVPMAVKKE  359
            SLS+D I+GFPGET+ DF+  M L+H+M +D SFSFIYSPRPGTPAA L DD P  VK +
Sbjct  303  SLSTDMIVGFPGETEEDFDKMMALVHEMSYDTSFSFIYSPRPGTPAANLHDDTPREVKLK  362

Query  360  RLAILQNRINAKAAEISQSMVGTQQRILVTGPSKKYPDQLSGRTENNRVVNFNGDTP---  416
            RL  LQ  I    A IS+SMVG  +RILV GPS+K P++LSGRTENNRVVNF        
Sbjct  363  RLQHLQATIEENVARISRSMVGKVERILVEGPSRKDPNELSGRTENNRVVNFPAPLASHP  422

Query  417  -LIGQMVTIKIKEARPYSLWGEI  438
             LIGQM+ +KI  A P+SL GE+
Sbjct  423  RLIGQMIDVKINHAYPHSLRGEL  445


>B1YWB9 tRNA-2-methylthio-N(6)-dimethylallyladenosine synthase OS=Burkholderia 
ambifaria (strain MC40-6) OX=398577 GN=miaB PE=3 SV=1
Length=457

 Score = 600 bits (1548),  Expect = 0.0, Method: Compositional matrix adjust.
 Identities = 290/443 (65%), Positives = 345/443 (78%), Gaps = 6/443 (1%)

Query  2    KKLYLKTHGCQMNEYDSAKMADVLKFSHGLELTEDPAVADVFLLNTCSVREKAQTKVFSE  61
            KK+Y+KT GCQMNEYDS KM DVL  + GLE T+ P  AD+ L NTCSVREKAQ KVFS+
Sbjct  3    KKVYIKTFGCQMNEYDSDKMVDVLNAAEGLEKTDTPEDADIILFNTCSVREKAQEKVFSD  62

Query  62   LGRWRPFKEKRPHVVIGVGGCVASQEGETILKQAPFVDIVFGPQTLHRLPDLLDSVIQKR  121
            LGR R  KE +P ++IGVGGCVASQEG +I+ +AP+VD+VFGPQTLHRLP ++D      
Sbjct  63   LGRVRELKEAKPGLLIGVGGCVASQEGASIVSRAPYVDLVFGPQTLHRLPQMIDQRRASG  122

Query  122  KSVVDITFPEIEKFDRLPQPRAEGPSAFVSIMEGCSKYCTFCVVPYTRGEEISRPFDDVI  181
            ++ VDI+FPEIEKFD LP  R EGPSAFVSIMEGCSKYC++CVVPYTRG+E+SRP DDV+
Sbjct  123  RAQVDISFPEIEKFDHLPPARVEGPSAFVSIMEGCSKYCSYCVVPYTRGDEVSRPLDDVL  182

Query  182  AEVASLCEQGVREITLLGQNVNDYRGLMHDG--QVADLALLIHYLAAMDNIERIRFTTSH  239
             EVA L +QGVRE+TLLGQNVN YRG +  G  ++AD A LI Y+A +  IERIR+TTSH
Sbjct  183  TEVAGLADQGVREVTLLGQNVNAYRGALTAGSTEIADFATLIEYVADIPGIERIRYTTSH  242

Query  240  PSAFSENLIDAYAEEPKLANHLHLPVQSGSDRILAAMKRNYTVLEYKSKIRKLRAVRPDI  299
            P  F++ LID YA+ PKL +HLHLPVQ GSDRIL AMKR YTVLEYKS IRKLRA+RPD+
Sbjct  243  PKEFTQRLIDTYAKVPKLVSHLHLPVQHGSDRILMAMKRGYTVLEYKSVIRKLRAIRPDL  302

Query  300  SLSSDFIIGFPGETDADFEATMNLIHDMGFDHSFSFIYSPRPGTPAAQLPDDVPMAVKKE  359
            SLS+D I+GFPGET+ DF+  M L+H+M +D SFSFIYSPRPGTPAA L DD P  VK +
Sbjct  303  SLSTDMIVGFPGETEEDFDKMMALVHEMSYDTSFSFIYSPRPGTPAANLHDDTPREVKLK  362

Query  360  RLAILQNRINAKAAEISQSMVGTQQRILVTGPSKKYPDQLSGRTENNRVVNFNGDTP---  416
            RL  LQ  I    A IS+SMVG  +RILV GPS+K P++LSGRTENNRVVNF        
Sbjct  363  RLQHLQATIEENVARISRSMVGKVERILVEGPSRKDPNELSGRTENNRVVNFPAPLASHP  422

Query  417  -LIGQMVTIKIKEARPYSLWGEI  438
             LIGQM+ +KI  A P+SL GE+
Sbjct  423  RLIGQMIDVKINHAYPHSLRGEL  445


>Q7WMN3 tRNA-2-methylthio-N(6)-dimethylallyladenosine synthase OS=Bordetella 
bronchiseptica (strain ATCC BAA-588 / NCTC 13252 / RB50) 
OX=257310 GN=miaB PE=3 SV=1
Length=475

 Score = 600 bits (1547),  Expect = 0.0, Method: Compositional matrix adjust.
 Identities = 284/440 (65%), Positives = 348/440 (79%), Gaps = 1/440 (0%)

Query  1    MKKLYLKTHGCQMNEYDSAKMADVLKFSHGLELTEDPAVADVFLLNTCSVREKAQTKVFS  60
            + KLY++T GCQMNEYDS KMADVL+   GLELT++P  ADV L NTCSVREKAQ KVFS
Sbjct  26   LGKLYIRTFGCQMNEYDSDKMADVLRADQGLELTDNPEDADVILFNTCSVREKAQEKVFS  85

Query  61   ELGRWRPFKEKRPHVVIGVGGCVASQEGETILKQAPFVDIVFGPQTLHRLPDLLDSVIQK  120
            +LGR +  K++ P++VIGVGGCVASQEGE I+K+AP+VD+VFGPQTLHRLPDL+     +
Sbjct  86   DLGRVQHLKKQNPNLVIGVGGCVASQEGEAIVKRAPYVDVVFGPQTLHRLPDLIKRRRAQ  145

Query  121  RKSVVDITFPEIEKFDRLPQPRAEGPSAFVSIMEGCSKYCTFCVVPYTRGEEISRPFDDV  180
              S VDI+FPEIEKFD LP PR +G +AFVSIMEGCSKYC+FCVVPYTRGEE+SRPFDDV
Sbjct  146  GVSQVDISFPEIEKFDALPPPRVDGATAFVSIMEGCSKYCSFCVVPYTRGEEVSRPFDDV  205

Query  181  IAEVASLCEQGVREITLLGQNVNDYRGLMHD-GQVADLALLIHYLAAMDNIERIRFTTSH  239
            + EVA L +QGV+E+TLLGQNVN YRG M D G++AD A+L+ Y+  +  IERIR+TTSH
Sbjct  206  LLEVADLADQGVKEVTLLGQNVNAYRGAMGDSGEIADFAMLLEYVHEIPGIERIRYTTSH  265

Query  240  PSAFSENLIDAYAEEPKLANHLHLPVQSGSDRILAAMKRNYTVLEYKSKIRKLRAVRPDI  299
            P   ++ ++DAYA  PKL + LHLPVQ+GSDR+LAAMKR YT LE+KS +R+LRA RP +
Sbjct  266  PKEMTQRMVDAYARLPKLVSFLHLPVQAGSDRVLAAMKRGYTALEFKSVVRRLRAARPSL  325

Query  300  SLSSDFIIGFPGETDADFEATMNLIHDMGFDHSFSFIYSPRPGTPAAQLPDDVPMAVKKE  359
            +LSSDFI+GFPGET+ DF+ TM LI D+GFD SFSF+YS RPGTPAA L DD P  VK  
Sbjct  326  TLSSDFIVGFPGETEEDFQKTMKLIEDVGFDTSFSFVYSRRPGTPAADLHDDTPQDVKLR  385

Query  360  RLAILQNRINAKAAEISQSMVGTQQRILVTGPSKKYPDQLSGRTENNRVVNFNGDTPLIG  419
            RL  LQ  IN +AA I+Q M+GT+QR+LV GPS++ P++L GRTENNR+VNF G   LIG
Sbjct  386  RLQQLQALINQQAAAIAQGMIGTRQRVLVEGPSRRDPNELMGRTENNRIVNFPGVPRLIG  445

Query  420  QMVTIKIKEARPYSLWGEIC  439
             MV + +  A   SL G + 
Sbjct  446  HMVDVVVTHAHTNSLRGRVA  465


>A4G267 tRNA-2-methylthio-N(6)-dimethylallyladenosine synthase OS=Herminiimonas 
arsenicoxydans OX=204773 GN=miaB PE=3 SV=1
Length=446

 Score = 600 bits (1546),  Expect = 0.0, Method: Compositional matrix adjust.
 Identities = 291/440 (66%), Positives = 343/440 (78%), Gaps = 3/440 (1%)

Query  2    KKLYLKTHGCQMNEYDSAKMADVLKFSHGLELTEDPAVADVFLLNTCSVREKAQTKVFSE  61
            KK+Y+KT GCQMNEYDS KMADVL  S GL  T+    ADV LLNTCSVREKAQ KVFS+
Sbjct  3    KKIYIKTFGCQMNEYDSDKMADVLNASDGLIKTDKAEDADVILLNTCSVREKAQEKVFSD  62

Query  62   LGRWRPFKEKRPHVVIGVGGCVASQEGETILKQAPFVDIVFGPQTLHRLPDLLDSVIQKR  121
            LGR R  K  +P ++IGVGGCVASQEG+ I+K+AP+VD+VFGPQTLHRLP++L       
Sbjct  63   LGRLRELKLLKPDLMIGVGGCVASQEGDAIIKRAPYVDLVFGPQTLHRLPEMLKQRRSTG  122

Query  122  KSVVDITFPEIEKFDRLPQPRAEGPSAFVSIMEGCSKYCTFCVVPYTRGEEISRPFDDVI  181
            +S VDI+FPEIEKFD +P  + EG +AFVSIMEGCSKYC++CVVPYTRGEE+SR FDDV+
Sbjct  123  RSQVDISFPEIEKFDHMPPAKVEGATAFVSIMEGCSKYCSYCVVPYTRGEEVSRRFDDVL  182

Query  182  AEVASLCEQGVREITLLGQNVNDYRGLMHDGQVADLALLIHYLAAMDNIERIRFTTSHPS  241
             EVA L  QGV+EITLLGQNVN YRG M DG++AD ALLI Y+A M+ IERIR+ TSHP 
Sbjct  183  TEVAGLEAQGVKEITLLGQNVNAYRGEMADGEIADFALLIEYIAEMEGIERIRYVTSHPK  242

Query  242  AFSENLIDAYAEEPKLANHLHLPVQSGSDRILAAMKRNYTVLEYKSKIRKLRAVRPDISL  301
             F++ LID YA+ PKL +HL+LP Q GSDRILAAMKR YT LEYKS +R+LRAVRP+IS+
Sbjct  243  EFTQRLIDTYAKVPKLVDHLYLPAQHGSDRILAAMKRGYTSLEYKSILRRLRAVRPNISI  302

Query  302  SSDFIIGFPGETDADFEATMNLIHDMGFDHSFSFIYSPRPGTPAAQLPDDVPMAVKKERL  361
            SSDFI+GFPGETD DFEA M LI D+G+D+SFSFI+SPRPGTPAA L DD P  VK +RL
Sbjct  303  SSDFIVGFPGETDEDFEAMMKLIDDIGYDNSFSFIFSPRPGTPAANLADDTPHEVKLKRL  362

Query  362  AILQNRINAKAAEISQSMVGTQQRILVTGPSKKYPDQLSGRTENNRVVNFNGD---TPLI  418
              LQ  I+      S  MVG+ QRILV GPSKK  D+L GRTENNRVVNF+       LI
Sbjct  363  QRLQAVIDQNTRRYSDEMVGSVQRILVEGPSKKDADELQGRTENNRVVNFSAGPNAAHLI  422

Query  419  GQMVTIKIKEARPYSLWGEI  438
            GQMV + I ++  Y+L GEI
Sbjct  423  GQMVNVNITQSHAYTLRGEI  442


>Q1QV24 tRNA-2-methylthio-N(6)-dimethylallyladenosine synthase OS=Chromohalobacter 
salexigens (strain ATCC BAA-138 / DSM 3043 / CIP 
106854 / NCIMB 13768 / 1H11) OX=290398 GN=miaB PE=3 SV=2
Length=448

 Score = 600 bits (1546),  Expect = 0.0, Method: Compositional matrix adjust.
 Identities = 295/441 (67%), Positives = 347/441 (79%), Gaps = 3/441 (1%)

Query  2    KKLYLKTHGCQMNEYDSAKMADVLKFSHGLELTEDPAVADVFLLNTCSVREKAQTKVFSE  61
            KKL++KTHGCQMNEYDSA+MAD+L  SH LELT+D   ADV LLNTCS+REKAQ KVF +
Sbjct  3    KKLFIKTHGCQMNEYDSARMADLLGESHALELTDDERDADVILLNTCSIREKAQEKVFHQ  62

Query  62   LGRWRPFKEKRPHVVIGVGGCVASQEGETILKQAPFVDIVFGPQTLHRLPDLLDSVIQKR  121
            LGRW+  K   P +VIGVGGCVASQEGE I K+AP VD+VFGPQTLHRLP +LDS     
Sbjct  63   LGRWKKLKAANPDLVIGVGGCVASQEGEHIKKRAPHVDMVFGPQTLHRLPTMLDSRQGAE  122

Query  122  K-SVVDITFPEIEKFDRLPQPRAEGPSAFVSIMEGCSKYCTFCVVPYTRGEEISRPFDDV  180
              S+VD+TFPEIEKFD LP+P ++G +AFVS+MEGCSKYCTFCVVPYTRGEE+SRPF+ V
Sbjct  123  TISMVDVTFPEIEKFDHLPKPTSDGATAFVSVMEGCSKYCTFCVVPYTRGEEVSRPFESV  182

Query  181  IAEVASLCEQGVREITLLGQNVNDYRGLMHDGQVADLALLIHYLAAMDNIERIRFTTSHP  240
            + EV  L +QGVREI LLGQNVN YRG    G   DLA LI  +AA++ I+RIRFTTSHP
Sbjct  183  MEEVIHLADQGVREINLLGQNVNAYRGENQLGDEIDLAELIGCVAAVEGIDRIRFTTSHP  242

Query  241  SAFSENLIDAYAEEPKLANHLHLPVQSGSDRILAAMKRNYTVLEYKSKIRKLRAVRPDIS  300
              FS++LI+AY E P+L +HLHLPVQ+GSDRILAAMKR +TV EY  K+ ++RA+RPDIS
Sbjct  243  VEFSDSLIEAYGEIPELVSHLHLPVQAGSDRILAAMKRGHTVEEYVDKLERIRALRPDIS  302

Query  301  LSSDFIIGFPGETDADFEATMNLIHDMGFDHSFSFIYSPRPGTPAAQLPDDVPMAVKKER  360
             SSDFIIGFPGET+ DF  TMNLI  +GFD SFSF+YSPRPGTPAA L D+ P A KK+R
Sbjct  303  FSSDFIIGFPGETEEDFMDTMNLIQRIGFDASFSFVYSPRPGTPAANLEDETPEATKKQR  362

Query  361  LAILQNRINAKAAEISQSMVGTQQRILVTGPSKKYPDQLSGRTENNRVVNFNGDTP--LI  418
            LAILQ R+N +  +IS+ MVG  +RILVTG S K P QLSGRTENNRVVNF    P  LI
Sbjct  363  LAILQERLNQQTMQISRRMVGNTERILVTGFSPKDPGQLSGRTENNRVVNFRAPNPTELI  422

Query  419  GQMVTIKIKEARPYSLWGEIC  439
            G  V ++I EA P SL G++ 
Sbjct  423  GYFVDVEITEALPNSLRGDLA  443


>Q7WB66 tRNA-2-methylthio-N(6)-dimethylallyladenosine synthase OS=Bordetella 
parapertussis (strain 12822 / ATCC BAA-587 / NCTC 13253) 
OX=257311 GN=miaB PE=3 SV=1
Length=475

 Score = 600 bits (1546),  Expect = 0.0, Method: Compositional matrix adjust.
 Identities = 283/440 (64%), Positives = 348/440 (79%), Gaps = 1/440 (0%)

Query  1    MKKLYLKTHGCQMNEYDSAKMADVLKFSHGLELTEDPAVADVFLLNTCSVREKAQTKVFS  60
            + KLY++T GCQMNEYDS KMADVL+   GLELT++P  ADV L NTCSVREKAQ KVFS
Sbjct  26   LGKLYIRTFGCQMNEYDSDKMADVLRADQGLELTDNPEDADVILFNTCSVREKAQEKVFS  85

Query  61   ELGRWRPFKEKRPHVVIGVGGCVASQEGETILKQAPFVDIVFGPQTLHRLPDLLDSVIQK  120
            +LGR +  K++ P++VIGVGGCVASQEGE I+K+AP+VD+VFGPQTLHRLPDL+     +
Sbjct  86   DLGRVQHLKKQNPNLVIGVGGCVASQEGEAIVKRAPYVDVVFGPQTLHRLPDLIKRRRAQ  145

Query  121  RKSVVDITFPEIEKFDRLPQPRAEGPSAFVSIMEGCSKYCTFCVVPYTRGEEISRPFDDV  180
              S VDI+FPEIEKFD LP PR +G +AFVSIMEGCSKYC+FCVVPYTRGEE+SRPFDDV
Sbjct  146  GVSQVDISFPEIEKFDALPPPRVDGATAFVSIMEGCSKYCSFCVVPYTRGEEVSRPFDDV  205

Query  181  IAEVASLCEQGVREITLLGQNVNDYRGLMHD-GQVADLALLIHYLAAMDNIERIRFTTSH  239
            + E+A L +QGV+E+TLLGQNVN YRG M D G++AD A+L+ Y+  +  IERIR+TTSH
Sbjct  206  LLEIADLADQGVKEVTLLGQNVNAYRGAMGDSGEIADFAMLLEYVHEIPGIERIRYTTSH  265

Query  240  PSAFSENLIDAYAEEPKLANHLHLPVQSGSDRILAAMKRNYTVLEYKSKIRKLRAVRPDI  299
            P   ++ ++DAYA  PKL + LHLPVQ+GSDR+LAAMKR YT LE+KS +R+LRA RP +
Sbjct  266  PKEMTQRMVDAYARLPKLVSFLHLPVQAGSDRVLAAMKRGYTALEFKSVVRRLRAARPSL  325

Query  300  SLSSDFIIGFPGETDADFEATMNLIHDMGFDHSFSFIYSPRPGTPAAQLPDDVPMAVKKE  359
            +LSSDFI+GFPGET+ DF+ TM LI D+GFD SFSF+YS RPGTPAA L DD P  VK  
Sbjct  326  TLSSDFIVGFPGETEEDFQKTMKLIEDVGFDTSFSFVYSRRPGTPAADLHDDTPQDVKLR  385

Query  360  RLAILQNRINAKAAEISQSMVGTQQRILVTGPSKKYPDQLSGRTENNRVVNFNGDTPLIG  419
            RL  LQ  IN +AA I+Q M+GT+QR+LV GPS++ P++L GRTENNR+VNF G   LIG
Sbjct  386  RLQQLQALINQQAAAIAQGMIGTRQRVLVEGPSRRDPNELMGRTENNRIVNFPGVPRLIG  445

Query  420  QMVTIKIKEARPYSLWGEIC  439
             MV + +  A   SL G + 
Sbjct  446  HMVDVVVTHAHTNSLRGRVA  465


>Q8CX45 tRNA-2-methylthio-N(6)-dimethylallyladenosine synthase OS=Shewanella 
oneidensis (strain MR-1) OX=211586 GN=miaB PE=3 SV=1
Length=474

 Score = 599 bits (1544),  Expect = 0.0, Method: Compositional matrix adjust.
 Identities = 284/436 (65%), Positives = 342/436 (78%), Gaps = 0/436 (0%)

Query  2    KKLYLKTHGCQMNEYDSAKMADVLKFSHGLELTEDPAVADVFLLNTCSVREKAQTKVFSE  61
            KKL++KT GCQMNEYDS+KMAD+L    G  LTE+   AD+ LLNTCS+REKAQ KVF +
Sbjct  3    KKLHIKTWGCQMNEYDSSKMADLLGEYQGYTLTEEAEEADILLLNTCSIREKAQEKVFHQ  62

Query  62   LGRWRPFKEKRPHVVIGVGGCVASQEGETILKQAPFVDIVFGPQTLHRLPDLLDSVIQKR  121
            LGRW+  K+K P ++IGVGGCVASQEG+ I  +A  VDI+FGPQTLHRLP++++ V +  
Sbjct  63   LGRWKTLKDKNPDLIIGVGGCVASQEGKAIKDRAQCVDIIFGPQTLHRLPEMIEQVRRGE  122

Query  122  KSVVDITFPEIEKFDRLPQPRAEGPSAFVSIMEGCSKYCTFCVVPYTRGEEISRPFDDVI  181
            K+V+D++FPEIEKFDRLP+PRAEGP+AFVSIMEGCSKYC+FCVVPYTRGEE+SRP DD+I
Sbjct  123  KAVIDVSFPEIEKFDRLPEPRAEGPTAFVSIMEGCSKYCSFCVVPYTRGEEVSRPSDDII  182

Query  182  AEVASLCEQGVREITLLGQNVNDYRGLMHDGQVADLALLIHYLAAMDNIERIRFTTSHPS  241
             E+A L EQGVRE+ LLGQNVN YRG  HDG +   A L+ Y+AA+D I+RIRFTTSHP 
Sbjct  183  LEIAQLAEQGVREVNLLGQNVNAYRGATHDGGICTFAELLRYVAAIDGIDRIRFTTSHPI  242

Query  242  AFSENLIDAYAEEPKLANHLHLPVQSGSDRILAAMKRNYTVLEYKSKIRKLRAVRPDISL  301
             F++++ID Y + P+L + LHLPVQSGSDRIL AMKR +  +EYKS IR+LR  RPDI +
Sbjct  243  EFTQDIIDVYEDTPELVSFLHLPVQSGSDRILTAMKRGHMAIEYKSIIRRLRKARPDIQI  302

Query  302  SSDFIIGFPGETDADFEATMNLIHDMGFDHSFSFIYSPRPGTPAAQLPDDVPMAVKKERL  361
            SSDFIIGFPGET  DF  TM LI D+ FDHSFSFIYS RPGTPAA LPDDV M  KK+RL
Sbjct  303  SSDFIIGFPGETQEDFADTMKLIEDVAFDHSFSFIYSARPGTPAADLPDDVDMEEKKQRL  362

Query  362  AILQNRINAKAAEISQSMVGTQQRILVTGPSKKYPDQLSGRTENNRVVNFNGDTPLIGQM  421
            AILQ+RI  +A   S+ M+GT QRILV GPS K P +L GRTENNRVVNF G    IG  
Sbjct  363  AILQDRITQQAMRYSRHMMGTVQRILVEGPSVKNPMELRGRTENNRVVNFEGLPKHIGTF  422

Query  422  VTIKIKEARPYSLWGE  437
            V ++I +    SL G+
Sbjct  423  VDVEIVDVYTNSLRGK  438


>A1RGV4 tRNA-2-methylthio-N(6)-dimethylallyladenosine synthase OS=Shewanella 
sp. (strain W3-18-1) OX=351745 GN=miaB PE=3 SV=1
Length=474

 Score = 598 bits (1542),  Expect = 0.0, Method: Compositional matrix adjust.
 Identities = 283/436 (65%), Positives = 343/436 (79%), Gaps = 0/436 (0%)

Query  2    KKLYLKTHGCQMNEYDSAKMADVLKFSHGLELTEDPAVADVFLLNTCSVREKAQTKVFSE  61
            KKL++KT GCQMNEYDS+KMAD+L    G  LTED + AD+ LLNTCS+REKAQ KVF +
Sbjct  3    KKLHIKTWGCQMNEYDSSKMADLLGEYQGYTLTEDASEADILLLNTCSIREKAQEKVFHQ  62

Query  62   LGRWRPFKEKRPHVVIGVGGCVASQEGETILKQAPFVDIVFGPQTLHRLPDLLDSVIQKR  121
            LGRW+  K+K P+++IGVGGCVASQEG+ I  +A  VDI+FGPQTLHRLPD+++ V +  
Sbjct  63   LGRWKTLKDKNPNLIIGVGGCVASQEGKAIKDRAQCVDIIFGPQTLHRLPDMIEQVRRGD  122

Query  122  KSVVDITFPEIEKFDRLPQPRAEGPSAFVSIMEGCSKYCTFCVVPYTRGEEISRPFDDVI  181
            K+V+DI+FPEIEKFDRLP+PRAEGP+AFVSIMEGCSKYC+FCVVPYTRGEE+SRP DD+I
Sbjct  123  KAVIDISFPEIEKFDRLPEPRAEGPTAFVSIMEGCSKYCSFCVVPYTRGEEVSRPLDDII  182

Query  182  AEVASLCEQGVREITLLGQNVNDYRGLMHDGQVADLALLIHYLAAMDNIERIRFTTSHPS  241
             E+A L EQGVRE+ LLGQNVN YRG  HDG +   A L+ ++AA+D I+RIRFTTSHP 
Sbjct  183  LEIAQLAEQGVREVNLLGQNVNAYRGATHDGSICSFAELLRFVAAIDGIDRIRFTTSHPI  242

Query  242  AFSENLIDAYAEEPKLANHLHLPVQSGSDRILAAMKRNYTVLEYKSKIRKLRAVRPDISL  301
             F++++ID Y + P+L + LHLPVQSGSDRIL AMKR +  +EYKS IR+LR  R  I +
Sbjct  243  EFTQDIIDVYEDTPELVSFLHLPVQSGSDRILTAMKRGHMAIEYKSIIRRLRKAREGIQI  302

Query  302  SSDFIIGFPGETDADFEATMNLIHDMGFDHSFSFIYSPRPGTPAAQLPDDVPMAVKKERL  361
            SSDFIIGFPGET  DF  TM LI ++GFDHSFSFIYS RPGTPAA LPD+V M  KK+RL
Sbjct  303  SSDFIIGFPGETKEDFADTMKLIEEIGFDHSFSFIYSARPGTPAADLPDNVDMEEKKQRL  362

Query  362  AILQNRINAKAAEISQSMVGTQQRILVTGPSKKYPDQLSGRTENNRVVNFNGDTPLIGQM  421
            AILQ+RI  +A   S+ M+GT QRILV GPS K P +L GRTENNRVVNF G    IG  
Sbjct  363  AILQDRITQQAMRYSRHMMGTVQRILVEGPSVKNPMELRGRTENNRVVNFEGLPKHIGTF  422

Query  422  VTIKIKEARPYSLWGE  437
            V ++I +    SL G+
Sbjct  423  VDVEIVDVYTNSLRGK  438


>B2AHA4 tRNA-2-methylthio-N(6)-dimethylallyladenosine synthase OS=Cupriavidus 
taiwanensis (strain DSM 17343 / BCRC 17206 / CCUG 44338 
/ CIP 107171 / LMG 19424 / R1) OX=977880 GN=miaB PE=3 SV=1
Length=450

 Score = 598 bits (1541),  Expect = 0.0, Method: Compositional matrix adjust.
 Identities = 292/446 (65%), Positives = 345/446 (77%), Gaps = 8/446 (2%)

Query  1    MKKLYLKTHGCQMNEYDSAKMADVLKFSHGLELTEDPAVADVFLLNTCSVREKAQTKVFS  60
            MKK+++KT+GCQMNEYDS KM DVL  S GLE T++   ADV L NTCSVREKAQ KVFS
Sbjct  1    MKKVFVKTYGCQMNEYDSDKMVDVLNASQGLEATDNVEDADVILFNTCSVREKAQEKVFS  60

Query  61   ELGRWRPFKEKRPHVVIGVGGCVASQEGETILKQAPFVDIVFGPQTLHRLPDLLDSVIQK  120
            ELGR +  K  +P +VIGVGGCVASQEG +I+ +AP+VD+VFGPQTLHRLPDL+    + 
Sbjct  61   ELGRMKALKAVKPDLVIGVGGCVASQEGASIVSRAPYVDVVFGPQTLHRLPDLIARRQRT  120

Query  121  RKSVVDITFPEIEKFDRLPQPRAEGPSAFVSIMEGCSKYCTFCVVPYTRGEEISRPFDDV  180
             +S VDI+FPEIEKFD LP  R EGPSAFVSIMEGCSKYC++CVVPYTRGEE+SRPF+DV
Sbjct  121  GQSQVDISFPEIEKFDHLPPARVEGPSAFVSIMEGCSKYCSYCVVPYTRGEEVSRPFEDV  180

Query  181  IAEVASLCEQGVREITLLGQNVNDYRGLMHD-GQVADLALLIHYLAAMDNIERIRFTTSH  239
            +AEVA L EQGVRE+TLLGQNVN YRG M D  ++AD ALLI Y+A +  IERIR+TTSH
Sbjct  181  LAEVAGLAEQGVREVTLLGQNVNAYRGKMGDTSEIADFALLIEYVAEIPGIERIRYTTSH  240

Query  240  PSAFSENLIDAYAEEPKLANHLHLPVQSGSDRILAAMKRNYTVLEYKSKIRKLRAVRPDI  299
            P  F+  L++ Y    KL NHLHLPVQ  SDRIL AMKR Y+VLEYKS IR+LRA+RPD+
Sbjct  241  PKEFTSRLVELYGRCDKLVNHLHLPVQHASDRILMAMKRGYSVLEYKSIIRRLRALRPDM  300

Query  300  SLSSDFIIGFPGETDADFEATMNLIHDMGFDHSFSFIYSPRPGTPAAQLPDDVPMAVKKE  359
            S+SSDFI+GFPGETDADF+  M +I ++G+D SFSFI+SPRPGTPAA L DD P  VK +
Sbjct  301  SMSSDFIVGFPGETDADFDKLMAMIEEIGYDTSFSFIFSPRPGTPAANLHDDTPREVKLQ  360

Query  360  RLAILQNRINAKAAEISQSMVGTQQRILVTGPSKKYPDQLSGRTENNRVVNF-------N  412
            RL  LQ  I      ISQ MVGT QRILV GP++K P +L GRTENNRVVNF        
Sbjct  361  RLQRLQATIEENVQRISQGMVGTVQRILVEGPARKDPTELHGRTENNRVVNFALPGVPQA  420

Query  413  GDTPLIGQMVTIKIKEARPYSLWGEI  438
            G   L+GQ+V + I +A P+SL GEI
Sbjct  421  GRDRLVGQLVDVSITQAFPHSLRGEI  446


>A4Y9E1 tRNA-2-methylthio-N(6)-dimethylallyladenosine synthase OS=Shewanella 
putrefaciens (strain CN-32 / ATCC BAA-453) OX=319224 
GN=miaB PE=3 SV=1
Length=474

 Score = 597 bits (1540),  Expect = 0.0, Method: Compositional matrix adjust.
 Identities = 283/436 (65%), Positives = 343/436 (79%), Gaps = 0/436 (0%)

Query  2    KKLYLKTHGCQMNEYDSAKMADVLKFSHGLELTEDPAVADVFLLNTCSVREKAQTKVFSE  61
            KKL++KT GCQMNEYDS+KMAD+L    G  LTED + AD+ LLNTCS+REKAQ KVF +
Sbjct  3    KKLHIKTWGCQMNEYDSSKMADLLGEYQGYTLTEDASEADILLLNTCSIREKAQEKVFHQ  62

Query  62   LGRWRPFKEKRPHVVIGVGGCVASQEGETILKQAPFVDIVFGPQTLHRLPDLLDSVIQKR  121
            LGRW+  K+K P+++IGVGGCVASQEG+ I  +A  VDI+FGPQTLHRLPD+++ V +  
Sbjct  63   LGRWKTLKDKNPNLIIGVGGCVASQEGKAIKDRAQCVDIIFGPQTLHRLPDMIEQVRRGD  122

Query  122  KSVVDITFPEIEKFDRLPQPRAEGPSAFVSIMEGCSKYCTFCVVPYTRGEEISRPFDDVI  181
            K+V+DI+FPEIEKFDRLP+PRAEGP+AFVSIMEGCSKYC+FCVVPYTRGEE+SRP DD+I
Sbjct  123  KAVIDISFPEIEKFDRLPEPRAEGPTAFVSIMEGCSKYCSFCVVPYTRGEEVSRPLDDII  182

Query  182  AEVASLCEQGVREITLLGQNVNDYRGLMHDGQVADLALLIHYLAAMDNIERIRFTTSHPS  241
             E+A L EQGVRE+ LLGQNVN YRG  HDG +   A L+ ++AA+D I+RIRFTTSHP 
Sbjct  183  LEIAQLAEQGVREVNLLGQNVNAYRGATHDGSICSFAELLRFVAAIDGIDRIRFTTSHPI  242

Query  242  AFSENLIDAYAEEPKLANHLHLPVQSGSDRILAAMKRNYTVLEYKSKIRKLRAVRPDISL  301
             F++++ID Y + P+L + LHLPVQSGSDRIL AMKR +  +EYKS IR+LR  R  I +
Sbjct  243  EFTQDIIDVYEDTPELVSFLHLPVQSGSDRILTAMKRGHMAIEYKSIIRRLRKAREGIQI  302

Query  302  SSDFIIGFPGETDADFEATMNLIHDMGFDHSFSFIYSPRPGTPAAQLPDDVPMAVKKERL  361
            SSDFIIGFPGET  DF  TM LI ++GFDHSFSFIYS RPGTPAA LPD+V M  KK+RL
Sbjct  303  SSDFIIGFPGETKEDFADTMKLIEEIGFDHSFSFIYSARPGTPAADLPDNVDMEEKKQRL  362

Query  362  AILQNRINAKAAEISQSMVGTQQRILVTGPSKKYPDQLSGRTENNRVVNFNGDTPLIGQM  421
            AILQ+RI  +A   S+ M+GT QRILV GPS K P +L GRTENNRVVNF G    IG  
Sbjct  363  AILQDRITQQAMRYSRHMMGTVQRILVEGPSVKNPMELRGRTENNRVVNFEGLPKHIGTF  422

Query  422  VTIKIKEARPYSLWGE  437
            V ++I +    SL G+
Sbjct  423  VDVEIVDVYTNSLRGK  438


>Q0KE93 tRNA-2-methylthio-N(6)-dimethylallyladenosine synthase OS=Cupriavidus 
necator (strain ATCC 17699 / DSM 428 / KCTC 22496 / 
NCIMB 10442 / H16 / Stanier 337) OX=381666 GN=miaB PE=3 SV=1
Length=450

 Score = 597 bits (1539),  Expect = 0.0, Method: Compositional matrix adjust.
 Identities = 293/446 (66%), Positives = 344/446 (77%), Gaps = 8/446 (2%)

Query  1    MKKLYLKTHGCQMNEYDSAKMADVLKFSHGLELTEDPAVADVFLLNTCSVREKAQTKVFS  60
            MKK+++KT+GCQMNEYDS KM DVL  S GLE T++   ADV L NTCSVREKAQ KVFS
Sbjct  1    MKKVFVKTYGCQMNEYDSDKMVDVLNASQGLEPTDNVEEADVILFNTCSVREKAQEKVFS  60

Query  61   ELGRWRPFKEKRPHVVIGVGGCVASQEGETILKQAPFVDIVFGPQTLHRLPDLLDSVIQK  120
            ELGR +  K  +P +VIGVGGCVASQEG +I+ +AP+VD+VFGPQTLHRLPDL+    + 
Sbjct  61   ELGRMKALKAVKPDLVIGVGGCVASQEGASIVSRAPYVDVVFGPQTLHRLPDLIARRQRT  120

Query  121  RKSVVDITFPEIEKFDRLPQPRAEGPSAFVSIMEGCSKYCTFCVVPYTRGEEISRPFDDV  180
             +S VDI+FPEIEKFD LP  R EGPSAFVSIMEGCSKYC++CVVPYTRGEE+SRPF+DV
Sbjct  121  GQSQVDISFPEIEKFDHLPPARVEGPSAFVSIMEGCSKYCSYCVVPYTRGEEVSRPFEDV  180

Query  181  IAEVASLCEQGVREITLLGQNVNDYRGLMHD-GQVADLALLIHYLAAMDNIERIRFTTSH  239
            +AEVA L EQGVRE+TLLGQNVN YRG M D  ++AD ALLI Y+A +  IERIR+TTSH
Sbjct  181  LAEVAGLAEQGVREVTLLGQNVNAYRGKMGDTTEIADFALLIEYVAEIPGIERIRYTTSH  240

Query  240  PSAFSENLIDAYAEEPKLANHLHLPVQSGSDRILAAMKRNYTVLEYKSKIRKLRAVRPDI  299
            P  F+  L++ Y    KL NHLHLPVQ  SDRIL AMKR Y+VLEYKS IRKLR +RPD+
Sbjct  241  PKEFTSRLVELYGRCDKLVNHLHLPVQHASDRILMAMKRGYSVLEYKSIIRKLRVLRPDM  300

Query  300  SLSSDFIIGFPGETDADFEATMNLIHDMGFDHSFSFIYSPRPGTPAAQLPDDVPMAVKKE  359
            S+SSDFI+GFPGETDADFE  M +I ++G+D SFSFI+SPRPGTPAA L DD P  VK  
Sbjct  301  SMSSDFIVGFPGETDADFEKLMAMIEEIGYDTSFSFIFSPRPGTPAANLHDDTPHEVKLR  360

Query  360  RLAILQNRINAKAAEISQSMVGTQQRILVTGPSKKYPDQLSGRTENNRVVNF-------N  412
            RL  LQ  I      ISQ+MVGT QRILV GP++K P +L GRTENNRVVNF        
Sbjct  361  RLQRLQATIEENVQRISQNMVGTVQRILVEGPARKDPTELHGRTENNRVVNFALPGVPQA  420

Query  413  GDTPLIGQMVTIKIKEARPYSLWGEI  438
            G   L+GQ+V + I +A P+SL GEI
Sbjct  421  GRDRLVGQLVDVSITQAFPHSLRGEI  446


>Q7VZ86 tRNA-2-methylthio-N(6)-dimethylallyladenosine synthase OS=Bordetella 
pertussis (strain Tohama I / ATCC BAA-589 / NCTC 13251) 
OX=257313 GN=miaB PE=3 SV=1
Length=447

 Score = 597 bits (1539),  Expect = 0.0, Method: Compositional matrix adjust.
 Identities = 282/437 (65%), Positives = 346/437 (79%), Gaps = 1/437 (0%)

Query  4    LYLKTHGCQMNEYDSAKMADVLKFSHGLELTEDPAVADVFLLNTCSVREKAQTKVFSELG  63
            +Y++T GCQMNEYDS KMADVL+   GLELT++P  ADV L NTCSVREKAQ KVFS+LG
Sbjct  1    MYIRTFGCQMNEYDSDKMADVLRADQGLELTDNPEDADVILFNTCSVREKAQEKVFSDLG  60

Query  64   RWRPFKEKRPHVVIGVGGCVASQEGETILKQAPFVDIVFGPQTLHRLPDLLDSVIQKRKS  123
            R +  K++ P++VIGVGGCVASQEGE I+K+AP+VD+VFGPQTLHRLPDL+     +  S
Sbjct  61   RVQHLKKQNPNLVIGVGGCVASQEGEAIVKRAPYVDVVFGPQTLHRLPDLIKRRRAQGVS  120

Query  124  VVDITFPEIEKFDRLPQPRAEGPSAFVSIMEGCSKYCTFCVVPYTRGEEISRPFDDVIAE  183
             VDI+FPEIEKFD LP PR +G +AFVSIMEGCSKYC+FCVVPYTRGEE+SRPFDDV+ E
Sbjct  121  QVDISFPEIEKFDALPPPRVDGATAFVSIMEGCSKYCSFCVVPYTRGEEVSRPFDDVLLE  180

Query  184  VASLCEQGVREITLLGQNVNDYRGLMHD-GQVADLALLIHYLAAMDNIERIRFTTSHPSA  242
            VA L +QGV+E+TLLGQNVN YRG M D G++AD A+L+ Y+  +  IERIR+TTSHP  
Sbjct  181  VADLADQGVKEVTLLGQNVNAYRGAMGDSGEIADFAMLLEYVHEIPGIERIRYTTSHPKE  240

Query  243  FSENLIDAYAEEPKLANHLHLPVQSGSDRILAAMKRNYTVLEYKSKIRKLRAVRPDISLS  302
             ++ ++DAYA  PKL + LHLPVQ+GSDR+LAAMKR YT LE+KS +R+LRA RP ++LS
Sbjct  241  MTQRMVDAYARLPKLVSFLHLPVQAGSDRVLAAMKRGYTALEFKSVVRRLRAARPSLTLS  300

Query  303  SDFIIGFPGETDADFEATMNLIHDMGFDHSFSFIYSPRPGTPAAQLPDDVPMAVKKERLA  362
            SDFI+GFPGET+ DF+ TM LI D+GFD SFSF+YS RPGTPAA L DD P  VK  RL 
Sbjct  301  SDFIVGFPGETEEDFQKTMKLIEDVGFDTSFSFVYSRRPGTPAADLHDDTPQDVKLRRLQ  360

Query  363  ILQNRINAKAAEISQSMVGTQQRILVTGPSKKYPDQLSGRTENNRVVNFNGDTPLIGQMV  422
             LQ  IN +AA I+Q M+GT+QR+LV GPS++ P++L GRTENNR+VNF G   LIG MV
Sbjct  361  QLQALINQQAAAIAQGMIGTRQRVLVEGPSRRDPNELMGRTENNRIVNFPGVPRLIGHMV  420

Query  423  TIKIKEARPYSLWGEIC  439
             + +  A   SL G + 
Sbjct  421  DVVVTHAHTNSLRGRVA  437


>A1JQA3 tRNA-2-methylthio-N(6)-dimethylallyladenosine synthase OS=Yersinia 
enterocolitica serotype O:8 / biotype 1B (strain NCTC 
13174 / 8081) OX=393305 GN=miaB PE=3 SV=1
Length=474

 Score = 596 bits (1536),  Expect = 0.0, Method: Compositional matrix adjust.
 Identities = 282/435 (65%), Positives = 343/435 (79%), Gaps = 0/435 (0%)

Query  2    KKLYLKTHGCQMNEYDSAKMADVLKFSHGLELTEDPAVADVFLLNTCSVREKAQTKVFSE  61
            KKL++KT GCQMNEYDS+KMAD+L  +HG +LTE P  AD+ LLNTCS+REKAQ KVFS 
Sbjct  3    KKLHIKTWGCQMNEYDSSKMADLLASTHGYQLTEIPEEADLLLLNTCSIREKAQEKVFSL  62

Query  62   LGRWRPFKEKRPHVVIGVGGCVASQEGETILKQAPFVDIVFGPQTLHRLPDLLDSVIQKR  121
            LG+W+  KEK P ++IGVGGCVASQEGE + ++AP VD++FGPQTLHRLP++++ V    
Sbjct  63   LGQWKLLKEKNPELIIGVGGCVASQEGEHLRQRAPCVDVIFGPQTLHRLPEMINHVQGTH  122

Query  122  KSVVDITFPEIEKFDRLPQPRAEGPSAFVSIMEGCSKYCTFCVVPYTRGEEISRPFDDVI  181
              VVDI+FPEIEKFDRLP+PRAEGP+AFVSIMEGC+KYCTFCVVPYTRGEE+SRP DD++
Sbjct  123  SPVVDISFPEIEKFDRLPEPRAEGPTAFVSIMEGCNKYCTFCVVPYTRGEEVSRPSDDIL  182

Query  182  AEVASLCEQGVREITLLGQNVNDYRGLMHDGQVADLALLIHYLAAMDNIERIRFTTSHPS  241
             E+A L  QGVRE+ LLGQNVN YRG  +DG +   A L+  +AA+D I+R+RFTTSHP 
Sbjct  183  FEIAQLAAQGVREVNLLGQNVNAYRGATYDGDICSFAELLRLVAAIDGIDRVRFTTSHPI  242

Query  242  AFSENLIDAYAEEPKLANHLHLPVQSGSDRILAAMKRNYTVLEYKSKIRKLRAVRPDISL  301
             F++++ID Y + P+L + LHLPVQSGSDRIL  MKR +T LEYK+ IRKLR  RPDI +
Sbjct  243  EFTDDIIDVYRDTPELVSFLHLPVQSGSDRILTMMKRAHTALEYKAIIRKLRQARPDIQI  302

Query  302  SSDFIIGFPGETDADFEATMNLIHDMGFDHSFSFIYSPRPGTPAAQLPDDVPMAVKKERL  361
            SSDFIIGFPGET  DFE TM L+ D+ FD S+SFIYSPRPGTPAA LPDDV    KK+RL
Sbjct  303  SSDFIIGFPGETQQDFEQTMKLVADVRFDTSYSFIYSPRPGTPAADLPDDVSEEEKKQRL  362

Query  362  AILQNRINAKAAEISQSMVGTQQRILVTGPSKKYPDQLSGRTENNRVVNFNGDTPLIGQM  421
             ILQ RI  +A EIS+ MVGT QRILV G S+K   +L+GRTENNRVVNF G   +IG+ 
Sbjct  363  HILQQRITQQAMEISREMVGTVQRILVEGTSRKNVMELAGRTENNRVVNFEGTPEMIGKF  422

Query  422  VTIKIKEARPYSLWG  436
            V ++I +    SL G
Sbjct  423  VDVEIVDVYASSLRG  437


>A9KZZ3 tRNA-2-methylthio-N(6)-dimethylallyladenosine synthase OS=Shewanella 
baltica (strain OS195) OX=399599 GN=miaB PE=3 SV=1
Length=474

 Score = 596 bits (1536),  Expect = 0.0, Method: Compositional matrix adjust.
 Identities = 282/435 (65%), Positives = 342/435 (79%), Gaps = 0/435 (0%)

Query  2    KKLYLKTHGCQMNEYDSAKMADVLKFSHGLELTEDPAVADVFLLNTCSVREKAQTKVFSE  61
            KKL++KT GCQMNEYDS+KMAD+L    G  LTE+ + AD+ LLNTCS+REKAQ KVF +
Sbjct  3    KKLHIKTWGCQMNEYDSSKMADLLGEYQGYTLTEEASEADILLLNTCSIREKAQEKVFHQ  62

Query  62   LGRWRPFKEKRPHVVIGVGGCVASQEGETILKQAPFVDIVFGPQTLHRLPDLLDSVIQKR  121
            LGRW+  K+K P+++IGVGGCVASQEG+ I  +A  VDI+FGPQTLHRLP++++ V +  
Sbjct  63   LGRWKTLKDKNPNLIIGVGGCVASQEGKAIKDRAQCVDIIFGPQTLHRLPEMIEQVRRGD  122

Query  122  KSVVDITFPEIEKFDRLPQPRAEGPSAFVSIMEGCSKYCTFCVVPYTRGEEISRPFDDVI  181
            K+V+DI+FPEIEKFDRLP+PRAEGP+AFVSIMEGCSKYC+FCVVPYTRGEE+SRP DD+I
Sbjct  123  KAVIDISFPEIEKFDRLPEPRAEGPTAFVSIMEGCSKYCSFCVVPYTRGEEVSRPSDDII  182

Query  182  AEVASLCEQGVREITLLGQNVNDYRGLMHDGQVADLALLIHYLAAMDNIERIRFTTSHPS  241
             E+A L EQGVRE+ LLGQNVN YRG  HDG +   A L+ ++AA+D I+RIRFTTSHP 
Sbjct  183  LEIAQLAEQGVREVNLLGQNVNAYRGATHDGAICTFAELLRFVAAIDGIDRIRFTTSHPI  242

Query  242  AFSENLIDAYAEEPKLANHLHLPVQSGSDRILAAMKRNYTVLEYKSKIRKLRAVRPDISL  301
             F++++ID Y + P+L + LHLPVQSGSDRIL AMKR +  +EYKS IR+LR  R  I +
Sbjct  243  EFTQDIIDVYEDTPELVSFLHLPVQSGSDRILTAMKRGHMAIEYKSIIRRLRKAREGIQI  302

Query  302  SSDFIIGFPGETDADFEATMNLIHDMGFDHSFSFIYSPRPGTPAAQLPDDVPMAVKKERL  361
            SSDFIIGFPGET  DF  TM LI D+GFDHSFSFIYS RPGTPAA LPD+V M  KK+RL
Sbjct  303  SSDFIIGFPGETKEDFADTMKLIEDIGFDHSFSFIYSARPGTPAADLPDNVDMEEKKQRL  362

Query  362  AILQNRINAKAAEISQSMVGTQQRILVTGPSKKYPDQLSGRTENNRVVNFNGDTPLIGQM  421
            AILQ+RI  +A   S+ M+GT QRILV GPS K P +L GRTENNRVVNF G    IG  
Sbjct  363  AILQDRITQQAMRYSRHMMGTVQRILVEGPSVKNPMELRGRTENNRVVNFEGQPKHIGTF  422

Query  422  VTIKIKEARPYSLWG  436
            V ++I +    SL G
Sbjct  423  VDVEIVDVYTNSLRG  437


>A6WRJ1 tRNA-2-methylthio-N(6)-dimethylallyladenosine synthase OS=Shewanella 
baltica (strain OS185) OX=402882 GN=miaB PE=3 SV=1
Length=474

 Score = 596 bits (1536),  Expect = 0.0, Method: Compositional matrix adjust.
 Identities = 282/435 (65%), Positives = 342/435 (79%), Gaps = 0/435 (0%)

Query  2    KKLYLKTHGCQMNEYDSAKMADVLKFSHGLELTEDPAVADVFLLNTCSVREKAQTKVFSE  61
            KKL++KT GCQMNEYDS+KMAD+L    G  LTE+ + AD+ LLNTCS+REKAQ KVF +
Sbjct  3    KKLHIKTWGCQMNEYDSSKMADLLGEYQGYTLTEEASEADILLLNTCSIREKAQEKVFHQ  62

Query  62   LGRWRPFKEKRPHVVIGVGGCVASQEGETILKQAPFVDIVFGPQTLHRLPDLLDSVIQKR  121
            LGRW+  K+K P+++IGVGGCVASQEG+ I  +A  VDI+FGPQTLHRLP++++ V +  
Sbjct  63   LGRWKTLKDKNPNLIIGVGGCVASQEGKAIKDRAQCVDIIFGPQTLHRLPEMIEQVRRGD  122

Query  122  KSVVDITFPEIEKFDRLPQPRAEGPSAFVSIMEGCSKYCTFCVVPYTRGEEISRPFDDVI  181
            K+V+DI+FPEIEKFDRLP+PRAEGP+AFVSIMEGCSKYC+FCVVPYTRGEE+SRP DD+I
Sbjct  123  KAVIDISFPEIEKFDRLPEPRAEGPTAFVSIMEGCSKYCSFCVVPYTRGEEVSRPSDDII  182

Query  182  AEVASLCEQGVREITLLGQNVNDYRGLMHDGQVADLALLIHYLAAMDNIERIRFTTSHPS  241
             E+A L EQGVRE+ LLGQNVN YRG  HDG +   A L+ ++AA+D I+RIRFTTSHP 
Sbjct  183  LEIAQLAEQGVREVNLLGQNVNAYRGATHDGAICTFAELLRFVAAIDGIDRIRFTTSHPI  242

Query  242  AFSENLIDAYAEEPKLANHLHLPVQSGSDRILAAMKRNYTVLEYKSKIRKLRAVRPDISL  301
             F++++ID Y + P+L + LHLPVQSGSDRIL AMKR +  +EYKS IR+LR  R  I +
Sbjct  243  EFTQDIIDVYEDTPELVSFLHLPVQSGSDRILTAMKRGHMAIEYKSIIRRLRKAREGIQI  302

Query  302  SSDFIIGFPGETDADFEATMNLIHDMGFDHSFSFIYSPRPGTPAAQLPDDVPMAVKKERL  361
            SSDFIIGFPGET  DF  TM LI D+GFDHSFSFIYS RPGTPAA LPD+V M  KK+RL
Sbjct  303  SSDFIIGFPGETKEDFADTMKLIEDIGFDHSFSFIYSARPGTPAADLPDNVDMEEKKQRL  362

Query  362  AILQNRINAKAAEISQSMVGTQQRILVTGPSKKYPDQLSGRTENNRVVNFNGDTPLIGQM  421
            AILQ+RI  +A   S+ M+GT QRILV GPS K P +L GRTENNRVVNF G    IG  
Sbjct  363  AILQDRITQQAMRYSRHMMGTVQRILVEGPSVKNPMELRGRTENNRVVNFEGQPKHIGTF  422

Query  422  VTIKIKEARPYSLWG  436
            V ++I +    SL G
Sbjct  423  VDVEIVDVYTNSLRG  437


>B4EV28 tRNA-2-methylthio-N(6)-dimethylallyladenosine synthase OS=Proteus 
mirabilis (strain HI4320) OX=529507 GN=miaB PE=3 SV=1
Length=476

 Score = 596 bits (1536),  Expect = 0.0, Method: Compositional matrix adjust.
 Identities = 282/438 (64%), Positives = 346/438 (79%), Gaps = 0/438 (0%)

Query  1    MKKLYLKTHGCQMNEYDSAKMADVLKFSHGLELTEDPAVADVFLLNTCSVREKAQTKVFS  60
            +KKLY+KT GCQMNEYDS+KMAD+L+ +HG +LT+    AD+ LLNTCS+REKAQ KVF 
Sbjct  4    IKKLYIKTWGCQMNEYDSSKMADLLESTHGYQLTDVAEDADILLLNTCSIREKAQEKVFH  63

Query  61   ELGRWRPFKEKRPHVVIGVGGCVASQEGETILKQAPFVDIVFGPQTLHRLPDLLDSVIQK  120
            +LGRW+ FK+ +P ++IGVGGCVASQEGE I ++A  VDI+FGPQTLHRLP++++ V   
Sbjct  64   QLGRWKNFKDNKPDIIIGVGGCVASQEGEYIRQRAQCVDIIFGPQTLHRLPEMINQVKGT  123

Query  121  RKSVVDITFPEIEKFDRLPQPRAEGPSAFVSIMEGCSKYCTFCVVPYTRGEEISRPFDDV  180
            +  VVDI+FPEIEKFDRLP+PRAEGPSAFVSIMEGC+KYC+FCVVPYTRGEE+SRP DD+
Sbjct  124  KSPVVDISFPEIEKFDRLPEPRAEGPSAFVSIMEGCNKYCSFCVVPYTRGEEVSRPCDDI  183

Query  181  IAEVASLCEQGVREITLLGQNVNDYRGLMHDGQVADLALLIHYLAAMDNIERIRFTTSHP  240
            + E+A L  QGVRE+ LLGQNVN YRG   DGQ+   A L+  +AA+D I+RIRFTTSHP
Sbjct  184  LFEIAQLAAQGVREVNLLGQNVNAYRGETFDGQICSFAELLRLVAAIDGIDRIRFTTSHP  243

Query  241  SAFSENLIDAYAEEPKLANHLHLPVQSGSDRILAAMKRNYTVLEYKSKIRKLRAVRPDIS  300
              F++++I  Y + P+L + LHLPVQSGSDRIL  MKRN+T LEYKS IRKLR  RPDI 
Sbjct  244  IEFTDDIIAVYEDTPELVSFLHLPVQSGSDRILTLMKRNHTALEYKSIIRKLRKARPDIL  303

Query  301  LSSDFIIGFPGETDADFEATMNLIHDMGFDHSFSFIYSPRPGTPAAQLPDDVPMAVKKER  360
            +SSDFIIGFPGET  DFE TM LI D+ FD SFSFIYS RPGTPAA LPDDV    KK+R
Sbjct  304  ISSDFIIGFPGETQDDFEKTMKLIADVNFDMSFSFIYSARPGTPAADLPDDVSEEEKKQR  363

Query  361  LAILQNRINAKAAEISQSMVGTQQRILVTGPSKKYPDQLSGRTENNRVVNFNGDTPLIGQ  420
            L +LQ RIN +A   S++M+ + QRILV GPS+K   +LSGRTENNRVVNF G   +IG+
Sbjct  364  LYLLQQRINQQAMNYSRAMLNSVQRILVEGPSRKNVMELSGRTENNRVVNFEGTPDMIGK  423

Query  421  MVTIKIKEARPYSLWGEI  438
             V ++I +    SL G++
Sbjct  424  FVDVEIVDVYANSLRGKV  441


>A3D7M8 tRNA-2-methylthio-N(6)-dimethylallyladenosine synthase OS=Shewanella 
baltica (strain OS155 / ATCC BAA-1091) OX=325240 GN=miaB 
PE=3 SV=1
Length=474

 Score = 595 bits (1534),  Expect = 0.0, Method: Compositional matrix adjust.
 Identities = 281/435 (65%), Positives = 342/435 (79%), Gaps = 0/435 (0%)

Query  2    KKLYLKTHGCQMNEYDSAKMADVLKFSHGLELTEDPAVADVFLLNTCSVREKAQTKVFSE  61
            KKL++KT GCQMNEYDS+KMAD+L    G  LTE+ + AD+ LLNTCS+REKAQ KVF +
Sbjct  3    KKLHIKTWGCQMNEYDSSKMADLLGEYQGYTLTEEASEADILLLNTCSIREKAQEKVFHQ  62

Query  62   LGRWRPFKEKRPHVVIGVGGCVASQEGETILKQAPFVDIVFGPQTLHRLPDLLDSVIQKR  121
            LGRW+  K+K P+++IGVGGCVASQEG+ I  +A  VDI+FGPQTLHRLP++++ V +  
Sbjct  63   LGRWKTLKDKNPNLIIGVGGCVASQEGKAIKDRAQCVDIIFGPQTLHRLPEMIEQVRRGE  122

Query  122  KSVVDITFPEIEKFDRLPQPRAEGPSAFVSIMEGCSKYCTFCVVPYTRGEEISRPFDDVI  181
            K+V+DI+FPEIEKFDRLP+PRAEGP+AFVSIMEGCSKYC+FCVVPYTRGEE+SRP DD+I
Sbjct  123  KAVIDISFPEIEKFDRLPEPRAEGPTAFVSIMEGCSKYCSFCVVPYTRGEEVSRPSDDII  182

Query  182  AEVASLCEQGVREITLLGQNVNDYRGLMHDGQVADLALLIHYLAAMDNIERIRFTTSHPS  241
             E+A L EQGVRE+ LLGQNVN YRG  HDG +   A L+ ++AA+D I+RIRFTTSHP 
Sbjct  183  LEIAQLAEQGVREVNLLGQNVNAYRGATHDGAICTFAELLRFVAAIDGIDRIRFTTSHPI  242

Query  242  AFSENLIDAYAEEPKLANHLHLPVQSGSDRILAAMKRNYTVLEYKSKIRKLRAVRPDISL  301
             F++++ID Y + P+L + LHLPVQSGSDRIL AMKR +  +EYKS IR+LR  R  I +
Sbjct  243  EFTQDIIDVYEDTPELVSFLHLPVQSGSDRILTAMKRGHMAIEYKSIIRRLRKAREGIQI  302

Query  302  SSDFIIGFPGETDADFEATMNLIHDMGFDHSFSFIYSPRPGTPAAQLPDDVPMAVKKERL  361
            SSDFIIGFPGET  DF  T+ LI D+GFDHSFSFIYS RPGTPAA LPD+V M  KK+RL
Sbjct  303  SSDFIIGFPGETKEDFADTIKLIEDIGFDHSFSFIYSARPGTPAADLPDNVDMEEKKQRL  362

Query  362  AILQNRINAKAAEISQSMVGTQQRILVTGPSKKYPDQLSGRTENNRVVNFNGDTPLIGQM  421
            AILQ+RI  +A   S+ M+GT QRILV GPS K P +L GRTENNRVVNF G    IG  
Sbjct  363  AILQDRITQQAMRYSRHMMGTVQRILVEGPSVKNPMELRGRTENNRVVNFEGQPKHIGTF  422

Query  422  VTIKIKEARPYSLWG  436
            V ++I +    SL G
Sbjct  423  VDVEIVDVYTNSLRG  437


>A1AX14 tRNA-2-methylthio-N(6)-dimethylallyladenosine synthase OS=Ruthia 
magnifica subsp. Calyptogena magnifica OX=413404 GN=miaB 
PE=3 SV=1
Length=444

 Score = 595 bits (1534),  Expect = 0.0, Method: Compositional matrix adjust.
 Identities = 287/443 (65%), Positives = 348/443 (79%), Gaps = 6/443 (1%)

Query  1    MKKLYLKTHGCQMNEYDSAKMADVLKFSHGLELTEDPAVADVFLLNTCSVREKAQTKVFS  60
            MKKLY++T GCQMNEYDS K+ADVL  SHGL LT+D A A+V LLNTCS+REKAQ K+F 
Sbjct  1    MKKLYIRTFGCQMNEYDSNKIADVLNHSHGLVLTDDAASANVLLLNTCSIREKAQEKLFH  60

Query  61   ELGRWRPFKEKRPHVVIGVGGCVASQEGETILKQAPFVDIVFGPQTLHRLPDLLDSVI--  118
            +LGRWR  K+K  +++IGVGGCVASQEGE IL++AP+VDI+FGPQTLHRLP +L+ V+  
Sbjct  61   QLGRWRKLKDKNSNLIIGVGGCVASQEGELILERAPYVDIIFGPQTLHRLPSMLNEVLTP  120

Query  119  ---QKRKSVVDITFPEIEKFDRLPQPRAEGPSAFVSIMEGCSKYCTFCVVPYTRGEEISR  175
                  K  +DI+FPEIEKFD LP+P+    +AFVSIMEGCSKYCTFC+VPYTRGEE+SR
Sbjct  121  TPGMSVKPSIDISFPEIEKFDHLPKPKTSSVTAFVSIMEGCSKYCTFCIVPYTRGEEVSR  180

Query  176  PFDDVIAEVASLCEQGVREITLLGQNVNDYRGLMHDGQVADLALLIHYLAAMDNIERIRF  235
            PF DVI EV  L  QGVRE+ LLGQNVN Y+GLM DG++ADLALLI+  A +D I+RIR+
Sbjct  181  PFIDVINEVKILAIQGVREVNLLGQNVNAYQGLMDDGEIADLALLINIAAQIDGIKRIRY  240

Query  236  TTSHPSAFSENLIDAYAEEPKLANHLHLPVQSGSDRILAAMKRNYTVLEYKSKIRKLRAV  295
            TTSHP+ FS++LI+AY E PKLA+HLHLP+QSGSD+IL  MKR + V+EYKSKIRKLR +
Sbjct  241  TTSHPTQFSDSLIEAYMEVPKLASHLHLPIQSGSDKILRLMKRGHMVIEYKSKIRKLRKI  300

Query  296  RPDISLSSDFIIGFPGETDADFEATMNLIHDMGFDHSFSFIYSPRPGTPAAQLPDDVPMA  355
            RPDIS+SSDFIIGFPGE + DF  TM LI ++GFD SFSFIYS RPGT A+   DDV M 
Sbjct  301  RPDISISSDFIIGFPGENEQDFLDTMTLIDEIGFDKSFSFIYSARPGTLASSYLDDVDMD  360

Query  356  VKKERLAILQNRINAKAAEISQSMVGTQQRILVTGPSKKYPDQLSGRTENNRVVNFNGDT  415
            VKK+RLA++Q  I+     IS+SMVG+ Q+ILV   +KK  D L GRTEN R  +F GD 
Sbjct  361  VKKQRLALVQKTIDKNTERISKSMVGSVQKILVENVAKKR-DNLFGRTENMRNTHFKGDK  419

Query  416  PLIGQMVTIKIKEARPYSLWGEI  438
             LIGQ+V IKI + R  SL G +
Sbjct  420  SLIGQIVNIKITQGRGNSLVGNL  442


>Q6LNA5 tRNA-2-methylthio-N(6)-dimethylallyladenosine synthase OS=Photobacterium 
profundum (strain SS9) OX=298386 GN=miaB PE=3 SV=1
Length=474

 Score = 595 bits (1533),  Expect = 0.0, Method: Compositional matrix adjust.
 Identities = 278/437 (64%), Positives = 345/437 (79%), Gaps = 0/437 (0%)

Query  2    KKLYLKTHGCQMNEYDSAKMADVLKFSHGLELTEDPAVADVFLLNTCSVREKAQTKVFSE  61
            KKL +KT GCQMNEYDS+KMAD+L  ++G ELTE P  ADV LLNTCS+REKAQ KVF +
Sbjct  3    KKLLIKTWGCQMNEYDSSKMADLLNAANGFELTEVPEEADVLLLNTCSIREKAQEKVFHQ  62

Query  62   LGRWRPFKEKRPHVVIGVGGCVASQEGETILKQAPFVDIVFGPQTLHRLPDLLDSVIQKR  121
            LGRW+  KEK+P +VIGVGGCVA+QEG+ I K+AP+VD++FGPQTLHRLP ++       
Sbjct  63   LGRWKRLKEKKPDLVIGVGGCVATQEGDAIRKRAPYVDVIFGPQTLHRLPQMIKDSQSNH  122

Query  122  KSVVDITFPEIEKFDRLPQPRAEGPSAFVSIMEGCSKYCTFCVVPYTRGEEISRPFDDVI  181
              V+DI+FPE+EKFD LP+PRA+G +AFVSIMEGCSKYCT+CVVPYTRGEE+SRP DDV+
Sbjct  123  GPVMDISFPEVEKFDNLPEPRADGVTAFVSIMEGCSKYCTYCVVPYTRGEEVSRPIDDVL  182

Query  182  AEVASLCEQGVREITLLGQNVNDYRGLMHDGQVADLALLIHYLAAMDNIERIRFTTSHPS  241
             EVA L EQGVRE+ LLGQNVN +RG  HDG++A  A L+  +AA+D I+RIR+TTSHP 
Sbjct  183  YEVAQLAEQGVREVNLLGQNVNAFRGPTHDGEMASFAELLRLVAAIDGIDRIRYTTSHPI  242

Query  242  AFSENLIDAYAEEPKLANHLHLPVQSGSDRILAAMKRNYTVLEYKSKIRKLRAVRPDISL  301
             F++++I+ Y + P+L N+LHLPVQSGSDRIL  MKR +TVLEYKSKIRKLR VRPDI++
Sbjct  243  EFTDDIIEVYTDTPELVNYLHLPVQSGSDRILTMMKRPHTVLEYKSKIRKLRKVRPDITM  302

Query  302  SSDFIIGFPGETDADFEATMNLIHDMGFDHSFSFIYSPRPGTPAAQLPDDVPMAVKKERL  361
            SSDFI+ FPGE+D DF+ TM LI D+ FD S+SF++SPRPGTPAA  P D+   VKKERL
Sbjct  303  SSDFIVAFPGESDQDFQDTMKLIRDIDFDISYSFVFSPRPGTPAADYPCDISEKVKKERL  362

Query  362  AILQNRINAKAAEISQSMVGTQQRILVTGPSKKYPDQLSGRTENNRVVNFNGDTPLIGQM  421
              LQ +IN +A   ++ M+ T+QRILV GPS+K   +L GRTENNR+VNF G   LIGQ 
Sbjct  363  YELQQQINTQAMRHARQMLNTEQRILVEGPSRKNIMELRGRTENNRIVNFEGSAELIGQF  422

Query  422  VTIKIKEARPYSLWGEI  438
            V + I +    SL GE+
Sbjct  423  VDVNITDVFTNSLRGEL  439


>B1JG95 tRNA-2-methylthio-N(6)-dimethylallyladenosine synthase OS=Yersinia 
pseudotuberculosis serotype O:3 (strain YPIII) OX=502800 
GN=miaB PE=3 SV=2
Length=474

 Score = 594 bits (1531),  Expect = 0.0, Method: Compositional matrix adjust.
 Identities = 279/435 (64%), Positives = 343/435 (79%), Gaps = 0/435 (0%)

Query  2    KKLYLKTHGCQMNEYDSAKMADVLKFSHGLELTEDPAVADVFLLNTCSVREKAQTKVFSE  61
            KKL++KT GCQMNEYDS+KMAD+L  +HG +LT  P  AD+ LLNTCS+REKAQ KVFS 
Sbjct  3    KKLHIKTWGCQMNEYDSSKMADLLASTHGYQLTTIPEEADLLLLNTCSIREKAQEKVFSL  62

Query  62   LGRWRPFKEKRPHVVIGVGGCVASQEGETILKQAPFVDIVFGPQTLHRLPDLLDSVIQKR  121
            LG+W+  KEK P ++IGVGGCVASQEGE + ++AP VD++FGPQTLHRLP++++ V +  
Sbjct  63   LGQWKLLKEKNPQLIIGVGGCVASQEGEQLRQRAPCVDVIFGPQTLHRLPEMINHVQETN  122

Query  122  KSVVDITFPEIEKFDRLPQPRAEGPSAFVSIMEGCSKYCTFCVVPYTRGEEISRPFDDVI  181
              VVDI+FPEIEKFDRLP+PRAEGP+AFVSIMEGC+KYCTFCVVPYTRGEE+SRP DD++
Sbjct  123  SPVVDISFPEIEKFDRLPEPRAEGPTAFVSIMEGCNKYCTFCVVPYTRGEEVSRPSDDIL  182

Query  182  AEVASLCEQGVREITLLGQNVNDYRGLMHDGQVADLALLIHYLAAMDNIERIRFTTSHPS  241
             E+A L  QGVRE+ LLGQNVN YRG  +DG +   A L+  +AA+D I+RIRFTTSHP 
Sbjct  183  FEIAQLAAQGVREVNLLGQNVNAYRGATYDGDICSFAELLRLVAAIDGIDRIRFTTSHPI  242

Query  242  AFSENLIDAYAEEPKLANHLHLPVQSGSDRILAAMKRNYTVLEYKSKIRKLRAVRPDISL  301
             F++++ID Y + P+L + LHLPVQSGSDRIL  MKR +T LEYK+ IRKLR  RPDI +
Sbjct  243  EFTDDIIDVYRDTPELVSFLHLPVQSGSDRILTMMKRAHTALEYKAIIRKLRQARPDIQI  302

Query  302  SSDFIIGFPGETDADFEATMNLIHDMGFDHSFSFIYSPRPGTPAAQLPDDVPMAVKKERL  361
            SSDFI+GFPGET  DFE TM L+ D+ FD S+SFIYSPRPGTPAA LPD+V    KK+RL
Sbjct  303  SSDFIVGFPGETQQDFEQTMKLVADIHFDTSYSFIYSPRPGTPAADLPDNVSEEEKKQRL  362

Query  362  AILQNRINAKAAEISQSMVGTQQRILVTGPSKKYPDQLSGRTENNRVVNFNGDTPLIGQM  421
             ILQ RI+ +A EIS+ MVGT QR+LV G S+K   +L+GRTENNRVVNF G   +IG+ 
Sbjct  363  HILQQRISQQAMEISRKMVGTVQRVLVEGTSRKNVMELAGRTENNRVVNFEGSPDMIGKF  422

Query  422  VTIKIKEARPYSLWG  436
            V ++I      SL G
Sbjct  423  VDVEIVNVYASSLRG  437


>A8FZ02 tRNA-2-methylthio-N(6)-dimethylallyladenosine synthase OS=Shewanella 
sediminis (strain HAW-EB3) OX=425104 GN=miaB PE=3 SV=1
Length=474

 Score = 593 bits (1529),  Expect = 0.0, Method: Compositional matrix adjust.
 Identities = 278/435 (64%), Positives = 341/435 (78%), Gaps = 0/435 (0%)

Query  2    KKLYLKTHGCQMNEYDSAKMADVLKFSHGLELTEDPAVADVFLLNTCSVREKAQTKVFSE  61
            KKL++KT GCQMNEYDS+KMAD++    G  LTE+ + ADV LLNTCS+REKAQ KVF +
Sbjct  3    KKLHIKTWGCQMNEYDSSKMADLMDEYEGYTLTEEASEADVLLLNTCSIREKAQEKVFHQ  62

Query  62   LGRWRPFKEKRPHVVIGVGGCVASQEGETILKQAPFVDIVFGPQTLHRLPDLLDSVIQKR  121
            LGRW+  KEK P ++IGVGGCVASQEG+ I ++A  VD++FGPQTLHRLP+++D +    
Sbjct  63   LGRWKKLKEKNPDLIIGVGGCVASQEGKVIKERAQCVDLIFGPQTLHRLPEMIDQIRDGG  122

Query  122  KSVVDITFPEIEKFDRLPQPRAEGPSAFVSIMEGCSKYCTFCVVPYTRGEEISRPFDDVI  181
            K+V+DI+FPEIEKFD+LP+PRA+GPSAFVSIMEGCSKYC+FCVVPYTRGEE+SRP DD+I
Sbjct  123  KAVIDISFPEIEKFDKLPEPRADGPSAFVSIMEGCSKYCSFCVVPYTRGEEVSRPLDDII  182

Query  182  AEVASLCEQGVREITLLGQNVNDYRGLMHDGQVADLALLIHYLAAMDNIERIRFTTSHPS  241
             E+A L +QGVRE+ LLGQNVN YRG  HD ++   A L+ Y+AA+D I+R+RFTTSHP 
Sbjct  183  LEIAQLADQGVREVNLLGQNVNAYRGATHDDEICTFAELLRYVAAIDGIDRLRFTTSHPI  242

Query  242  AFSENLIDAYAEEPKLANHLHLPVQSGSDRILAAMKRNYTVLEYKSKIRKLRAVRPDISL  301
             F++++ID Y + P+L + LHLPVQSGSDRIL  MKR +  +EYKS IR+LR  RPDI +
Sbjct  243  EFTQDIIDVYEDTPELVSFLHLPVQSGSDRILTQMKRGHMAIEYKSIIRRLRKARPDIQI  302

Query  302  SSDFIIGFPGETDADFEATMNLIHDMGFDHSFSFIYSPRPGTPAAQLPDDVPMAVKKERL  361
            SSDFIIGFPGE+  DF  TM LI D+ FDHSFSFIYS RPGTPAA LPDDV +A KKERL
Sbjct  303  SSDFIIGFPGESKQDFADTMKLIEDVQFDHSFSFIYSARPGTPAADLPDDVTLAEKKERL  362

Query  362  AILQNRINAKAAEISQSMVGTQQRILVTGPSKKYPDQLSGRTENNRVVNFNGDTPLIGQM  421
            AILQ+RI  +A   S+ M+GT QRILV GPS K P +L GRTE +RVVNF  D   IG  
Sbjct  363  AILQDRITQQAMRYSRQMLGTVQRILVEGPSVKNPMELRGRTETSRVVNFEADPKHIGSF  422

Query  422  VTIKIKEARPYSLWG  436
            V ++I +    SL G
Sbjct  423  VDVEIVDVYTNSLRG  437


>Q1LR87 tRNA-2-methylthio-N(6)-dimethylallyladenosine synthase OS=Cupriavidus 
metallidurans (strain ATCC 43123 / DSM 2839 / NBRC 
102507 / CH34) OX=266264 GN=miaB PE=3 SV=1
Length=450

 Score = 593 bits (1529),  Expect = 0.0, Method: Compositional matrix adjust.
 Identities = 287/445 (64%), Positives = 344/445 (77%), Gaps = 8/445 (2%)

Query  1    MKKLYLKTHGCQMNEYDSAKMADVLKFSHGLELTEDPAVADVFLLNTCSVREKAQTKVFS  60
            MKK+++KT+GCQMNEYDS KM DVL  + G+E T++   ADV L NTCS+REKAQ KVFS
Sbjct  1    MKKVFVKTYGCQMNEYDSDKMVDVLNATQGMEPTDNVEDADVILFNTCSIREKAQEKVFS  60

Query  61   ELGRWRPFKEKRPHVVIGVGGCVASQEGETILKQAPFVDIVFGPQTLHRLPDLLDSVIQK  120
            ELGR +  K  +P +VIGVGGCVASQEG +I+ +AP+VD+VFGPQTLHRLPDL++   Q 
Sbjct  61   ELGRMKALKAAKPDLVIGVGGCVASQEGASIVSRAPYVDVVFGPQTLHRLPDLINRRQQT  120

Query  121  RKSVVDITFPEIEKFDRLPQPRAEGPSAFVSIMEGCSKYCTFCVVPYTRGEEISRPFDDV  180
              S VDI+FPEIEKFD LP  R +GPSAFVSIMEGCSKYC++CVVPYTRGEE+SRPF+DV
Sbjct  121  GLSQVDISFPEIEKFDHLPPARVDGPSAFVSIMEGCSKYCSYCVVPYTRGEEVSRPFEDV  180

Query  181  IAEVASLCEQGVREITLLGQNVNDYRGLMHD-GQVADLALLIHYLAAMDNIERIRFTTSH  239
            +AEVA L EQGVRE+TLLGQNVN YRG M    ++AD ALLI Y+A +  IERIR+TTSH
Sbjct  181  LAEVAGLAEQGVREVTLLGQNVNAYRGAMGGTSEIADFALLIEYVADIPGIERIRYTTSH  240

Query  240  PSAFSENLIDAYAEEPKLANHLHLPVQSGSDRILAAMKRNYTVLEYKSKIRKLRAVRPDI  299
            P  F+  LI+ Y    KL NHLHLPVQ  SDR+LA MKR Y+VLEYKS IR+LRA+RPD+
Sbjct  241  PKEFTSRLIELYGRCDKLVNHLHLPVQHASDRVLAGMKRGYSVLEYKSIIRRLRALRPDM  300

Query  300  SLSSDFIIGFPGETDADFEATMNLIHDMGFDHSFSFIYSPRPGTPAAQLPDDVPMAVKKE  359
            S+SSDFI+GFPGETDADF+  M ++H++G+D SFSFI+SPRPGTPAA L DD P  VK  
Sbjct  301  SMSSDFIVGFPGETDADFDKLMAMVHEIGYDTSFSFIFSPRPGTPAANLHDDTPHEVKLR  360

Query  360  RLAILQNRINAKAAEISQSMVGTQQRILVTGPSKKYPDQLSGRTENNRVVNF-------N  412
            RL +LQ  I      ISQSMVGT QRILV GP++K P +L GRTENNRVVNF        
Sbjct  361  RLQLLQATIEENVQRISQSMVGTVQRILVEGPARKDPTELHGRTENNRVVNFALPGVPQA  420

Query  413  GDTPLIGQMVTIKIKEARPYSLWGE  437
                +IGQMV + + +A P+SL GE
Sbjct  421  QRDRMIGQMVDVNVTQAFPHSLRGE  445


>A3QH41 tRNA-2-methylthio-N(6)-dimethylallyladenosine synthase OS=Shewanella 
loihica (strain ATCC BAA-1088 / PV-4) OX=323850 GN=miaB 
PE=3 SV=1
Length=474

 Score = 593 bits (1528),  Expect = 0.0, Method: Compositional matrix adjust.
 Identities = 280/436 (64%), Positives = 340/436 (78%), Gaps = 0/436 (0%)

Query  2    KKLYLKTHGCQMNEYDSAKMADVLKFSHGLELTEDPAVADVFLLNTCSVREKAQTKVFSE  61
            KKL++KT GCQMNEYDS+KMAD+L    G  LTE+   ADV LLNTCS+REKAQ KVF +
Sbjct  3    KKLHIKTWGCQMNEYDSSKMADLLDEYQGYTLTEEAEEADVLLLNTCSIREKAQEKVFHQ  62

Query  62   LGRWRPFKEKRPHVVIGVGGCVASQEGETILKQAPFVDIVFGPQTLHRLPDLLDSVIQKR  121
            LGRW+  K+K P+++IGVGGCVASQEG+ I  +A  VD++FGPQTLHRLP++++ + Q  
Sbjct  63   LGRWKTLKDKNPNLIIGVGGCVASQEGKAIKDRAQCVDLIFGPQTLHRLPEMIEQIQQGG  122

Query  122  KSVVDITFPEIEKFDRLPQPRAEGPSAFVSIMEGCSKYCTFCVVPYTRGEEISRPFDDVI  181
            K+V+D++FPEIEKFDRLP+PRAEGPSAFVSIMEGCSKYC+FCVVPYTRGEE+SRP DDVI
Sbjct  123  KAVIDVSFPEIEKFDRLPEPRAEGPSAFVSIMEGCSKYCSFCVVPYTRGEEVSRPVDDVI  182

Query  182  AEVASLCEQGVREITLLGQNVNDYRGLMHDGQVADLALLIHYLAAMDNIERIRFTTSHPS  241
             E+A L EQGVRE+ LLGQNVN YRG  HD  +   A L+ Y+AA+D I+RIRFTTSHP 
Sbjct  183  LEIAQLAEQGVREVNLLGQNVNAYRGATHDDDICTFAELLRYVAAIDGIDRIRFTTSHPI  242

Query  242  AFSENLIDAYAEEPKLANHLHLPVQSGSDRILAAMKRNYTVLEYKSKIRKLRAVRPDISL  301
             F++++ID Y + P+L + LHLPVQSGSD IL  MKR +  +EYKS IR+LR  RPDI +
Sbjct  243  EFTQDIIDVYEDTPELVSFLHLPVQSGSDLILTQMKRGHMAIEYKSIIRRLRKARPDIQI  302

Query  302  SSDFIIGFPGETDADFEATMNLIHDMGFDHSFSFIYSPRPGTPAAQLPDDVPMAVKKERL  361
            SSDFI+GFPGE+  DF  TM LI D+ FDHSFSFIYS RPGTPA+ LPDDV +  KKERL
Sbjct  303  SSDFIVGFPGESKQDFADTMKLIEDVQFDHSFSFIYSARPGTPASDLPDDVSLDEKKERL  362

Query  362  AILQNRINAKAAEISQSMVGTQQRILVTGPSKKYPDQLSGRTENNRVVNFNGDTPLIGQM  421
            AILQ+RI  +A   S+ M+GT QRILV GPS K P +L GRTENNRVVNF  D   IG  
Sbjct  363  AILQDRITQQAMRYSRQMLGTVQRILVEGPSVKNPMELRGRTENNRVVNFEADPKHIGSF  422

Query  422  VTIKIKEARPYSLWGE  437
            V ++I +    SL G+
Sbjct  423  VDVEIVDVFTNSLRGK  438


>Q66DD3 tRNA-2-methylthio-N(6)-dimethylallyladenosine synthase OS=Yersinia 
pseudotuberculosis serotype I (strain IP32953) OX=273123 
GN=miaB PE=3 SV=1
Length=474

 Score = 592 bits (1527),  Expect = 0.0, Method: Compositional matrix adjust.
 Identities = 279/435 (64%), Positives = 342/435 (79%), Gaps = 0/435 (0%)

Query  2    KKLYLKTHGCQMNEYDSAKMADVLKFSHGLELTEDPAVADVFLLNTCSVREKAQTKVFSE  61
            KKL++KT GCQMNEYDS+KMAD+L  +HG +LT  P  AD+ LLNTCS+REKAQ KVFS 
Sbjct  3    KKLHIKTWGCQMNEYDSSKMADLLASTHGYQLTTIPEEADLLLLNTCSIREKAQEKVFSL  62

Query  62   LGRWRPFKEKRPHVVIGVGGCVASQEGETILKQAPFVDIVFGPQTLHRLPDLLDSVIQKR  121
            LG+W+  KEK P ++IGVGGCVASQEGE + ++AP VD++FGPQTLHRLP++++ V    
Sbjct  63   LGQWKLLKEKNPQLIIGVGGCVASQEGEQLRQRAPCVDVIFGPQTLHRLPEMINHVQGTN  122

Query  122  KSVVDITFPEIEKFDRLPQPRAEGPSAFVSIMEGCSKYCTFCVVPYTRGEEISRPFDDVI  181
              VVDI+FPEIEKFDRLP+PRAEGP+AFVSIMEGC+KYCTFCVVPYTRGEE+SRP DD++
Sbjct  123  SPVVDISFPEIEKFDRLPEPRAEGPTAFVSIMEGCNKYCTFCVVPYTRGEEVSRPSDDIL  182

Query  182  AEVASLCEQGVREITLLGQNVNDYRGLMHDGQVADLALLIHYLAAMDNIERIRFTTSHPS  241
             E+A L  QGVRE+ LLGQNVN YRG  +DG +   A L+  +AA+D I+RIRFTTSHP 
Sbjct  183  FEIAQLAAQGVREVNLLGQNVNAYRGATYDGDICSFAELLRLVAAIDGIDRIRFTTSHPI  242

Query  242  AFSENLIDAYAEEPKLANHLHLPVQSGSDRILAAMKRNYTVLEYKSKIRKLRAVRPDISL  301
             F++++ID Y + P+L + LHLPVQSGSDRIL  MKR +T LEYK+ IRKLR  RPDI +
Sbjct  243  EFTDDIIDVYRDTPELVSFLHLPVQSGSDRILTMMKRAHTALEYKAIIRKLRQARPDIQI  302

Query  302  SSDFIIGFPGETDADFEATMNLIHDMGFDHSFSFIYSPRPGTPAAQLPDDVPMAVKKERL  361
            SSDFI+GFPGET  DFE TM L+ D+ FD S+SFIYSPRPGTPAA LPD+V    KK+RL
Sbjct  303  SSDFIVGFPGETQQDFEQTMKLVADIHFDTSYSFIYSPRPGTPAADLPDNVSEEEKKQRL  362

Query  362  AILQNRINAKAAEISQSMVGTQQRILVTGPSKKYPDQLSGRTENNRVVNFNGDTPLIGQM  421
             ILQ RI+ +A EIS+ MVGT QR+LV G S+K   +L+GRTENNRVVNF G   +IG+ 
Sbjct  363  HILQQRISQQAMEISRKMVGTVQRVLVEGTSRKNVMELAGRTENNRVVNFEGSPDMIGKF  422

Query  422  VTIKIKEARPYSLWG  436
            V ++I      SL G
Sbjct  423  VDVEIVNVYASSLRG  437


>B2K896 tRNA-2-methylthio-N(6)-dimethylallyladenosine synthase OS=Yersinia 
pseudotuberculosis serotype IB (strain PB1/+) OX=502801 
GN=miaB PE=3 SV=2
Length=474

 Score = 592 bits (1527),  Expect = 0.0, Method: Compositional matrix adjust.
 Identities = 279/435 (64%), Positives = 342/435 (79%), Gaps = 0/435 (0%)

Query  2    KKLYLKTHGCQMNEYDSAKMADVLKFSHGLELTEDPAVADVFLLNTCSVREKAQTKVFSE  61
            KKL++KT GCQMNEYDS+KMAD+L  +HG +LT  P  AD+ LLNTCS+REKAQ KVFS 
Sbjct  3    KKLHIKTWGCQMNEYDSSKMADLLASTHGYQLTTIPEEADLLLLNTCSIREKAQEKVFSL  62

Query  62   LGRWRPFKEKRPHVVIGVGGCVASQEGETILKQAPFVDIVFGPQTLHRLPDLLDSVIQKR  121
            LG+W+  KEK P ++IGVGGCVASQEGE + ++AP VD++FGPQTLHRLP++++ V    
Sbjct  63   LGQWKLLKEKNPQLIIGVGGCVASQEGEQLRQRAPCVDVIFGPQTLHRLPEMINHVQGTN  122

Query  122  KSVVDITFPEIEKFDRLPQPRAEGPSAFVSIMEGCSKYCTFCVVPYTRGEEISRPFDDVI  181
              VVDI+FPEIEKFDRLP+PRAEGP+AFVSIMEGC+KYCTFCVVPYTRGEE+SRP DD++
Sbjct  123  SPVVDISFPEIEKFDRLPEPRAEGPTAFVSIMEGCNKYCTFCVVPYTRGEEVSRPSDDIL  182

Query  182  AEVASLCEQGVREITLLGQNVNDYRGLMHDGQVADLALLIHYLAAMDNIERIRFTTSHPS  241
             E+A L  QGVRE+ LLGQNVN YRG  +DG +   A L+  +AA+D I+RIRFTTSHP 
Sbjct  183  FEIAQLAAQGVREVNLLGQNVNAYRGATYDGDICSFAELLRLVAAIDGIDRIRFTTSHPI  242

Query  242  AFSENLIDAYAEEPKLANHLHLPVQSGSDRILAAMKRNYTVLEYKSKIRKLRAVRPDISL  301
             F++++ID Y + P+L + LHLPVQSGSDRIL  MKR +T LEYK+ IRKLR  RPDI +
Sbjct  243  EFTDDIIDVYRDTPELVSFLHLPVQSGSDRILTMMKRAHTALEYKAIIRKLRQARPDIQI  302

Query  302  SSDFIIGFPGETDADFEATMNLIHDMGFDHSFSFIYSPRPGTPAAQLPDDVPMAVKKERL  361
            SSDFI+GFPGET  DFE TM L+ D+ FD S+SFIYSPRPGTPAA LPD+V    KK+RL
Sbjct  303  SSDFIVGFPGETQQDFEQTMKLVADIHFDTSYSFIYSPRPGTPAADLPDNVSEEEKKQRL  362

Query  362  AILQNRINAKAAEISQSMVGTQQRILVTGPSKKYPDQLSGRTENNRVVNFNGDTPLIGQM  421
             ILQ RI+ +A EIS+ MVGT QR+LV G S+K   +L+GRTENNRVVNF G   +IG+ 
Sbjct  363  HILQQRISQQAMEISRKMVGTVQRVLVEGTSRKNVMELAGRTENNRVVNFEGSPDMIGKF  422

Query  422  VTIKIKEARPYSLWG  436
            V ++I      SL G
Sbjct  423  VDVEIVNVYASSLRG  437


>A7FKU9 tRNA-2-methylthio-N(6)-dimethylallyladenosine synthase OS=Yersinia 
pseudotuberculosis serotype O:1b (strain IP 31758) OX=349747 
GN=miaB PE=3 SV=1
Length=474

 Score = 592 bits (1527),  Expect = 0.0, Method: Compositional matrix adjust.
 Identities = 279/435 (64%), Positives = 342/435 (79%), Gaps = 0/435 (0%)

Query  2    KKLYLKTHGCQMNEYDSAKMADVLKFSHGLELTEDPAVADVFLLNTCSVREKAQTKVFSE  61
            KKL++KT GCQMNEYDS+KMAD+L  +HG +LT  P  AD+ LLNTCS+REKAQ KVFS 
Sbjct  3    KKLHIKTWGCQMNEYDSSKMADLLASTHGYQLTTIPEEADLLLLNTCSIREKAQEKVFSL  62

Query  62   LGRWRPFKEKRPHVVIGVGGCVASQEGETILKQAPFVDIVFGPQTLHRLPDLLDSVIQKR  121
            LG+W+  KEK P ++IGVGGCVASQEGE + ++AP VD++FGPQTLHRLP++++ V    
Sbjct  63   LGQWKLLKEKNPQLIIGVGGCVASQEGEQLRQRAPCVDVIFGPQTLHRLPEMINHVQGTN  122

Query  122  KSVVDITFPEIEKFDRLPQPRAEGPSAFVSIMEGCSKYCTFCVVPYTRGEEISRPFDDVI  181
              VVDI+FPEIEKFDRLP+PRAEGP+AFVSIMEGC+KYCTFCVVPYTRGEE+SRP DD++
Sbjct  123  SPVVDISFPEIEKFDRLPEPRAEGPTAFVSIMEGCNKYCTFCVVPYTRGEEVSRPSDDIL  182

Query  182  AEVASLCEQGVREITLLGQNVNDYRGLMHDGQVADLALLIHYLAAMDNIERIRFTTSHPS  241
             E+A L  QGVRE+ LLGQNVN YRG  +DG +   A L+  +AA+D I+RIRFTTSHP 
Sbjct  183  FEIAQLAAQGVREVNLLGQNVNAYRGATYDGDICSFAELLRLVAAIDGIDRIRFTTSHPI  242

Query  242  AFSENLIDAYAEEPKLANHLHLPVQSGSDRILAAMKRNYTVLEYKSKIRKLRAVRPDISL  301
             F++++ID Y + P+L + LHLPVQSGSDRIL  MKR +T LEYK+ IRKLR  RPDI +
Sbjct  243  EFTDDIIDVYRDTPELVSFLHLPVQSGSDRILTMMKRAHTALEYKAIIRKLRQARPDIQI  302

Query  302  SSDFIIGFPGETDADFEATMNLIHDMGFDHSFSFIYSPRPGTPAAQLPDDVPMAVKKERL  361
            SSDFI+GFPGET  DFE TM L+ D+ FD S+SFIYSPRPGTPAA LPD+V    KK+RL
Sbjct  303  SSDFIVGFPGETQQDFEQTMKLVADIHFDTSYSFIYSPRPGTPAADLPDNVSEEEKKQRL  362

Query  362  AILQNRINAKAAEISQSMVGTQQRILVTGPSKKYPDQLSGRTENNRVVNFNGDTPLIGQM  421
             ILQ RI+ +A EIS+ MVGT QR+LV G S+K   +L+GRTENNRVVNF G   +IG+ 
Sbjct  363  HILQQRISQQAMEISRKMVGTVQRVLVEGTSRKNVMELAGRTENNRVVNFEGSPDMIGKF  422

Query  422  VTIKIKEARPYSLWG  436
            V ++I      SL G
Sbjct  423  VDVEIVNVYASSLRG  437


>B0TR38 tRNA-2-methylthio-N(6)-dimethylallyladenosine synthase OS=Shewanella 
halifaxensis (strain HAW-EB4) OX=458817 GN=miaB PE=3 
SV=1
Length=475

 Score = 592 bits (1527),  Expect = 0.0, Method: Compositional matrix adjust.
 Identities = 278/435 (64%), Positives = 342/435 (79%), Gaps = 0/435 (0%)

Query  2    KKLYLKTHGCQMNEYDSAKMADVLKFSHGLELTEDPAVADVFLLNTCSVREKAQTKVFSE  61
            KKL++KT GCQMNEYDS+KMAD+L    G  LT++   ADV LLNTCS+REKAQ KVF +
Sbjct  3    KKLHIKTWGCQMNEYDSSKMADLLDEYEGYTLTDNAEEADVLLLNTCSIREKAQEKVFHQ  62

Query  62   LGRWRPFKEKRPHVVIGVGGCVASQEGETILKQAPFVDIVFGPQTLHRLPDLLDSVIQKR  121
            LGRW+  K+K+P ++IGVGGCVASQEG+ I ++A  VD++FGPQTLHRLP+++D +   +
Sbjct  63   LGRWKTLKDKKPELIIGVGGCVASQEGKAIKERAQCVDLIFGPQTLHRLPEMIDQIRAGK  122

Query  122  KSVVDITFPEIEKFDRLPQPRAEGPSAFVSIMEGCSKYCTFCVVPYTRGEEISRPFDDVI  181
            K+V+D++FPEIEKFDRLP+PRA+GPSAFVSIMEGCSKYC+FCVVPYTRGEE+SRP DD+I
Sbjct  123  KAVIDVSFPEIEKFDRLPEPRADGPSAFVSIMEGCSKYCSFCVVPYTRGEEVSRPLDDII  182

Query  182  AEVASLCEQGVREITLLGQNVNDYRGLMHDGQVADLALLIHYLAAMDNIERIRFTTSHPS  241
             E+A L EQGVRE+ LLGQNVN YRG  HD ++   A L+ Y+AA+D I+R+RFTTSHP 
Sbjct  183  LEIAQLAEQGVREVNLLGQNVNAYRGATHDDEICTFAELLRYVAAIDGIDRLRFTTSHPI  242

Query  242  AFSENLIDAYAEEPKLANHLHLPVQSGSDRILAAMKRNYTVLEYKSKIRKLRAVRPDISL  301
             F++++ID Y + P+L + LHLPVQSGSD IL  MKR +  +EYKS IR+LR  RPDI +
Sbjct  243  EFTQDIIDVYEDTPELVSFLHLPVQSGSDLILTQMKRGHMAIEYKSIIRRLRKARPDILI  302

Query  302  SSDFIIGFPGETDADFEATMNLIHDMGFDHSFSFIYSPRPGTPAAQLPDDVPMAVKKERL  361
            SSDFIIGFPGE+  DF  TM LI D+ FDHSFSFIYS RPGTPAA LPDDV +  KKERL
Sbjct  303  SSDFIIGFPGESKQDFADTMKLIEDIQFDHSFSFIYSARPGTPAADLPDDVSLDEKKERL  362

Query  362  AILQNRINAKAAEISQSMVGTQQRILVTGPSKKYPDQLSGRTENNRVVNFNGDTPLIGQM  421
            AILQ+RI  +A   S+ MVGT QRILV GPS K P +L GRTEN+RVVNF G    IG+ 
Sbjct  363  AILQDRITQQAMRYSRQMVGTVQRILVEGPSVKNPMELRGRTENSRVVNFEGMHKHIGKF  422

Query  422  VTIKIKEARPYSLWG  436
            V ++I +    SL G
Sbjct  423  VDVEIVDVYTNSLRG  437


>A4TNY6 tRNA-2-methylthio-N(6)-dimethylallyladenosine synthase OS=Yersinia 
pestis (strain Pestoides F) OX=386656 GN=miaB PE=3 SV=2
Length=474

 Score = 592 bits (1526),  Expect = 0.0, Method: Compositional matrix adjust.
 Identities = 278/435 (64%), Positives = 342/435 (79%), Gaps = 0/435 (0%)

Query  2    KKLYLKTHGCQMNEYDSAKMADVLKFSHGLELTEDPAVADVFLLNTCSVREKAQTKVFSE  61
            KKL++KT GCQMNEYDS+KMAD+L  +HG +LT  P  AD+ LLNTCS+REKAQ KVFS 
Sbjct  3    KKLHIKTWGCQMNEYDSSKMADLLASTHGYQLTTIPEEADLLLLNTCSIREKAQEKVFSL  62

Query  62   LGRWRPFKEKRPHVVIGVGGCVASQEGETILKQAPFVDIVFGPQTLHRLPDLLDSVIQKR  121
            LG+W+  KEK P ++IGVGGCVASQEGE + ++AP VD++FGPQTLHRLP++++ V    
Sbjct  63   LGQWKLLKEKNPQLIIGVGGCVASQEGEQLRQRAPCVDVIFGPQTLHRLPEMINHVQGTN  122

Query  122  KSVVDITFPEIEKFDRLPQPRAEGPSAFVSIMEGCSKYCTFCVVPYTRGEEISRPFDDVI  181
              VVDI+FPEIEKFDRLP+PRAEGP+AFVSIMEGC+KYCTFCVVPYTRGEE+SRP DD++
Sbjct  123  SPVVDISFPEIEKFDRLPEPRAEGPTAFVSIMEGCNKYCTFCVVPYTRGEEVSRPSDDIL  182

Query  182  AEVASLCEQGVREITLLGQNVNDYRGLMHDGQVADLALLIHYLAAMDNIERIRFTTSHPS  241
             E+A L  QGVRE+ LLGQNVN YRG  +DG +   A L+  +AA+D I+R+RFTTSHP 
Sbjct  183  FEIAQLAAQGVREVNLLGQNVNAYRGATYDGDICSFAELLRLVAAIDGIDRVRFTTSHPI  242

Query  242  AFSENLIDAYAEEPKLANHLHLPVQSGSDRILAAMKRNYTVLEYKSKIRKLRAVRPDISL  301
             F++++ID Y + P+L + LHLPVQSGSDRIL  MKR +T LEYK+ IRKLR  RPDI +
Sbjct  243  EFTDDIIDVYRDTPELVSFLHLPVQSGSDRILTMMKRAHTALEYKAIIRKLRQARPDIQI  302

Query  302  SSDFIIGFPGETDADFEATMNLIHDMGFDHSFSFIYSPRPGTPAAQLPDDVPMAVKKERL  361
            SSDFI+GFPGET  DFE TM L+ D+ FD S+SFIYSPRPGTPAA LPD+V    KK+RL
Sbjct  303  SSDFIVGFPGETQQDFEQTMKLVADIHFDTSYSFIYSPRPGTPAADLPDNVSEEEKKQRL  362

Query  362  AILQNRINAKAAEISQSMVGTQQRILVTGPSKKYPDQLSGRTENNRVVNFNGDTPLIGQM  421
             ILQ RI+ +A EIS+ MVGT QR+LV G S+K   +L+GRTENNRVVNF G   +IG+ 
Sbjct  363  HILQQRISQQAMEISRKMVGTVQRVLVEGTSRKNVMELAGRTENNRVVNFEGSPDMIGKF  422

Query  422  VTIKIKEARPYSLWG  436
            V ++I      SL G
Sbjct  423  VDVEIVNVYASSLRG  437


>A9R6X8 tRNA-2-methylthio-N(6)-dimethylallyladenosine synthase OS=Yersinia 
pestis bv. Antiqua (strain Angola) OX=349746 GN=miaB PE=3 
SV=2
Length=474

 Score = 592 bits (1526),  Expect = 0.0, Method: Compositional matrix adjust.
 Identities = 278/435 (64%), Positives = 342/435 (79%), Gaps = 0/435 (0%)

Query  2    KKLYLKTHGCQMNEYDSAKMADVLKFSHGLELTEDPAVADVFLLNTCSVREKAQTKVFSE  61
            KKL++KT GCQMNEYDS+KMAD+L  +HG +LT  P  AD+ LLNTCS+REKAQ KVFS 
Sbjct  3    KKLHIKTWGCQMNEYDSSKMADLLASTHGYQLTTIPEEADLLLLNTCSIREKAQEKVFSL  62

Query  62   LGRWRPFKEKRPHVVIGVGGCVASQEGETILKQAPFVDIVFGPQTLHRLPDLLDSVIQKR  121
            LG+W+  KEK P ++IGVGGCVASQEGE + ++AP VD++FGPQTLHRLP++++ V    
Sbjct  63   LGQWKLLKEKNPQLIIGVGGCVASQEGEQLRQRAPCVDVIFGPQTLHRLPEMINHVQGTN  122

Query  122  KSVVDITFPEIEKFDRLPQPRAEGPSAFVSIMEGCSKYCTFCVVPYTRGEEISRPFDDVI  181
              VVDI+FPEIEKFDRLP+PRAEGP+AFVSIMEGC+KYCTFCVVPYTRGEE+SRP DD++
Sbjct  123  SPVVDISFPEIEKFDRLPEPRAEGPTAFVSIMEGCNKYCTFCVVPYTRGEEVSRPSDDIL  182

Query  182  AEVASLCEQGVREITLLGQNVNDYRGLMHDGQVADLALLIHYLAAMDNIERIRFTTSHPS  241
             E+A L  QGVRE+ LLGQNVN YRG  +DG +   A L+  +AA+D I+R+RFTTSHP 
Sbjct  183  FEIAQLAAQGVREVNLLGQNVNAYRGATYDGDICSFAELLRLVAAIDGIDRVRFTTSHPI  242

Query  242  AFSENLIDAYAEEPKLANHLHLPVQSGSDRILAAMKRNYTVLEYKSKIRKLRAVRPDISL  301
             F++++ID Y + P+L + LHLPVQSGSDRIL  MKR +T LEYK+ IRKLR  RPDI +
Sbjct  243  EFTDDIIDVYRDTPELVSFLHLPVQSGSDRILTMMKRAHTALEYKAIIRKLRQARPDIQI  302

Query  302  SSDFIIGFPGETDADFEATMNLIHDMGFDHSFSFIYSPRPGTPAAQLPDDVPMAVKKERL  361
            SSDFI+GFPGET  DFE TM L+ D+ FD S+SFIYSPRPGTPAA LPD+V    KK+RL
Sbjct  303  SSDFIVGFPGETQQDFEQTMKLVADIHFDTSYSFIYSPRPGTPAADLPDNVSEEEKKQRL  362

Query  362  AILQNRINAKAAEISQSMVGTQQRILVTGPSKKYPDQLSGRTENNRVVNFNGDTPLIGQM  421
             ILQ RI+ +A EIS+ MVGT QR+LV G S+K   +L+GRTENNRVVNF G   +IG+ 
Sbjct  363  HILQQRISQQAMEISRKMVGTVQRVLVEGTSRKNVMELAGRTENNRVVNFEGSPDMIGKF  422

Query  422  VTIKIKEARPYSLWG  436
            V ++I      SL G
Sbjct  423  VDVEIVNVYASSLRG  437


>A1S8S1 tRNA-2-methylthio-N(6)-dimethylallyladenosine synthase OS=Shewanella 
amazonensis (strain ATCC BAA-1098 / SB2B) OX=326297 
GN=miaB PE=3 SV=2
Length=474

 Score = 592 bits (1526),  Expect = 0.0, Method: Compositional matrix adjust.
 Identities = 280/436 (64%), Positives = 340/436 (78%), Gaps = 0/436 (0%)

Query  2    KKLYLKTHGCQMNEYDSAKMADVLKFSHGLELTEDPAVADVFLLNTCSVREKAQTKVFSE  61
            KKL++KT GCQMNEYDS+KMAD+L    G  LTE+   AD+ LLNTCS+REKAQ KVF +
Sbjct  3    KKLHIKTWGCQMNEYDSSKMADLLGEYQGYTLTEEAEEADILLLNTCSIREKAQEKVFHQ  62

Query  62   LGRWRPFKEKRPHVVIGVGGCVASQEGETILKQAPFVDIVFGPQTLHRLPDLLDSVIQKR  121
            LGRW+  K+K P ++IGVGGCVASQEG+ I  +A  VDI+FGPQTLHRLP+++D V    
Sbjct  63   LGRWKTLKDKNPDLIIGVGGCVASQEGKAIKDRAQCVDIIFGPQTLHRLPEMIDQVRSGE  122

Query  122  KSVVDITFPEIEKFDRLPQPRAEGPSAFVSIMEGCSKYCTFCVVPYTRGEEISRPFDDVI  181
            K+V+D++FPEIEKFDRLP+PRAEGP+AFVSIMEGCSKYC+FCVVPYTRGEE+SRP DD+I
Sbjct  123  KAVIDVSFPEIEKFDRLPEPRAEGPTAFVSIMEGCSKYCSFCVVPYTRGEEVSRPMDDII  182

Query  182  AEVASLCEQGVREITLLGQNVNDYRGLMHDGQVADLALLIHYLAAMDNIERIRFTTSHPS  241
             E+A L EQGVRE+ LLGQNVN YRG  HDG++   A L+ ++AA+D I+R+RFTTSHP 
Sbjct  183  LEIAQLAEQGVREVNLLGQNVNAYRGAKHDGEICTFAELLRHVAAIDGIDRLRFTTSHPI  242

Query  242  AFSENLIDAYAEEPKLANHLHLPVQSGSDRILAAMKRNYTVLEYKSKIRKLRAVRPDISL  301
             F++++ID Y + P+L + LHLPVQSGSDRIL AMKR +  +EYKS IR+LR  RPDI +
Sbjct  243  EFTQDIIDVYEDTPELVSFLHLPVQSGSDRILTAMKRGHMAIEYKSIIRRLRKARPDIQI  302

Query  302  SSDFIIGFPGETDADFEATMNLIHDMGFDHSFSFIYSPRPGTPAAQLPDDVPMAVKKERL  361
            SSDFI+GFPGET  DF+ TM LI D+ FD SFSFIYS RPGTPAA LPDDV M  KK+RL
Sbjct  303  SSDFIVGFPGETAQDFQDTMKLIEDVNFDMSFSFIYSARPGTPAADLPDDVDMEEKKQRL  362

Query  362  AILQNRINAKAAEISQSMVGTQQRILVTGPSKKYPDQLSGRTENNRVVNFNGDTPLIGQM  421
            A LQ  IN +A   S+ M+GT QRILV GPS K P +L GRTE NRVVNF G    IG  
Sbjct  363  ADLQELINQQAMRYSRQMMGTVQRILVEGPSVKNPMELRGRTETNRVVNFEGLHKHIGTF  422

Query  422  VTIKIKEARPYSLWGE  437
            V ++I +  P SL G+
Sbjct  423  VDVEIVDVFPNSLRGK  438


>B1KDV4 tRNA-2-methylthio-N(6)-dimethylallyladenosine synthase OS=Shewanella 
woodyi (strain ATCC 51908 / MS32) OX=392500 GN=miaB 
PE=3 SV=1
Length=474

 Score = 592 bits (1525),  Expect = 0.0, Method: Compositional matrix adjust.
 Identities = 278/435 (64%), Positives = 340/435 (78%), Gaps = 0/435 (0%)

Query  2    KKLYLKTHGCQMNEYDSAKMADVLKFSHGLELTEDPAVADVFLLNTCSVREKAQTKVFSE  61
            KKL++KT GCQMNEYDS+KMAD++    G  LTE+   ADV LLNTCS+REKAQ KVF +
Sbjct  3    KKLHIKTWGCQMNEYDSSKMADLMDEYKGYTLTEEAEEADVLLLNTCSIREKAQEKVFHQ  62

Query  62   LGRWRPFKEKRPHVVIGVGGCVASQEGETILKQAPFVDIVFGPQTLHRLPDLLDSVIQKR  121
            LGRW+  K+K P+++IGVGGCVASQEG+ I  +A  VD++FGPQTLHRLP+++D +    
Sbjct  63   LGRWKKLKDKNPNLIIGVGGCVASQEGKVIKDRAQCVDLIFGPQTLHRLPEMIDQIEAGG  122

Query  122  KSVVDITFPEIEKFDRLPQPRAEGPSAFVSIMEGCSKYCTFCVVPYTRGEEISRPFDDVI  181
            K+V+D++FPEIEKFDRLP+PRA+GPSAFVSIMEGCSKYC+FCVVPYTRGEE+SRP DDVI
Sbjct  123  KAVIDVSFPEIEKFDRLPEPRADGPSAFVSIMEGCSKYCSFCVVPYTRGEEVSRPLDDVI  182

Query  182  AEVASLCEQGVREITLLGQNVNDYRGLMHDGQVADLALLIHYLAAMDNIERIRFTTSHPS  241
             E+A L EQGVRE+ LLGQNVN YRG  HD ++   A L+ Y+AA+D I+R+RFTTSHP 
Sbjct  183  LEIAQLAEQGVREVNLLGQNVNAYRGATHDDEICTFAELLRYVAAIDGIDRLRFTTSHPI  242

Query  242  AFSENLIDAYAEEPKLANHLHLPVQSGSDRILAAMKRNYTVLEYKSKIRKLRAVRPDISL  301
             F++++ID Y + P+L + LHLPVQSGSDRIL  MKR +  +EYKS IR+LR  RPDI +
Sbjct  243  EFTQDIIDVYEDTPELVSFLHLPVQSGSDRILTQMKRGHMAIEYKSIIRRLRKARPDIQV  302

Query  302  SSDFIIGFPGETDADFEATMNLIHDMGFDHSFSFIYSPRPGTPAAQLPDDVPMAVKKERL  361
            SSDFIIGFPGE+  DFE TM LI D+ FDHSFSFIYS RPGTPA+ LPDDV +  KKERL
Sbjct  303  SSDFIIGFPGESKQDFEDTMKLIEDVQFDHSFSFIYSARPGTPASDLPDDVTLDEKKERL  362

Query  362  AILQNRINAKAAEISQSMVGTQQRILVTGPSKKYPDQLSGRTENNRVVNFNGDTPLIGQM  421
            AILQ+RI  +A   S+ M+GT QRILV GPS K P +L GRTE +RVVNF  D   IG  
Sbjct  363  AILQDRITQQAMRYSRQMLGTVQRILVEGPSVKNPMELRGRTETSRVVNFEADPKHIGSF  422

Query  422  VTIKIKEARPYSLWG  436
            V ++I +    SL G
Sbjct  423  VDVEIVDVYTNSLRG  437


>B2JD88 tRNA-2-methylthio-N(6)-dimethylallyladenosine synthase OS=Paraburkholderia 
phymatum (strain DSM 17167 / CIP 108236 / LMG 
21445 / STM815) OX=391038 GN=miaB PE=3 SV=1
Length=456

 Score = 592 bits (1525),  Expect = 0.0, Method: Compositional matrix adjust.
 Identities = 288/443 (65%), Positives = 340/443 (77%), Gaps = 6/443 (1%)

Query  2    KKLYLKTHGCQMNEYDSAKMADVLKFSHGLELTEDPAVADVFLLNTCSVREKAQTKVFSE  61
            KK+Y+KT GCQMNEYDS KM DVL  + GL  T+ P  ADV L NTCSVREKAQ KVFS+
Sbjct  3    KKVYVKTFGCQMNEYDSDKMVDVLGAAEGLVKTDTPEDADVILFNTCSVREKAQEKVFSD  62

Query  62   LGRWRPFKEKRPHVVIGVGGCVASQEGETILKQAPFVDIVFGPQTLHRLPDLLDSVIQKR  121
            LGR R  KE  P+++IGVGGCVASQEG +I+ +AP+VD+VFGPQTLHRLP ++D      
Sbjct  63   LGRVRELKEANPNLLIGVGGCVASQEGASIVARAPYVDLVFGPQTLHRLPQMIDQRRASG  122

Query  122  KSVVDITFPEIEKFDRLPQPRAEGPSAFVSIMEGCSKYCTFCVVPYTRGEEISRPFDDVI  181
            +  VDITFPEIEKFD LP  R +GPSAFVSIMEGCSKYC++CVVPYTRGEE+SRP DDV+
Sbjct  123  RPQVDITFPEIEKFDHLPPARIDGPSAFVSIMEGCSKYCSYCVVPYTRGEEVSRPLDDVL  182

Query  182  AEVASLCEQGVREITLLGQNVNDYRGLMHDG--QVADLALLIHYLAAMDNIERIRFTTSH  239
             E+A L +QGVRE+TLLGQNVN YRG M  G  ++AD A LI Y+A +  IERIR+TTSH
Sbjct  183  TEIAGLADQGVREVTLLGQNVNAYRGAMTLGATEIADFATLIEYVADIPGIERIRYTTSH  242

Query  240  PSAFSENLIDAYAEEPKLANHLHLPVQSGSDRILAAMKRNYTVLEYKSKIRKLRAVRPDI  299
            P  F++ LID YA+ PKL +HLHLPVQ GSDRIL AMKR YTVLEYKS IRKLRA+RPD+
Sbjct  243  PKEFTQRLIDTYAKVPKLVSHLHLPVQHGSDRILMAMKRGYTVLEYKSVIRKLRAIRPDL  302

Query  300  SLSSDFIIGFPGETDADFEATMNLIHDMGFDHSFSFIYSPRPGTPAAQLPDDVPMAVKKE  359
            SLS+D I+GFPGET+ DF+  M L+HDM +D SFSFIYSPRPGTPAA L DD P  VK  
Sbjct  303  SLSTDMIVGFPGETEEDFDKMMQLVHDMSYDTSFSFIYSPRPGTPAANLQDDTPREVKLR  362

Query  360  RLAILQNRINAKAAEISQSMVGTQQRILVTGPSKKYPDQLSGRTENNRVVNF----NGDT  415
            RL  LQ  I      ISQ+MVG  +RILV  P++K P++L+GRTENNRVVNF        
Sbjct  363  RLQHLQATIEENVQRISQAMVGKVERILVERPARKDPNELAGRTENNRVVNFPAPVETHA  422

Query  416  PLIGQMVTIKIKEARPYSLWGEI  438
             LIGQM+ +KI  A P+SL GE+
Sbjct  423  RLIGQMIDVKIVHAYPHSLRGEL  445


>A8H7B6 tRNA-2-methylthio-N(6)-dimethylallyladenosine synthase OS=Shewanella 
pealeana (strain ATCC 700345 / ANG-SQ1) OX=398579 GN=miaB 
PE=3 SV=1
Length=475

 Score = 591 bits (1523),  Expect = 0.0, Method: Compositional matrix adjust.
 Identities = 278/435 (64%), Positives = 342/435 (79%), Gaps = 0/435 (0%)

Query  2    KKLYLKTHGCQMNEYDSAKMADVLKFSHGLELTEDPAVADVFLLNTCSVREKAQTKVFSE  61
            KKL++KT GCQMNEYDS+KMAD+L    G  LT++   ADV LLNTCS+REKAQ KVF +
Sbjct  3    KKLHIKTWGCQMNEYDSSKMADLLDEYEGYTLTDNAEEADVLLLNTCSIREKAQEKVFHQ  62

Query  62   LGRWRPFKEKRPHVVIGVGGCVASQEGETILKQAPFVDIVFGPQTLHRLPDLLDSVIQKR  121
            LGRW+  K+K+P ++IGVGGCVASQEG+ I ++A  VD++FGPQTLHRLP+++D +   +
Sbjct  63   LGRWKTLKDKKPGLIIGVGGCVASQEGKAIKERAQCVDLIFGPQTLHRLPEMIDQIKDGK  122

Query  122  KSVVDITFPEIEKFDRLPQPRAEGPSAFVSIMEGCSKYCTFCVVPYTRGEEISRPFDDVI  181
            K+V+D++FPE+EKFDRLP+PRAEGPSAFVSIMEGCSKYC+FCVVPYTRGEE+SRP DDVI
Sbjct  123  KAVIDVSFPEVEKFDRLPEPRAEGPSAFVSIMEGCSKYCSFCVVPYTRGEEVSRPLDDVI  182

Query  182  AEVASLCEQGVREITLLGQNVNDYRGLMHDGQVADLALLIHYLAAMDNIERIRFTTSHPS  241
             E+A L EQGVRE+ LLGQNVN YRG  HD ++   A L+ Y+AA+D I+R+RFTTSHP 
Sbjct  183  LEIAQLAEQGVREVNLLGQNVNAYRGATHDDEICTFAELLRYVAAIDGIDRLRFTTSHPI  242

Query  242  AFSENLIDAYAEEPKLANHLHLPVQSGSDRILAAMKRNYTVLEYKSKIRKLRAVRPDISL  301
             F++++ID Y + P+L + LHLPVQSGSD IL  MKR +  +EYKS IR+LR  RPDI +
Sbjct  243  EFTQDIIDVYEDTPELVSFLHLPVQSGSDLILTQMKRGHMAIEYKSIIRRLRKARPDILI  302

Query  302  SSDFIIGFPGETDADFEATMNLIHDMGFDHSFSFIYSPRPGTPAAQLPDDVPMAVKKERL  361
            SSDFIIGFPGE+  DF  TM LI D+ FDHSFSFIYS RPGTPAA LPD+V +  KKERL
Sbjct  303  SSDFIIGFPGESKQDFADTMKLIEDIQFDHSFSFIYSARPGTPAADLPDNVSLDEKKERL  362

Query  362  AILQNRINAKAAEISQSMVGTQQRILVTGPSKKYPDQLSGRTENNRVVNFNGDTPLIGQM  421
            AILQ+RI  +A   S+ MVGT QRILV GPS K P +L GRTEN+RVVNF G    IG+ 
Sbjct  363  AILQDRITQQAMRYSRQMVGTVQRILVEGPSVKNPMELRGRTENSRVVNFEGLHEHIGKF  422

Query  422  VTIKIKEARPYSLWG  436
            V ++I +    SL G
Sbjct  423  VDVEIVDVYTNSLRG  437


>Q82SI7 tRNA-2-methylthio-N(6)-dimethylallyladenosine synthase OS=Nitrosomonas 
europaea (strain ATCC 19718 / CIP 103999 / KCTC 2705 
/ NBRC 14298) OX=228410 GN=miaB PE=3 SV=1
Length=443

 Score = 590 bits (1522),  Expect = 0.0, Method: Compositional matrix adjust.
 Identities = 286/436 (66%), Positives = 334/436 (77%), Gaps = 0/436 (0%)

Query  3    KLYLKTHGCQMNEYDSAKMADVLKFSHGLELTEDPAVADVFLLNTCSVREKAQTKVFSEL  62
            KLY++T GCQMNEYDSAKMAD+L    G+EL E P  AD+ L NTCSVREKAQ KVF +L
Sbjct  4    KLYIRTFGCQMNEYDSAKMADILLSEKGMELAETPEEADLILFNTCSVREKAQEKVFHDL  63

Query  63   GRWRPFKEKRPHVVIGVGGCVASQEGETILKQAPFVDIVFGPQTLHRLPDLLDSVIQKRK  122
            GR R  K  +P ++IGVGGCVASQEG  I+K+APFVD+VFGPQTLHRLPDL+D+  +  +
Sbjct  64   GRVRHLKNSKPDLLIGVGGCVASQEGPEIVKRAPFVDLVFGPQTLHRLPDLIDARRRTGR  123

Query  123  SVVDITFPEIEKFDRLPQPRAEGPSAFVSIMEGCSKYCTFCVVPYTRGEEISRPFDDVIA  182
              VDI+FPEIEKFDRLP  R EG +AFVSIMEGCSKYC+FCVVPYTRGEE+SRP DDV+ 
Sbjct  124  PQVDISFPEIEKFDRLPPARTEGSTAFVSIMEGCSKYCSFCVVPYTRGEEVSRPLDDVLT  183

Query  183  EVASLCEQGVREITLLGQNVNDYRGLMHDGQVADLALLIHYLAAMDNIERIRFTTSHPSA  242
            EVA L  QGV+E+TLLGQNVN Y G M +G++AD A L+ Y+  +  IERIR+TTSHP  
Sbjct  184  EVAGLAIQGVKEVTLLGQNVNAYLGKMINGEIADFATLLDYIHEIPGIERIRYTTSHPRE  243

Query  243  FSENLIDAYAEEPKLANHLHLPVQSGSDRILAAMKRNYTVLEYKSKIRKLRAVRPDISLS  302
            F+  LI+AY   PKL  H+HLPVQSGSDRILAAMKR YT +EYKS +RKLR VRPDIS+S
Sbjct  244  FTARLIEAYQRLPKLVGHVHLPVQSGSDRILAAMKRGYTTVEYKSIVRKLRLVRPDISIS  303

Query  303  SDFIIGFPGETDADFEATMNLIHDMGFDHSFSFIYSPRPGTPAAQLPDDVPMAVKKERLA  362
            SDFIIGFPGET+ DFEATM LI D+ FD SFSFIYSPRPGTPAA LPD+    +K  RL 
Sbjct  304  SDFIIGFPGETEDDFEATMKLIDDVHFDESFSFIYSPRPGTPAADLPDNTSHQIKLTRLY  363

Query  363  ILQNRINAKAAEISQSMVGTQQRILVTGPSKKYPDQLSGRTENNRVVNFNGDTPLIGQMV  422
             LQ +I   A  ISQ MV T QRILV GPS+K P +  GRT+NNRVVNF G   L G  +
Sbjct  364  RLQEKIQLNAQAISQGMVDTVQRILVEGPSRKDPGEFCGRTDNNRVVNFAGHAGLTGSFI  423

Query  423  TIKIKEARPYSLWGEI  438
             I+I     ++L GEI
Sbjct  424  DIRITAVSSHTLRGEI  439


>A1WBW2 tRNA-2-methylthio-N(6)-dimethylallyladenosine synthase OS=Acidovorax 
sp. (strain JS42) OX=232721 GN=miaB PE=3 SV=1
Length=448

 Score = 590 bits (1522),  Expect = 0.0, Method: Compositional matrix adjust.
 Identities = 291/438 (66%), Positives = 344/438 (79%), Gaps = 3/438 (1%)

Query  2    KKLYLKTHGCQMNEYDSAKMADVLKFSHGLELTEDPAVADVFLLNTCSVREKAQTKVFSE  61
            KK+++KT GCQMNEYDS KMADVL  + G E T+DP  AD+ L NTCSVREKAQ KVFS+
Sbjct  3    KKVFIKTFGCQMNEYDSDKMADVLGAAQGYEPTDDPEQADLILFNTCSVREKAQEKVFSD  62

Query  62   LGRWRPFKEKRPHVVIGVGGCVASQEGETILKQAPFVDIVFGPQTLHRLPDLLDSVIQKR  121
            LGR +  K+K   V+IGVGGCVASQEGE I+K+APFVD+VFGPQTLHRLP+LL++   K 
Sbjct  63   LGRVKHLKDK--GVLIGVGGCVASQEGEEIIKRAPFVDVVFGPQTLHRLPELLNARAAKA  120

Query  122  KSVVDITFPEIEKFDRLPQPRAEGPSAFVSIMEGCSKYCTFCVVPYTRGEEISRPFDDVI  181
            +  VDI+FPEIEKFD LP  R EG SAFVSIMEGCSKYC++CVVPYTRGEE+SRPF+DV+
Sbjct  121  RPQVDISFPEIEKFDHLPPARVEGASAFVSIMEGCSKYCSYCVVPYTRGEEVSRPFEDVL  180

Query  182  AEVASLCEQGVREITLLGQNVNDYRGLMHD-GQVADLALLIHYLAAMDNIERIRFTTSHP  240
             EVA L +QGV+E+TLLGQNVN Y G M D  + AD ALL+ Y+A +  IERIRFTTSHP
Sbjct  181  VEVAGLADQGVKEVTLLGQNVNAYLGAMGDTAEKADFALLLEYVAEIPGIERIRFTTSHP  240

Query  241  SAFSENLIDAYAEEPKLANHLHLPVQSGSDRILAAMKRNYTVLEYKSKIRKLRAVRPDIS  300
            + F+  LI+AYA+ PKL +HLHLPVQ GSDRIL AMKR YT +EYKS IRKLRA+RPD++
Sbjct  241  NEFTPRLIEAYAKIPKLVSHLHLPVQHGSDRILMAMKRGYTAMEYKSTIRKLRAIRPDMA  300

Query  301  LSSDFIIGFPGETDADFEATMNLIHDMGFDHSFSFIYSPRPGTPAAQLPDDVPMAVKKER  360
            +SSDFI+GFPGET+ DF+  M LI D+ FD+SFSFI+SPRPGTPAA L DD P  VK  R
Sbjct  301  MSSDFIVGFPGETEEDFQKMMKLIDDVRFDNSFSFIFSPRPGTPAANLHDDTPHEVKLRR  360

Query  361  LAILQNRINAKAAEISQSMVGTQQRILVTGPSKKYPDQLSGRTENNRVVNFNGDTPLIGQ  420
            L  LQ  IN    EISQ  VGT QR+LV G SK+   +L GRTE NRVVNF G   LIGQ
Sbjct  361  LQELQAVINRNILEISQERVGTVQRLLVEGVSKRDGSELMGRTECNRVVNFPGHERLIGQ  420

Query  421  MVTIKIKEARPYSLWGEI  438
            M+ +KI EAR Y+L GE+
Sbjct  421  MIDVKITEARTYTLRGEV  438


>Q1CKP3 tRNA-2-methylthio-N(6)-dimethylallyladenosine synthase OS=Yersinia 
pestis bv. Antiqua (strain Nepal516) OX=377628 GN=miaB 
PE=3 SV=2
Length=474

 Score = 590 bits (1521),  Expect = 0.0, Method: Compositional matrix adjust.
 Identities = 277/435 (64%), Positives = 342/435 (79%), Gaps = 0/435 (0%)

Query  2    KKLYLKTHGCQMNEYDSAKMADVLKFSHGLELTEDPAVADVFLLNTCSVREKAQTKVFSE  61
            KKL++KT GCQMNEYDS+KMAD+L  +HG +LT  P  AD+ LLNTCS+REKAQ KVFS 
Sbjct  3    KKLHIKTWGCQMNEYDSSKMADLLASTHGYQLTTIPEEADLLLLNTCSIREKAQEKVFSL  62

Query  62   LGRWRPFKEKRPHVVIGVGGCVASQEGETILKQAPFVDIVFGPQTLHRLPDLLDSVIQKR  121
            LG+W+  KEK P ++IGVGGCVASQEGE + ++AP VD++FGPQTLHRLP++++ V    
Sbjct  63   LGQWKLLKEKNPQLIIGVGGCVASQEGEQLRQRAPCVDVIFGPQTLHRLPEMINHVQGTN  122

Query  122  KSVVDITFPEIEKFDRLPQPRAEGPSAFVSIMEGCSKYCTFCVVPYTRGEEISRPFDDVI  181
              VVDI+FPEIEKFDRLP+PRAEGP+AFVSIMEGC+KYCTFCVVPYTRGEE+SRP DD++
Sbjct  123  SPVVDISFPEIEKFDRLPEPRAEGPTAFVSIMEGCNKYCTFCVVPYTRGEEVSRPSDDIL  182

Query  182  AEVASLCEQGVREITLLGQNVNDYRGLMHDGQVADLALLIHYLAAMDNIERIRFTTSHPS  241
             E+A L  QGVRE+ LLGQNVN YRG  +DG +   A L+  +AA+D I+R+RFTTSHP 
Sbjct  183  FEIAQLAAQGVREVNLLGQNVNAYRGATYDGDICSFAELLRLVAAIDGIDRVRFTTSHPI  242

Query  242  AFSENLIDAYAEEPKLANHLHLPVQSGSDRILAAMKRNYTVLEYKSKIRKLRAVRPDISL  301
             F++++ID Y + P+L + LHLPVQSGSDRIL  MKR +T LEYK+ IRKLR  RPDI +
Sbjct  243  EFTDDIIDVYRDTPELVSFLHLPVQSGSDRILTMMKRAHTALEYKAIIRKLRQARPDIQI  302

Query  302  SSDFIIGFPGETDADFEATMNLIHDMGFDHSFSFIYSPRPGTPAAQLPDDVPMAVKKERL  361
            SSDFI+GFPGET  DFE TM L+ D+ FD S+SFIYSPRPGTPAA LP++V    KK+RL
Sbjct  303  SSDFIVGFPGETQQDFEQTMKLVADIHFDTSYSFIYSPRPGTPAADLPNNVSEEEKKQRL  362

Query  362  AILQNRINAKAAEISQSMVGTQQRILVTGPSKKYPDQLSGRTENNRVVNFNGDTPLIGQM  421
             ILQ RI+ +A EIS+ MVGT QR+LV G S+K   +L+GRTENNRVVNF G   +IG+ 
Sbjct  363  HILQQRISQQAMEISRKMVGTVQRVLVEGTSRKNVMELAGRTENNRVVNFEGSPDMIGKF  422

Query  422  VTIKIKEARPYSLWG  436
            V ++I      SL G
Sbjct  423  VDVEIVNVYASSLRG  437


>Q0WDR2 tRNA-2-methylthio-N(6)-dimethylallyladenosine synthase OS=Yersinia 
pestis OX=632 GN=miaB PE=3 SV=1
Length=474

 Score = 590 bits (1521),  Expect = 0.0, Method: Compositional matrix adjust.
 Identities = 277/435 (64%), Positives = 342/435 (79%), Gaps = 0/435 (0%)

Query  2    KKLYLKTHGCQMNEYDSAKMADVLKFSHGLELTEDPAVADVFLLNTCSVREKAQTKVFSE  61
            KKL++KT GCQMNEYDS+KMAD+L  +HG +LT  P  AD+ LLNTCS+REKAQ KVFS 
Sbjct  3    KKLHIKTWGCQMNEYDSSKMADLLASTHGYQLTTIPEEADLLLLNTCSIREKAQEKVFSL  62

Query  62   LGRWRPFKEKRPHVVIGVGGCVASQEGETILKQAPFVDIVFGPQTLHRLPDLLDSVIQKR  121
            LG+W+  KEK P ++IGVGGCVASQEGE + ++AP VD++FGPQTLHRLP++++ V    
Sbjct  63   LGQWKLLKEKNPQLIIGVGGCVASQEGEQLRQRAPCVDVIFGPQTLHRLPEMINHVQGTN  122

Query  122  KSVVDITFPEIEKFDRLPQPRAEGPSAFVSIMEGCSKYCTFCVVPYTRGEEISRPFDDVI  181
              VVDI+FPEIEKFDRLP+PRAEGP+AFVSIMEGC+KYCTFCVVPYTRGEE+SRP DD++
Sbjct  123  SPVVDISFPEIEKFDRLPEPRAEGPTAFVSIMEGCNKYCTFCVVPYTRGEEVSRPSDDIL  182

Query  182  AEVASLCEQGVREITLLGQNVNDYRGLMHDGQVADLALLIHYLAAMDNIERIRFTTSHPS  241
             E+A L  QGVRE+ LLGQNVN YRG  +DG +   A L+  +AA+D I+R+RFTTSHP 
Sbjct  183  FEIAQLAAQGVREVNLLGQNVNAYRGATYDGDICSFAELLRLVAAIDGIDRVRFTTSHPI  242

Query  242  AFSENLIDAYAEEPKLANHLHLPVQSGSDRILAAMKRNYTVLEYKSKIRKLRAVRPDISL  301
             F++++ID Y + P+L + LHLPVQSGSDRIL  MKR +T LEYK+ IRKLR  RPDI +
Sbjct  243  EFTDDIIDVYRDTPELVSFLHLPVQSGSDRILTMMKRAHTALEYKAIIRKLRQARPDIQI  302

Query  302  SSDFIIGFPGETDADFEATMNLIHDMGFDHSFSFIYSPRPGTPAAQLPDDVPMAVKKERL  361
            SSDFI+GFPGET  DFE TM L+ D+ FD S+SFIYSPRPGTPAA LP++V    KK+RL
Sbjct  303  SSDFIVGFPGETQQDFEQTMKLVADIHFDTSYSFIYSPRPGTPAADLPNNVSEEEKKQRL  362

Query  362  AILQNRINAKAAEISQSMVGTQQRILVTGPSKKYPDQLSGRTENNRVVNFNGDTPLIGQM  421
             ILQ RI+ +A EIS+ MVGT QR+LV G S+K   +L+GRTENNRVVNF G   +IG+ 
Sbjct  363  HILQQRISQQAMEISRKMVGTVQRVLVEGTSRKNVMELAGRTENNRVVNFEGSPDMIGKF  422

Query  422  VTIKIKEARPYSLWG  436
            V ++I      SL G
Sbjct  423  VDVEIVNVYASSLRG  437


>Q1C531 tRNA-2-methylthio-N(6)-dimethylallyladenosine synthase OS=Yersinia 
pestis bv. Antiqua (strain Antiqua) OX=360102 GN=miaB 
PE=3 SV=2
Length=474

 Score = 590 bits (1521),  Expect = 0.0, Method: Compositional matrix adjust.
 Identities = 277/435 (64%), Positives = 342/435 (79%), Gaps = 0/435 (0%)

Query  2    KKLYLKTHGCQMNEYDSAKMADVLKFSHGLELTEDPAVADVFLLNTCSVREKAQTKVFSE  61
            KKL++KT GCQMNEYDS+KMAD+L  +HG +LT  P  AD+ LLNTCS+REKAQ KVFS 
Sbjct  3    KKLHIKTWGCQMNEYDSSKMADLLASTHGYQLTTIPEEADLLLLNTCSIREKAQEKVFSL  62

Query  62   LGRWRPFKEKRPHVVIGVGGCVASQEGETILKQAPFVDIVFGPQTLHRLPDLLDSVIQKR  121
            LG+W+  KEK P ++IGVGGCVASQEGE + ++AP VD++FGPQTLHRLP++++ V    
Sbjct  63   LGQWKLLKEKNPQLIIGVGGCVASQEGEQLRQRAPCVDVIFGPQTLHRLPEMINHVQGTN  122

Query  122  KSVVDITFPEIEKFDRLPQPRAEGPSAFVSIMEGCSKYCTFCVVPYTRGEEISRPFDDVI  181
              VVDI+FPEIEKFDRLP+PRAEGP+AFVSIMEGC+KYCTFCVVPYTRGEE+SRP DD++
Sbjct  123  SPVVDISFPEIEKFDRLPEPRAEGPTAFVSIMEGCNKYCTFCVVPYTRGEEVSRPSDDIL  182

Query  182  AEVASLCEQGVREITLLGQNVNDYRGLMHDGQVADLALLIHYLAAMDNIERIRFTTSHPS  241
             E+A L  QGVRE+ LLGQNVN YRG  +DG +   A L+  +AA+D I+R+RFTTSHP 
Sbjct  183  FEIAQLAAQGVREVNLLGQNVNAYRGATYDGDICSFAELLRLVAAIDGIDRVRFTTSHPI  242

Query  242  AFSENLIDAYAEEPKLANHLHLPVQSGSDRILAAMKRNYTVLEYKSKIRKLRAVRPDISL  301
             F++++ID Y + P+L + LHLPVQSGSDRIL  MKR +T LEYK+ IRKLR  RPDI +
Sbjct  243  EFTDDIIDVYRDTPELVSFLHLPVQSGSDRILTMMKRAHTALEYKAIIRKLRQARPDIQI  302

Query  302  SSDFIIGFPGETDADFEATMNLIHDMGFDHSFSFIYSPRPGTPAAQLPDDVPMAVKKERL  361
            SSDFI+GFPGET  DFE TM L+ D+ FD S+SFIYSPRPGTPAA LP++V    KK+RL
Sbjct  303  SSDFIVGFPGETQQDFEQTMKLVADIHFDTSYSFIYSPRPGTPAADLPNNVSEEEKKQRL  362

Query  362  AILQNRINAKAAEISQSMVGTQQRILVTGPSKKYPDQLSGRTENNRVVNFNGDTPLIGQM  421
             ILQ RI+ +A EIS+ MVGT QR+LV G S+K   +L+GRTENNRVVNF G   +IG+ 
Sbjct  363  HILQQRISQQAMEISRKMVGTVQRVLVEGTSRKNVMELAGRTENNRVVNFEGSPDMIGKF  422

Query  422  VTIKIKEARPYSLWG  436
            V ++I      SL G
Sbjct  423  VDVEIVNVYASSLRG  437


>Q087J4 tRNA-2-methylthio-N(6)-dimethylallyladenosine synthase OS=Shewanella 
frigidimarina (strain NCIMB 400) OX=318167 GN=miaB PE=3 
SV=1
Length=474

 Score = 590 bits (1520),  Expect = 0.0, Method: Compositional matrix adjust.
 Identities = 279/436 (64%), Positives = 339/436 (78%), Gaps = 0/436 (0%)

Query  2    KKLYLKTHGCQMNEYDSAKMADVLKFSHGLELTEDPAVADVFLLNTCSVREKAQTKVFSE  61
            KKL++KT GCQMNEYDS+KMAD+L    G  LTED + ADV LLNTCS+REKAQ KVF +
Sbjct  3    KKLHIKTWGCQMNEYDSSKMADLLDDYQGYTLTEDASEADVLLLNTCSIREKAQEKVFHQ  62

Query  62   LGRWRPFKEKRPHVVIGVGGCVASQEGETILKQAPFVDIVFGPQTLHRLPDLLDSVIQKR  121
            LGRW+  K+K P+++IGVGGCVASQEG+ I  +A  VDI+FGPQTLHRLP++++ + +  
Sbjct  63   LGRWKSLKDKNPNLIIGVGGCVASQEGKAIKDRAQCVDIIFGPQTLHRLPEMIEQIQRGE  122

Query  122  KSVVDITFPEIEKFDRLPQPRAEGPSAFVSIMEGCSKYCTFCVVPYTRGEEISRPFDDVI  181
            K+V+DI+FPEIEKFDRLP+PRA+GP+AFVSIMEGCSKYC+FCVVPYTRGEE+SRP DDVI
Sbjct  123  KAVIDISFPEIEKFDRLPEPRADGPTAFVSIMEGCSKYCSFCVVPYTRGEEVSRPLDDVI  182

Query  182  AEVASLCEQGVREITLLGQNVNDYRGLMHDGQVADLALLIHYLAAMDNIERIRFTTSHPS  241
             EVA L  QGVRE+ LLGQNVN YRG  HD ++   A L+  +A++D I+R+RFTTSHP 
Sbjct  183  LEVAQLAAQGVREVNLLGQNVNAYRGATHDDEICTFAELLRLVASIDGIDRLRFTTSHPI  242

Query  242  AFSENLIDAYAEEPKLANHLHLPVQSGSDRILAAMKRNYTVLEYKSKIRKLRAVRPDISL  301
             F++++ID Y + P+L + LHLPVQSGSDRIL  MKR +  +EYKS IR+LR  RPDI +
Sbjct  243  EFTQDIIDVYEDTPELVSFLHLPVQSGSDRILTQMKRGHMAIEYKSIIRRLRKARPDIQI  302

Query  302  SSDFIIGFPGETDADFEATMNLIHDMGFDHSFSFIYSPRPGTPAAQLPDDVPMAVKKERL  361
            SSDFIIGFPGE+  DF  TM LI D+ FDHSFSFIYS RPGTPAA LPDDV    KK+RL
Sbjct  303  SSDFIIGFPGESKDDFADTMKLIEDVAFDHSFSFIYSARPGTPAADLPDDVSDEEKKQRL  362

Query  362  AILQNRINAKAAEISQSMVGTQQRILVTGPSKKYPDQLSGRTENNRVVNFNGDTPLIGQM  421
            AILQ+RI  +A   S+ M+GT QRILV GPS K P +L GRTEN+RVVNF      IG  
Sbjct  363  AILQDRITQQAMRYSRQMLGTVQRILVEGPSVKNPMELRGRTENSRVVNFEAAHTHIGSF  422

Query  422  VTIKIKEARPYSLWGE  437
            V +KI +    SL GE
Sbjct  423  VDVKIVDVYTNSLRGE  438


>B5R817 tRNA-2-methylthio-N(6)-dimethylallyladenosine synthase OS=Salmonella 
gallinarum (strain 287/91 / NCTC 13346) OX=550538 GN=miaB 
PE=3 SV=1
Length=474

 Score = 590 bits (1520),  Expect = 0.0, Method: Compositional matrix adjust.
 Identities = 279/437 (64%), Positives = 345/437 (79%), Gaps = 0/437 (0%)

Query  2    KKLYLKTHGCQMNEYDSAKMADVLKFSHGLELTEDPAVADVFLLNTCSVREKAQTKVFSE  61
            KKL++KT GCQMNEYDS+KMAD+L  +HG +LT+    ADV LLNTCS+REKAQ KVF +
Sbjct  3    KKLHIKTWGCQMNEYDSSKMADLLDATHGYQLTDVAEEADVLLLNTCSIREKAQEKVFHQ  62

Query  62   LGRWRPFKEKRPHVVIGVGGCVASQEGETILKQAPFVDIVFGPQTLHRLPDLLDSVIQKR  121
            LGRWR  KEK P ++IGVGGCVASQEGE I ++A +VDI+FGPQTLHRLP++++SV   R
Sbjct  63   LGRWRLLKEKNPDLIIGVGGCVASQEGEHIRQRAHYVDIIFGPQTLHRLPEMINSVRGDR  122

Query  122  KSVVDITFPEIEKFDRLPQPRAEGPSAFVSIMEGCSKYCTFCVVPYTRGEEISRPFDDVI  181
              VVDI+FPEIEKFDRLP+PRAEGP+AFVSIMEGC+KYCT+CVVPYTRGEE+SRP DD++
Sbjct  123  SPVVDISFPEIEKFDRLPEPRAEGPTAFVSIMEGCNKYCTYCVVPYTRGEEVSRPSDDIL  182

Query  182  AEVASLCEQGVREITLLGQNVNDYRGLMHDGQVADLALLIHYLAAMDNIERIRFTTSHPS  241
             E+A L  QGVRE+ LLGQNVN +RG  +DG     A L+  +AA+D I+RIRFTTSHP 
Sbjct  183  FEIAQLAAQGVREVNLLGQNVNAWRGENYDGTTGTFADLLRLVAAIDGIDRIRFTTSHPI  242

Query  242  AFSENLIDAYAEEPKLANHLHLPVQSGSDRILAAMKRNYTVLEYKSKIRKLRAVRPDISL  301
             F++++I+ Y + P+L + LHLPVQSGSDR+L  M R +T LEYK+ IRKLRA RPDI +
Sbjct  243  EFTDDIIEVYRDTPELVSFLHLPVQSGSDRVLNLMGRTHTALEYKAIIRKLRAARPDIQI  302

Query  302  SSDFIIGFPGETDADFEATMNLIHDMGFDHSFSFIYSPRPGTPAAQLPDDVPMAVKKERL  361
            SSDFI+GFPGET+ DFE TM LI D+ FD S+SFI+S RPGTPAA + DDVP   KK+RL
Sbjct  303  SSDFIVGFPGETNDDFEKTMKLIADVNFDMSYSFIFSARPGTPAADMVDDVPEEEKKQRL  362

Query  362  AILQNRINAKAAEISQSMVGTQQRILVTGPSKKYPDQLSGRTENNRVVNFNGDTPLIGQM  421
             ILQ RIN +A   S+ M+GT QRILV G S+K   +LSGRTENNRVVNF G   +IG+ 
Sbjct  363  YILQERINQQAMAWSRRMLGTTQRILVEGTSRKNIMELSGRTENNRVVNFEGTPEMIGKF  422

Query  422  VTIKIKEARPYSLWGEI  438
            V ++I +  P SL G++
Sbjct  423  VDVEITDVYPNSLRGKV  439


>B5QWC1 tRNA-2-methylthio-N(6)-dimethylallyladenosine synthase OS=Salmonella 
enteritidis PT4 (strain P125109) OX=550537 GN=miaB PE=3 
SV=1
Length=474

 Score = 590 bits (1520),  Expect = 0.0, Method: Compositional matrix adjust.
 Identities = 279/437 (64%), Positives = 345/437 (79%), Gaps = 0/437 (0%)

Query  2    KKLYLKTHGCQMNEYDSAKMADVLKFSHGLELTEDPAVADVFLLNTCSVREKAQTKVFSE  61
            KKL++KT GCQMNEYDS+KMAD+L  +HG +LT+    ADV LLNTCS+REKAQ KVF +
Sbjct  3    KKLHIKTWGCQMNEYDSSKMADLLDATHGYQLTDVAEEADVLLLNTCSIREKAQEKVFHQ  62

Query  62   LGRWRPFKEKRPHVVIGVGGCVASQEGETILKQAPFVDIVFGPQTLHRLPDLLDSVIQKR  121
            LGRWR  KEK P ++IGVGGCVASQEGE I ++A +VDI+FGPQTLHRLP++++SV   R
Sbjct  63   LGRWRLLKEKNPDLIIGVGGCVASQEGEHIRQRAHYVDIIFGPQTLHRLPEMINSVRGDR  122

Query  122  KSVVDITFPEIEKFDRLPQPRAEGPSAFVSIMEGCSKYCTFCVVPYTRGEEISRPFDDVI  181
              VVDI+FPEIEKFDRLP+PRAEGP+AFVSIMEGC+KYCT+CVVPYTRGEE+SRP DD++
Sbjct  123  SPVVDISFPEIEKFDRLPEPRAEGPTAFVSIMEGCNKYCTYCVVPYTRGEEVSRPSDDIL  182

Query  182  AEVASLCEQGVREITLLGQNVNDYRGLMHDGQVADLALLIHYLAAMDNIERIRFTTSHPS  241
             E+A L  QGVRE+ LLGQNVN +RG  +DG     A L+  +AA+D I+RIRFTTSHP 
Sbjct  183  FEIAQLAAQGVREVNLLGQNVNAWRGENYDGTTGTFADLLRLVAAIDGIDRIRFTTSHPI  242

Query  242  AFSENLIDAYAEEPKLANHLHLPVQSGSDRILAAMKRNYTVLEYKSKIRKLRAVRPDISL  301
             F++++I+ Y + P+L + LHLPVQSGSDR+L  M R +T LEYK+ IRKLRA RPDI +
Sbjct  243  EFTDDIIEVYRDTPELVSFLHLPVQSGSDRVLNLMGRTHTALEYKAIIRKLRAARPDIQI  302

Query  302  SSDFIIGFPGETDADFEATMNLIHDMGFDHSFSFIYSPRPGTPAAQLPDDVPMAVKKERL  361
            SSDFI+GFPGET+ DFE TM LI D+ FD S+SFI+S RPGTPAA + DDVP   KK+RL
Sbjct  303  SSDFIVGFPGETNDDFEKTMKLIADVNFDMSYSFIFSARPGTPAADMVDDVPEEEKKQRL  362

Query  362  AILQNRINAKAAEISQSMVGTQQRILVTGPSKKYPDQLSGRTENNRVVNFNGDTPLIGQM  421
             ILQ RIN +A   S+ M+GT QRILV G S+K   +LSGRTENNRVVNF G   +IG+ 
Sbjct  363  YILQERINQQAMAWSRRMLGTTQRILVEGTSRKNIMELSGRTENNRVVNFEGTPEMIGKF  422

Query  422  VTIKIKEARPYSLWGEI  438
            V ++I +  P SL G++
Sbjct  423  VDVEITDVYPNSLRGKV  439


>Q7MB63 tRNA-2-methylthio-N(6)-dimethylallyladenosine synthase OS=Photorhabdus 
laumondii subsp. laumondii (strain DSM 15139 / CIP 
105565 / TT01) OX=243265 GN=miaB PE=3 SV=1
Length=476

 Score = 590 bits (1520),  Expect = 0.0, Method: Compositional matrix adjust.
 Identities = 281/438 (64%), Positives = 343/438 (78%), Gaps = 0/438 (0%)

Query  1    MKKLYLKTHGCQMNEYDSAKMADVLKFSHGLELTEDPAVADVFLLNTCSVREKAQTKVFS  60
            +KKLY+KT GCQMNEYDS+KMAD+L+ +HG +LT+    AD+ LLNTCS+REKAQ KVF 
Sbjct  4    IKKLYIKTWGCQMNEYDSSKMADLLESTHGYQLTDVAEEADILLLNTCSIREKAQEKVFH  63

Query  61   ELGRWRPFKEKRPHVVIGVGGCVASQEGETILKQAPFVDIVFGPQTLHRLPDLLDSVIQK  120
            +LGRW+  K+  P ++IGVGGCVASQEG+ I ++A  VDI+FGPQTLHRLP++++ V   
Sbjct  64   QLGRWKNLKDTNPDLIIGVGGCVASQEGDFIRQRAQCVDIIFGPQTLHRLPEMINQVKGT  123

Query  121  RKSVVDITFPEIEKFDRLPQPRAEGPSAFVSIMEGCSKYCTFCVVPYTRGEEISRPFDDV  180
            R  VVDI+FPEIEKFDRLP+PRAEGPSAFVSIMEGC+KYCTFCVVPYTRGEE+SRP DDV
Sbjct  124  RSPVVDISFPEIEKFDRLPEPRAEGPSAFVSIMEGCNKYCTFCVVPYTRGEEVSRPCDDV  183

Query  181  IAEVASLCEQGVREITLLGQNVNDYRGLMHDGQVADLALLIHYLAAMDNIERIRFTTSHP  240
            + E+A L  QGVRE+ LLGQNVN YRG  +DG +   A LI  +AA+D I+RIRFTTSHP
Sbjct  184  LFEIAQLAAQGVREVNLLGQNVNAYRGATYDGDICSFAELIRLVAAIDGIDRIRFTTSHP  243

Query  241  SAFSENLIDAYAEEPKLANHLHLPVQSGSDRILAAMKRNYTVLEYKSKIRKLRAVRPDIS  300
              F++++I  Y + P+L + LHLPVQSGSDRIL  MKR +T LEYKS IRKLR  RPDI 
Sbjct  244  IEFTDDIIAVYEDTPELVSFLHLPVQSGSDRILTLMKRAHTALEYKSIIRKLRKARPDIL  303

Query  301  LSSDFIIGFPGETDADFEATMNLIHDMGFDHSFSFIYSPRPGTPAAQLPDDVPMAVKKER  360
            +SSDFIIGFPGET  DFE TM LI D+ FD S+SFIYS RPGTPAA LPDDV    KK+R
Sbjct  304  ISSDFIIGFPGETQDDFEKTMKLIADVNFDMSYSFIYSARPGTPAADLPDDVSEEEKKQR  363

Query  361  LAILQNRINAKAAEISQSMVGTQQRILVTGPSKKYPDQLSGRTENNRVVNFNGDTPLIGQ  420
            L +LQ RIN +A   S++M+G+ QRILV G S+K   +LSGRTENNRVVNF G   +IG+
Sbjct  364  LYLLQQRINQQAMSYSRAMLGSVQRILVEGTSRKNVMELSGRTENNRVVNFEGQPDMIGK  423

Query  421  MVTIKIKEARPYSLWGEI  438
             V ++I +    SL G++
Sbjct  424  FVDVEIVDVYANSLRGKV  441


>Q3Z4D1 tRNA-2-methylthio-N(6)-dimethylallyladenosine synthase OS=Shigella 
sonnei (strain Ss046) OX=300269 GN=miaB PE=3 SV=1
Length=474

 Score = 589 bits (1518),  Expect = 0.0, Method: Compositional matrix adjust.
 Identities = 279/437 (64%), Positives = 344/437 (79%), Gaps = 0/437 (0%)

Query  2    KKLYLKTHGCQMNEYDSAKMADVLKFSHGLELTEDPAVADVFLLNTCSVREKAQTKVFSE  61
            KKL++KT GCQMNEYDS+KMAD+L  +HG +LT+    ADV LLNTCS+REKAQ KVF +
Sbjct  3    KKLHIKTWGCQMNEYDSSKMADLLDATHGYQLTDVAEEADVLLLNTCSIREKAQEKVFHQ  62

Query  62   LGRWRPFKEKRPHVVIGVGGCVASQEGETILKQAPFVDIVFGPQTLHRLPDLLDSVIQKR  121
            LGRW+  KEK P ++IGVGGCVASQEGE I ++A +VDI+FGPQTLHRLP++++SV   R
Sbjct  63   LGRWKLLKEKNPDLIIGVGGCVASQEGEHIRQRAHYVDIIFGPQTLHRLPEMINSVRGDR  122

Query  122  KSVVDITFPEIEKFDRLPQPRAEGPSAFVSIMEGCSKYCTFCVVPYTRGEEISRPFDDVI  181
              VVDI+FPEIEKFDRLP+PRAEGP+AFVSIMEGC+KYCT+CVVPYTRGEE+SRP DD++
Sbjct  123  SPVVDISFPEIEKFDRLPEPRAEGPTAFVSIMEGCNKYCTYCVVPYTRGEEVSRPSDDIL  182

Query  182  AEVASLCEQGVREITLLGQNVNDYRGLMHDGQVADLALLIHYLAAMDNIERIRFTTSHPS  241
             E+A L  QGVRE+ LLGQNVN +RG  +DG     A L+  +AA+D I+RIRFTTSHP 
Sbjct  183  FEIAQLAAQGVREVNLLGQNVNAWRGENYDGSTGSFADLLRLVAAIDGIDRIRFTTSHPI  242

Query  242  AFSENLIDAYAEEPKLANHLHLPVQSGSDRILAAMKRNYTVLEYKSKIRKLRAVRPDISL  301
             F++++I+ Y + P+L + LHLPVQSGSDRIL  M R +T LEYK+ IRKLRA RPDI +
Sbjct  243  EFTDDIIEVYRDTPELVSFLHLPVQSGSDRILNLMGRTHTALEYKAIIRKLRAARPDIQI  302

Query  302  SSDFIIGFPGETDADFEATMNLIHDMGFDHSFSFIYSPRPGTPAAQLPDDVPMAVKKERL  361
            SSDFI+GFPGET  DFE TM LI D+ FD S+SFI+S RPGTPAA + DDVP   KK+RL
Sbjct  303  SSDFIVGFPGETTEDFEKTMKLIADVNFDMSYSFIFSARPGTPAADMVDDVPEEEKKQRL  362

Query  362  AILQNRINAKAAEISQSMVGTQQRILVTGPSKKYPDQLSGRTENNRVVNFNGDTPLIGQM  421
             ILQ RIN +A   S+ M+GT QRILV G S+K   +LSGRTENNRVVNF G   +IG+ 
Sbjct  363  YILQERINQQAMAWSRRMLGTTQRILVEGTSRKSIMELSGRTENNRVVNFEGTPDMIGKF  422

Query  422  VTIKIKEARPYSLWGEI  438
            V ++I +  P SL G++
Sbjct  423  VDVEITDVYPNSLRGKV  439


>Q83LY3 tRNA-2-methylthio-N(6)-dimethylallyladenosine synthase OS=Shigella 
flexneri OX=623 GN=miaB PE=3 SV=1
Length=474

 Score = 589 bits (1518),  Expect = 0.0, Method: Compositional matrix adjust.
 Identities = 279/437 (64%), Positives = 344/437 (79%), Gaps = 0/437 (0%)

Query  2    KKLYLKTHGCQMNEYDSAKMADVLKFSHGLELTEDPAVADVFLLNTCSVREKAQTKVFSE  61
            KKL++KT GCQMNEYDS+KMAD+L  +HG +LT+    ADV LLNTCS+REKAQ KVF +
Sbjct  3    KKLHIKTWGCQMNEYDSSKMADLLDATHGYQLTDVAEEADVLLLNTCSIREKAQEKVFHQ  62

Query  62   LGRWRPFKEKRPHVVIGVGGCVASQEGETILKQAPFVDIVFGPQTLHRLPDLLDSVIQKR  121
            LGRW+  KEK P ++IGVGGCVASQEGE I ++A +VDI+FGPQTLHRLP++++SV   R
Sbjct  63   LGRWKLLKEKNPDLIIGVGGCVASQEGEHIRQRAHYVDIIFGPQTLHRLPEMINSVRGDR  122

Query  122  KSVVDITFPEIEKFDRLPQPRAEGPSAFVSIMEGCSKYCTFCVVPYTRGEEISRPFDDVI  181
              VVDI+FPEIEKFDRLP+PRAEGP+AFVSIMEGC+KYCT+CVVPYTRGEE+SRP DD++
Sbjct  123  SPVVDISFPEIEKFDRLPEPRAEGPTAFVSIMEGCNKYCTYCVVPYTRGEEVSRPSDDIL  182

Query  182  AEVASLCEQGVREITLLGQNVNDYRGLMHDGQVADLALLIHYLAAMDNIERIRFTTSHPS  241
             E+A L  QGVRE+ LLGQNVN +RG  +DG     A L+  +AA+D I+RIRFTTSHP 
Sbjct  183  FEIAQLAAQGVREVNLLGQNVNAWRGENYDGTTGSFADLLRLVAAIDGIDRIRFTTSHPI  242

Query  242  AFSENLIDAYAEEPKLANHLHLPVQSGSDRILAAMKRNYTVLEYKSKIRKLRAVRPDISL  301
             F++++I+ Y + P+L + LHLPVQSGSDRIL  M R +T LEYK+ IRKLRA RPDI +
Sbjct  243  EFTDDIIEVYRDTPELVSFLHLPVQSGSDRILNLMGRTHTALEYKAIIRKLRAARPDIQI  302

Query  302  SSDFIIGFPGETDADFEATMNLIHDMGFDHSFSFIYSPRPGTPAAQLPDDVPMAVKKERL  361
            SSDFI+GFPGET  DFE TM LI D+ FD S+SFI+S RPGTPAA + DDVP   KK+RL
Sbjct  303  SSDFIVGFPGETTEDFEKTMKLIADVNFDMSYSFIFSARPGTPAADMVDDVPEEEKKQRL  362

Query  362  AILQNRINAKAAEISQSMVGTQQRILVTGPSKKYPDQLSGRTENNRVVNFNGDTPLIGQM  421
             ILQ RIN +A   S+ M+GT QRILV G S+K   +LSGRTENNRVVNF G   +IG+ 
Sbjct  363  YILQERINQQAMAWSRRMLGTTQRILVEGTSRKSIMELSGRTENNRVVNFEGTPDMIGKF  422

Query  422  VTIKIKEARPYSLWGEI  438
            V ++I +  P SL G++
Sbjct  423  VDVEITDVYPNSLRGKV  439


>Q0T6S0 tRNA-2-methylthio-N(6)-dimethylallyladenosine synthase OS=Shigella 
flexneri serotype 5b (strain 8401) OX=373384 GN=miaB PE=3 
SV=1
Length=474

 Score = 589 bits (1518),  Expect = 0.0, Method: Compositional matrix adjust.
 Identities = 279/437 (64%), Positives = 344/437 (79%), Gaps = 0/437 (0%)

Query  2    KKLYLKTHGCQMNEYDSAKMADVLKFSHGLELTEDPAVADVFLLNTCSVREKAQTKVFSE  61
            KKL++KT GCQMNEYDS+KMAD+L  +HG +LT+    ADV LLNTCS+REKAQ KVF +
Sbjct  3    KKLHIKTWGCQMNEYDSSKMADLLDATHGYQLTDVAEEADVLLLNTCSIREKAQEKVFHQ  62

Query  62   LGRWRPFKEKRPHVVIGVGGCVASQEGETILKQAPFVDIVFGPQTLHRLPDLLDSVIQKR  121
            LGRW+  KEK P ++IGVGGCVASQEGE I ++A +VDI+FGPQTLHRLP++++SV   R
Sbjct  63   LGRWKLLKEKNPDLIIGVGGCVASQEGEHIRQRAHYVDIIFGPQTLHRLPEMINSVRGDR  122

Query  122  KSVVDITFPEIEKFDRLPQPRAEGPSAFVSIMEGCSKYCTFCVVPYTRGEEISRPFDDVI  181
              VVDI+FPEIEKFDRLP+PRAEGP+AFVSIMEGC+KYCT+CVVPYTRGEE+SRP DD++
Sbjct  123  SPVVDISFPEIEKFDRLPEPRAEGPTAFVSIMEGCNKYCTYCVVPYTRGEEVSRPSDDIL  182

Query  182  AEVASLCEQGVREITLLGQNVNDYRGLMHDGQVADLALLIHYLAAMDNIERIRFTTSHPS  241
             E+A L  QGVRE+ LLGQNVN +RG  +DG     A L+  +AA+D I+RIRFTTSHP 
Sbjct  183  FEIAQLAAQGVREVNLLGQNVNAWRGENYDGTTGSFADLLRLVAAIDGIDRIRFTTSHPI  242

Query  242  AFSENLIDAYAEEPKLANHLHLPVQSGSDRILAAMKRNYTVLEYKSKIRKLRAVRPDISL  301
             F++++I+ Y + P+L + LHLPVQSGSDRIL  M R +T LEYK+ IRKLRA RPDI +
Sbjct  243  EFTDDIIEVYRDTPELVSFLHLPVQSGSDRILNLMGRTHTALEYKAIIRKLRAARPDIQI  302

Query  302  SSDFIIGFPGETDADFEATMNLIHDMGFDHSFSFIYSPRPGTPAAQLPDDVPMAVKKERL  361
            SSDFI+GFPGET  DFE TM LI D+ FD S+SFI+S RPGTPAA + DDVP   KK+RL
Sbjct  303  SSDFIVGFPGETTEDFEKTMKLIADVNFDMSYSFIFSARPGTPAADMVDDVPEEEKKQRL  362

Query  362  AILQNRINAKAAEISQSMVGTQQRILVTGPSKKYPDQLSGRTENNRVVNFNGDTPLIGQM  421
             ILQ RIN +A   S+ M+GT QRILV G S+K   +LSGRTENNRVVNF G   +IG+ 
Sbjct  363  YILQERINQQAMAWSRRMLGTTQRILVEGTSRKSIMELSGRTENNRVVNFEGTPDMIGKF  422

Query  422  VTIKIKEARPYSLWGEI  438
            V ++I +  P SL G++
Sbjct  423  VDVEITDVYPNSLRGKV  439


>Q324N4 tRNA-2-methylthio-N(6)-dimethylallyladenosine synthase OS=Shigella 
boydii serotype 4 (strain Sb227) OX=300268 GN=miaB PE=3 
SV=1
Length=474

 Score = 589 bits (1518),  Expect = 0.0, Method: Compositional matrix adjust.
 Identities = 279/437 (64%), Positives = 344/437 (79%), Gaps = 0/437 (0%)

Query  2    KKLYLKTHGCQMNEYDSAKMADVLKFSHGLELTEDPAVADVFLLNTCSVREKAQTKVFSE  61
            KKL++KT GCQMNEYDS+KMAD+L  +HG +LT+    ADV LLNTCS+REKAQ KVF +
Sbjct  3    KKLHIKTWGCQMNEYDSSKMADLLDATHGYQLTDVAEEADVLLLNTCSIREKAQEKVFHQ  62

Query  62   LGRWRPFKEKRPHVVIGVGGCVASQEGETILKQAPFVDIVFGPQTLHRLPDLLDSVIQKR  121
            LGRW+  KEK P ++IGVGGCVASQEGE I ++A +VDI+FGPQTLHRLP++++SV   R
Sbjct  63   LGRWKLLKEKNPDLIIGVGGCVASQEGEHIRQRAHYVDIIFGPQTLHRLPEMINSVRGDR  122

Query  122  KSVVDITFPEIEKFDRLPQPRAEGPSAFVSIMEGCSKYCTFCVVPYTRGEEISRPFDDVI  181
              VVDI+FPEIEKFDRLP+PRAEGP+AFVSIMEGC+KYCT+CVVPYTRGEE+SRP DD++
Sbjct  123  SPVVDISFPEIEKFDRLPEPRAEGPTAFVSIMEGCNKYCTYCVVPYTRGEEVSRPSDDIL  182

Query  182  AEVASLCEQGVREITLLGQNVNDYRGLMHDGQVADLALLIHYLAAMDNIERIRFTTSHPS  241
             E+A L  QGVRE+ LLGQNVN +RG  +DG     A L+  +AA+D I+RIRFTTSHP 
Sbjct  183  FEIAQLAAQGVREVNLLGQNVNAWRGENYDGSTGSFADLLRLVAAIDGIDRIRFTTSHPI  242

Query  242  AFSENLIDAYAEEPKLANHLHLPVQSGSDRILAAMKRNYTVLEYKSKIRKLRAVRPDISL  301
             F++++I+ Y + P+L + LHLPVQSGSDRIL  M R +T LEYK+ IRKLRA RPDI +
Sbjct  243  EFTDDIIEVYRDTPELVSFLHLPVQSGSDRILNLMGRTHTALEYKAIIRKLRAARPDIQI  302

Query  302  SSDFIIGFPGETDADFEATMNLIHDMGFDHSFSFIYSPRPGTPAAQLPDDVPMAVKKERL  361
            SSDFI+GFPGET  DFE TM LI D+ FD S+SFI+S RPGTPAA + DDVP   KK+RL
Sbjct  303  SSDFIVGFPGETTEDFEKTMKLIADVNFDMSYSFIFSARPGTPAADMVDDVPEEEKKQRL  362

Query  362  AILQNRINAKAAEISQSMVGTQQRILVTGPSKKYPDQLSGRTENNRVVNFNGDTPLIGQM  421
             ILQ RIN +A   S+ M+GT QRILV G S+K   +LSGRTENNRVVNF G   +IG+ 
Sbjct  363  YILQERINQQAMAWSRRMLGTTQRILVEGTSRKSIMELSGRTENNRVVNFEGTPDMIGKF  422

Query  422  VTIKIKEARPYSLWGEI  438
            V ++I +  P SL G++
Sbjct  423  VDVEITDVYPNSLRGKV  439


>B6HYN0 tRNA-2-methylthio-N(6)-dimethylallyladenosine synthase OS=Escherichia 
coli (strain SE11) OX=409438 GN=miaB PE=3 SV=1
Length=474

 Score = 589 bits (1518),  Expect = 0.0, Method: Compositional matrix adjust.
 Identities = 279/437 (64%), Positives = 344/437 (79%), Gaps = 0/437 (0%)

Query  2    KKLYLKTHGCQMNEYDSAKMADVLKFSHGLELTEDPAVADVFLLNTCSVREKAQTKVFSE  61
            KKL++KT GCQMNEYDS+KMAD+L  +HG +LT+    ADV LLNTCS+REKAQ KVF +
Sbjct  3    KKLHIKTWGCQMNEYDSSKMADLLDATHGYQLTDVAEEADVLLLNTCSIREKAQEKVFHQ  62

Query  62   LGRWRPFKEKRPHVVIGVGGCVASQEGETILKQAPFVDIVFGPQTLHRLPDLLDSVIQKR  121
            LGRW+  KEK P ++IGVGGCVASQEGE I ++A +VDI+FGPQTLHRLP++++SV   R
Sbjct  63   LGRWKLLKEKNPDLIIGVGGCVASQEGEHIRQRAHYVDIIFGPQTLHRLPEMINSVRGDR  122

Query  122  KSVVDITFPEIEKFDRLPQPRAEGPSAFVSIMEGCSKYCTFCVVPYTRGEEISRPFDDVI  181
              VVDI+FPEIEKFDRLP+PRAEGP+AFVSIMEGC+KYCT+CVVPYTRGEE+SRP DD++
Sbjct  123  SPVVDISFPEIEKFDRLPEPRAEGPTAFVSIMEGCNKYCTYCVVPYTRGEEVSRPSDDIL  182

Query  182  AEVASLCEQGVREITLLGQNVNDYRGLMHDGQVADLALLIHYLAAMDNIERIRFTTSHPS  241
             E+A L  QGVRE+ LLGQNVN +RG  +DG     A L+  +AA+D I+RIRFTTSHP 
Sbjct  183  FEIAQLAAQGVREVNLLGQNVNAWRGENYDGTTGSFADLLRLVAAIDGIDRIRFTTSHPI  242

Query  242  AFSENLIDAYAEEPKLANHLHLPVQSGSDRILAAMKRNYTVLEYKSKIRKLRAVRPDISL  301
             F++++I+ Y + P+L + LHLPVQSGSDRIL  M R +T LEYK+ IRKLRA RPDI +
Sbjct  243  EFTDDIIEVYRDTPELVSFLHLPVQSGSDRILNLMGRTHTALEYKAIIRKLRAARPDIQI  302

Query  302  SSDFIIGFPGETDADFEATMNLIHDMGFDHSFSFIYSPRPGTPAAQLPDDVPMAVKKERL  361
            SSDFI+GFPGET  DFE TM LI D+ FD S+SFI+S RPGTPAA + DDVP   KK+RL
Sbjct  303  SSDFIVGFPGETTEDFEKTMKLIADVNFDMSYSFIFSARPGTPAADMVDDVPEEEKKQRL  362

Query  362  AILQNRINAKAAEISQSMVGTQQRILVTGPSKKYPDQLSGRTENNRVVNFNGDTPLIGQM  421
             ILQ RIN +A   S+ M+GT QRILV G S+K   +LSGRTENNRVVNF G   +IG+ 
Sbjct  363  YILQERINQQAMAWSRRMLGTTQRILVEGTSRKSIMELSGRTENNRVVNFEGTPDMIGKF  422

Query  422  VTIKIKEARPYSLWGEI  438
            V ++I +  P SL G++
Sbjct  423  VDVEITDVYPNSLRGKV  439


>Q32IR1 tRNA-2-methylthio-N(6)-dimethylallyladenosine synthase OS=Shigella 
dysenteriae serotype 1 (strain Sd197) OX=300267 GN=miaB 
PE=3 SV=1
Length=474

 Score = 588 bits (1517),  Expect = 0.0, Method: Compositional matrix adjust.
 Identities = 279/437 (64%), Positives = 344/437 (79%), Gaps = 0/437 (0%)

Query  2    KKLYLKTHGCQMNEYDSAKMADVLKFSHGLELTEDPAVADVFLLNTCSVREKAQTKVFSE  61
            KKL++KT GCQMNEYDS+KMAD+L  +HG +LT+    ADV LLNTCS+REKAQ KVF +
Sbjct  3    KKLHIKTWGCQMNEYDSSKMADLLDATHGYQLTDVAEEADVLLLNTCSIREKAQEKVFHQ  62

Query  62   LGRWRPFKEKRPHVVIGVGGCVASQEGETILKQAPFVDIVFGPQTLHRLPDLLDSVIQKR  121
            LGRW+  KEK P ++IGVGGCVASQEGE I ++A +VDI+FGPQTLHRLP++++SV   R
Sbjct  63   LGRWKLLKEKNPDLIIGVGGCVASQEGEHIRQRAHYVDIIFGPQTLHRLPEMINSVRGDR  122

Query  122  KSVVDITFPEIEKFDRLPQPRAEGPSAFVSIMEGCSKYCTFCVVPYTRGEEISRPFDDVI  181
              VVDI+FPEIEKFDRLP+PRAEGP+AFVSIMEGC+KYCT+CVVPYTRGEE+SRP DD++
Sbjct  123  SPVVDISFPEIEKFDRLPEPRAEGPTAFVSIMEGCNKYCTYCVVPYTRGEEVSRPSDDIL  182

Query  182  AEVASLCEQGVREITLLGQNVNDYRGLMHDGQVADLALLIHYLAAMDNIERIRFTTSHPS  241
             E+A L  QGVRE+ LLGQNVN +RG  +DG     A L+  +AA+D I+RIRFTTSHP 
Sbjct  183  FEIAQLAAQGVREVNLLGQNVNAWRGENYDGTTGSFADLLRLVAAIDGIDRIRFTTSHPI  242

Query  242  AFSENLIDAYAEEPKLANHLHLPVQSGSDRILAAMKRNYTVLEYKSKIRKLRAVRPDISL  301
             F++++I+ Y + P+L + LHLPVQSGSDRIL  M R +T LEYK+ IRKLRA RPDI +
Sbjct  243  EFTDDIIEVYRDTPELVSFLHLPVQSGSDRILNLMGRTHTALEYKAIIRKLRAARPDIQI  302

Query  302  SSDFIIGFPGETDADFEATMNLIHDMGFDHSFSFIYSPRPGTPAAQLPDDVPMAVKKERL  361
            SSDFI+GFPGET  DFE TM LI D+ FD S+SFI+S RPGTPAA + DDVP   KK+RL
Sbjct  303  SSDFIVGFPGETTEDFEKTMKLIADVNFDMSYSFIFSARPGTPAADMVDDVPEEEKKQRL  362

Query  362  AILQNRINAKAAEISQSMVGTQQRILVTGPSKKYPDQLSGRTENNRVVNFNGDTPLIGQM  421
             ILQ RIN +A   S+ M+GT QRILV G S+K   +LSGRTENNRVVNF G   +IG+ 
Sbjct  363  YILQERINQQAMAWSRRMLGTTQRILVEGTSRKSIMELSGRTENNRVVNFEGTPDMIGKF  422

Query  422  VTIKIKEARPYSLWGEI  438
            V ++I +  P SL G++
Sbjct  423  VDVEITDVYPNSLRGKV  439


>Q9RCI2 tRNA-2-methylthio-N(6)-dimethylallyladenosine synthase OS=Salmonella 
typhimurium (strain LT2 / SGSC1412 / ATCC 700720) OX=99287 
GN=miaB PE=1 SV=1
Length=474

 Score = 588 bits (1517),  Expect = 0.0, Method: Compositional matrix adjust.
 Identities = 279/437 (64%), Positives = 344/437 (79%), Gaps = 0/437 (0%)

Query  2    KKLYLKTHGCQMNEYDSAKMADVLKFSHGLELTEDPAVADVFLLNTCSVREKAQTKVFSE  61
            KKL++KT GCQMNEYDS+KMAD+L  +HG +LT+    ADV LLNTCS+REKAQ KVF +
Sbjct  3    KKLHIKTWGCQMNEYDSSKMADLLDATHGYQLTDVAEEADVLLLNTCSIREKAQEKVFHQ  62

Query  62   LGRWRPFKEKRPHVVIGVGGCVASQEGETILKQAPFVDIVFGPQTLHRLPDLLDSVIQKR  121
            LGRWR  KEK P ++IGVGGCVASQEGE I ++A +VDI+FGPQTLHRLP++++SV   R
Sbjct  63   LGRWRLLKEKNPDLIIGVGGCVASQEGEHIRQRAHYVDIIFGPQTLHRLPEMINSVRGDR  122

Query  122  KSVVDITFPEIEKFDRLPQPRAEGPSAFVSIMEGCSKYCTFCVVPYTRGEEISRPFDDVI  181
              VVDI+FPEIEKFDRLP+PRAEGP+AFVSIMEGC+KYCT+CVVPYTRGEE+SRP DD++
Sbjct  123  SPVVDISFPEIEKFDRLPEPRAEGPTAFVSIMEGCNKYCTYCVVPYTRGEEVSRPSDDIL  182

Query  182  AEVASLCEQGVREITLLGQNVNDYRGLMHDGQVADLALLIHYLAAMDNIERIRFTTSHPS  241
             E+A L  QGVRE+ LLGQNVN +RG  +DG     A L+  +AA+D I+RIRFTTSHP 
Sbjct  183  FEIAQLAAQGVREVNLLGQNVNAWRGENYDGTTGTFADLLRLVAAIDGIDRIRFTTSHPI  242

Query  242  AFSENLIDAYAEEPKLANHLHLPVQSGSDRILAAMKRNYTVLEYKSKIRKLRAVRPDISL  301
             F++++I+ Y + P+L + LHLPVQSGSDR+L  M R +T LEYK+ IRKLRA RPDI +
Sbjct  243  EFTDDIIEVYRDTPELVSFLHLPVQSGSDRVLNLMGRTHTALEYKAIIRKLRAARPDIQI  302

Query  302  SSDFIIGFPGETDADFEATMNLIHDMGFDHSFSFIYSPRPGTPAAQLPDDVPMAVKKERL  361
            SSDFI+GFPGET  DFE TM LI D+ FD S+SFI+S RPGTPAA + DDVP   KK+RL
Sbjct  303  SSDFIVGFPGETTDDFEKTMKLIADVNFDMSYSFIFSARPGTPAADMVDDVPEEEKKQRL  362

Query  362  AILQNRINAKAAEISQSMVGTQQRILVTGPSKKYPDQLSGRTENNRVVNFNGDTPLIGQM  421
             ILQ RIN +A   S+ M+GT QRILV G S+K   +LSGRTENNRVVNF G   +IG+ 
Sbjct  363  YILQERINQQAMAWSRRMLGTTQRILVEGTSRKNIMELSGRTENNRVVNFEGTPEMIGKF  422

Query  422  VTIKIKEARPYSLWGEI  438
            V ++I +  P SL G++
Sbjct  423  VDVEITDVYPNSLRGKV  439


>Q8Z8G5 tRNA-2-methylthio-N(6)-dimethylallyladenosine synthase OS=Salmonella 
typhi OX=90370 GN=miaB PE=3 SV=2
Length=474

 Score = 588 bits (1517),  Expect = 0.0, Method: Compositional matrix adjust.
 Identities = 279/437 (64%), Positives = 344/437 (79%), Gaps = 0/437 (0%)

Query  2    KKLYLKTHGCQMNEYDSAKMADVLKFSHGLELTEDPAVADVFLLNTCSVREKAQTKVFSE  61
            KKL++KT GCQMNEYDS+KMAD+L  +HG +LT+    ADV LLNTCS+REKAQ KVF +
Sbjct  3    KKLHIKTWGCQMNEYDSSKMADLLDATHGYQLTDVAEEADVLLLNTCSIREKAQEKVFHQ  62

Query  62   LGRWRPFKEKRPHVVIGVGGCVASQEGETILKQAPFVDIVFGPQTLHRLPDLLDSVIQKR  121
            LGRWR  KEK P ++IGVGGCVASQEGE I ++A +VDI+FGPQTLHRLP++++SV   R
Sbjct  63   LGRWRLLKEKNPDLIIGVGGCVASQEGEHIRQRAHYVDIIFGPQTLHRLPEMINSVRGDR  122

Query  122  KSVVDITFPEIEKFDRLPQPRAEGPSAFVSIMEGCSKYCTFCVVPYTRGEEISRPFDDVI  181
              VVDI+FPEIEKFDRLP+PRAEGP+AFVSIMEGC+KYCT+CVVPYTRGEE+SRP DD++
Sbjct  123  SPVVDISFPEIEKFDRLPEPRAEGPTAFVSIMEGCNKYCTYCVVPYTRGEEVSRPSDDIL  182

Query  182  AEVASLCEQGVREITLLGQNVNDYRGLMHDGQVADLALLIHYLAAMDNIERIRFTTSHPS  241
             E+A L  QGVRE+ LLGQNVN +RG  +DG     A L+  +AA+D I+RIRFTTSHP 
Sbjct  183  FEIAQLAAQGVREVNLLGQNVNAWRGENYDGTTGTFADLLRLVAAIDGIDRIRFTTSHPI  242

Query  242  AFSENLIDAYAEEPKLANHLHLPVQSGSDRILAAMKRNYTVLEYKSKIRKLRAVRPDISL  301
             F++++I+ Y + P+L + LHLPVQSGSDR+L  M R +T LEYK+ IRKLRA RPDI +
Sbjct  243  EFTDDIIEVYRDTPELVSFLHLPVQSGSDRVLNLMGRTHTALEYKAIIRKLRAARPDIQI  302

Query  302  SSDFIIGFPGETDADFEATMNLIHDMGFDHSFSFIYSPRPGTPAAQLPDDVPMAVKKERL  361
            SSDFI+GFPGET  DFE TM LI D+ FD S+SFI+S RPGTPAA + DDVP   KK+RL
Sbjct  303  SSDFIVGFPGETTDDFEKTMKLIADVNFDMSYSFIFSARPGTPAADMVDDVPEEEKKQRL  362

Query  362  AILQNRINAKAAEISQSMVGTQQRILVTGPSKKYPDQLSGRTENNRVVNFNGDTPLIGQM  421
             ILQ RIN +A   S+ M+GT QRILV G S+K   +LSGRTENNRVVNF G   +IG+ 
Sbjct  363  YILQERINQQAMAWSRRMLGTTQRILVEGTSRKNIMELSGRTENNRVVNFEGTPEMIGKF  422

Query  422  VTIKIKEARPYSLWGEI  438
            V ++I +  P SL G++
Sbjct  423  VDVEITDVYPNSLRGKV  439


>B4TPZ0 tRNA-2-methylthio-N(6)-dimethylallyladenosine synthase OS=Salmonella 
schwarzengrund (strain CVM19633) OX=439843 GN=miaB PE=3 
SV=1
Length=474

 Score = 588 bits (1517),  Expect = 0.0, Method: Compositional matrix adjust.
 Identities = 279/437 (64%), Positives = 344/437 (79%), Gaps = 0/437 (0%)

Query  2    KKLYLKTHGCQMNEYDSAKMADVLKFSHGLELTEDPAVADVFLLNTCSVREKAQTKVFSE  61
            KKL++KT GCQMNEYDS+KMAD+L  +HG +LT+    ADV LLNTCS+REKAQ KVF +
Sbjct  3    KKLHIKTWGCQMNEYDSSKMADLLDATHGYQLTDVAEEADVLLLNTCSIREKAQEKVFHQ  62

Query  62   LGRWRPFKEKRPHVVIGVGGCVASQEGETILKQAPFVDIVFGPQTLHRLPDLLDSVIQKR  121
            LGRWR  KEK P ++IGVGGCVASQEGE I ++A +VDI+FGPQTLHRLP++++SV   R
Sbjct  63   LGRWRLLKEKNPDLIIGVGGCVASQEGEHIRQRAHYVDIIFGPQTLHRLPEMINSVRGDR  122

Query  122  KSVVDITFPEIEKFDRLPQPRAEGPSAFVSIMEGCSKYCTFCVVPYTRGEEISRPFDDVI  181
              VVDI+FPEIEKFDRLP+PRAEGP+AFVSIMEGC+KYCT+CVVPYTRGEE+SRP DD++
Sbjct  123  SPVVDISFPEIEKFDRLPEPRAEGPTAFVSIMEGCNKYCTYCVVPYTRGEEVSRPSDDIL  182

Query  182  AEVASLCEQGVREITLLGQNVNDYRGLMHDGQVADLALLIHYLAAMDNIERIRFTTSHPS  241
             E+A L  QGVRE+ LLGQNVN +RG  +DG     A L+  +AA+D I+RIRFTTSHP 
Sbjct  183  FEIAQLAAQGVREVNLLGQNVNAWRGENYDGTTGTFADLLRLVAAIDGIDRIRFTTSHPI  242

Query  242  AFSENLIDAYAEEPKLANHLHLPVQSGSDRILAAMKRNYTVLEYKSKIRKLRAVRPDISL  301
             F++++I+ Y + P+L + LHLPVQSGSDR+L  M R +T LEYK+ IRKLRA RPDI +
Sbjct  243  EFTDDIIEVYRDTPELVSFLHLPVQSGSDRVLNLMGRTHTALEYKAIIRKLRAARPDIQI  302

Query  302  SSDFIIGFPGETDADFEATMNLIHDMGFDHSFSFIYSPRPGTPAAQLPDDVPMAVKKERL  361
            SSDFI+GFPGET  DFE TM LI D+ FD S+SFI+S RPGTPAA + DDVP   KK+RL
Sbjct  303  SSDFIVGFPGETTDDFEKTMKLIADVNFDMSYSFIFSARPGTPAADMVDDVPEEEKKQRL  362

Query  362  AILQNRINAKAAEISQSMVGTQQRILVTGPSKKYPDQLSGRTENNRVVNFNGDTPLIGQM  421
             ILQ RIN +A   S+ M+GT QRILV G S+K   +LSGRTENNRVVNF G   +IG+ 
Sbjct  363  YILQERINQQAMAWSRRMLGTTQRILVEGTSRKNIMELSGRTENNRVVNFEGTPEMIGKF  422

Query  422  VTIKIKEARPYSLWGEI  438
            V ++I +  P SL G++
Sbjct  423  VDVEITDVYPNSLRGKV  439


>A9MUH8 tRNA-2-methylthio-N(6)-dimethylallyladenosine synthase OS=Salmonella 
paratyphi B (strain ATCC BAA-1250 / SPB7) OX=1016998 
GN=miaB PE=3 SV=2
Length=474

 Score = 588 bits (1517),  Expect = 0.0, Method: Compositional matrix adjust.
 Identities = 279/437 (64%), Positives = 344/437 (79%), Gaps = 0/437 (0%)

Query  2    KKLYLKTHGCQMNEYDSAKMADVLKFSHGLELTEDPAVADVFLLNTCSVREKAQTKVFSE  61
            KKL++KT GCQMNEYDS+KMAD+L  +HG +LT+    ADV LLNTCS+REKAQ KVF +
Sbjct  3    KKLHIKTWGCQMNEYDSSKMADLLDATHGYQLTDVAEEADVLLLNTCSIREKAQEKVFHQ  62

Query  62   LGRWRPFKEKRPHVVIGVGGCVASQEGETILKQAPFVDIVFGPQTLHRLPDLLDSVIQKR  121
            LGRWR  KEK P ++IGVGGCVASQEGE I ++A +VDI+FGPQTLHRLP++++SV   R
Sbjct  63   LGRWRLLKEKNPDLIIGVGGCVASQEGEHIRQRAHYVDIIFGPQTLHRLPEMINSVRGDR  122

Query  122  KSVVDITFPEIEKFDRLPQPRAEGPSAFVSIMEGCSKYCTFCVVPYTRGEEISRPFDDVI  181
              VVDI+FPEIEKFDRLP+PRAEGP+AFVSIMEGC+KYCT+CVVPYTRGEE+SRP DD++
Sbjct  123  SPVVDISFPEIEKFDRLPEPRAEGPTAFVSIMEGCNKYCTYCVVPYTRGEEVSRPSDDIL  182

Query  182  AEVASLCEQGVREITLLGQNVNDYRGLMHDGQVADLALLIHYLAAMDNIERIRFTTSHPS  241
             E+A L  QGVRE+ LLGQNVN +RG  +DG     A L+  +AA+D I+RIRFTTSHP 
Sbjct  183  FEIAQLAAQGVREVNLLGQNVNAWRGENYDGTTGTFADLLRLVAAIDGIDRIRFTTSHPI  242

Query  242  AFSENLIDAYAEEPKLANHLHLPVQSGSDRILAAMKRNYTVLEYKSKIRKLRAVRPDISL  301
             F++++I+ Y + P+L + LHLPVQSGSDR+L  M R +T LEYK+ IRKLRA RPDI +
Sbjct  243  EFTDDIIEVYRDTPELVSFLHLPVQSGSDRVLNLMGRTHTALEYKAIIRKLRAARPDIQI  302

Query  302  SSDFIIGFPGETDADFEATMNLIHDMGFDHSFSFIYSPRPGTPAAQLPDDVPMAVKKERL  361
            SSDFI+GFPGET  DFE TM LI D+ FD S+SFI+S RPGTPAA + DDVP   KK+RL
Sbjct  303  SSDFIVGFPGETTDDFEKTMKLIADVNFDMSYSFIFSARPGTPAADMVDDVPEEEKKQRL  362

Query  362  AILQNRINAKAAEISQSMVGTQQRILVTGPSKKYPDQLSGRTENNRVVNFNGDTPLIGQM  421
             ILQ RIN +A   S+ M+GT QRILV G S+K   +LSGRTENNRVVNF G   +IG+ 
Sbjct  363  YILQERINQQAMAWSRRMLGTTQRILVEGTSRKNIMELSGRTENNRVVNFEGTPEMIGKF  422

Query  422  VTIKIKEARPYSLWGEI  438
            V ++I +  P SL G++
Sbjct  423  VDVEITDVYPNSLRGKV  439


>B4SYN0 tRNA-2-methylthio-N(6)-dimethylallyladenosine synthase OS=Salmonella 
newport (strain SL254) OX=423368 GN=miaB PE=3 SV=1
Length=474

 Score = 588 bits (1517),  Expect = 0.0, Method: Compositional matrix adjust.
 Identities = 279/437 (64%), Positives = 344/437 (79%), Gaps = 0/437 (0%)

Query  2    KKLYLKTHGCQMNEYDSAKMADVLKFSHGLELTEDPAVADVFLLNTCSVREKAQTKVFSE  61
            KKL++KT GCQMNEYDS+KMAD+L  +HG +LT+    ADV LLNTCS+REKAQ KVF +
Sbjct  3    KKLHIKTWGCQMNEYDSSKMADLLDATHGYQLTDVAEEADVLLLNTCSIREKAQEKVFHQ  62

Query  62   LGRWRPFKEKRPHVVIGVGGCVASQEGETILKQAPFVDIVFGPQTLHRLPDLLDSVIQKR  121
            LGRWR  KEK P ++IGVGGCVASQEGE I ++A +VDI+FGPQTLHRLP++++SV   R
Sbjct  63   LGRWRLLKEKNPDLIIGVGGCVASQEGEHIRQRAHYVDIIFGPQTLHRLPEMINSVRGDR  122

Query  122  KSVVDITFPEIEKFDRLPQPRAEGPSAFVSIMEGCSKYCTFCVVPYTRGEEISRPFDDVI  181
              VVDI+FPEIEKFDRLP+PRAEGP+AFVSIMEGC+KYCT+CVVPYTRGEE+SRP DD++
Sbjct  123  SPVVDISFPEIEKFDRLPEPRAEGPTAFVSIMEGCNKYCTYCVVPYTRGEEVSRPSDDIL  182

Query  182  AEVASLCEQGVREITLLGQNVNDYRGLMHDGQVADLALLIHYLAAMDNIERIRFTTSHPS  241
             E+A L  QGVRE+ LLGQNVN +RG  +DG     A L+  +AA+D I+RIRFTTSHP 
Sbjct  183  FEIAQLAAQGVREVNLLGQNVNAWRGENYDGTTGTFADLLRLVAAIDGIDRIRFTTSHPI  242

Query  242  AFSENLIDAYAEEPKLANHLHLPVQSGSDRILAAMKRNYTVLEYKSKIRKLRAVRPDISL  301
             F++++I+ Y + P+L + LHLPVQSGSDR+L  M R +T LEYK+ IRKLRA RPDI +
Sbjct  243  EFTDDIIEVYRDTPELVSFLHLPVQSGSDRVLNLMGRTHTALEYKAIIRKLRAARPDIQI  302

Query  302  SSDFIIGFPGETDADFEATMNLIHDMGFDHSFSFIYSPRPGTPAAQLPDDVPMAVKKERL  361
            SSDFI+GFPGET  DFE TM LI D+ FD S+SFI+S RPGTPAA + DDVP   KK+RL
Sbjct  303  SSDFIVGFPGETTDDFEKTMKLIADVNFDMSYSFIFSARPGTPAADMVDDVPEEEKKQRL  362

Query  362  AILQNRINAKAAEISQSMVGTQQRILVTGPSKKYPDQLSGRTENNRVVNFNGDTPLIGQM  421
             ILQ RIN +A   S+ M+GT QRILV G S+K   +LSGRTENNRVVNF G   +IG+ 
Sbjct  363  YILQERINQQAMAWSRRMLGTTQRILVEGTSRKNIMELSGRTENNRVVNFEGTPEMIGKF  422

Query  422  VTIKIKEARPYSLWGEI  438
            V ++I +  P SL G++
Sbjct  423  VDVEITDVYPNSLRGKV  439


>B4TB74 tRNA-2-methylthio-N(6)-dimethylallyladenosine synthase OS=Salmonella 
heidelberg (strain SL476) OX=454169 GN=miaB PE=3 SV=1
Length=474

 Score = 588 bits (1517),  Expect = 0.0, Method: Compositional matrix adjust.
 Identities = 279/437 (64%), Positives = 344/437 (79%), Gaps = 0/437 (0%)

Query  2    KKLYLKTHGCQMNEYDSAKMADVLKFSHGLELTEDPAVADVFLLNTCSVREKAQTKVFSE  61
            KKL++KT GCQMNEYDS+KMAD+L  +HG +LT+    ADV LLNTCS+REKAQ KVF +
Sbjct  3    KKLHIKTWGCQMNEYDSSKMADLLDATHGYQLTDVAEEADVLLLNTCSIREKAQEKVFHQ  62

Query  62   LGRWRPFKEKRPHVVIGVGGCVASQEGETILKQAPFVDIVFGPQTLHRLPDLLDSVIQKR  121
            LGRWR  KEK P ++IGVGGCVASQEGE I ++A +VDI+FGPQTLHRLP++++SV   R
Sbjct  63   LGRWRLLKEKNPDLIIGVGGCVASQEGEHIRQRAHYVDIIFGPQTLHRLPEMINSVRGDR  122

Query  122  KSVVDITFPEIEKFDRLPQPRAEGPSAFVSIMEGCSKYCTFCVVPYTRGEEISRPFDDVI  181
              VVDI+FPEIEKFDRLP+PRAEGP+AFVSIMEGC+KYCT+CVVPYTRGEE+SRP DD++
Sbjct  123  SPVVDISFPEIEKFDRLPEPRAEGPTAFVSIMEGCNKYCTYCVVPYTRGEEVSRPSDDIL  182

Query  182  AEVASLCEQGVREITLLGQNVNDYRGLMHDGQVADLALLIHYLAAMDNIERIRFTTSHPS  241
             E+A L  QGVRE+ LLGQNVN +RG  +DG     A L+  +AA+D I+RIRFTTSHP 
Sbjct  183  FEIAQLAAQGVREVNLLGQNVNAWRGENYDGTTGTFADLLRLVAAIDGIDRIRFTTSHPI  242

Query  242  AFSENLIDAYAEEPKLANHLHLPVQSGSDRILAAMKRNYTVLEYKSKIRKLRAVRPDISL  301
             F++++I+ Y + P+L + LHLPVQSGSDR+L  M R +T LEYK+ IRKLRA RPDI +
Sbjct  243  EFTDDIIEVYRDTPELVSFLHLPVQSGSDRVLNLMGRTHTALEYKAIIRKLRAARPDIQI  302

Query  302  SSDFIIGFPGETDADFEATMNLIHDMGFDHSFSFIYSPRPGTPAAQLPDDVPMAVKKERL  361
            SSDFI+GFPGET  DFE TM LI D+ FD S+SFI+S RPGTPAA + DDVP   KK+RL
Sbjct  303  SSDFIVGFPGETTDDFEKTMKLIADVNFDMSYSFIFSARPGTPAADMVDDVPEEEKKQRL  362

Query  362  AILQNRINAKAAEISQSMVGTQQRILVTGPSKKYPDQLSGRTENNRVVNFNGDTPLIGQM  421
             ILQ RIN +A   S+ M+GT QRILV G S+K   +LSGRTENNRVVNF G   +IG+ 
Sbjct  363  YILQERINQQAMAWSRRMLGTTQRILVEGTSRKNIMELSGRTENNRVVNFEGTPEMIGKF  422

Query  422  VTIKIKEARPYSLWGEI  438
            V ++I +  P SL G++
Sbjct  423  VDVEITDVYPNSLRGKV  439


>B5FNB2 tRNA-2-methylthio-N(6)-dimethylallyladenosine synthase OS=Salmonella 
dublin (strain CT_02021853) OX=439851 GN=miaB PE=3 SV=1
Length=474

 Score = 588 bits (1517),  Expect = 0.0, Method: Compositional matrix adjust.
 Identities = 279/437 (64%), Positives = 344/437 (79%), Gaps = 0/437 (0%)

Query  2    KKLYLKTHGCQMNEYDSAKMADVLKFSHGLELTEDPAVADVFLLNTCSVREKAQTKVFSE  61
            KKL++KT GCQMNEYDS+KMAD+L  +HG +LT+    ADV LLNTCS+REKAQ KVF +
Sbjct  3    KKLHIKTWGCQMNEYDSSKMADLLDATHGYQLTDVAEEADVLLLNTCSIREKAQEKVFHQ  62

Query  62   LGRWRPFKEKRPHVVIGVGGCVASQEGETILKQAPFVDIVFGPQTLHRLPDLLDSVIQKR  121
            LGRWR  KEK P ++IGVGGCVASQEGE I ++A +VDI+FGPQTLHRLP++++SV   R
Sbjct  63   LGRWRLLKEKNPDLIIGVGGCVASQEGEHIRQRAHYVDIIFGPQTLHRLPEMINSVRGDR  122

Query  122  KSVVDITFPEIEKFDRLPQPRAEGPSAFVSIMEGCSKYCTFCVVPYTRGEEISRPFDDVI  181
              VVDI+FPEIEKFDRLP+PRAEGP+AFVSIMEGC+KYCT+CVVPYTRGEE+SRP DD++
Sbjct  123  SPVVDISFPEIEKFDRLPEPRAEGPTAFVSIMEGCNKYCTYCVVPYTRGEEVSRPSDDIL  182

Query  182  AEVASLCEQGVREITLLGQNVNDYRGLMHDGQVADLALLIHYLAAMDNIERIRFTTSHPS  241
             E+A L  QGVRE+ LLGQNVN +RG  +DG     A L+  +AA+D I+RIRFTTSHP 
Sbjct  183  FEIAQLAAQGVREVNLLGQNVNAWRGENYDGTTGTFADLLRLVAAIDGIDRIRFTTSHPI  242

Query  242  AFSENLIDAYAEEPKLANHLHLPVQSGSDRILAAMKRNYTVLEYKSKIRKLRAVRPDISL  301
             F++++I+ Y + P+L + LHLPVQSGSDR+L  M R +T LEYK+ IRKLRA RPDI +
Sbjct  243  EFTDDIIEVYRDTPELVSFLHLPVQSGSDRVLNLMGRTHTALEYKAIIRKLRAARPDIQI  302

Query  302  SSDFIIGFPGETDADFEATMNLIHDMGFDHSFSFIYSPRPGTPAAQLPDDVPMAVKKERL  361
            SSDFI+GFPGET  DFE TM LI D+ FD S+SFI+S RPGTPAA + DDVP   KK+RL
Sbjct  303  SSDFIVGFPGETTDDFEKTMKLIADVNFDMSYSFIFSARPGTPAADMVDDVPEEEKKQRL  362

Query  362  AILQNRINAKAAEISQSMVGTQQRILVTGPSKKYPDQLSGRTENNRVVNFNGDTPLIGQM  421
             ILQ RIN +A   S+ M+GT QRILV G S+K   +LSGRTENNRVVNF G   +IG+ 
Sbjct  363  YILQERINQQAMAWSRRMLGTTQRILVEGTSRKNIMELSGRTENNRVVNFEGTPEMIGKF  422

Query  422  VTIKIKEARPYSLWGEI  438
            V ++I +  P SL G++
Sbjct  423  VDVEITDVYPNSLRGKV  439


>Q57RQ7 tRNA-2-methylthio-N(6)-dimethylallyladenosine synthase OS=Salmonella 
choleraesuis (strain SC-B67) OX=321314 GN=miaB PE=3 
SV=2
Length=474

 Score = 588 bits (1517),  Expect = 0.0, Method: Compositional matrix adjust.
 Identities = 279/437 (64%), Positives = 344/437 (79%), Gaps = 0/437 (0%)

Query  2    KKLYLKTHGCQMNEYDSAKMADVLKFSHGLELTEDPAVADVFLLNTCSVREKAQTKVFSE  61
            KKL++KT GCQMNEYDS+KMAD+L  +HG +LT+    ADV LLNTCS+REKAQ KVF +
Sbjct  3    KKLHIKTWGCQMNEYDSSKMADLLDATHGYQLTDVAEEADVLLLNTCSIREKAQEKVFHQ  62

Query  62   LGRWRPFKEKRPHVVIGVGGCVASQEGETILKQAPFVDIVFGPQTLHRLPDLLDSVIQKR  121
            LGRWR  KEK P ++IGVGGCVASQEGE I ++A +VDI+FGPQTLHRLP++++SV   R
Sbjct  63   LGRWRLLKEKNPDLIIGVGGCVASQEGEHIRQRAHYVDIIFGPQTLHRLPEMINSVRGDR  122

Query  122  KSVVDITFPEIEKFDRLPQPRAEGPSAFVSIMEGCSKYCTFCVVPYTRGEEISRPFDDVI  181
              VVDI+FPEIEKFDRLP+PRAEGP+AFVSIMEGC+KYCT+CVVPYTRGEE+SRP DD++
Sbjct  123  SPVVDISFPEIEKFDRLPEPRAEGPTAFVSIMEGCNKYCTYCVVPYTRGEEVSRPSDDIL  182

Query  182  AEVASLCEQGVREITLLGQNVNDYRGLMHDGQVADLALLIHYLAAMDNIERIRFTTSHPS  241
             E+A L  QGVRE+ LLGQNVN +RG  +DG     A L+  +AA+D I+RIRFTTSHP 
Sbjct  183  FEIAQLAAQGVREVNLLGQNVNAWRGENYDGTTGTFADLLRLVAAIDGIDRIRFTTSHPI  242

Query  242  AFSENLIDAYAEEPKLANHLHLPVQSGSDRILAAMKRNYTVLEYKSKIRKLRAVRPDISL  301
             F++++I+ Y + P+L + LHLPVQSGSDR+L  M R +T LEYK+ IRKLRA RPDI +
Sbjct  243  EFTDDIIEVYRDTPELVSFLHLPVQSGSDRVLNLMGRTHTALEYKAIIRKLRAARPDIQI  302

Query  302  SSDFIIGFPGETDADFEATMNLIHDMGFDHSFSFIYSPRPGTPAAQLPDDVPMAVKKERL  361
            SSDFI+GFPGET  DFE TM LI D+ FD S+SFI+S RPGTPAA + DDVP   KK+RL
Sbjct  303  SSDFIVGFPGETTDDFEKTMKLIADVNFDMSYSFIFSARPGTPAADMVDDVPEEEKKQRL  362

Query  362  AILQNRINAKAAEISQSMVGTQQRILVTGPSKKYPDQLSGRTENNRVVNFNGDTPLIGQM  421
             ILQ RIN +A   S+ M+GT QRILV G S+K   +LSGRTENNRVVNF G   +IG+ 
Sbjct  363  YILQERINQQAMAWSRRMLGTTQRILVEGTSRKNIMELSGRTENNRVVNFEGTPEMIGKF  422

Query  422  VTIKIKEARPYSLWGEI  438
            V ++I +  P SL G++
Sbjct  423  VDVEITDVYPNSLRGKV  439


>B5EZB2 tRNA-2-methylthio-N(6)-dimethylallyladenosine synthase OS=Salmonella 
agona (strain SL483) OX=454166 GN=miaB PE=3 SV=1
Length=474

 Score = 588 bits (1517),  Expect = 0.0, Method: Compositional matrix adjust.
 Identities = 279/437 (64%), Positives = 344/437 (79%), Gaps = 0/437 (0%)

Query  2    KKLYLKTHGCQMNEYDSAKMADVLKFSHGLELTEDPAVADVFLLNTCSVREKAQTKVFSE  61
            KKL++KT GCQMNEYDS+KMAD+L  +HG +LT+    ADV LLNTCS+REKAQ KVF +
Sbjct  3    KKLHIKTWGCQMNEYDSSKMADLLDATHGYQLTDVAEEADVLLLNTCSIREKAQEKVFHQ  62

Query  62   LGRWRPFKEKRPHVVIGVGGCVASQEGETILKQAPFVDIVFGPQTLHRLPDLLDSVIQKR  121
            LGRWR  KEK P ++IGVGGCVASQEGE I ++A +VDI+FGPQTLHRLP++++SV   R
Sbjct  63   LGRWRLLKEKNPDLIIGVGGCVASQEGEHIRQRAHYVDIIFGPQTLHRLPEMINSVRGDR  122

Query  122  KSVVDITFPEIEKFDRLPQPRAEGPSAFVSIMEGCSKYCTFCVVPYTRGEEISRPFDDVI  181
              VVDI+FPEIEKFDRLP+PRAEGP+AFVSIMEGC+KYCT+CVVPYTRGEE+SRP DD++
Sbjct  123  SPVVDISFPEIEKFDRLPEPRAEGPTAFVSIMEGCNKYCTYCVVPYTRGEEVSRPSDDIL  182

Query  182  AEVASLCEQGVREITLLGQNVNDYRGLMHDGQVADLALLIHYLAAMDNIERIRFTTSHPS  241
             E+A L  QGVRE+ LLGQNVN +RG  +DG     A L+  +AA+D I+RIRFTTSHP 
Sbjct  183  FEIAQLAAQGVREVNLLGQNVNAWRGENYDGTTGTFADLLRLVAAIDGIDRIRFTTSHPI  242

Query  242  AFSENLIDAYAEEPKLANHLHLPVQSGSDRILAAMKRNYTVLEYKSKIRKLRAVRPDISL  301
             F++++I+ Y + P+L + LHLPVQSGSDR+L  M R +T LEYK+ IRKLRA RPDI +
Sbjct  243  EFTDDIIEVYRDTPELVSFLHLPVQSGSDRVLNLMGRTHTALEYKAIIRKLRAARPDIQI  302

Query  302  SSDFIIGFPGETDADFEATMNLIHDMGFDHSFSFIYSPRPGTPAAQLPDDVPMAVKKERL  361
            SSDFI+GFPGET  DFE TM LI D+ FD S+SFI+S RPGTPAA + DDVP   KK+RL
Sbjct  303  SSDFIVGFPGETTDDFEKTMKLIADVNFDMSYSFIFSARPGTPAADMVDDVPEEEKKQRL  362

Query  362  AILQNRINAKAAEISQSMVGTQQRILVTGPSKKYPDQLSGRTENNRVVNFNGDTPLIGQM  421
             ILQ RIN +A   S+ M+GT QRILV G S+K   +LSGRTENNRVVNF G   +IG+ 
Sbjct  363  YILQERINQQAMAWSRRMLGTTQRILVEGTSRKNIMELSGRTENNRVVNFEGTPEMIGKF  422

Query  422  VTIKIKEARPYSLWGEI  438
            V ++I +  P SL G++
Sbjct  423  VDVEITDVYPNSLRGKV  439


>B7LKU3 tRNA-2-methylthio-N(6)-dimethylallyladenosine synthase OS=Escherichia 
fergusonii (strain ATCC 35469 / DSM 13698 / CCUG 18766 
/ IAM 14443 / JCM 21226 / LMG 7866 / NBRC 102419 / NCTC 
12128 / CDC 0568-73) OX=585054 GN=miaB PE=3 SV=1
Length=474

 Score = 588 bits (1517),  Expect = 0.0, Method: Compositional matrix adjust.
 Identities = 279/437 (64%), Positives = 344/437 (79%), Gaps = 0/437 (0%)

Query  2    KKLYLKTHGCQMNEYDSAKMADVLKFSHGLELTEDPAVADVFLLNTCSVREKAQTKVFSE  61
            KKL++KT GCQMNEYDS+KMAD+L  +HG +LT+    ADV LLNTCS+REKAQ KVF +
Sbjct  3    KKLHIKTWGCQMNEYDSSKMADLLDATHGYQLTDVAEEADVLLLNTCSIREKAQEKVFHQ  62

Query  62   LGRWRPFKEKRPHVVIGVGGCVASQEGETILKQAPFVDIVFGPQTLHRLPDLLDSVIQKR  121
            LGRW+  KEK P ++IGVGGCVASQEGE I ++A +VDI+FGPQTLHRLP++++SV   R
Sbjct  63   LGRWKLLKEKNPDLIIGVGGCVASQEGEHIRQRAHYVDIIFGPQTLHRLPEMINSVRGDR  122

Query  122  KSVVDITFPEIEKFDRLPQPRAEGPSAFVSIMEGCSKYCTFCVVPYTRGEEISRPFDDVI  181
              VVDI+FPEIEKFDRLP+PRAEGP+AFVSIMEGC+KYCT+CVVPYTRGEE+SRP DD++
Sbjct  123  SPVVDISFPEIEKFDRLPEPRAEGPTAFVSIMEGCNKYCTYCVVPYTRGEEVSRPSDDIL  182

Query  182  AEVASLCEQGVREITLLGQNVNDYRGLMHDGQVADLALLIHYLAAMDNIERIRFTTSHPS  241
             E+A L  QGVRE+ LLGQNVN +RG  +DG     A L+  +AA+D I+RIRFTTSHP 
Sbjct  183  FEIAQLAAQGVREVNLLGQNVNAWRGENYDGTTGSFADLLRLVAAIDGIDRIRFTTSHPI  242

Query  242  AFSENLIDAYAEEPKLANHLHLPVQSGSDRILAAMKRNYTVLEYKSKIRKLRAVRPDISL  301
             F++++I+ Y + P+L + LHLPVQSGSDRIL  M R +T LEYK+ IRKLRA RPDI +
Sbjct  243  EFTDDIIEVYRDTPELVSFLHLPVQSGSDRILNLMGRTHTALEYKAIIRKLRAARPDIQI  302

Query  302  SSDFIIGFPGETDADFEATMNLIHDMGFDHSFSFIYSPRPGTPAAQLPDDVPMAVKKERL  361
            SSDFI+GFPGET  DFE TM LI D+ FD S+SFI+S RPGTPAA + DDVP   KK+RL
Sbjct  303  SSDFIVGFPGETTEDFEKTMKLIADVNFDMSYSFIFSARPGTPAADMVDDVPEEEKKQRL  362

Query  362  AILQNRINAKAAEISQSMVGTQQRILVTGPSKKYPDQLSGRTENNRVVNFNGDTPLIGQM  421
             ILQ RIN +A   S+ M+GT QRILV G S+K   +LSGRTENNRVVNF G   +IG+ 
Sbjct  363  YILQERINQQAMAWSRRMLGTTQRILVEGTSRKSIMELSGRTENNRVVNFEGTPDMIGKF  422

Query  422  VTIKIKEARPYSLWGEI  438
            V ++I +  P SL G++
Sbjct  423  VDVEITDVYPNSLRGKV  439


>B1LLB3 tRNA-2-methylthio-N(6)-dimethylallyladenosine synthase OS=Escherichia 
coli (strain SMS-3-5 / SECEC) OX=439855 GN=miaB PE=3 
SV=1
Length=474

 Score = 588 bits (1517),  Expect = 0.0, Method: Compositional matrix adjust.
 Identities = 279/437 (64%), Positives = 344/437 (79%), Gaps = 0/437 (0%)

Query  2    KKLYLKTHGCQMNEYDSAKMADVLKFSHGLELTEDPAVADVFLLNTCSVREKAQTKVFSE  61
            KKL++KT GCQMNEYDS+KMAD+L  +HG +LT+    ADV LLNTCS+REKAQ KVF +
Sbjct  3    KKLHIKTWGCQMNEYDSSKMADLLDATHGYQLTDVAEEADVLLLNTCSIREKAQEKVFHQ  62

Query  62   LGRWRPFKEKRPHVVIGVGGCVASQEGETILKQAPFVDIVFGPQTLHRLPDLLDSVIQKR  121
            LGRW+  KEK P ++IGVGGCVASQEGE I ++A +VDI+FGPQTLHRLP++++SV   R
Sbjct  63   LGRWKLLKEKNPDLIIGVGGCVASQEGEHIRQRAHYVDIIFGPQTLHRLPEMINSVRGDR  122

Query  122  KSVVDITFPEIEKFDRLPQPRAEGPSAFVSIMEGCSKYCTFCVVPYTRGEEISRPFDDVI  181
              VVDI+FPEIEKFDRLP+PRAEGP+AFVSIMEGC+KYCT+CVVPYTRGEE+SRP DD++
Sbjct  123  SPVVDISFPEIEKFDRLPEPRAEGPTAFVSIMEGCNKYCTYCVVPYTRGEEVSRPSDDIL  182

Query  182  AEVASLCEQGVREITLLGQNVNDYRGLMHDGQVADLALLIHYLAAMDNIERIRFTTSHPS  241
             E+A L  QGVRE+ LLGQNVN +RG  +DG     A L+  +AA+D I+RIRFTTSHP 
Sbjct  183  FEIAQLAAQGVREVNLLGQNVNAWRGENYDGTTGSFADLLRLVAAIDGIDRIRFTTSHPI  242

Query  242  AFSENLIDAYAEEPKLANHLHLPVQSGSDRILAAMKRNYTVLEYKSKIRKLRAVRPDISL  301
             F++++I+ Y + P+L + LHLPVQSGSDRIL  M R +T LEYK+ IRKLRA RPDI +
Sbjct  243  EFTDDIIEVYRDTPELVSFLHLPVQSGSDRILNLMGRTHTALEYKAIIRKLRAARPDIQI  302

Query  302  SSDFIIGFPGETDADFEATMNLIHDMGFDHSFSFIYSPRPGTPAAQLPDDVPMAVKKERL  361
            SSDFI+GFPGET  DFE TM LI D+ FD S+SFI+S RPGTPAA + DDVP   KK+RL
Sbjct  303  SSDFIVGFPGETTEDFEKTMKLIADVNFDMSYSFIFSARPGTPAADMVDDVPEEEKKQRL  362

Query  362  AILQNRINAKAAEISQSMVGTQQRILVTGPSKKYPDQLSGRTENNRVVNFNGDTPLIGQM  421
             ILQ RIN +A   S+ M+GT QRILV G S+K   +LSGRTENNRVVNF G   +IG+ 
Sbjct  363  YILQERINQQAMAWSRRMLGTTQRILVEGTSRKSIMELSGRTENNRVVNFEGTPDMIGKF  422

Query  422  VTIKIKEARPYSLWGEI  438
            V ++I +  P SL G++
Sbjct  423  VDVEITDVYPNSLRGKV  439


>B7N9R6 tRNA-2-methylthio-N(6)-dimethylallyladenosine synthase OS=Escherichia 
coli O17:K52:H18 (strain UMN026 / ExPEC) OX=585056 
GN=miaB PE=3 SV=1
Length=474

 Score = 588 bits (1517),  Expect = 0.0, Method: Compositional matrix adjust.
 Identities = 279/437 (64%), Positives = 344/437 (79%), Gaps = 0/437 (0%)

Query  2    KKLYLKTHGCQMNEYDSAKMADVLKFSHGLELTEDPAVADVFLLNTCSVREKAQTKVFSE  61
            KKL++KT GCQMNEYDS+KMAD+L  +HG +LT+    ADV LLNTCS+REKAQ KVF +
Sbjct  3    KKLHIKTWGCQMNEYDSSKMADLLDATHGYQLTDVAEEADVLLLNTCSIREKAQEKVFHQ  62

Query  62   LGRWRPFKEKRPHVVIGVGGCVASQEGETILKQAPFVDIVFGPQTLHRLPDLLDSVIQKR  121
            LGRW+  KEK P ++IGVGGCVASQEGE I ++A +VDI+FGPQTLHRLP++++SV   R
Sbjct  63   LGRWKLLKEKNPDLIIGVGGCVASQEGEHIRQRAHYVDIIFGPQTLHRLPEMINSVRGDR  122

Query  122  KSVVDITFPEIEKFDRLPQPRAEGPSAFVSIMEGCSKYCTFCVVPYTRGEEISRPFDDVI  181
              VVDI+FPEIEKFDRLP+PRAEGP+AFVSIMEGC+KYCT+CVVPYTRGEE+SRP DD++
Sbjct  123  SPVVDISFPEIEKFDRLPEPRAEGPTAFVSIMEGCNKYCTYCVVPYTRGEEVSRPSDDIL  182

Query  182  AEVASLCEQGVREITLLGQNVNDYRGLMHDGQVADLALLIHYLAAMDNIERIRFTTSHPS  241
             E+A L  QGVRE+ LLGQNVN +RG  +DG     A L+  +AA+D I+RIRFTTSHP 
Sbjct  183  FEIAQLAAQGVREVNLLGQNVNAWRGENYDGTTGSFADLLRLVAAIDGIDRIRFTTSHPI  242

Query  242  AFSENLIDAYAEEPKLANHLHLPVQSGSDRILAAMKRNYTVLEYKSKIRKLRAVRPDISL  301
             F++++I+ Y + P+L + LHLPVQSGSDRIL  M R +T LEYK+ IRKLRA RPDI +
Sbjct  243  EFTDDIIEVYRDTPELVSFLHLPVQSGSDRILNLMGRTHTALEYKAIIRKLRAARPDIQI  302

Query  302  SSDFIIGFPGETDADFEATMNLIHDMGFDHSFSFIYSPRPGTPAAQLPDDVPMAVKKERL  361
            SSDFI+GFPGET  DFE TM LI D+ FD S+SFI+S RPGTPAA + DDVP   KK+RL
Sbjct  303  SSDFIVGFPGETTEDFEKTMKLIADVNFDMSYSFIFSARPGTPAADMVDDVPEEEKKQRL  362

Query  362  AILQNRINAKAAEISQSMVGTQQRILVTGPSKKYPDQLSGRTENNRVVNFNGDTPLIGQM  421
             ILQ RIN +A   S+ M+GT QRILV G S+K   +LSGRTENNRVVNF G   +IG+ 
Sbjct  363  YILQERINQQAMAWSRRMLGTTQRILVEGTSRKSIMELSGRTENNRVVNFEGTPDMIGKF  422

Query  422  VTIKIKEARPYSLWGEI  438
            V ++I +  P SL G++
Sbjct  423  VDVEITDVYPNSLRGKV  439


>P0AEI1 tRNA-2-methylthio-N(6)-dimethylallyladenosine synthase OS=Escherichia 
coli (strain K12) OX=83333 GN=miaB PE=1 SV=1
Length=474

 Score = 588 bits (1517),  Expect = 0.0, Method: Compositional matrix adjust.
 Identities = 279/437 (64%), Positives = 344/437 (79%), Gaps = 0/437 (0%)

Query  2    KKLYLKTHGCQMNEYDSAKMADVLKFSHGLELTEDPAVADVFLLNTCSVREKAQTKVFSE  61
            KKL++KT GCQMNEYDS+KMAD+L  +HG +LT+    ADV LLNTCS+REKAQ KVF +
Sbjct  3    KKLHIKTWGCQMNEYDSSKMADLLDATHGYQLTDVAEEADVLLLNTCSIREKAQEKVFHQ  62

Query  62   LGRWRPFKEKRPHVVIGVGGCVASQEGETILKQAPFVDIVFGPQTLHRLPDLLDSVIQKR  121
            LGRW+  KEK P ++IGVGGCVASQEGE I ++A +VDI+FGPQTLHRLP++++SV   R
Sbjct  63   LGRWKLLKEKNPDLIIGVGGCVASQEGEHIRQRAHYVDIIFGPQTLHRLPEMINSVRGDR  122

Query  122  KSVVDITFPEIEKFDRLPQPRAEGPSAFVSIMEGCSKYCTFCVVPYTRGEEISRPFDDVI  181
              VVDI+FPEIEKFDRLP+PRAEGP+AFVSIMEGC+KYCT+CVVPYTRGEE+SRP DD++
Sbjct  123  SPVVDISFPEIEKFDRLPEPRAEGPTAFVSIMEGCNKYCTYCVVPYTRGEEVSRPSDDIL  182

Query  182  AEVASLCEQGVREITLLGQNVNDYRGLMHDGQVADLALLIHYLAAMDNIERIRFTTSHPS  241
             E+A L  QGVRE+ LLGQNVN +RG  +DG     A L+  +AA+D I+RIRFTTSHP 
Sbjct  183  FEIAQLAAQGVREVNLLGQNVNAWRGENYDGTTGSFADLLRLVAAIDGIDRIRFTTSHPI  242

Query  242  AFSENLIDAYAEEPKLANHLHLPVQSGSDRILAAMKRNYTVLEYKSKIRKLRAVRPDISL  301
             F++++I+ Y + P+L + LHLPVQSGSDRIL  M R +T LEYK+ IRKLRA RPDI +
Sbjct  243  EFTDDIIEVYRDTPELVSFLHLPVQSGSDRILNLMGRTHTALEYKAIIRKLRAARPDIQI  302

Query  302  SSDFIIGFPGETDADFEATMNLIHDMGFDHSFSFIYSPRPGTPAAQLPDDVPMAVKKERL  361
            SSDFI+GFPGET  DFE TM LI D+ FD S+SFI+S RPGTPAA + DDVP   KK+RL
Sbjct  303  SSDFIVGFPGETTEDFEKTMKLIADVNFDMSYSFIFSARPGTPAADMVDDVPEEEKKQRL  362

Query  362  AILQNRINAKAAEISQSMVGTQQRILVTGPSKKYPDQLSGRTENNRVVNFNGDTPLIGQM  421
             ILQ RIN +A   S+ M+GT QRILV G S+K   +LSGRTENNRVVNF G   +IG+ 
Sbjct  363  YILQERINQQAMAWSRRMLGTTQRILVEGTSRKSIMELSGRTENNRVVNFEGTPDMIGKF  422

Query  422  VTIKIKEARPYSLWGEI  438
            V ++I +  P SL G++
Sbjct  423  VDVEITDVYPNSLRGKV  439


>B1IYE7 tRNA-2-methylthio-N(6)-dimethylallyladenosine synthase OS=Escherichia 
coli (strain ATCC 8739 / DSM 1576 / NBRC 3972 / NCIMB 
8545 / WDCM 00012 / Crooks) OX=481805 GN=miaB PE=3 SV=1
Length=474

 Score = 588 bits (1517),  Expect = 0.0, Method: Compositional matrix adjust.
 Identities = 279/437 (64%), Positives = 344/437 (79%), Gaps = 0/437 (0%)

Query  2    KKLYLKTHGCQMNEYDSAKMADVLKFSHGLELTEDPAVADVFLLNTCSVREKAQTKVFSE  61
            KKL++KT GCQMNEYDS+KMAD+L  +HG +LT+    ADV LLNTCS+REKAQ KVF +
Sbjct  3    KKLHIKTWGCQMNEYDSSKMADLLDATHGYQLTDVAEEADVLLLNTCSIREKAQEKVFHQ  62

Query  62   LGRWRPFKEKRPHVVIGVGGCVASQEGETILKQAPFVDIVFGPQTLHRLPDLLDSVIQKR  121
            LGRW+  KEK P ++IGVGGCVASQEGE I ++A +VDI+FGPQTLHRLP++++SV   R
Sbjct  63   LGRWKLLKEKNPDLIIGVGGCVASQEGEHIRQRAHYVDIIFGPQTLHRLPEMINSVRGDR  122

Query  122  KSVVDITFPEIEKFDRLPQPRAEGPSAFVSIMEGCSKYCTFCVVPYTRGEEISRPFDDVI  181
              VVDI+FPEIEKFDRLP+PRAEGP+AFVSIMEGC+KYCT+CVVPYTRGEE+SRP DD++
Sbjct  123  SPVVDISFPEIEKFDRLPEPRAEGPTAFVSIMEGCNKYCTYCVVPYTRGEEVSRPSDDIL  182

Query  182  AEVASLCEQGVREITLLGQNVNDYRGLMHDGQVADLALLIHYLAAMDNIERIRFTTSHPS  241
             E+A L  QGVRE+ LLGQNVN +RG  +DG     A L+  +AA+D I+RIRFTTSHP 
Sbjct  183  FEIAQLAAQGVREVNLLGQNVNAWRGENYDGTTGSFADLLRLVAAIDGIDRIRFTTSHPI  242

Query  242  AFSENLIDAYAEEPKLANHLHLPVQSGSDRILAAMKRNYTVLEYKSKIRKLRAVRPDISL  301
             F++++I+ Y + P+L + LHLPVQSGSDRIL  M R +T LEYK+ IRKLRA RPDI +
Sbjct  243  EFTDDIIEVYRDTPELVSFLHLPVQSGSDRILNLMGRTHTALEYKAIIRKLRAARPDIQI  302

Query  302  SSDFIIGFPGETDADFEATMNLIHDMGFDHSFSFIYSPRPGTPAAQLPDDVPMAVKKERL  361
            SSDFI+GFPGET  DFE TM LI D+ FD S+SFI+S RPGTPAA + DDVP   KK+RL
Sbjct  303  SSDFIVGFPGETTEDFEKTMKLIADVNFDMSYSFIFSARPGTPAADMVDDVPEEEKKQRL  362

Query  362  AILQNRINAKAAEISQSMVGTQQRILVTGPSKKYPDQLSGRTENNRVVNFNGDTPLIGQM  421
             ILQ RIN +A   S+ M+GT QRILV G S+K   +LSGRTENNRVVNF G   +IG+ 
Sbjct  363  YILQERINQQAMAWSRRMLGTTQRILVEGTSRKSIMELSGRTENNRVVNFEGTPDMIGKF  422

Query  422  VTIKIKEARPYSLWGEI  438
            V ++I +  P SL G++
Sbjct  423  VDVEITDVYPNSLRGKV  439


>P0AEI2 tRNA-2-methylthio-N(6)-dimethylallyladenosine synthase OS=Escherichia 
coli O6:H1 (strain CFT073 / ATCC 700928 / UPEC) OX=199310 
GN=miaB PE=3 SV=1
Length=474

 Score = 588 bits (1517),  Expect = 0.0, Method: Compositional matrix adjust.
 Identities = 279/437 (64%), Positives = 344/437 (79%), Gaps = 0/437 (0%)

Query  2    KKLYLKTHGCQMNEYDSAKMADVLKFSHGLELTEDPAVADVFLLNTCSVREKAQTKVFSE  61
            KKL++KT GCQMNEYDS+KMAD+L  +HG +LT+    ADV LLNTCS+REKAQ KVF +
Sbjct  3    KKLHIKTWGCQMNEYDSSKMADLLDATHGYQLTDVAEEADVLLLNTCSIREKAQEKVFHQ  62

Query  62   LGRWRPFKEKRPHVVIGVGGCVASQEGETILKQAPFVDIVFGPQTLHRLPDLLDSVIQKR  121
            LGRW+  KEK P ++IGVGGCVASQEGE I ++A +VDI+FGPQTLHRLP++++SV   R
Sbjct  63   LGRWKLLKEKNPDLIIGVGGCVASQEGEHIRQRAHYVDIIFGPQTLHRLPEMINSVRGDR  122

Query  122  KSVVDITFPEIEKFDRLPQPRAEGPSAFVSIMEGCSKYCTFCVVPYTRGEEISRPFDDVI  181
              VVDI+FPEIEKFDRLP+PRAEGP+AFVSIMEGC+KYCT+CVVPYTRGEE+SRP DD++
Sbjct  123  SPVVDISFPEIEKFDRLPEPRAEGPTAFVSIMEGCNKYCTYCVVPYTRGEEVSRPSDDIL  182

Query  182  AEVASLCEQGVREITLLGQNVNDYRGLMHDGQVADLALLIHYLAAMDNIERIRFTTSHPS  241
             E+A L  QGVRE+ LLGQNVN +RG  +DG     A L+  +AA+D I+RIRFTTSHP 
Sbjct  183  FEIAQLAAQGVREVNLLGQNVNAWRGENYDGTTGSFADLLRLVAAIDGIDRIRFTTSHPI  242

Query  242  AFSENLIDAYAEEPKLANHLHLPVQSGSDRILAAMKRNYTVLEYKSKIRKLRAVRPDISL  301
             F++++I+ Y + P+L + LHLPVQSGSDRIL  M R +T LEYK+ IRKLRA RPDI +
Sbjct  243  EFTDDIIEVYRDTPELVSFLHLPVQSGSDRILNLMGRTHTALEYKAIIRKLRAARPDIQI  302

Query  302  SSDFIIGFPGETDADFEATMNLIHDMGFDHSFSFIYSPRPGTPAAQLPDDVPMAVKKERL  361
            SSDFI+GFPGET  DFE TM LI D+ FD S+SFI+S RPGTPAA + DDVP   KK+RL
Sbjct  303  SSDFIVGFPGETTEDFEKTMKLIADVNFDMSYSFIFSARPGTPAADMVDDVPEEEKKQRL  362

Query  362  AILQNRINAKAAEISQSMVGTQQRILVTGPSKKYPDQLSGRTENNRVVNFNGDTPLIGQM  421
             ILQ RIN +A   S+ M+GT QRILV G S+K   +LSGRTENNRVVNF G   +IG+ 
Sbjct  363  YILQERINQQAMAWSRRMLGTTQRILVEGTSRKSIMELSGRTENNRVVNFEGTPDMIGKF  422

Query  422  VTIKIKEARPYSLWGEI  438
            V ++I +  P SL G++
Sbjct  423  VDVEITDVYPNSLRGKV  439


>Q0TK19 tRNA-2-methylthio-N(6)-dimethylallyladenosine synthase OS=Escherichia 
coli O6:K15:H31 (strain 536 / UPEC) OX=362663 GN=miaB 
PE=3 SV=1
Length=474

 Score = 588 bits (1517),  Expect = 0.0, Method: Compositional matrix adjust.
 Identities = 279/437 (64%), Positives = 344/437 (79%), Gaps = 0/437 (0%)

Query  2    KKLYLKTHGCQMNEYDSAKMADVLKFSHGLELTEDPAVADVFLLNTCSVREKAQTKVFSE  61
            KKL++KT GCQMNEYDS+KMAD+L  +HG +LT+    ADV LLNTCS+REKAQ KVF +
Sbjct  3    KKLHIKTWGCQMNEYDSSKMADLLDATHGYQLTDVAEEADVLLLNTCSIREKAQEKVFHQ  62

Query  62   LGRWRPFKEKRPHVVIGVGGCVASQEGETILKQAPFVDIVFGPQTLHRLPDLLDSVIQKR  121
            LGRW+  KEK P ++IGVGGCVASQEGE I ++A +VDI+FGPQTLHRLP++++SV   R
Sbjct  63   LGRWKLLKEKNPDLIIGVGGCVASQEGEHIRQRAHYVDIIFGPQTLHRLPEMINSVRGDR  122

Query  122  KSVVDITFPEIEKFDRLPQPRAEGPSAFVSIMEGCSKYCTFCVVPYTRGEEISRPFDDVI  181
              VVDI+FPEIEKFDRLP+PRAEGP+AFVSIMEGC+KYCT+CVVPYTRGEE+SRP DD++
Sbjct  123  SPVVDISFPEIEKFDRLPEPRAEGPTAFVSIMEGCNKYCTYCVVPYTRGEEVSRPSDDIL  182

Query  182  AEVASLCEQGVREITLLGQNVNDYRGLMHDGQVADLALLIHYLAAMDNIERIRFTTSHPS  241
             E+A L  QGVRE+ LLGQNVN +RG  +DG     A L+  +AA+D I+RIRFTTSHP 
Sbjct  183  FEIAQLAAQGVREVNLLGQNVNAWRGENYDGTTGSFADLLRLVAAIDGIDRIRFTTSHPI  242

Query  242  AFSENLIDAYAEEPKLANHLHLPVQSGSDRILAAMKRNYTVLEYKSKIRKLRAVRPDISL  301
             F++++I+ Y + P+L + LHLPVQSGSDRIL  M R +T LEYK+ IRKLRA RPDI +
Sbjct  243  EFTDDIIEVYRDTPELVSFLHLPVQSGSDRILNLMGRTHTALEYKAIIRKLRAARPDIQI  302

Query  302  SSDFIIGFPGETDADFEATMNLIHDMGFDHSFSFIYSPRPGTPAAQLPDDVPMAVKKERL  361
            SSDFI+GFPGET  DFE TM LI D+ FD S+SFI+S RPGTPAA + DDVP   KK+RL
Sbjct  303  SSDFIVGFPGETTEDFEKTMKLIADVNFDMSYSFIFSARPGTPAADMVDDVPEEEKKQRL  362

Query  362  AILQNRINAKAAEISQSMVGTQQRILVTGPSKKYPDQLSGRTENNRVVNFNGDTPLIGQM  421
             ILQ RIN +A   S+ M+GT QRILV G S+K   +LSGRTENNRVVNF G   +IG+ 
Sbjct  363  YILQERINQQAMAWSRRMLGTTQRILVEGTSRKSIMELSGRTENNRVVNFEGTPDMIGKF  422

Query  422  VTIKIKEARPYSLWGEI  438
            V ++I +  P SL G++
Sbjct  423  VDVEITDVYPNSLRGKV  439


>A7ZXT0 tRNA-2-methylthio-N(6)-dimethylallyladenosine synthase OS=Escherichia 
coli O9:H4 (strain HS) OX=331112 GN=miaB PE=3 SV=1
Length=474

 Score = 588 bits (1517),  Expect = 0.0, Method: Compositional matrix adjust.
 Identities = 279/437 (64%), Positives = 344/437 (79%), Gaps = 0/437 (0%)

Query  2    KKLYLKTHGCQMNEYDSAKMADVLKFSHGLELTEDPAVADVFLLNTCSVREKAQTKVFSE  61
            KKL++KT GCQMNEYDS+KMAD+L  +HG +LT+    ADV LLNTCS+REKAQ KVF +
Sbjct  3    KKLHIKTWGCQMNEYDSSKMADLLDATHGYQLTDVAEEADVLLLNTCSIREKAQEKVFHQ  62

Query  62   LGRWRPFKEKRPHVVIGVGGCVASQEGETILKQAPFVDIVFGPQTLHRLPDLLDSVIQKR  121
            LGRW+  KEK P ++IGVGGCVASQEGE I ++A +VDI+FGPQTLHRLP++++SV   R
Sbjct  63   LGRWKLLKEKNPDLIIGVGGCVASQEGEHIRQRAHYVDIIFGPQTLHRLPEMINSVRGDR  122

Query  122  KSVVDITFPEIEKFDRLPQPRAEGPSAFVSIMEGCSKYCTFCVVPYTRGEEISRPFDDVI  181
              VVDI+FPEIEKFDRLP+PRAEGP+AFVSIMEGC+KYCT+CVVPYTRGEE+SRP DD++
Sbjct  123  SPVVDISFPEIEKFDRLPEPRAEGPTAFVSIMEGCNKYCTYCVVPYTRGEEVSRPSDDIL  182

Query  182  AEVASLCEQGVREITLLGQNVNDYRGLMHDGQVADLALLIHYLAAMDNIERIRFTTSHPS  241
             E+A L  QGVRE+ LLGQNVN +RG  +DG     A L+  +AA+D I+RIRFTTSHP 
Sbjct  183  FEIAQLAAQGVREVNLLGQNVNAWRGENYDGTTGSFADLLRLVAAIDGIDRIRFTTSHPI  242

Query  242  AFSENLIDAYAEEPKLANHLHLPVQSGSDRILAAMKRNYTVLEYKSKIRKLRAVRPDISL  301
             F++++I+ Y + P+L + LHLPVQSGSDRIL  M R +T LEYK+ IRKLRA RPDI +
Sbjct  243  EFTDDIIEVYRDTPELVSFLHLPVQSGSDRILNLMGRTHTALEYKAIIRKLRAARPDIQI  302

Query  302  SSDFIIGFPGETDADFEATMNLIHDMGFDHSFSFIYSPRPGTPAAQLPDDVPMAVKKERL  361
            SSDFI+GFPGET  DFE TM LI D+ FD S+SFI+S RPGTPAA + DDVP   KK+RL
Sbjct  303  SSDFIVGFPGETTEDFEKTMKLIADVNFDMSYSFIFSARPGTPAADMVDDVPEEEKKQRL  362

Query  362  AILQNRINAKAAEISQSMVGTQQRILVTGPSKKYPDQLSGRTENNRVVNFNGDTPLIGQM  421
             ILQ RIN +A   S+ M+GT QRILV G S+K   +LSGRTENNRVVNF G   +IG+ 
Sbjct  363  YILQERINQQAMAWSRRMLGTTQRILVEGTSRKSIMELSGRTENNRVVNFEGTPDMIGKF  422

Query  422  VTIKIKEARPYSLWGEI  438
            V ++I +  P SL G++
Sbjct  423  VDVEITDVYPNSLRGKV  439


>B1X656 tRNA-2-methylthio-N(6)-dimethylallyladenosine synthase OS=Escherichia 
coli (strain K12 / DH10B) OX=316385 GN=miaB PE=3 SV=1
Length=474

 Score = 588 bits (1517),  Expect = 0.0, Method: Compositional matrix adjust.
 Identities = 279/437 (64%), Positives = 344/437 (79%), Gaps = 0/437 (0%)

Query  2    KKLYLKTHGCQMNEYDSAKMADVLKFSHGLELTEDPAVADVFLLNTCSVREKAQTKVFSE  61
            KKL++KT GCQMNEYDS+KMAD+L  +HG +LT+    ADV LLNTCS+REKAQ KVF +
Sbjct  3    KKLHIKTWGCQMNEYDSSKMADLLDATHGYQLTDVAEEADVLLLNTCSIREKAQEKVFHQ  62

Query  62   LGRWRPFKEKRPHVVIGVGGCVASQEGETILKQAPFVDIVFGPQTLHRLPDLLDSVIQKR  121
            LGRW+  KEK P ++IGVGGCVASQEGE I ++A +VDI+FGPQTLHRLP++++SV   R
Sbjct  63   LGRWKLLKEKNPDLIIGVGGCVASQEGEHIRQRAHYVDIIFGPQTLHRLPEMINSVRGDR  122

Query  122  KSVVDITFPEIEKFDRLPQPRAEGPSAFVSIMEGCSKYCTFCVVPYTRGEEISRPFDDVI  181
              VVDI+FPEIEKFDRLP+PRAEGP+AFVSIMEGC+KYCT+CVVPYTRGEE+SRP DD++
Sbjct  123  SPVVDISFPEIEKFDRLPEPRAEGPTAFVSIMEGCNKYCTYCVVPYTRGEEVSRPSDDIL  182

Query  182  AEVASLCEQGVREITLLGQNVNDYRGLMHDGQVADLALLIHYLAAMDNIERIRFTTSHPS  241
             E+A L  QGVRE+ LLGQNVN +RG  +DG     A L+  +AA+D I+RIRFTTSHP 
Sbjct  183  FEIAQLAAQGVREVNLLGQNVNAWRGENYDGTTGSFADLLRLVAAIDGIDRIRFTTSHPI  242

Query  242  AFSENLIDAYAEEPKLANHLHLPVQSGSDRILAAMKRNYTVLEYKSKIRKLRAVRPDISL  301
             F++++I+ Y + P+L + LHLPVQSGSDRIL  M R +T LEYK+ IRKLRA RPDI +
Sbjct  243  EFTDDIIEVYRDTPELVSFLHLPVQSGSDRILNLMGRTHTALEYKAIIRKLRAARPDIQI  302

Query  302  SSDFIIGFPGETDADFEATMNLIHDMGFDHSFSFIYSPRPGTPAAQLPDDVPMAVKKERL  361
            SSDFI+GFPGET  DFE TM LI D+ FD S+SFI+S RPGTPAA + DDVP   KK+RL
Sbjct  303  SSDFIVGFPGETTEDFEKTMKLIADVNFDMSYSFIFSARPGTPAADMVDDVPEEEKKQRL  362

Query  362  AILQNRINAKAAEISQSMVGTQQRILVTGPSKKYPDQLSGRTENNRVVNFNGDTPLIGQM  421
             ILQ RIN +A   S+ M+GT QRILV G S+K   +LSGRTENNRVVNF G   +IG+ 
Sbjct  363  YILQERINQQAMAWSRRMLGTTQRILVEGTSRKSIMELSGRTENNRVVNFEGTPDMIGKF  422

Query  422  VTIKIKEARPYSLWGEI  438
            V ++I +  P SL G++
Sbjct  423  VDVEITDVYPNSLRGKV  439


>B7M5I8 tRNA-2-methylthio-N(6)-dimethylallyladenosine synthase OS=Escherichia 
coli O8 (strain IAI1) OX=585034 GN=miaB PE=3 SV=1
Length=474

 Score = 588 bits (1517),  Expect = 0.0, Method: Compositional matrix adjust.
 Identities = 279/437 (64%), Positives = 344/437 (79%), Gaps = 0/437 (0%)

Query  2    KKLYLKTHGCQMNEYDSAKMADVLKFSHGLELTEDPAVADVFLLNTCSVREKAQTKVFSE  61
            KKL++KT GCQMNEYDS+KMAD+L  +HG +LT+    ADV LLNTCS+REKAQ KVF +
Sbjct  3    KKLHIKTWGCQMNEYDSSKMADLLDATHGYQLTDVAEEADVLLLNTCSIREKAQEKVFHQ  62

Query  62   LGRWRPFKEKRPHVVIGVGGCVASQEGETILKQAPFVDIVFGPQTLHRLPDLLDSVIQKR  121
            LGRW+  KEK P ++IGVGGCVASQEGE I ++A +VDI+FGPQTLHRLP++++SV   R
Sbjct  63   LGRWKLLKEKNPDLIIGVGGCVASQEGEHIRQRAHYVDIIFGPQTLHRLPEMINSVRGDR  122

Query  122  KSVVDITFPEIEKFDRLPQPRAEGPSAFVSIMEGCSKYCTFCVVPYTRGEEISRPFDDVI  181
              VVDI+FPEIEKFDRLP+PRAEGP+AFVSIMEGC+KYCT+CVVPYTRGEE+SRP DD++
Sbjct  123  SPVVDISFPEIEKFDRLPEPRAEGPTAFVSIMEGCNKYCTYCVVPYTRGEEVSRPSDDIL  182

Query  182  AEVASLCEQGVREITLLGQNVNDYRGLMHDGQVADLALLIHYLAAMDNIERIRFTTSHPS  241
             E+A L  QGVRE+ LLGQNVN +RG  +DG     A L+  +AA+D I+RIRFTTSHP 
Sbjct  183  FEIAQLAAQGVREVNLLGQNVNAWRGENYDGTTGSFADLLRLVAAIDGIDRIRFTTSHPI  242

Query  242  AFSENLIDAYAEEPKLANHLHLPVQSGSDRILAAMKRNYTVLEYKSKIRKLRAVRPDISL  301
             F++++I+ Y + P+L + LHLPVQSGSDRIL  M R +T LEYK+ IRKLRA RPDI +
Sbjct  243  EFTDDIIEVYRDTPELVSFLHLPVQSGSDRILNLMGRTHTALEYKAIIRKLRAARPDIQI  302

Query  302  SSDFIIGFPGETDADFEATMNLIHDMGFDHSFSFIYSPRPGTPAAQLPDDVPMAVKKERL  361
            SSDFI+GFPGET  DFE TM LI D+ FD S+SFI+S RPGTPAA + DDVP   KK+RL
Sbjct  303  SSDFIVGFPGETTEDFEKTMKLIADVNFDMSYSFIFSARPGTPAADMVDDVPEEEKKQRL  362

Query  362  AILQNRINAKAAEISQSMVGTQQRILVTGPSKKYPDQLSGRTENNRVVNFNGDTPLIGQM  421
             ILQ RIN +A   S+ M+GT QRILV G S+K   +LSGRTENNRVVNF G   +IG+ 
Sbjct  363  YILQERINQQAMAWSRRMLGTTQRILVEGTSRKSIMELSGRTENNRVVNFEGTPDMIGKF  422

Query  422  VTIKIKEARPYSLWGEI  438
            V ++I +  P SL G++
Sbjct  423  VDVEITDVYPNSLRGKV  439


>B7MPH7 tRNA-2-methylthio-N(6)-dimethylallyladenosine synthase OS=Escherichia 
coli O81 (strain ED1a) OX=585397 GN=miaB PE=3 SV=1
Length=474

 Score = 588 bits (1517),  Expect = 0.0, Method: Compositional matrix adjust.
 Identities = 279/437 (64%), Positives = 344/437 (79%), Gaps = 0/437 (0%)

Query  2    KKLYLKTHGCQMNEYDSAKMADVLKFSHGLELTEDPAVADVFLLNTCSVREKAQTKVFSE  61
            KKL++KT GCQMNEYDS+KMAD+L  +HG +LT+    ADV LLNTCS+REKAQ KVF +
Sbjct  3    KKLHIKTWGCQMNEYDSSKMADLLDATHGYQLTDVAEEADVLLLNTCSIREKAQEKVFHQ  62

Query  62   LGRWRPFKEKRPHVVIGVGGCVASQEGETILKQAPFVDIVFGPQTLHRLPDLLDSVIQKR  121
            LGRW+  KEK P ++IGVGGCVASQEGE I ++A +VDI+FGPQTLHRLP++++SV   R
Sbjct  63   LGRWKLLKEKNPDLIIGVGGCVASQEGEHIRQRAHYVDIIFGPQTLHRLPEMINSVRGDR  122

Query  122  KSVVDITFPEIEKFDRLPQPRAEGPSAFVSIMEGCSKYCTFCVVPYTRGEEISRPFDDVI  181
              VVDI+FPEIEKFDRLP+PRAEGP+AFVSIMEGC+KYCT+CVVPYTRGEE+SRP DD++
Sbjct  123  SPVVDISFPEIEKFDRLPEPRAEGPTAFVSIMEGCNKYCTYCVVPYTRGEEVSRPSDDIL  182

Query  182  AEVASLCEQGVREITLLGQNVNDYRGLMHDGQVADLALLIHYLAAMDNIERIRFTTSHPS  241
             E+A L  QGVRE+ LLGQNVN +RG  +DG     A L+  +AA+D I+RIRFTTSHP 
Sbjct  183  FEIAQLAAQGVREVNLLGQNVNAWRGENYDGTTGTFADLLRLVAAIDGIDRIRFTTSHPI  242

Query  242  AFSENLIDAYAEEPKLANHLHLPVQSGSDRILAAMKRNYTVLEYKSKIRKLRAVRPDISL  301
             F++++I+ Y + P+L + LHLPVQSGSDRIL  M R +T LEYK+ IRKLRA RPDI +
Sbjct  243  EFTDDIIEVYRDTPELVSFLHLPVQSGSDRILNLMGRTHTALEYKAIIRKLRAARPDIQI  302

Query  302  SSDFIIGFPGETDADFEATMNLIHDMGFDHSFSFIYSPRPGTPAAQLPDDVPMAVKKERL  361
            SSDFI+GFPGET  DFE TM LI D+ FD S+SFI+S RPGTPAA + DDVP   KK+RL
Sbjct  303  SSDFIVGFPGETTEDFEKTMKLIADVNFDMSYSFIFSARPGTPAADMVDDVPEEEKKQRL  362

Query  362  AILQNRINAKAAEISQSMVGTQQRILVTGPSKKYPDQLSGRTENNRVVNFNGDTPLIGQM  421
             ILQ RIN +A   S+ M+GT QRILV G S+K   +LSGRTENNRVVNF G   +IG+ 
Sbjct  363  YILQERINQQAMAWSRRMLGTTQRILVEGTSRKSIMELSGRTENNRVVNFEGTPDMIGKF  422

Query  422  VTIKIKEARPYSLWGEI  438
            V ++I +  P SL G++
Sbjct  423  VDVEITDVYPNSLRGKV  439


>B7NM12 tRNA-2-methylthio-N(6)-dimethylallyladenosine synthase OS=Escherichia 
coli O7:K1 (strain IAI39 / ExPEC) OX=585057 GN=miaB 
PE=3 SV=1
Length=474

 Score = 588 bits (1517),  Expect = 0.0, Method: Compositional matrix adjust.
 Identities = 279/437 (64%), Positives = 344/437 (79%), Gaps = 0/437 (0%)

Query  2    KKLYLKTHGCQMNEYDSAKMADVLKFSHGLELTEDPAVADVFLLNTCSVREKAQTKVFSE  61
            KKL++KT GCQMNEYDS+KMAD+L  +HG +LT+    ADV LLNTCS+REKAQ KVF +
Sbjct  3    KKLHIKTWGCQMNEYDSSKMADLLDATHGYQLTDVAEEADVLLLNTCSIREKAQEKVFHQ  62

Query  62   LGRWRPFKEKRPHVVIGVGGCVASQEGETILKQAPFVDIVFGPQTLHRLPDLLDSVIQKR  121
            LGRW+  KEK P ++IGVGGCVASQEGE I ++A +VDI+FGPQTLHRLP++++SV   R
Sbjct  63   LGRWKLLKEKNPDLIIGVGGCVASQEGEHIRQRAHYVDIIFGPQTLHRLPEMINSVRGDR  122

Query  122  KSVVDITFPEIEKFDRLPQPRAEGPSAFVSIMEGCSKYCTFCVVPYTRGEEISRPFDDVI  181
              VVDI+FPEIEKFDRLP+PRAEGP+AFVSIMEGC+KYCT+CVVPYTRGEE+SRP DD++
Sbjct  123  SPVVDISFPEIEKFDRLPEPRAEGPTAFVSIMEGCNKYCTYCVVPYTRGEEVSRPSDDIL  182

Query  182  AEVASLCEQGVREITLLGQNVNDYRGLMHDGQVADLALLIHYLAAMDNIERIRFTTSHPS  241
             E+A L  QGVRE+ LLGQNVN +RG  +DG     A L+  +AA+D I+RIRFTTSHP 
Sbjct  183  FEIAQLAAQGVREVNLLGQNVNAWRGENYDGTTGSFADLLRLVAAIDGIDRIRFTTSHPI  242

Query  242  AFSENLIDAYAEEPKLANHLHLPVQSGSDRILAAMKRNYTVLEYKSKIRKLRAVRPDISL  301
             F++++I+ Y + P+L + LHLPVQSGSDRIL  M R +T LEYK+ IRKLRA RPDI +
Sbjct  243  EFTDDIIEVYRDTPELVSFLHLPVQSGSDRILNLMGRTHTALEYKAIIRKLRAARPDIQI  302

Query  302  SSDFIIGFPGETDADFEATMNLIHDMGFDHSFSFIYSPRPGTPAAQLPDDVPMAVKKERL  361
            SSDFI+GFPGET  DFE TM LI D+ FD S+SFI+S RPGTPAA + DDVP   KK+RL
Sbjct  303  SSDFIVGFPGETTEDFEKTMKLIADVNFDMSYSFIFSARPGTPAADMVDDVPEEEKKQRL  362

Query  362  AILQNRINAKAAEISQSMVGTQQRILVTGPSKKYPDQLSGRTENNRVVNFNGDTPLIGQM  421
             ILQ RIN +A   S+ M+GT QRILV G S+K   +LSGRTENNRVVNF G   +IG+ 
Sbjct  363  YILQERINQQAMAWSRRMLGTTQRILVEGTSRKSIMELSGRTENNRVVNFEGTPDMIGKF  422

Query  422  VTIKIKEARPYSLWGEI  438
            V ++I +  P SL G++
Sbjct  423  VDVEITDVYPNSLRGKV  439


>B5YQL3 tRNA-2-methylthio-N(6)-dimethylallyladenosine synthase OS=Escherichia 
coli O157:H7 (strain EC4115 / EHEC) OX=444450 GN=miaB 
PE=3 SV=1
Length=474

 Score = 588 bits (1517),  Expect = 0.0, Method: Compositional matrix adjust.
 Identities = 279/437 (64%), Positives = 344/437 (79%), Gaps = 0/437 (0%)

Query  2    KKLYLKTHGCQMNEYDSAKMADVLKFSHGLELTEDPAVADVFLLNTCSVREKAQTKVFSE  61
            KKL++KT GCQMNEYDS+KMAD+L  +HG +LT+    ADV LLNTCS+REKAQ KVF +
Sbjct  3    KKLHIKTWGCQMNEYDSSKMADLLDATHGYQLTDVAEEADVLLLNTCSIREKAQEKVFHQ  62

Query  62   LGRWRPFKEKRPHVVIGVGGCVASQEGETILKQAPFVDIVFGPQTLHRLPDLLDSVIQKR  121
            LGRW+  KEK P ++IGVGGCVASQEGE I ++A +VDI+FGPQTLHRLP++++SV   R
Sbjct  63   LGRWKLLKEKNPDLIIGVGGCVASQEGEHIRQRAHYVDIIFGPQTLHRLPEMINSVRGDR  122

Query  122  KSVVDITFPEIEKFDRLPQPRAEGPSAFVSIMEGCSKYCTFCVVPYTRGEEISRPFDDVI  181
              VVDI+FPEIEKFDRLP+PRAEGP+AFVSIMEGC+KYCT+CVVPYTRGEE+SRP DD++
Sbjct  123  SPVVDISFPEIEKFDRLPEPRAEGPTAFVSIMEGCNKYCTYCVVPYTRGEEVSRPSDDIL  182

Query  182  AEVASLCEQGVREITLLGQNVNDYRGLMHDGQVADLALLIHYLAAMDNIERIRFTTSHPS  241
             E+A L  QGVRE+ LLGQNVN +RG  +DG     A L+  +AA+D I+RIRFTTSHP 
Sbjct  183  FEIAQLAAQGVREVNLLGQNVNAWRGENYDGTTGSFADLLRLVAAIDGIDRIRFTTSHPI  242

Query  242  AFSENLIDAYAEEPKLANHLHLPVQSGSDRILAAMKRNYTVLEYKSKIRKLRAVRPDISL  301
             F++++I+ Y + P+L + LHLPVQSGSDRIL  M R +T LEYK+ IRKLRA RPDI +
Sbjct  243  EFTDDIIEVYRDTPELVSFLHLPVQSGSDRILNLMGRTHTALEYKAIIRKLRAARPDIQI  302

Query  302  SSDFIIGFPGETDADFEATMNLIHDMGFDHSFSFIYSPRPGTPAAQLPDDVPMAVKKERL  361
            SSDFI+GFPGET  DFE TM LI D+ FD S+SFI+S RPGTPAA + DDVP   KK+RL
Sbjct  303  SSDFIVGFPGETTEDFEKTMKLIADVNFDMSYSFIFSARPGTPAADMVDDVPEEEKKQRL  362

Query  362  AILQNRINAKAAEISQSMVGTQQRILVTGPSKKYPDQLSGRTENNRVVNFNGDTPLIGQM  421
             ILQ RIN +A   S+ M+GT QRILV G S+K   +LSGRTENNRVVNF G   +IG+ 
Sbjct  363  YILQERINQQAMAWSRRMLGTTQRILVEGTSRKSIMELSGRTENNRVVNFEGTPDMIGKF  422

Query  422  VTIKIKEARPYSLWGEI  438
            V ++I +  P SL G++
Sbjct  423  VDVEITDVYPNSLRGKV  439


>P0AEI3 tRNA-2-methylthio-N(6)-dimethylallyladenosine synthase OS=Escherichia 
coli O157:H7 OX=83334 GN=miaB PE=3 SV=1
Length=474

 Score = 588 bits (1517),  Expect = 0.0, Method: Compositional matrix adjust.
 Identities = 279/437 (64%), Positives = 344/437 (79%), Gaps = 0/437 (0%)

Query  2    KKLYLKTHGCQMNEYDSAKMADVLKFSHGLELTEDPAVADVFLLNTCSVREKAQTKVFSE  61
            KKL++KT GCQMNEYDS+KMAD+L  +HG +LT+    ADV LLNTCS+REKAQ KVF +
Sbjct  3    KKLHIKTWGCQMNEYDSSKMADLLDATHGYQLTDVAEEADVLLLNTCSIREKAQEKVFHQ  62

Query  62   LGRWRPFKEKRPHVVIGVGGCVASQEGETILKQAPFVDIVFGPQTLHRLPDLLDSVIQKR  121
            LGRW+  KEK P ++IGVGGCVASQEGE I ++A +VDI+FGPQTLHRLP++++SV   R
Sbjct  63   LGRWKLLKEKNPDLIIGVGGCVASQEGEHIRQRAHYVDIIFGPQTLHRLPEMINSVRGDR  122

Query  122  KSVVDITFPEIEKFDRLPQPRAEGPSAFVSIMEGCSKYCTFCVVPYTRGEEISRPFDDVI  181
              VVDI+FPEIEKFDRLP+PRAEGP+AFVSIMEGC+KYCT+CVVPYTRGEE+SRP DD++
Sbjct  123  SPVVDISFPEIEKFDRLPEPRAEGPTAFVSIMEGCNKYCTYCVVPYTRGEEVSRPSDDIL  182

Query  182  AEVASLCEQGVREITLLGQNVNDYRGLMHDGQVADLALLIHYLAAMDNIERIRFTTSHPS  241
             E+A L  QGVRE+ LLGQNVN +RG  +DG     A L+  +AA+D I+RIRFTTSHP 
Sbjct  183  FEIAQLAAQGVREVNLLGQNVNAWRGENYDGTTGSFADLLRLVAAIDGIDRIRFTTSHPI  242

Query  242  AFSENLIDAYAEEPKLANHLHLPVQSGSDRILAAMKRNYTVLEYKSKIRKLRAVRPDISL  301
             F++++I+ Y + P+L + LHLPVQSGSDRIL  M R +T LEYK+ IRKLRA RPDI +
Sbjct  243  EFTDDIIEVYRDTPELVSFLHLPVQSGSDRILNLMGRTHTALEYKAIIRKLRAARPDIQI  302

Query  302  SSDFIIGFPGETDADFEATMNLIHDMGFDHSFSFIYSPRPGTPAAQLPDDVPMAVKKERL  361
            SSDFI+GFPGET  DFE TM LI D+ FD S+SFI+S RPGTPAA + DDVP   KK+RL
Sbjct  303  SSDFIVGFPGETTEDFEKTMKLIADVNFDMSYSFIFSARPGTPAADMVDDVPEEEKKQRL  362

Query  362  AILQNRINAKAAEISQSMVGTQQRILVTGPSKKYPDQLSGRTENNRVVNFNGDTPLIGQM  421
             ILQ RIN +A   S+ M+GT QRILV G S+K   +LSGRTENNRVVNF G   +IG+ 
Sbjct  363  YILQERINQQAMAWSRRMLGTTQRILVEGTSRKSIMELSGRTENNRVVNFEGTPDMIGKF  422

Query  422  VTIKIKEARPYSLWGEI  438
            V ++I +  P SL G++
Sbjct  423  VDVEITDVYPNSLRGKV  439


>B7L9K8 tRNA-2-methylthio-N(6)-dimethylallyladenosine synthase OS=Escherichia 
coli (strain 55989 / EAEC) OX=585055 GN=miaB PE=3 SV=1
Length=474

 Score = 588 bits (1517),  Expect = 0.0, Method: Compositional matrix adjust.
 Identities = 279/437 (64%), Positives = 344/437 (79%), Gaps = 0/437 (0%)

Query  2    KKLYLKTHGCQMNEYDSAKMADVLKFSHGLELTEDPAVADVFLLNTCSVREKAQTKVFSE  61
            KKL++KT GCQMNEYDS+KMAD+L  +HG +LT+    ADV LLNTCS+REKAQ KVF +
Sbjct  3    KKLHIKTWGCQMNEYDSSKMADLLDATHGYQLTDVAEEADVLLLNTCSIREKAQEKVFHQ  62

Query  62   LGRWRPFKEKRPHVVIGVGGCVASQEGETILKQAPFVDIVFGPQTLHRLPDLLDSVIQKR  121
            LGRW+  KEK P ++IGVGGCVASQEGE I ++A +VDI+FGPQTLHRLP++++SV   R
Sbjct  63   LGRWKLLKEKNPDLIIGVGGCVASQEGEHIRQRAHYVDIIFGPQTLHRLPEMINSVRGDR  122

Query  122  KSVVDITFPEIEKFDRLPQPRAEGPSAFVSIMEGCSKYCTFCVVPYTRGEEISRPFDDVI  181
              VVDI+FPEIEKFDRLP+PRAEGP+AFVSIMEGC+KYCT+CVVPYTRGEE+SRP DD++
Sbjct  123  SPVVDISFPEIEKFDRLPEPRAEGPTAFVSIMEGCNKYCTYCVVPYTRGEEVSRPSDDIL  182

Query  182  AEVASLCEQGVREITLLGQNVNDYRGLMHDGQVADLALLIHYLAAMDNIERIRFTTSHPS  241
             E+A L  QGVRE+ LLGQNVN +RG  +DG     A L+  +AA+D I+RIRFTTSHP 
Sbjct  183  FEIAQLAAQGVREVNLLGQNVNAWRGENYDGTTGSFADLLRLVAAIDGIDRIRFTTSHPI  242

Query  242  AFSENLIDAYAEEPKLANHLHLPVQSGSDRILAAMKRNYTVLEYKSKIRKLRAVRPDISL  301
             F++++I+ Y + P+L + LHLPVQSGSDRIL  M R +T LEYK+ IRKLRA RPDI +
Sbjct  243  EFTDDIIEVYRDTPELVSFLHLPVQSGSDRILNLMGRTHTALEYKAIIRKLRAARPDIQI  302

Query  302  SSDFIIGFPGETDADFEATMNLIHDMGFDHSFSFIYSPRPGTPAAQLPDDVPMAVKKERL  361
            SSDFI+GFPGET  DFE TM LI D+ FD S+SFI+S RPGTPAA + DDVP   KK+RL
Sbjct  303  SSDFIVGFPGETTEDFEKTMKLIADVNFDMSYSFIFSARPGTPAADMVDDVPEEEKKQRL  362

Query  362  AILQNRINAKAAEISQSMVGTQQRILVTGPSKKYPDQLSGRTENNRVVNFNGDTPLIGQM  421
             ILQ RIN +A   S+ M+GT QRILV G S+K   +LSGRTENNRVVNF G   +IG+ 
Sbjct  363  YILQERINQQAMAWSRRMLGTTQRILVEGTSRKSIMELSGRTENNRVVNFEGTPDMIGKF  422

Query  422  VTIKIKEARPYSLWGEI  438
            V ++I +  P SL G++
Sbjct  423  VDVEITDVYPNSLRGKV  439


>A7ZJ54 tRNA-2-methylthio-N(6)-dimethylallyladenosine synthase OS=Escherichia 
coli O139:H28 (strain E24377A / ETEC) OX=331111 GN=miaB 
PE=3 SV=1
Length=474

 Score = 588 bits (1517),  Expect = 0.0, Method: Compositional matrix adjust.
 Identities = 279/437 (64%), Positives = 344/437 (79%), Gaps = 0/437 (0%)

Query  2    KKLYLKTHGCQMNEYDSAKMADVLKFSHGLELTEDPAVADVFLLNTCSVREKAQTKVFSE  61
            KKL++KT GCQMNEYDS+KMAD+L  +HG +LT+    ADV LLNTCS+REKAQ KVF +
Sbjct  3    KKLHIKTWGCQMNEYDSSKMADLLDATHGYQLTDVAEEADVLLLNTCSIREKAQEKVFHQ  62

Query  62   LGRWRPFKEKRPHVVIGVGGCVASQEGETILKQAPFVDIVFGPQTLHRLPDLLDSVIQKR  121
            LGRW+  KEK P ++IGVGGCVASQEGE I ++A +VDI+FGPQTLHRLP++++SV   R
Sbjct  63   LGRWKLLKEKNPDLIIGVGGCVASQEGEHIRQRAHYVDIIFGPQTLHRLPEMINSVRGDR  122

Query  122  KSVVDITFPEIEKFDRLPQPRAEGPSAFVSIMEGCSKYCTFCVVPYTRGEEISRPFDDVI  181
              VVDI+FPEIEKFDRLP+PRAEGP+AFVSIMEGC+KYCT+CVVPYTRGEE+SRP DD++
Sbjct  123  SPVVDISFPEIEKFDRLPEPRAEGPTAFVSIMEGCNKYCTYCVVPYTRGEEVSRPSDDIL  182

Query  182  AEVASLCEQGVREITLLGQNVNDYRGLMHDGQVADLALLIHYLAAMDNIERIRFTTSHPS  241
             E+A L  QGVRE+ LLGQNVN +RG  +DG     A L+  +AA+D I+RIRFTTSHP 
Sbjct  183  FEIAQLAAQGVREVNLLGQNVNAWRGENYDGTTGSFADLLRLVAAIDGIDRIRFTTSHPI  242

Query  242  AFSENLIDAYAEEPKLANHLHLPVQSGSDRILAAMKRNYTVLEYKSKIRKLRAVRPDISL  301
             F++++I+ Y + P+L + LHLPVQSGSDRIL  M R +T LEYK+ IRKLRA RPDI +
Sbjct  243  EFTDDIIEVYRDTPELVSFLHLPVQSGSDRILNLMGRTHTALEYKAIIRKLRAARPDIQI  302

Query  302  SSDFIIGFPGETDADFEATMNLIHDMGFDHSFSFIYSPRPGTPAAQLPDDVPMAVKKERL  361
            SSDFI+GFPGET  DFE TM LI D+ FD S+SFI+S RPGTPAA + DDVP   KK+RL
Sbjct  303  SSDFIVGFPGETTEDFEKTMKLIADVNFDMSYSFIFSARPGTPAADMVDDVPEEEKKQRL  362

Query  362  AILQNRINAKAAEISQSMVGTQQRILVTGPSKKYPDQLSGRTENNRVVNFNGDTPLIGQM  421
             ILQ RIN +A   S+ M+GT QRILV G S+K   +LSGRTENNRVVNF G   +IG+ 
Sbjct  363  YILQERINQQAMAWSRRMLGTTQRILVEGTSRKSIMELSGRTENNRVVNFEGTPDMIGKF  422

Query  422  VTIKIKEARPYSLWGEI  438
            V ++I +  P SL G++
Sbjct  423  VDVEITDVYPNSLRGKV  439


>Q31IF4 tRNA-2-methylthio-N(6)-dimethylallyladenosine synthase OS=Hydrogenovibrio 
crunogenus (strain DSM 25203 / XCL-2) OX=317025 
GN=miaB PE=3 SV=1
Length=477

 Score = 588 bits (1516),  Expect = 0.0, Method: Compositional matrix adjust.
 Identities = 274/446 (61%), Positives = 349/446 (78%), Gaps = 11/446 (2%)

Query  4    LYLKTHGCQMNEYDSAKMADVLKFSHGLELTEDPAVADVFLLNTCSVREKAQTKVFSELG  63
            L++KT+GCQMNEYDS +MA +L+ ++GL L E P  AD+ LLNTCSVREKAQ KVF ELG
Sbjct  15   LFIKTYGCQMNEYDSDRMAKLLEKTYGLNLVETPEEADMLLLNTCSVREKAQEKVFDELG  74

Query  64   RWRPFKEKRPHVVIGVGGCVASQEGETILKQAPFVDIVFGPQTLHRLPDLLDSVIQ----  119
            RW+ +K  +P+ VIGVGGCVASQEG+ I K+AP VD++FGPQTLHRLP +++  +     
Sbjct  75   RWKKWKAAKPNRVIGVGGCVASQEGDVIRKRAPLVDVIFGPQTLHRLPAMIEEALALRTA  134

Query  120  -------KRKSVVDITFPEIEKFDRLPQPRAEGPSAFVSIMEGCSKYCTFCVVPYTRGEE  172
                   K+++++DI+FPEIEKFD L +P + G SAFVS+MEGCSKYCTFCVVPYTRGEE
Sbjct  135  TEQDKKLKKRAIIDISFPEIEKFDNLAEPESNGVSAFVSVMEGCSKYCTFCVVPYTRGEE  194

Query  173  ISRPFDDVIAEVASLCEQGVREITLLGQNVNDYRGLMHDGQVADLALLIHYLAAMDNIER  232
             SRPF DV+AE+ SL +QGVRE+ LLGQNVN YRG M DG++ADLA+LIH + A++ I+R
Sbjct  195  FSRPFSDVMAEIESLAKQGVREVNLLGQNVNAYRGEMPDGEMADLAVLIHAVRAVEGIDR  254

Query  233  IRFTTSHPSAFSENLIDAYAEEPKLANHLHLPVQSGSDRILAAMKRNYTVLEYKSKIRKL  292
            IRFTTSHP+  +++LID YAE P+L +HLHLP+QSGSDR+LA MKRN+  +EYK+ IRK+
Sbjct  255  IRFTTSHPNEMTQSLIDCYAEVPELVSHLHLPIQSGSDRVLAMMKRNHMAIEYKATIRKI  314

Query  293  RAVRPDISLSSDFIIGFPGETDADFEATMNLIHDMGFDHSFSFIYSPRPGTPAAQLPDDV  352
            + +RPD+SLS DFIIGFPGET  DF+ T+ L+ +M +D SFSFIYSPRPGTPAA LPDDV
Sbjct  315  KKIRPDLSLSGDFIIGFPGETCDDFKETLALVKEMNYDRSFSFIYSPRPGTPAASLPDDV  374

Query  353  PMAVKKERLAILQNRINAKAAEISQSMVGTQQRILVTGPSKKYPDQLSGRTENNRVVNFN  412
             + +KK RL  LQ  +N + A IS+ MVGT QR+LV   S+   +++SGRTENNRVVNF 
Sbjct  375  ELHMKKRRLQALQAMLNEQTAAISEGMVGTTQRVLVERLSRNSTNEVSGRTENNRVVNFE  434

Query  413  GDTPLIGQMVTIKIKEARPYSLWGEI  438
            G   LIGQ V + I+EA   SL G++
Sbjct  435  GPPELIGQFVDVLIEEAYANSLKGKL  460


>Q1REQ5 tRNA-2-methylthio-N(6)-dimethylallyladenosine synthase OS=Escherichia 
coli (strain UTI89 / UPEC) OX=364106 GN=miaB PE=3 SV=1
Length=474

 Score = 588 bits (1516),  Expect = 0.0, Method: Compositional matrix adjust.
 Identities = 279/437 (64%), Positives = 344/437 (79%), Gaps = 0/437 (0%)

Query  2    KKLYLKTHGCQMNEYDSAKMADVLKFSHGLELTEDPAVADVFLLNTCSVREKAQTKVFSE  61
            KKL++KT GCQMNEYDS+KMAD+L  +HG +LT+    ADV LLNTCS+REKAQ KVF +
Sbjct  3    KKLHIKTWGCQMNEYDSSKMADLLDATHGYQLTDVAEEADVLLLNTCSIREKAQEKVFHQ  62

Query  62   LGRWRPFKEKRPHVVIGVGGCVASQEGETILKQAPFVDIVFGPQTLHRLPDLLDSVIQKR  121
            LGRW+  KEK P ++IGVGGCVASQEGE I ++A +VDI+FGPQTLHRLP++++SV   R
Sbjct  63   LGRWKLLKEKNPDLIIGVGGCVASQEGEHIRQRAHYVDIIFGPQTLHRLPEMINSVRGDR  122

Query  122  KSVVDITFPEIEKFDRLPQPRAEGPSAFVSIMEGCSKYCTFCVVPYTRGEEISRPFDDVI  181
              VVDI+FPEIEKFDRLP+PRAEGP+AFVSIMEGC+KYCT+CVVPYTRGEE+SRP DD++
Sbjct  123  SPVVDISFPEIEKFDRLPEPRAEGPTAFVSIMEGCNKYCTYCVVPYTRGEEVSRPSDDIL  182

Query  182  AEVASLCEQGVREITLLGQNVNDYRGLMHDGQVADLALLIHYLAAMDNIERIRFTTSHPS  241
             E+A L  QGVRE+ LLGQNVN +RG  +DG     A L+  +AA+D I+RIRFTTSHP 
Sbjct  183  FEIAQLAAQGVREVNLLGQNVNAWRGENYDGTTGSFADLLRLVAAIDGIDRIRFTTSHPI  242

Query  242  AFSENLIDAYAEEPKLANHLHLPVQSGSDRILAAMKRNYTVLEYKSKIRKLRAVRPDISL  301
             F++++I+ Y + P+L + LHLPVQSGSDRIL  M R +T LEYK+ IRKLRA RPDI +
Sbjct  243  EFTDDIIEVYRDTPELVSFLHLPVQSGSDRILNLMGRTHTALEYKAIIRKLRAARPDIQI  302

Query  302  SSDFIIGFPGETDADFEATMNLIHDMGFDHSFSFIYSPRPGTPAAQLPDDVPMAVKKERL  361
            SSDFI+GFPGET  DFE TM LI D+ FD S+SFI+S RPGTPAA + DDVP   KK+RL
Sbjct  303  SSDFIVGFPGETTDDFEKTMKLIADVNFDMSYSFIFSARPGTPAADMVDDVPEEEKKQRL  362

Query  362  AILQNRINAKAAEISQSMVGTQQRILVTGPSKKYPDQLSGRTENNRVVNFNGDTPLIGQM  421
             ILQ RIN +A   S+ M+GT QRILV G S+K   +LSGRTENNRVVNF G   +IG+ 
Sbjct  363  YILQERINQQAMAWSRRMLGTTQRILVEGTSRKSIMELSGRTENNRVVNFEGTPDMIGKF  422

Query  422  VTIKIKEARPYSLWGEI  438
            V ++I +  P SL G++
Sbjct  423  VDVEITDVYPNSLRGKV  439


>A1A8S9 tRNA-2-methylthio-N(6)-dimethylallyladenosine synthase OS=Escherichia 
coli O1:K1 / APEC OX=405955 GN=miaB PE=3 SV=1
Length=474

 Score = 588 bits (1516),  Expect = 0.0, Method: Compositional matrix adjust.
 Identities = 279/437 (64%), Positives = 344/437 (79%), Gaps = 0/437 (0%)

Query  2    KKLYLKTHGCQMNEYDSAKMADVLKFSHGLELTEDPAVADVFLLNTCSVREKAQTKVFSE  61
            KKL++KT GCQMNEYDS+KMAD+L  +HG +LT+    ADV LLNTCS+REKAQ KVF +
Sbjct  3    KKLHIKTWGCQMNEYDSSKMADLLDATHGYQLTDVAEEADVLLLNTCSIREKAQEKVFHQ  62

Query  62   LGRWRPFKEKRPHVVIGVGGCVASQEGETILKQAPFVDIVFGPQTLHRLPDLLDSVIQKR  121
            LGRW+  KEK P ++IGVGGCVASQEGE I ++A +VDI+FGPQTLHRLP++++SV   R
Sbjct  63   LGRWKLLKEKNPDLIIGVGGCVASQEGEHIRQRAHYVDIIFGPQTLHRLPEMINSVRGDR  122

Query  122  KSVVDITFPEIEKFDRLPQPRAEGPSAFVSIMEGCSKYCTFCVVPYTRGEEISRPFDDVI  181
              VVDI+FPEIEKFDRLP+PRAEGP+AFVSIMEGC+KYCT+CVVPYTRGEE+SRP DD++
Sbjct  123  SPVVDISFPEIEKFDRLPEPRAEGPTAFVSIMEGCNKYCTYCVVPYTRGEEVSRPSDDIL  182

Query  182  AEVASLCEQGVREITLLGQNVNDYRGLMHDGQVADLALLIHYLAAMDNIERIRFTTSHPS  241
             E+A L  QGVRE+ LLGQNVN +RG  +DG     A L+  +AA+D I+RIRFTTSHP 
Sbjct  183  FEIAQLAAQGVREVNLLGQNVNAWRGENYDGTTGSFADLLRLVAAIDGIDRIRFTTSHPI  242

Query  242  AFSENLIDAYAEEPKLANHLHLPVQSGSDRILAAMKRNYTVLEYKSKIRKLRAVRPDISL  301
             F++++I+ Y + P+L + LHLPVQSGSDRIL  M R +T LEYK+ IRKLRA RPDI +
Sbjct  243  EFTDDIIEVYRDTPELVSFLHLPVQSGSDRILNLMGRTHTALEYKAIIRKLRAARPDIQI  302

Query  302  SSDFIIGFPGETDADFEATMNLIHDMGFDHSFSFIYSPRPGTPAAQLPDDVPMAVKKERL  361
            SSDFI+GFPGET  DFE TM LI D+ FD S+SFI+S RPGTPAA + DDVP   KK+RL
Sbjct  303  SSDFIVGFPGETTDDFEKTMKLIADVNFDMSYSFIFSARPGTPAADMVDDVPEEEKKQRL  362

Query  362  AILQNRINAKAAEISQSMVGTQQRILVTGPSKKYPDQLSGRTENNRVVNFNGDTPLIGQM  421
             ILQ RIN +A   S+ M+GT QRILV G S+K   +LSGRTENNRVVNF G   +IG+ 
Sbjct  363  YILQERINQQAMAWSRRMLGTTQRILVEGTSRKSIMELSGRTENNRVVNFEGTPDMIGKF  422

Query  422  VTIKIKEARPYSLWGEI  438
            V ++I +  P SL G++
Sbjct  423  VDVEITDVYPNSLRGKV  439


>B7MFS7 tRNA-2-methylthio-N(6)-dimethylallyladenosine synthase OS=Escherichia 
coli O45:K1 (strain S88 / ExPEC) OX=585035 GN=miaB 
PE=3 SV=1
Length=474

 Score = 588 bits (1516),  Expect = 0.0, Method: Compositional matrix adjust.
 Identities = 279/437 (64%), Positives = 344/437 (79%), Gaps = 0/437 (0%)

Query  2    KKLYLKTHGCQMNEYDSAKMADVLKFSHGLELTEDPAVADVFLLNTCSVREKAQTKVFSE  61
            KKL++KT GCQMNEYDS+KMAD+L  +HG +LT+    ADV LLNTCS+REKAQ KVF +
Sbjct  3    KKLHIKTWGCQMNEYDSSKMADLLDATHGYQLTDVAEEADVLLLNTCSIREKAQEKVFHQ  62

Query  62   LGRWRPFKEKRPHVVIGVGGCVASQEGETILKQAPFVDIVFGPQTLHRLPDLLDSVIQKR  121
            LGRW+  KEK P ++IGVGGCVASQEGE I ++A +VDI+FGPQTLHRLP++++SV   R
Sbjct  63   LGRWKLLKEKNPDLIIGVGGCVASQEGEHIRQRAHYVDIIFGPQTLHRLPEMINSVRGDR  122

Query  122  KSVVDITFPEIEKFDRLPQPRAEGPSAFVSIMEGCSKYCTFCVVPYTRGEEISRPFDDVI  181
              VVDI+FPEIEKFDRLP+PRAEGP+AFVSIMEGC+KYCT+CVVPYTRGEE+SRP DD++
Sbjct  123  SPVVDISFPEIEKFDRLPEPRAEGPTAFVSIMEGCNKYCTYCVVPYTRGEEVSRPSDDIL  182

Query  182  AEVASLCEQGVREITLLGQNVNDYRGLMHDGQVADLALLIHYLAAMDNIERIRFTTSHPS  241
             E+A L  QGVRE+ LLGQNVN +RG  +DG     A L+  +AA+D I+RIRFTTSHP 
Sbjct  183  FEIAQLAAQGVREVNLLGQNVNAWRGENYDGTTGSFADLLRLVAAIDGIDRIRFTTSHPI  242

Query  242  AFSENLIDAYAEEPKLANHLHLPVQSGSDRILAAMKRNYTVLEYKSKIRKLRAVRPDISL  301
             F++++I+ Y + P+L + LHLPVQSGSDRIL  M R +T LEYK+ IRKLRA RPDI +
Sbjct  243  EFTDDIIEVYRDTPELVSFLHLPVQSGSDRILNLMGRTHTALEYKAIIRKLRAARPDIQI  302

Query  302  SSDFIIGFPGETDADFEATMNLIHDMGFDHSFSFIYSPRPGTPAAQLPDDVPMAVKKERL  361
            SSDFI+GFPGET  DFE TM LI D+ FD S+SFI+S RPGTPAA + DDVP   KK+RL
Sbjct  303  SSDFIVGFPGETTDDFEKTMKLIADVNFDMSYSFIFSARPGTPAADMVDDVPEEEKKQRL  362

Query  362  AILQNRINAKAAEISQSMVGTQQRILVTGPSKKYPDQLSGRTENNRVVNFNGDTPLIGQM  421
             ILQ RIN +A   S+ M+GT QRILV G S+K   +LSGRTENNRVVNF G   +IG+ 
Sbjct  363  YILQERINQQAMAWSRRMLGTTQRILVEGTSRKSIMELSGRTENNRVVNFEGTPDMIGKF  422

Query  422  VTIKIKEARPYSLWGEI  438
            V ++I +  P SL G++
Sbjct  423  VDVEITDVYPNSLRGKV  439


>A9BUQ1 tRNA-2-methylthio-N(6)-dimethylallyladenosine synthase OS=Delftia 
acidovorans (strain DSM 14801 / SPH-1) OX=398578 GN=miaB 
PE=3 SV=1
Length=442

 Score = 588 bits (1516),  Expect = 0.0, Method: Compositional matrix adjust.
 Identities = 285/438 (65%), Positives = 346/438 (79%), Gaps = 3/438 (1%)

Query  2    KKLYLKTHGCQMNEYDSAKMADVLKFSHGLELTEDPAVADVFLLNTCSVREKAQTKVFSE  61
            KK+++KT GCQMNEYDS KMADVL  + G E T+DP  AD+ L NTCSVREKAQ KVFS+
Sbjct  3    KKVFIKTFGCQMNEYDSDKMADVLGAAQGYESTDDPEQADLILFNTCSVREKAQEKVFSD  62

Query  62   LGRWRPFKEKRPHVVIGVGGCVASQEGETILKQAPFVDIVFGPQTLHRLPDLLDSVIQKR  121
            LGR++  KE+   V+IGVGGCVASQEGE I+K+AP+VD+VFGPQTLHRLP+LL++   K 
Sbjct  63   LGRYKHLKER--GVLIGVGGCVASQEGEEIIKRAPYVDVVFGPQTLHRLPELLNARAAKH  120

Query  122  KSVVDITFPEIEKFDRLPQPRAEGPSAFVSIMEGCSKYCTFCVVPYTRGEEISRPFDDVI  181
            K  VDI+FPEIEKFD LP  R EG SAFVSIMEGCSKYC++CVVPYTRGEE+SRPF+DV+
Sbjct  121  KPQVDISFPEIEKFDHLPPARVEGSSAFVSIMEGCSKYCSYCVVPYTRGEEVSRPFEDVL  180

Query  182  AEVASLCEQGVREITLLGQNVNDYRGLMHD-GQVADLALLIHYLAAMDNIERIRFTTSHP  240
             EVA L +QGV+E+TLLGQNVN Y G M D  ++AD ALL+ Y++ +  IERIR+TTSHP
Sbjct  181  IEVAGLADQGVKEVTLLGQNVNAYLGKMGDTAEIADFALLLEYVSEIPGIERIRYTTSHP  240

Query  241  SAFSENLIDAYAEEPKLANHLHLPVQSGSDRILAAMKRNYTVLEYKSKIRKLRAVRPDIS  300
            + F+  LI+AYA  PKL +HLHLPVQ GSD+IL AMKR YT +EYKS IRKLRA+RP+++
Sbjct  241  NEFTPRLIEAYARLPKLVSHLHLPVQHGSDKILMAMKRGYTAMEYKSTIRKLRAIRPEMA  300

Query  301  LSSDFIIGFPGETDADFEATMNLIHDMGFDHSFSFIYSPRPGTPAAQLPDDVPMAVKKER  360
            +SSDFI+GFPGET+ DF+  M LIHD+ FD+SFSFI+SPRPGTPAA L DD P  VK  R
Sbjct  301  MSSDFIVGFPGETEEDFQKMMKLIHDVRFDNSFSFIFSPRPGTPAANLHDDTPHEVKLRR  360

Query  361  LAILQNRINAKAAEISQSMVGTQQRILVTGPSKKYPDQLSGRTENNRVVNFNGDTPLIGQ  420
            L  LQ  IN    +IS   VGT QR+LV G SK+   +L GRTE NRVVNF G+  LIGQ
Sbjct  361  LQELQAVINNNIKDISDERVGTVQRLLVEGLSKRDGSELMGRTECNRVVNFPGNERLIGQ  420

Query  421  MVTIKIKEARPYSLWGEI  438
            M+ +KI EAR ++L GE+
Sbjct  421  MIDVKITEARTFTLRGEV  438


>Q475N7 tRNA-2-methylthio-N(6)-dimethylallyladenosine synthase OS=Cupriavidus 
pinatubonensis (strain JMP 134 / LMG 1197) OX=264198 
GN=miaB PE=3 SV=1
Length=450

 Score = 588 bits (1516),  Expect = 0.0, Method: Compositional matrix adjust.
 Identities = 289/446 (65%), Positives = 342/446 (77%), Gaps = 8/446 (2%)

Query  1    MKKLYLKTHGCQMNEYDSAKMADVLKFSHGLELTEDPAVADVFLLNTCSVREKAQTKVFS  60
            MKK+++KT+GCQMNEYDS KM DVL  S GLE T++   ADV L NTCSVREKAQ KVFS
Sbjct  1    MKKVFVKTYGCQMNEYDSDKMVDVLNASQGLEPTDNVEDADVILFNTCSVREKAQEKVFS  60

Query  61   ELGRWRPFKEKRPHVVIGVGGCVASQEGETILKQAPFVDIVFGPQTLHRLPDLLDSVIQK  120
            ELGR +  K  +P +VIGVGGCVASQEG +I+ +AP+VD+VFGPQTLHRLPDL+    + 
Sbjct  61   ELGRMKALKAVKPDLVIGVGGCVASQEGASIVSRAPYVDVVFGPQTLHRLPDLIARRQRT  120

Query  121  RKSVVDITFPEIEKFDRLPQPRAEGPSAFVSIMEGCSKYCTFCVVPYTRGEEISRPFDDV  180
             +S VDI+FPEIEKFD LP  R EGPSAFVSIMEGCSKYC++CVVPYTRGEE+SRPF+DV
Sbjct  121  GQSQVDISFPEIEKFDHLPPARVEGPSAFVSIMEGCSKYCSYCVVPYTRGEEVSRPFEDV  180

Query  181  IAEVASLCEQGVREITLLGQNVNDYRGLMHD-GQVADLALLIHYLAAMDNIERIRFTTSH  239
            +AEVA L EQGVRE+TLLGQNVN YRG M    ++AD ALLI Y+A +  IERIR+TTSH
Sbjct  181  LAEVAGLAEQGVREVTLLGQNVNAYRGAMGGTSEIADFALLIEYVAEIPGIERIRYTTSH  240

Query  240  PSAFSENLIDAYAEEPKLANHLHLPVQSGSDRILAAMKRNYTVLEYKSKIRKLRAVRPDI  299
            P  F+  L++ Y    KL NHLHLPVQ  SDR+L AMKR Y+VLEYKS IR+LR +RPD+
Sbjct  241  PKEFTSRLVELYGRCDKLVNHLHLPVQHASDRVLMAMKRGYSVLEYKSIIRRLRMLRPDM  300

Query  300  SLSSDFIIGFPGETDADFEATMNLIHDMGFDHSFSFIYSPRPGTPAAQLPDDVPMAVKKE  359
            S+SSDFI+GFPGETDADF+  M LI ++G+D SFSFI+SPRPGTPAA L DD P  VK  
Sbjct  301  SMSSDFIVGFPGETDADFDKLMALIEEVGYDTSFSFIFSPRPGTPAANLHDDTPHEVKLR  360

Query  360  RLAILQNRINAKAAEISQSMVGTQQRILVTGPSKKYPDQLSGRTENNRVVNF-------N  412
            RL  LQ  I      IS++MVG+ QRILV GPS+K P +L GRTENNRVVNF        
Sbjct  361  RLQHLQATIEENVQRISRNMVGSVQRILVEGPSRKDPTELHGRTENNRVVNFALPGVPQA  420

Query  413  GDTPLIGQMVTIKIKEARPYSLWGEI  438
                +IGQMV + I +A P+SL GEI
Sbjct  421  QRDRMIGQMVDVSITQAFPHSLRGEI  446


>A8GB34 tRNA-2-methylthio-N(6)-dimethylallyladenosine synthase OS=Serratia 
proteamaculans (strain 568) OX=399741 GN=miaB PE=3 SV=1
Length=474

 Score = 588 bits (1515),  Expect = 0.0, Method: Compositional matrix adjust.
 Identities = 282/437 (65%), Positives = 340/437 (78%), Gaps = 0/437 (0%)

Query  2    KKLYLKTHGCQMNEYDSAKMADVLKFSHGLELTEDPAVADVFLLNTCSVREKAQTKVFSE  61
            KKL++KT GCQMNEYDS+KMAD+L  +HG + T++   ADV LLNTCS+REKAQ KVF+ 
Sbjct  3    KKLHIKTWGCQMNEYDSSKMADLLGSTHGYQWTDNAEEADVLLLNTCSIREKAQEKVFAM  62

Query  62   LGRWRPFKEKRPHVVIGVGGCVASQEGETILKQAPFVDIVFGPQTLHRLPDLLDSVIQKR  121
            LGRWR  KEK P ++IGVGGCVASQEGE I  +AP VD+VFGPQTLHRLP++L+ V   R
Sbjct  63   LGRWRLLKEKNPALIIGVGGCVASQEGEHIRSRAPCVDVVFGPQTLHRLPEMLNHVQGTR  122

Query  122  KSVVDITFPEIEKFDRLPQPRAEGPSAFVSIMEGCSKYCTFCVVPYTRGEEISRPFDDVI  181
              +VDI+FPEIEKFDRLP+PRAEGP+AFVSIMEGC+KYCTFCVVPYTRGEE+SRP DDV+
Sbjct  123  SPIVDISFPEIEKFDRLPEPRAEGPTAFVSIMEGCNKYCTFCVVPYTRGEEVSRPSDDVL  182

Query  182  AEVASLCEQGVREITLLGQNVNDYRGLMHDGQVADLALLIHYLAAMDNIERIRFTTSHPS  241
             EVA L  QGVRE+ LLGQNVN YRG  +DG +   A L+  +AA+D I+RIR+TTSHP 
Sbjct  183  FEVAQLAAQGVREVNLLGQNVNAYRGATYDGGICSFAELLRLVAAIDGIDRIRYTTSHPI  242

Query  242  AFSENLIDAYAEEPKLANHLHLPVQSGSDRILAAMKRNYTVLEYKSKIRKLRAVRPDISL  301
             F++++I  Y + P+L + LHLPVQSGSDRIL  MKR +T LEYK+ IRKLR  RPDI L
Sbjct  243  EFTDDIIAVYEDTPELVSFLHLPVQSGSDRILTMMKRAHTALEYKAIIRKLRKARPDIQL  302

Query  302  SSDFIIGFPGETDADFEATMNLIHDMGFDHSFSFIYSPRPGTPAAQLPDDVPMAVKKERL  361
            SSDFIIGFPGET ADFE TMNLI ++ FD SFSFIYS RPGTPAA + DDV    KK+RL
Sbjct  303  SSDFIIGFPGETQADFEQTMNLIAEINFDTSFSFIYSSRPGTPAADMVDDVSEDEKKQRL  362

Query  362  AILQNRINAKAAEISQSMVGTQQRILVTGPSKKYPDQLSGRTENNRVVNFNGDTPLIGQM  421
             ILQ+RIN +  + S+ M+GT QRILV G S+K   +L+GRT  NR+VNF G   +IGQ 
Sbjct  363  YILQDRINQQVLQFSRRMLGTVQRILVEGTSRKSVMELAGRTACNRMVNFEGTPDMIGQF  422

Query  422  VTIKIKEARPYSLWGEI  438
            V ++I E    SL G +
Sbjct  423  VDVEITEVLTNSLRGTV  439


>A9MKB7 tRNA-2-methylthio-N(6)-dimethylallyladenosine synthase OS=Salmonella 
arizonae (strain ATCC BAA-731 / CDC346-86 / RSK2980) 
OX=41514 GN=miaB PE=3 SV=2
Length=474

 Score = 587 bits (1514),  Expect = 0.0, Method: Compositional matrix adjust.
 Identities = 278/437 (64%), Positives = 344/437 (79%), Gaps = 0/437 (0%)

Query  2    KKLYLKTHGCQMNEYDSAKMADVLKFSHGLELTEDPAVADVFLLNTCSVREKAQTKVFSE  61
            KKL++KT GCQMNEYDS+KMAD+L  +HG +LT+    ADV LLNTCS+REKAQ KVF +
Sbjct  3    KKLHIKTWGCQMNEYDSSKMADLLDATHGYQLTDVAEEADVLLLNTCSIREKAQEKVFHQ  62

Query  62   LGRWRPFKEKRPHVVIGVGGCVASQEGETILKQAPFVDIVFGPQTLHRLPDLLDSVIQKR  121
            LGRWR  KEK P ++IGVGGCVASQEGE I ++A +VDI+FGPQTLHRLP++++SV   R
Sbjct  63   LGRWRLLKEKNPDLIIGVGGCVASQEGEHIRQRAHYVDIIFGPQTLHRLPEMINSVRGDR  122

Query  122  KSVVDITFPEIEKFDRLPQPRAEGPSAFVSIMEGCSKYCTFCVVPYTRGEEISRPFDDVI  181
              VVDI+FPEIEKFDRLP+PRAEGP+AFVSIMEGC+KYCT+CVVPYTRGEE+SRP DD++
Sbjct  123  SPVVDISFPEIEKFDRLPEPRAEGPTAFVSIMEGCNKYCTYCVVPYTRGEEVSRPSDDIL  182

Query  182  AEVASLCEQGVREITLLGQNVNDYRGLMHDGQVADLALLIHYLAAMDNIERIRFTTSHPS  241
             E+A L  QGVRE+ LLGQNVN +RG  +DG     A L+  +AA+D I+RIRFTTSHP 
Sbjct  183  FEIAQLAAQGVREVNLLGQNVNAWRGENYDGTTGTFADLLRLVAAIDGIDRIRFTTSHPI  242

Query  242  AFSENLIDAYAEEPKLANHLHLPVQSGSDRILAAMKRNYTVLEYKSKIRKLRAVRPDISL  301
             F++++I+ Y + P+L + LHLPVQSGSDR+L  M R +T LEYK+ IRKLRA RPDI +
Sbjct  243  EFTDDIIEVYRDTPELVSFLHLPVQSGSDRVLNLMGRTHTALEYKAIIRKLRAARPDIQI  302

Query  302  SSDFIIGFPGETDADFEATMNLIHDMGFDHSFSFIYSPRPGTPAAQLPDDVPMAVKKERL  361
            SSDFI+GFPGET  DFE TM LI D+ FD S+SFI+S RPGTPAA + DDVP   KK+RL
Sbjct  303  SSDFIVGFPGETSDDFEKTMKLIADVNFDMSYSFIFSARPGTPAADMVDDVPEEEKKQRL  362

Query  362  AILQNRINAKAAEISQSMVGTQQRILVTGPSKKYPDQLSGRTENNRVVNFNGDTPLIGQM  421
             ILQ RIN +A   S+ M+G+ QRILV G S+K   +LSGRTENNRVVNF G   +IG+ 
Sbjct  363  YILQERINQQAMAWSRRMLGSTQRILVEGTSRKNIMELSGRTENNRVVNFEGTPEMIGKF  422

Query  422  VTIKIKEARPYSLWGEI  438
            V ++I +  P SL G++
Sbjct  423  VDVEITDVYPNSLRGKV  439


>B2TU59 tRNA-2-methylthio-N(6)-dimethylallyladenosine synthase OS=Shigella 
boydii serotype 18 (strain CDC 3083-94 / BS512) OX=344609 
GN=miaB PE=3 SV=1
Length=474

 Score = 587 bits (1512),  Expect = 0.0, Method: Compositional matrix adjust.
 Identities = 278/437 (64%), Positives = 343/437 (78%), Gaps = 0/437 (0%)

Query  2    KKLYLKTHGCQMNEYDSAKMADVLKFSHGLELTEDPAVADVFLLNTCSVREKAQTKVFSE  61
            KKL++KT GCQMNEYDS+KMAD+L  +H  +LT+    ADV LLNTCS+REKAQ KVF +
Sbjct  3    KKLHIKTWGCQMNEYDSSKMADLLDATHSYQLTDVAEEADVLLLNTCSIREKAQEKVFHQ  62

Query  62   LGRWRPFKEKRPHVVIGVGGCVASQEGETILKQAPFVDIVFGPQTLHRLPDLLDSVIQKR  121
            LGRW+  KEK P ++IGVGGCVASQEGE I ++A +VDI+FGPQTLHRLP++++SV   R
Sbjct  63   LGRWKLLKEKNPDLIIGVGGCVASQEGEHIRQRAHYVDIIFGPQTLHRLPEMINSVRGDR  122

Query  122  KSVVDITFPEIEKFDRLPQPRAEGPSAFVSIMEGCSKYCTFCVVPYTRGEEISRPFDDVI  181
              VVDI+FPEIEKFDRLP+PRAEGP+AFVSIMEGC+KYCT+CVVPYTRGEE+SRP DD++
Sbjct  123  SPVVDISFPEIEKFDRLPEPRAEGPTAFVSIMEGCNKYCTYCVVPYTRGEEVSRPSDDIL  182

Query  182  AEVASLCEQGVREITLLGQNVNDYRGLMHDGQVADLALLIHYLAAMDNIERIRFTTSHPS  241
             E+A L  QGVRE+ LLGQNVN +RG  +DG     A L+  +AA+D I+RIRFTTSHP 
Sbjct  183  FEIAQLAAQGVREVNLLGQNVNAWRGENYDGSTGSFADLLRLVAAIDGIDRIRFTTSHPI  242

Query  242  AFSENLIDAYAEEPKLANHLHLPVQSGSDRILAAMKRNYTVLEYKSKIRKLRAVRPDISL  301
             F++++I+ Y + P+L + LHLPVQSGSDRIL  M R +T LEYK+ IRKLRA RPDI +
Sbjct  243  EFTDDIIEVYRDTPELVSFLHLPVQSGSDRILNLMGRTHTALEYKAIIRKLRAARPDIQI  302

Query  302  SSDFIIGFPGETDADFEATMNLIHDMGFDHSFSFIYSPRPGTPAAQLPDDVPMAVKKERL  361
            SSDFI+GFPGET  DFE TM LI D+ FD S+SFI+S RPGTPAA + DDVP   KK+RL
Sbjct  303  SSDFIVGFPGETTEDFEKTMKLIADVNFDMSYSFIFSARPGTPAADMVDDVPEEEKKQRL  362

Query  362  AILQNRINAKAAEISQSMVGTQQRILVTGPSKKYPDQLSGRTENNRVVNFNGDTPLIGQM  421
             ILQ RIN +A   S+ M+GT QRILV G S+K   +LSGRTENNRVVNF G   +IG+ 
Sbjct  363  YILQERINQQAMAWSRRMLGTTQRILVEGTSRKSIMELSGRTENNRVVNFEGTPDMIGKF  422

Query  422  VTIKIKEARPYSLWGEI  438
            V ++I +  P SL G++
Sbjct  423  VDVEITDVYPNSLRGKV  439


>A7MQS5 tRNA-2-methylthio-N(6)-dimethylallyladenosine synthase OS=Cronobacter 
sakazakii (strain ATCC BAA-894) OX=290339 GN=miaB PE=3 
SV=1
Length=474

 Score = 587 bits (1512),  Expect = 0.0, Method: Compositional matrix adjust.
 Identities = 275/437 (63%), Positives = 342/437 (78%), Gaps = 0/437 (0%)

Query  2    KKLYLKTHGCQMNEYDSAKMADVLKFSHGLELTEDPAVADVFLLNTCSVREKAQTKVFSE  61
            KKL++KT GCQMNEYDS+KMAD+L+ +HG  LT+    AD+ LLNTCS+REKAQ KVF +
Sbjct  3    KKLHIKTWGCQMNEYDSSKMADLLETTHGFTLTDVAEEADILLLNTCSIREKAQEKVFHQ  62

Query  62   LGRWRPFKEKRPHVVIGVGGCVASQEGETILKQAPFVDIVFGPQTLHRLPDLLDSVIQKR  121
            LGRW+  KEK P V+IGVGGCVASQEG+ I  +A +VDI+FGPQTLHRLP++++ V   R
Sbjct  63   LGRWKTLKEKNPDVIIGVGGCVASQEGDHIRDRARYVDIIFGPQTLHRLPEMINQVKGTR  122

Query  122  KSVVDITFPEIEKFDRLPQPRAEGPSAFVSIMEGCSKYCTFCVVPYTRGEEISRPFDDVI  181
              VVDI+FPEIEKFDRLP+PRAEGP+AFVSIMEGC+KYCT+CVVPYTRGEE+SRP DD++
Sbjct  123  SPVVDISFPEIEKFDRLPEPRAEGPTAFVSIMEGCNKYCTYCVVPYTRGEEVSRPSDDIV  182

Query  182  AEVASLCEQGVREITLLGQNVNDYRGLMHDGQVADLALLIHYLAAMDNIERIRFTTSHPS  241
             E+A L  QGVRE+ LLGQNVN +RG  +DG     A L+  +AA+D I+RIRFTTSHP 
Sbjct  183  LEIAQLAAQGVREVNLLGQNVNAWRGENYDGTTGTFADLLRLVAAIDGIDRIRFTTSHPI  242

Query  242  AFSENLIDAYAEEPKLANHLHLPVQSGSDRILAAMKRNYTVLEYKSKIRKLRAVRPDISL  301
             F++++I+ Y + P+L + LHLPVQSGSDR+L  M R +T LEYK+ IRKLRA RPDI +
Sbjct  243  EFTDDIIEVYRDTPELVSFLHLPVQSGSDRVLNMMGRTHTALEYKAIIRKLRAARPDIQI  302

Query  302  SSDFIIGFPGETDADFEATMNLIHDMGFDHSFSFIYSPRPGTPAAQLPDDVPMAVKKERL  361
            SSDFI+GFPGET  DFE TM LI ++ FD S+SFI+S RPGTPAA + DDVP   KK+RL
Sbjct  303  SSDFIVGFPGETQQDFEQTMKLIAEVNFDMSYSFIFSARPGTPAADMVDDVPEEEKKQRL  362

Query  362  AILQNRINAKAAEISQSMVGTQQRILVTGPSKKYPDQLSGRTENNRVVNFNGDTPLIGQM  421
             ILQ RIN +A   S+ M+GT QRILV G S+K   +LSGRTENNRVVNF G   ++G+ 
Sbjct  363  YILQERINQQAMAWSRRMLGTTQRILVEGTSRKSIMELSGRTENNRVVNFEGSPDMVGKF  422

Query  422  VTIKIKEARPYSLWGEI  438
            V ++I E  P SL G++
Sbjct  423  VDVEITEVFPNSLRGKV  439


>B5BCD1 tRNA-2-methylthio-N(6)-dimethylallyladenosine synthase OS=Salmonella 
paratyphi A (strain AKU_12601) OX=554290 GN=miaB PE=3 
SV=2
Length=474

 Score = 586 bits (1511),  Expect = 0.0, Method: Compositional matrix adjust.
 Identities = 278/437 (64%), Positives = 343/437 (78%), Gaps = 0/437 (0%)

Query  2    KKLYLKTHGCQMNEYDSAKMADVLKFSHGLELTEDPAVADVFLLNTCSVREKAQTKVFSE  61
            KKL++KT GCQMNEYDS+KMAD+L  +HG +LT+    ADV LLNTCS+REKAQ KVF +
Sbjct  3    KKLHIKTWGCQMNEYDSSKMADLLDATHGYQLTDVAEEADVLLLNTCSIREKAQEKVFHQ  62

Query  62   LGRWRPFKEKRPHVVIGVGGCVASQEGETILKQAPFVDIVFGPQTLHRLPDLLDSVIQKR  121
            LGRWR  KEK P ++IGVGGCVASQEGE I ++A +VDI+FGPQT HRLP++++SV   R
Sbjct  63   LGRWRLLKEKNPDLIIGVGGCVASQEGEHIRQRAHYVDIIFGPQTSHRLPEMINSVRGDR  122

Query  122  KSVVDITFPEIEKFDRLPQPRAEGPSAFVSIMEGCSKYCTFCVVPYTRGEEISRPFDDVI  181
              VVDI+FPEIEKFDRLP+PRAEGP+AFVSIMEGC+KYCT+CVVPYTRGEE+SRP DD++
Sbjct  123  SPVVDISFPEIEKFDRLPEPRAEGPTAFVSIMEGCNKYCTYCVVPYTRGEEVSRPSDDIL  182

Query  182  AEVASLCEQGVREITLLGQNVNDYRGLMHDGQVADLALLIHYLAAMDNIERIRFTTSHPS  241
             E+A L  QGVRE+ LLGQNVN +RG  +DG     A L+  +AA+D I+RIRFTTSHP 
Sbjct  183  FEIAQLAAQGVREVNLLGQNVNAWRGENYDGTTGTFADLLRLVAAIDGIDRIRFTTSHPI  242

Query  242  AFSENLIDAYAEEPKLANHLHLPVQSGSDRILAAMKRNYTVLEYKSKIRKLRAVRPDISL  301
             F++++I+ Y + P+L + LHLPVQSGSDR+L  M R +T LEYK+ IRKLRA RPDI +
Sbjct  243  EFTDDIIEVYRDTPELVSFLHLPVQSGSDRVLNLMGRTHTALEYKAIIRKLRAARPDIQI  302

Query  302  SSDFIIGFPGETDADFEATMNLIHDMGFDHSFSFIYSPRPGTPAAQLPDDVPMAVKKERL  361
            SSDFI+GFPGET  DFE TM LI D+ FD S+SFI+S RPGTPAA + DDVP   KK+RL
Sbjct  303  SSDFIVGFPGETTDDFEKTMKLIADVNFDMSYSFIFSARPGTPAADMVDDVPEEEKKQRL  362

Query  362  AILQNRINAKAAEISQSMVGTQQRILVTGPSKKYPDQLSGRTENNRVVNFNGDTPLIGQM  421
             ILQ RIN +A   S+ M+GT QRILV G S+K   +LSGRTENNRVVNF G   +IG+ 
Sbjct  363  YILQERINQQAMAWSRRMLGTTQRILVEGTSRKNIMELSGRTENNRVVNFEGTPEMIGKF  422

Query  422  VTIKIKEARPYSLWGEI  438
            V ++I +  P SL G++
Sbjct  423  VDVEITDVYPNSLRGKV  439


>Q5PLT0 tRNA-2-methylthio-N(6)-dimethylallyladenosine synthase OS=Salmonella 
paratyphi A (strain ATCC 9150 / SARB42) OX=295319 GN=miaB 
PE=3 SV=2
Length=474

 Score = 586 bits (1511),  Expect = 0.0, Method: Compositional matrix adjust.
 Identities = 278/437 (64%), Positives = 343/437 (78%), Gaps = 0/437 (0%)

Query  2    KKLYLKTHGCQMNEYDSAKMADVLKFSHGLELTEDPAVADVFLLNTCSVREKAQTKVFSE  61
            KKL++KT GCQMNEYDS+KMAD+L  +HG +LT+    ADV LLNTCS+REKAQ KVF +
Sbjct  3    KKLHIKTWGCQMNEYDSSKMADLLDATHGYQLTDVAEEADVLLLNTCSIREKAQEKVFHQ  62

Query  62   LGRWRPFKEKRPHVVIGVGGCVASQEGETILKQAPFVDIVFGPQTLHRLPDLLDSVIQKR  121
            LGRWR  KEK P ++IGVGGCVASQEGE I ++A +VDI+FGPQT HRLP++++SV   R
Sbjct  63   LGRWRLLKEKNPDLIIGVGGCVASQEGEHIRQRAHYVDIIFGPQTSHRLPEMINSVRGDR  122

Query  122  KSVVDITFPEIEKFDRLPQPRAEGPSAFVSIMEGCSKYCTFCVVPYTRGEEISRPFDDVI  181
              VVDI+FPEIEKFDRLP+PRAEGP+AFVSIMEGC+KYCT+CVVPYTRGEE+SRP DD++
Sbjct  123  SPVVDISFPEIEKFDRLPEPRAEGPTAFVSIMEGCNKYCTYCVVPYTRGEEVSRPSDDIL  182

Query  182  AEVASLCEQGVREITLLGQNVNDYRGLMHDGQVADLALLIHYLAAMDNIERIRFTTSHPS  241
             E+A L  QGVRE+ LLGQNVN +RG  +DG     A L+  +AA+D I+RIRFTTSHP 
Sbjct  183  FEIAQLAAQGVREVNLLGQNVNAWRGENYDGTTGTFADLLRLVAAIDGIDRIRFTTSHPI  242

Query  242  AFSENLIDAYAEEPKLANHLHLPVQSGSDRILAAMKRNYTVLEYKSKIRKLRAVRPDISL  301
             F++++I+ Y + P+L + LHLPVQSGSDR+L  M R +T LEYK+ IRKLRA RPDI +
Sbjct  243  EFTDDIIEVYRDTPELVSFLHLPVQSGSDRVLNLMGRTHTALEYKAIIRKLRAARPDIQI  302

Query  302  SSDFIIGFPGETDADFEATMNLIHDMGFDHSFSFIYSPRPGTPAAQLPDDVPMAVKKERL  361
            SSDFI+GFPGET  DFE TM LI D+ FD S+SFI+S RPGTPAA + DDVP   KK+RL
Sbjct  303  SSDFIVGFPGETTDDFEKTMKLIADVNFDMSYSFIFSARPGTPAADMVDDVPEEEKKQRL  362

Query  362  AILQNRINAKAAEISQSMVGTQQRILVTGPSKKYPDQLSGRTENNRVVNFNGDTPLIGQM  421
             ILQ RIN +A   S+ M+GT QRILV G S+K   +LSGRTENNRVVNF G   +IG+ 
Sbjct  363  YILQERINQQAMAWSRRMLGTTQRILVEGTSRKNIMELSGRTENNRVVNFEGTPEMIGKF  422

Query  422  VTIKIKEARPYSLWGEI  438
            V ++I +  P SL G++
Sbjct  423  VDVEITDVYPNSLRGKV  439


>A6VZE1 tRNA-2-methylthio-N(6)-dimethylallyladenosine synthase OS=Marinomonas 
sp. (strain MWYL1) OX=400668 GN=miaB PE=3 SV=1
Length=451

 Score = 586 bits (1511),  Expect = 0.0, Method: Compositional matrix adjust.
 Identities = 281/438 (64%), Positives = 343/438 (78%), Gaps = 2/438 (0%)

Query  2    KKLYLKTHGCQMNEYDSAKMADVLKFSHGLELTEDPAVADVFLLNTCSVREKAQTKVFSE  61
            KKL+++THGCQMNEYDS++MAD+L  SH +ELT++   ADV LLNTCS+REKAQ KV+ +
Sbjct  3    KKLFIQTHGCQMNEYDSSRMADLLGESHEMELTDNAEEADVLLLNTCSIREKAQDKVYHQ  62

Query  62   LGRWRPFKEKRPHVVIGVGGCVASQEGETILKQAPFVDIVFGPQTLHRLPDLLDSVIQKR  121
            LGRW+  K+K P++VIGVGGCVASQEG+ I K+A  VD++FGPQTLH+LP+++++   K 
Sbjct  63   LGRWKKLKQKNPNLVIGVGGCVASQEGDAIRKRAKHVDMIFGPQTLHKLPEMVNAA-GKH  121

Query  122  KSVVDITFPEIEKFDRLPQPRAEGPSAFVSIMEGCSKYCTFCVVPYTRGEEISRPFDDVI  181
              + D+TFPEIEKFD LP PR EG  AFVSIMEGCSKYCTFCVVPYTRGEE+SRPFD ++
Sbjct  122  IPITDVTFPEIEKFDHLPAPRVEGAEAFVSIMEGCSKYCTFCVVPYTRGEEVSRPFDSIL  181

Query  182  AEVASLCEQGVREITLLGQNVNDYRGLMHDGQVADLALLIHYLAAMDNIERIRFTTSHPS  241
             EV  L EQGVREI LLGQNVN YRG   +G  ADLA +IH +A +D +ERIRFTTSHP 
Sbjct  182  KEVVQLAEQGVREIHLLGQNVNAYRGDTAEGDEADLADIIHAVAQIDGVERIRFTTSHPV  241

Query  242  AFSENLIDAYAEEPKLANHLHLPVQSGSDRILAAMKRNYTVLEYKSKIRKLRAVRPDISL  301
             FS++LI+A+  EPKL +HLHLPVQSG+D IL+AMKR +    Y  KI +++  RP ISL
Sbjct  242  EFSDSLIEAFRNEPKLVSHLHLPVQSGADNILSAMKRGHDRQYYIDKINRIKEARPGISL  301

Query  302  SSDFIIGFPGETDADFEATMNLIHDMGFDHSFSFIYSPRPGTPAAQLPDDVPMAVKKERL  361
            SSDFIIGFPGETD DF  TMNLI ++GFDHSFSF+YS RPGTPA+ L DD P  VKKERL
Sbjct  302  SSDFIIGFPGETDDDFVDTMNLIQEIGFDHSFSFVYSQRPGTPASNLEDDTPEDVKKERL  361

Query  362  AILQNRINAKAAEISQSMVGTQQRILVTGPSKKYPDQLSGRTENNRVVNFNG-DTPLIGQ  420
            AILQ RI+ +A +IS SMVG  QRIL++G S + P QL GRTENNR+VNF   D  LIG+
Sbjct  362  AILQRRISQQAYDISLSMVGEVQRILISGYSPRDPGQLQGRTENNRIVNFRAFDPQLIGK  421

Query  421  MVTIKIKEARPYSLWGEI  438
               + I +A P SL GE+
Sbjct  422  FADVVITDAYPNSLLGEL  439


>A6T6B5 tRNA-2-methylthio-N(6)-dimethylallyladenosine synthase OS=Klebsiella 
pneumoniae subsp. pneumoniae (strain ATCC 700721 / MGH 
78578) OX=272620 GN=miaB PE=3 SV=2
Length=474

 Score = 586 bits (1511),  Expect = 0.0, Method: Compositional matrix adjust.
 Identities = 279/437 (64%), Positives = 343/437 (78%), Gaps = 0/437 (0%)

Query  2    KKLYLKTHGCQMNEYDSAKMADVLKFSHGLELTEDPAVADVFLLNTCSVREKAQTKVFSE  61
            KKL++KT GCQMNEYDS+KMAD+L  +HG +LTE    ADV LLNTCS+REKAQ KVF +
Sbjct  3    KKLHIKTWGCQMNEYDSSKMADLLDATHGYQLTEVAEEADVLLLNTCSIREKAQEKVFHQ  62

Query  62   LGRWRPFKEKRPHVVIGVGGCVASQEGETILKQAPFVDIVFGPQTLHRLPDLLDSVIQKR  121
            LGRW+  KEK P ++IGVGGCVASQEG+ I ++A +VDI+FGPQTLHRLP++++SV   R
Sbjct  63   LGRWKLLKEKNPDLIIGVGGCVASQEGDHIRQRAHYVDIIFGPQTLHRLPEMINSVRGNR  122

Query  122  KSVVDITFPEIEKFDRLPQPRAEGPSAFVSIMEGCSKYCTFCVVPYTRGEEISRPFDDVI  181
              VVDI+FPEIEKFDRLP+PRAEGP+AFVSIMEGC+KYCT+CVVPYTRGEE+SRP DD++
Sbjct  123  SPVVDISFPEIEKFDRLPEPRAEGPTAFVSIMEGCNKYCTYCVVPYTRGEEVSRPCDDIL  182

Query  182  AEVASLCEQGVREITLLGQNVNDYRGLMHDGQVADLALLIHYLAAMDNIERIRFTTSHPS  241
             E+A L  QGVRE+ LLGQNVN +RG  +DG     A L+  +AA+D I+RIRFTTSHP 
Sbjct  183  FEIAQLAAQGVREVNLLGQNVNAWRGENYDGTTGSFADLLRLVAAIDGIDRIRFTTSHPI  242

Query  242  AFSENLIDAYAEEPKLANHLHLPVQSGSDRILAAMKRNYTVLEYKSKIRKLRAVRPDISL  301
             F++++ID Y + P+L + LHLPVQSGSDR+L  M R +T LEYK+ IRKLR  RPDI +
Sbjct  243  EFTDDIIDVYRDTPELVSFLHLPVQSGSDRVLNLMGRTHTALEYKAIIRKLREARPDIQI  302

Query  302  SSDFIIGFPGETDADFEATMNLIHDMGFDHSFSFIYSPRPGTPAAQLPDDVPMAVKKERL  361
            SSDFI+GFPGET  DFE TM LI D+ FD S+SFI+S RPGTPAA + DDVP A KK+RL
Sbjct  303  SSDFIVGFPGETTEDFEKTMKLIADVNFDMSYSFIFSARPGTPAADMVDDVPEADKKQRL  362

Query  362  AILQNRINAKAAEISQSMVGTQQRILVTGPSKKYPDQLSGRTENNRVVNFNGDTPLIGQM  421
             ILQ RIN +A   S+ M+GT QRILV G S+K   +LSGRTENNRVVNF G   L+G+ 
Sbjct  363  YILQERINQQAMAWSRRMLGTVQRILVEGTSRKNIMELSGRTENNRVVNFEGTPDLVGKF  422

Query  422  VTIKIKEARPYSLWGEI  438
            V ++I +    SL G+I
Sbjct  423  VDVEIVDVYTNSLRGKI  439


>Q2KWE0 tRNA-2-methylthio-N(6)-dimethylallyladenosine synthase OS=Bordetella 
avium (strain 197N) OX=360910 GN=miaB PE=3 SV=1
Length=475

 Score = 586 bits (1511),  Expect = 0.0, Method: Compositional matrix adjust.
 Identities = 278/438 (63%), Positives = 345/438 (79%), Gaps = 1/438 (0%)

Query  3    KLYLKTHGCQMNEYDSAKMADVLKFSHGLELTEDPAVADVFLLNTCSVREKAQTKVFSEL  62
            K+Y++T GCQMNEYDS KM DVL+   GLE+T++P  ADV L NTCSVREKAQ KVFS+L
Sbjct  28   KIYIRTFGCQMNEYDSDKMVDVLREDQGLEMTDNPEEADVILFNTCSVREKAQEKVFSDL  87

Query  63   GRWRPFKEKRPHVVIGVGGCVASQEGETILKQAPFVDIVFGPQTLHRLPDLLDSVIQKRK  122
            GR +  K+  P++VIGVGGCVASQEG  I+K+AP+VD+VFGPQTLHRLP+L+     +  
Sbjct  88   GRVQHLKKLNPNLVIGVGGCVASQEGAAIVKRAPYVDVVFGPQTLHRLPELIRRRRDEGV  147

Query  123  SVVDITFPEIEKFDRLPQPRAEGPSAFVSIMEGCSKYCTFCVVPYTRGEEISRPFDDVIA  182
            S VDI+FPEIEKFD +P  R EG +AFVSIMEGCSKYC+FCVVPYTRGEE+SRPF+DV+ 
Sbjct  148  SQVDISFPEIEKFDNMPPSRVEGATAFVSIMEGCSKYCSFCVVPYTRGEEVSRPFEDVLT  207

Query  183  EVASLCEQGVREITLLGQNVNDYRGLMHDG-QVADLALLIHYLAAMDNIERIRFTTSHPS  241
            EVA L +QGVRE+TLLGQNVN YRG +    ++AD A+L+ Y+  +  IERIR+TTSHP 
Sbjct  208  EVADLADQGVREVTLLGQNVNAYRGRIEGSDEIADFAMLLEYVHEIPGIERIRYTTSHPK  267

Query  242  AFSENLIDAYAEEPKLANHLHLPVQSGSDRILAAMKRNYTVLEYKSKIRKLRAVRPDISL  301
              ++ +++AYA  PKL + LHLPVQ+GSDR+LAAMKR YT LE+KS +RKLRA RP+++L
Sbjct  268  EMTQRMVEAYARLPKLVSFLHLPVQAGSDRVLAAMKRGYTALEFKSVVRKLRAARPNLTL  327

Query  302  SSDFIIGFPGETDADFEATMNLIHDMGFDHSFSFIYSPRPGTPAAQLPDDVPMAVKKERL  361
            SSDFI+GFPGET+ DF+ TM LI D+GFD SFSF+YS RPGTPAA L DD P  VK +RL
Sbjct  328  SSDFIVGFPGETEEDFQKTMKLIADVGFDTSFSFVYSRRPGTPAADLQDDTPQDVKLKRL  387

Query  362  AILQNRINAKAAEISQSMVGTQQRILVTGPSKKYPDQLSGRTENNRVVNFNGDTPLIGQM  421
              LQ  IN +AA I+QSMVGT+QR+LV GPS++ P++L GRTENNR+VNF G + LIG M
Sbjct  388  QQLQALINEQAAAIAQSMVGTRQRLLVEGPSRRDPNELMGRTENNRIVNFEGPSRLIGNM  447

Query  422  VTIKIKEARPYSLWGEIC  439
            V + I  A   SL G + 
Sbjct  448  VDVIITHAFTNSLRGRVA  465


>Q13UD5 tRNA-2-methylthio-N(6)-dimethylallyladenosine synthase OS=Paraburkholderia 
xenovorans (strain LB400) OX=266265 GN=miaB PE=3 
SV=1
Length=457

 Score = 586 bits (1510),  Expect = 0.0, Method: Compositional matrix adjust.
 Identities = 285/443 (64%), Positives = 341/443 (77%), Gaps = 6/443 (1%)

Query  2    KKLYLKTHGCQMNEYDSAKMADVLKFSHGLELTEDPAVADVFLLNTCSVREKAQTKVFSE  61
            KK+Y+KT GCQMNEYDS KM DVL  + GL  T+ P  ADV L NTCSVREKAQ KVFS+
Sbjct  3    KKVYVKTFGCQMNEYDSDKMVDVLGAAEGLVKTDTPEDADVILFNTCSVREKAQEKVFSD  62

Query  62   LGRWRPFKEKRPHVVIGVGGCVASQEGETILKQAPFVDIVFGPQTLHRLPDLLDSVIQKR  121
            LGR R  KE  P+++IGVGGCVASQEG +I+ +AP+VD+VFGPQTLHRLP ++D   +  
Sbjct  63   LGRVRELKEANPNLIIGVGGCVASQEGASIVARAPYVDLVFGPQTLHRLPQMIDKRRESG  122

Query  122  KSVVDITFPEIEKFDRLPQPRAEGPSAFVSIMEGCSKYCTFCVVPYTRGEEISRPFDDVI  181
            ++ VDI+FPEIEKFD LP  R +GPSAFVSIMEGCSKYC++CVVPYTRGEE+SRP DDV+
Sbjct  123  RAQVDISFPEIEKFDHLPPARVDGPSAFVSIMEGCSKYCSYCVVPYTRGEEVSRPLDDVL  182

Query  182  AEVASLCEQGVREITLLGQNVNDYRGLMHDG--QVADLALLIHYLAAMDNIERIRFTTSH  239
             E+A L +QGVRE+TLLGQNVN YR  +  G  ++AD A LI Y+A +  IERIR+TTSH
Sbjct  183  TEIAGLADQGVREVTLLGQNVNAYRAGLTLGSTEIADFAQLIEYVADIPGIERIRYTTSH  242

Query  240  PSAFSENLIDAYAEEPKLANHLHLPVQSGSDRILAAMKRNYTVLEYKSKIRKLRAVRPDI  299
            P  F++ LID YA+ PKL +HLHLPVQ GSDRIL AMKR YTVLEYKS IRKLRA+RPD+
Sbjct  243  PKEFTQRLIDTYAKVPKLVSHLHLPVQHGSDRILMAMKRGYTVLEYKSVIRKLRAIRPDL  302

Query  300  SLSSDFIIGFPGETDADFEATMNLIHDMGFDHSFSFIYSPRPGTPAAQLPDDVPMAVKKE  359
            SLS+D I+GFPGET+ DF+  M L+H+M +D SFSFIYSPRPGTPAA L DD P  VK  
Sbjct  303  SLSTDLIVGFPGETEEDFDKMMTLVHEMKYDTSFSFIYSPRPGTPAANLHDDTPREVKLR  362

Query  360  RLAILQNRINAKAAEISQSMVGTQQRILVTGPSKKYPDQLSGRTENNRVVNFNGDTP---  416
            RL  LQ  I      IS SMVG  +RILV  P++K P++L+GRTENNRVVNF        
Sbjct  363  RLQHLQATIEENVQRISDSMVGKIERILVERPARKDPNELAGRTENNRVVNFPAPVASHA  422

Query  417  -LIGQMVTIKIKEARPYSLWGEI  438
             LIGQMV +KI +A P+SL GE+
Sbjct  423  RLIGQMVDVKIVKAYPHSLRGEL  445


>B5FBL3 tRNA-2-methylthio-N(6)-dimethylallyladenosine synthase OS=Aliivibrio 
fischeri (strain MJ11) OX=388396 GN=miaB PE=3 SV=1
Length=474

 Score = 585 bits (1509),  Expect = 0.0, Method: Compositional matrix adjust.
 Identities = 275/437 (63%), Positives = 341/437 (78%), Gaps = 0/437 (0%)

Query  2    KKLYLKTHGCQMNEYDSAKMADVLKFSHGLELTEDPAVADVFLLNTCSVREKAQTKVFSE  61
            KKL +KT GCQMNEYDS+KMAD+L  ++G ELTE+P  ADV LLNTCS+REKAQ KVF +
Sbjct  3    KKLLIKTWGCQMNEYDSSKMADLLGAANGYELTEEPTEADVLLLNTCSIREKAQEKVFHQ  62

Query  62   LGRWRPFKEKRPHVVIGVGGCVASQEGETILKQAPFVDIVFGPQTLHRLPDLLDSVIQKR  121
            LGRW+  K+K+P +VIGVGGCVA+QEG+ I ++AP+VD++FGPQTLHRLP+++       
Sbjct  63   LGRWKNLKDKKPDLVIGVGGCVATQEGDHIRQRAPYVDVIFGPQTLHRLPEMIRQSQSNE  122

Query  122  KSVVDITFPEIEKFDRLPQPRAEGPSAFVSIMEGCSKYCTFCVVPYTRGEEISRPFDDVI  181
            K V+DI+FPEIEKFD LP+P+AEG +AFVSIMEGCSKYCT+CVVPYTRGEE+SRP DDV+
Sbjct  123  KPVMDISFPEIEKFDNLPEPKAEGATAFVSIMEGCSKYCTYCVVPYTRGEEVSRPLDDVL  182

Query  182  AEVASLCEQGVREITLLGQNVNDYRGLMHDGQVADLALLIHYLAAMDNIERIRFTTSHPS  241
             E+A L EQGVRE+ LLGQNVN YRG MHDG +   A L+  +A++D I+R+RFTTSHP 
Sbjct  183  FEIAQLAEQGVREVNLLGQNVNAYRGPMHDGDICTFAELLRMVASIDGIDRLRFTTSHPL  242

Query  242  AFSENLIDAYAEEPKLANHLHLPVQSGSDRILAAMKRNYTVLEYKSKIRKLRAVRPDISL  301
             F +++I  Y + P+L + LHLPVQSGSDRIL  MKR +T +EYKS IRKLR  RPDI +
Sbjct  243  EFGDDIIAVYEDTPELVSFLHLPVQSGSDRILTMMKRPHTAIEYKSIIRKLRKARPDIQI  302

Query  302  SSDFIIGFPGETDADFEATMNLIHDMGFDHSFSFIYSPRPGTPAAQLPDDVPMAVKKERL  361
            SSDFI+GFPGET  DF+ TM LI D+ FD SFSFI+S RPGTPAA  P D+P   KK+RL
Sbjct  303  SSDFIVGFPGETAKDFQDTMKLIKDVDFDMSFSFIFSARPGTPAADYPCDIPEQEKKDRL  362

Query  362  AILQNRINAKAAEISQSMVGTQQRILVTGPSKKYPDQLSGRTENNRVVNFNGDTPLIGQM  421
            A LQ ++N++A   S+ M+ T+QR+LV GPSKK   +L  RTENNRVVNF G   LIGQ 
Sbjct  363  AELQQQVNSQAMRYSRLMLDTEQRVLVEGPSKKNLMELRARTENNRVVNFEGSADLIGQF  422

Query  422  VTIKIKEARPYSLWGEI  438
            V +KI +    SL GE+
Sbjct  423  VDVKITDVFANSLRGEL  439


>Q5E6U2 tRNA-2-methylthio-N(6)-dimethylallyladenosine synthase OS=Aliivibrio 
fischeri (strain ATCC 700601 / ES114) OX=312309 GN=miaB 
PE=3 SV=1
Length=474

 Score = 585 bits (1509),  Expect = 0.0, Method: Compositional matrix adjust.
 Identities = 275/437 (63%), Positives = 341/437 (78%), Gaps = 0/437 (0%)

Query  2    KKLYLKTHGCQMNEYDSAKMADVLKFSHGLELTEDPAVADVFLLNTCSVREKAQTKVFSE  61
            KKL +KT GCQMNEYDS+KMAD+L  ++G ELTE+P  ADV LLNTCS+REKAQ KVF +
Sbjct  3    KKLLIKTWGCQMNEYDSSKMADLLGAANGYELTEEPTEADVLLLNTCSIREKAQEKVFHQ  62

Query  62   LGRWRPFKEKRPHVVIGVGGCVASQEGETILKQAPFVDIVFGPQTLHRLPDLLDSVIQKR  121
            LGRW+  K+K+P +VIGVGGCVA+QEG+ I ++AP+VD++FGPQTLHRLP+++       
Sbjct  63   LGRWKNLKDKKPDLVIGVGGCVATQEGDHIRQRAPYVDVIFGPQTLHRLPEMIRQSQSNE  122

Query  122  KSVVDITFPEIEKFDRLPQPRAEGPSAFVSIMEGCSKYCTFCVVPYTRGEEISRPFDDVI  181
            K V+DI+FPEIEKFD LP+P+AEG +AFVSIMEGCSKYCT+CVVPYTRGEE+SRP DDV+
Sbjct  123  KPVMDISFPEIEKFDNLPEPKAEGATAFVSIMEGCSKYCTYCVVPYTRGEEVSRPLDDVL  182

Query  182  AEVASLCEQGVREITLLGQNVNDYRGLMHDGQVADLALLIHYLAAMDNIERIRFTTSHPS  241
             E+A L EQGVRE+ LLGQNVN YRG MHDG +   A L+  +A++D I+R+RFTTSHP 
Sbjct  183  FEIAQLAEQGVREVNLLGQNVNAYRGPMHDGDICTFAELLRMVASIDGIDRLRFTTSHPL  242

Query  242  AFSENLIDAYAEEPKLANHLHLPVQSGSDRILAAMKRNYTVLEYKSKIRKLRAVRPDISL  301
             F +++I  Y + P+L + LHLPVQSGSDRIL  MKR +T +EYKS IRKLR  RPDI +
Sbjct  243  EFGDDIIAVYEDTPELVSFLHLPVQSGSDRILTMMKRPHTAIEYKSIIRKLRKARPDIQI  302

Query  302  SSDFIIGFPGETDADFEATMNLIHDMGFDHSFSFIYSPRPGTPAAQLPDDVPMAVKKERL  361
            SSDFI+GFPGET  DF+ TM LI D+ FD SFSFI+S RPGTPAA  P D+P   KK+RL
Sbjct  303  SSDFIVGFPGETAKDFQDTMKLIKDVDFDMSFSFIFSARPGTPAADYPCDIPEQEKKDRL  362

Query  362  AILQNRINAKAAEISQSMVGTQQRILVTGPSKKYPDQLSGRTENNRVVNFNGDTPLIGQM  421
            A LQ ++N++A   S+ M+ T+QR+LV GPSKK   +L  RTENNRVVNF G   LIGQ 
Sbjct  363  AELQQQVNSQAMRYSRLMLDTEQRVLVEGPSKKNLMELRARTENNRVVNFEGSADLIGQF  422

Query  422  VTIKIKEARPYSLWGEI  438
            V +KI +    SL GE+
Sbjct  423  VDVKITDVFANSLRGEL  439


>B2SYI5 tRNA-2-methylthio-N(6)-dimethylallyladenosine synthase OS=Paraburkholderia 
phytofirmans (strain DSM 17436 / LMG 22146 / PsJN) 
OX=398527 GN=miaB PE=3 SV=1
Length=457

 Score = 585 bits (1508),  Expect = 0.0, Method: Compositional matrix adjust.
 Identities = 285/443 (64%), Positives = 341/443 (77%), Gaps = 6/443 (1%)

Query  2    KKLYLKTHGCQMNEYDSAKMADVLKFSHGLELTEDPAVADVFLLNTCSVREKAQTKVFSE  61
            KK+Y+KT GCQMNEYDS KM DVL  + GL  T+ P  ADV L NTCSVREKAQ KVFS+
Sbjct  3    KKVYVKTFGCQMNEYDSDKMVDVLGAAEGLVKTDTPEDADVILFNTCSVREKAQEKVFSD  62

Query  62   LGRWRPFKEKRPHVVIGVGGCVASQEGETILKQAPFVDIVFGPQTLHRLPDLLDSVIQKR  121
            LGR R  KE  P+++IGVGGCVASQEG  I+ +AP+VD+VFGPQTLHRLP ++D   +  
Sbjct  63   LGRVRELKEANPNLIIGVGGCVASQEGAAIVSRAPYVDLVFGPQTLHRLPQMIDKRRESG  122

Query  122  KSVVDITFPEIEKFDRLPQPRAEGPSAFVSIMEGCSKYCTFCVVPYTRGEEISRPFDDVI  181
            ++ VDI+FPEIEKFD LP  R +GPSAFVSIMEGCSKYC++CVVPYTRGEE+SRP DDV+
Sbjct  123  RAQVDISFPEIEKFDHLPPARVDGPSAFVSIMEGCSKYCSYCVVPYTRGEEVSRPLDDVL  182

Query  182  AEVASLCEQGVREITLLGQNVNDYRGLMHDG--QVADLALLIHYLAAMDNIERIRFTTSH  239
             E+A L +QGVRE+TLLGQNVN YR  +  G  ++AD A LI Y+A +  IERIR+TTSH
Sbjct  183  TEIAGLADQGVREVTLLGQNVNAYRAGLTLGSTEIADFAQLIEYVADIPGIERIRYTTSH  242

Query  240  PSAFSENLIDAYAEEPKLANHLHLPVQSGSDRILAAMKRNYTVLEYKSKIRKLRAVRPDI  299
            P  F++ LID YA+ PKL +HLHLPVQ GSDRIL AMKR YTVLEYKS IRKLRA+RPD+
Sbjct  243  PKEFTQRLIDTYAKVPKLVSHLHLPVQHGSDRILMAMKRGYTVLEYKSVIRKLRAIRPDL  302

Query  300  SLSSDFIIGFPGETDADFEATMNLIHDMGFDHSFSFIYSPRPGTPAAQLPDDVPMAVKKE  359
            SLS+D I+GFPGET+ DF+  M L+H+M +D SFSFIYSPRPGTPAA L DD P  VK +
Sbjct  303  SLSTDMIVGFPGETEEDFDKMMALVHEMKYDTSFSFIYSPRPGTPAANLHDDTPREVKLK  362

Query  360  RLAILQNRINAKAAEISQSMVGTQQRILVTGPSKKYPDQLSGRTENNRVVNF----NGDT  415
            RL  LQ  I      IS SMVG  +RILV  P++K P++L+GRTENNRVVNF        
Sbjct  363  RLQHLQATIEENVQRISDSMVGKIERILVERPARKDPNELAGRTENNRVVNFPAPIASHA  422

Query  416  PLIGQMVTIKIKEARPYSLWGEI  438
             LIGQMV +KI +A P+SL GE+
Sbjct  423  RLIGQMVDVKIVKAYPHSLRGEL  445


>A4W838 tRNA-2-methylthio-N(6)-dimethylallyladenosine synthase OS=Enterobacter 
sp. (strain 638) OX=399742 GN=miaB PE=3 SV=1
Length=474

 Score = 584 bits (1505),  Expect = 0.0, Method: Compositional matrix adjust.
 Identities = 278/437 (64%), Positives = 341/437 (78%), Gaps = 0/437 (0%)

Query  2    KKLYLKTHGCQMNEYDSAKMADVLKFSHGLELTEDPAVADVFLLNTCSVREKAQTKVFSE  61
            KKL++KT GCQMNEYDS+KMAD+L  +HG ELTE    ADV LLNTCS+REKAQ KVF  
Sbjct  3    KKLHIKTWGCQMNEYDSSKMADLLNATHGYELTELAEEADVLLLNTCSIREKAQEKVFHL  62

Query  62   LGRWRPFKEKRPHVVIGVGGCVASQEGETILKQAPFVDIVFGPQTLHRLPDLLDSVIQKR  121
            LGRW+  K+K P ++IGVGGCVASQEG+ I  ++P+VDIVFGPQTLHRLP++++SV   R
Sbjct  63   LGRWKLLKKKNPDLIIGVGGCVASQEGKLIRTRSPYVDIVFGPQTLHRLPEMINSVRGDR  122

Query  122  KSVVDITFPEIEKFDRLPQPRAEGPSAFVSIMEGCSKYCTFCVVPYTRGEEISRPFDDVI  181
              VVD++FPEIEKFDRLP+PRA+GPSAFVSIMEGC+KYCT+CVVPYTRGEE+SRP DD++
Sbjct  123  SPVVDVSFPEIEKFDRLPEPRADGPSAFVSIMEGCNKYCTYCVVPYTRGEEVSRPCDDIL  182

Query  182  AEVASLCEQGVREITLLGQNVNDYRGLMHDGQVADLALLIHYLAAMDNIERIRFTTSHPS  241
             EVA L  QGVRE+ LLGQNVN +RG  +DG +   A L+  +AA+D I+R+RFTTSHP 
Sbjct  183  FEVAQLAAQGVREVNLLGQNVNAWRGENYDGSIGTFAELLRLVAAIDGIDRVRFTTSHPI  242

Query  242  AFSENLIDAYAEEPKLANHLHLPVQSGSDRILAAMKRNYTVLEYKSKIRKLRAVRPDISL  301
             F++++ID Y + P+L + LHLPVQ GSDR+L  M R +TVLEYK+ IRKLR  RPDI +
Sbjct  243  EFTDDIIDVYRDTPELVSFLHLPVQCGSDRVLNLMGRTHTVLEYKAIIRKLREARPDIQI  302

Query  302  SSDFIIGFPGETDADFEATMNLIHDMGFDHSFSFIYSPRPGTPAAQLPDDVPMAVKKERL  361
            SSDFI+GFPGET  DFE TM LI ++ FD SFSFI+S RPGTPAA + DDVP   KK+RL
Sbjct  303  SSDFIVGFPGETTDDFERTMKLIGEINFDVSFSFIFSARPGTPAADMVDDVPEEEKKQRL  362

Query  362  AILQNRINAKAAEISQSMVGTQQRILVTGPSKKYPDQLSGRTENNRVVNFNGDTPLIGQM  421
             ILQ RIN +    S+ M+GT QRILV G S+K   QLSGRTENNRVVNF G   +IG+ 
Sbjct  363  YILQERINQQVTAWSRRMLGTTQRILVEGTSRKSVMQLSGRTENNRVVNFEGTPDMIGKF  422

Query  422  VTIKIKEARPYSLWGEI  438
            V I+I E    S+ G++
Sbjct  423  VDIEILEVLTNSMRGKV  439


>A8AJE9 tRNA-2-methylthio-N(6)-dimethylallyladenosine synthase OS=Citrobacter 
koseri (strain ATCC BAA-895 / CDC 4225-83 / SGSC4696) 
OX=290338 GN=miaB PE=3 SV=2
Length=474

 Score = 583 bits (1504),  Expect = 0.0, Method: Compositional matrix adjust.
 Identities = 276/437 (63%), Positives = 343/437 (78%), Gaps = 0/437 (0%)

Query  2    KKLYLKTHGCQMNEYDSAKMADVLKFSHGLELTEDPAVADVFLLNTCSVREKAQTKVFSE  61
            KKL++KT GCQMNEYDS+KMAD+L  +HG +LTE    ADV LLNTCS+REKAQ KVF +
Sbjct  3    KKLHIKTWGCQMNEYDSSKMADLLDATHGYQLTEVAEEADVLLLNTCSIREKAQEKVFHQ  62

Query  62   LGRWRPFKEKRPHVVIGVGGCVASQEGETILKQAPFVDIVFGPQTLHRLPDLLDSVIQKR  121
            LGRW+  KEK P ++IGVGGCVASQEG+ I ++A +VDI+FGPQTLHRLP++++SV   R
Sbjct  63   LGRWKLLKEKNPDLIIGVGGCVASQEGDHIRQRAHYVDIIFGPQTLHRLPEMINSVRGDR  122

Query  122  KSVVDITFPEIEKFDRLPQPRAEGPSAFVSIMEGCSKYCTFCVVPYTRGEEISRPFDDVI  181
              VVDI+FPEIEKFDRLP+PRAEGP+AFVSIMEGC+KYCT+CVVPYTRGEE+SRP DD++
Sbjct  123  SPVVDISFPEIEKFDRLPEPRAEGPTAFVSIMEGCNKYCTYCVVPYTRGEEVSRPSDDIL  182

Query  182  AEVASLCEQGVREITLLGQNVNDYRGLMHDGQVADLALLIHYLAAMDNIERIRFTTSHPS  241
             E+A L  QGVRE+ LLGQNVN +RG  +DG     A L+  +AA+D I+RIRFTTSHP 
Sbjct  183  FEIAQLAAQGVREVNLLGQNVNAWRGENYDGTTGSFADLLRLVAAIDGIDRIRFTTSHPI  242

Query  242  AFSENLIDAYAEEPKLANHLHLPVQSGSDRILAAMKRNYTVLEYKSKIRKLRAVRPDISL  301
             F++++I+ Y + P+L + LHLPVQSG+DR+L  M R +T LEYK+ IRKLRA RPDI +
Sbjct  243  EFTDDIIEVYRDTPELVSFLHLPVQSGADRVLNLMGRTHTALEYKAIIRKLRAARPDIQI  302

Query  302  SSDFIIGFPGETDADFEATMNLIHDMGFDHSFSFIYSPRPGTPAAQLPDDVPMAVKKERL  361
            SSDFI+GFPGET  DFE TM LI D+ FD S+SFI+S RPGTPAA + DDVP   KK+RL
Sbjct  303  SSDFIVGFPGETTQDFEQTMKLIADVNFDMSYSFIFSARPGTPAADMVDDVPEEEKKQRL  362

Query  362  AILQNRINAKAAEISQSMVGTQQRILVTGPSKKYPDQLSGRTENNRVVNFNGDTPLIGQM  421
             ILQ RIN +A   S+ M+GT QRILV G S+K   +LSGRTENNRVVNF G   +IG+ 
Sbjct  363  YILQERINQQAMAWSRRMLGTVQRILVEGTSRKSIMELSGRTENNRVVNFEGTPEMIGKF  422

Query  422  VTIKIKEARPYSLWGEI  438
            V ++I +    SL G++
Sbjct  423  VDVEITDVYTNSLRGKV  439


>Q12R22 tRNA-2-methylthio-N(6)-dimethylallyladenosine synthase OS=Shewanella 
denitrificans (strain OS217 / ATCC BAA-1090 / DSM 15013) 
OX=318161 GN=miaB PE=3 SV=1
Length=474

 Score = 583 bits (1502),  Expect = 0.0, Method: Compositional matrix adjust.
 Identities = 277/435 (64%), Positives = 335/435 (77%), Gaps = 0/435 (0%)

Query  2    KKLYLKTHGCQMNEYDSAKMADVLKFSHGLELTEDPAVADVFLLNTCSVREKAQTKVFSE  61
            KKL++KT GCQMNEYDS+KMAD+L    G  LT+D   ADV LLNTCS+REKAQ KVF +
Sbjct  3    KKLHIKTWGCQMNEYDSSKMADLLDEYQGYTLTDDATEADVLLLNTCSIREKAQEKVFHQ  62

Query  62   LGRWRPFKEKRPHVVIGVGGCVASQEGETILKQAPFVDIVFGPQTLHRLPDLLDSVIQKR  121
            LGRW+  K+K+P ++IGVGGCVASQEG+ I  +A  VDI+FGPQTLHRLP+++D V +  
Sbjct  63   LGRWKTLKDKKPGLIIGVGGCVASQEGKAIKDRAQCVDIIFGPQTLHRLPEMIDQVQRGE  122

Query  122  KSVVDITFPEIEKFDRLPQPRAEGPSAFVSIMEGCSKYCTFCVVPYTRGEEISRPFDDVI  181
            K V+D++FPEIEKFDRLP+PRA+GP+AFVSIMEGCSKYC+FCVVPYTRGEE+SRP DD+I
Sbjct  123  KVVIDVSFPEIEKFDRLPEPRADGPTAFVSIMEGCSKYCSFCVVPYTRGEEVSRPQDDII  182

Query  182  AEVASLCEQGVREITLLGQNVNDYRGLMHDGQVADLALLIHYLAAMDNIERIRFTTSHPS  241
             E+A L EQGVRE+ LLGQNVN YRG  HD Q+   A L+  +A++D I+RIRFTTSHP 
Sbjct  183  LEIAQLAEQGVREVNLLGQNVNAYRGATHDDQICTFAELLRLVASIDGIDRIRFTTSHPI  242

Query  242  AFSENLIDAYAEEPKLANHLHLPVQSGSDRILAAMKRNYTVLEYKSKIRKLRAVRPDISL  301
             F++++ID Y + P+L + LHLPVQSGSDRIL  MKR +  +EYKS IR+LR  R  I +
Sbjct  243  EFTQDIIDVYEDTPELVSFLHLPVQSGSDRILTQMKRGHMAIEYKSIIRRLRKAREGIQI  302

Query  302  SSDFIIGFPGETDADFEATMNLIHDMGFDHSFSFIYSPRPGTPAAQLPDDVPMAVKKERL  361
            SSDFIIGFPGE+  DF  TM LI D+ FDHSFSFIYS RPGTPAA LPDDV    KK+RL
Sbjct  303  SSDFIIGFPGESAEDFADTMKLIEDVAFDHSFSFIYSARPGTPAADLPDDVSDEEKKQRL  362

Query  362  AILQNRINAKAAEISQSMVGTQQRILVTGPSKKYPDQLSGRTENNRVVNFNGDTPLIGQM  421
            AILQ+RI  +A   S+ M+GT QRILV GPS K P +L GRTENNRVVNF      IG  
Sbjct  363  AILQDRITQQAMRYSRQMLGTVQRILVEGPSVKNPMELRGRTENNRVVNFEAPHTHIGSF  422

Query  422  VTIKIKEARPYSLWG  436
            V ++I +    SL G
Sbjct  423  VDVEIVDVYTNSLRG  437


>Q2NUT9 tRNA-2-methylthio-N(6)-dimethylallyladenosine synthase OS=Sodalis 
glossinidius (strain morsitans) OX=343509 GN=miaB PE=3 
SV=1
Length=474

 Score = 582 bits (1501),  Expect = 0.0, Method: Compositional matrix adjust.
 Identities = 276/435 (63%), Positives = 339/435 (78%), Gaps = 0/435 (0%)

Query  2    KKLYLKTHGCQMNEYDSAKMADVLKFSHGLELTEDPAVADVFLLNTCSVREKAQTKVFSE  61
            KKL++KT GCQMNEYDS+KMAD+L  +HG +LT++P  ADV LLNTCS+REKAQ KVF +
Sbjct  3    KKLHIKTWGCQMNEYDSSKMADLLDSTHGYQLTDNPEEADVLLLNTCSIREKAQEKVFHQ  62

Query  62   LGRWRPFKEKRPHVVIGVGGCVASQEGETILKQAPFVDIVFGPQTLHRLPDLLDSVIQKR  121
            LGRW   KE RP ++IGVGGCVASQEG  I ++A +VDI+FGPQTLHRLP++++ V   R
Sbjct  63   LGRWHMLKEARPELIIGVGGCVASQEGAHIRERANYVDIIFGPQTLHRLPEMINHVNGTR  122

Query  122  KSVVDITFPEIEKFDRLPQPRAEGPSAFVSIMEGCSKYCTFCVVPYTRGEEISRPFDDVI  181
              VVDI+FPEIEKFDRLP+PRAEGP+AFVSIMEGC+KYC+FCVVPYTRGEE+SRP DD++
Sbjct  123  SPVVDISFPEIEKFDRLPEPRAEGPTAFVSIMEGCNKYCSFCVVPYTRGEEVSRPCDDIL  182

Query  182  AEVASLCEQGVREITLLGQNVNDYRGLMHDGQVADLALLIHYLAAMDNIERIRFTTSHPS  241
             E+A L +QGVRE+ LLGQNVN YRG  +DG +   A L+  +AA+D I+RIR+ TSHP 
Sbjct  183  FEIAQLADQGVREVNLLGQNVNAYRGASYDGGICTFAELLRLVAAIDGIDRIRYITSHPI  242

Query  242  AFSENLIDAYAEEPKLANHLHLPVQSGSDRILAAMKRNYTVLEYKSKIRKLRAVRPDISL  301
             F++++ID Y + P+L + +HLPVQSGSDRIL  MKR +T LEYKS IR+LR  RPDI +
Sbjct  243  EFTDDIIDVYRDTPELVSFVHLPVQSGSDRILTMMKRAHTALEYKSIIRRLRKARPDIQI  302

Query  302  SSDFIIGFPGETDADFEATMNLIHDMGFDHSFSFIYSPRPGTPAAQLPDDVPMAVKKERL  361
            SSDFIIGFPGET  DFE TM LI D+ FD SFSFIYS RPGTPAA + D+V    KK+RL
Sbjct  303  SSDFIIGFPGETQQDFEQTMQLIADVNFDMSFSFIYSARPGTPAADMVDNVSEEEKKQRL  362

Query  362  AILQNRINAKAAEISQSMVGTQQRILVTGPSKKYPDQLSGRTENNRVVNFNGDTPLIGQM  421
             ILQ RI  +A + S+ M G  QRILV G S+K   +LSGRTENNRVVNF G   +IG+ 
Sbjct  363  HILQERITQQAMQYSRRMKGKVQRILVEGTSRKNVMELSGRTENNRVVNFEGAPSMIGKF  422

Query  422  VTIKIKEARPYSLWG  436
            V ++I +  P SL G
Sbjct  423  VDVEIVDVYPNSLRG  437


>Q5QYC5 tRNA-2-methylthio-N(6)-dimethylallyladenosine synthase OS=Idiomarina 
loihiensis (strain ATCC BAA-735 / DSM 15497 / L2-TR) 
OX=283942 GN=miaB PE=3 SV=1
Length=479

 Score = 582 bits (1501),  Expect = 0.0, Method: Compositional matrix adjust.
 Identities = 281/437 (64%), Positives = 350/437 (80%), Gaps = 0/437 (0%)

Query  2    KKLYLKTHGCQMNEYDSAKMADVLKFSHGLELTEDPAVADVFLLNTCSVREKAQTKVFSE  61
            KKLY+KT GCQMNEYDS KMA++L  +HG ++ E+   AD+ LLNTCS+REKAQ KVF +
Sbjct  3    KKLYIKTWGCQMNEYDSTKMAELLHSTHGYDVAEEAEDADLILLNTCSIREKAQEKVFHQ  62

Query  62   LGRWRPFKEKRPHVVIGVGGCVASQEGETILKQAPFVDIVFGPQTLHRLPDLLDSVIQKR  121
            LGRW+  K+  P+++IGVGGCVASQEG  I  +APFVDI+FGPQTLHRLP++++ V +  
Sbjct  63   LGRWKNLKKNNPNLLIGVGGCVASQEGNEIRARAPFVDIIFGPQTLHRLPEMVNQVSETH  122

Query  122  KSVVDITFPEIEKFDRLPQPRAEGPSAFVSIMEGCSKYCTFCVVPYTRGEEISRPFDDVI  181
              +VD++FPEIEKFDRL +P+A+G SAFVSIMEGCSKYC+FCVVPYTRGEE+SRP DDVI
Sbjct  123  APMVDVSFPEIEKFDRLAEPKADGASAFVSIMEGCSKYCSFCVVPYTRGEEVSRPVDDVI  182

Query  182  AEVASLCEQGVREITLLGQNVNDYRGLMHDGQVADLALLIHYLAAMDNIERIRFTTSHPS  241
             E+A L EQGVRE+ LLGQNVN YRG  +DG+V   A L+H +AA+D I+RIR+TTSHP 
Sbjct  183  YEIAQLAEQGVREVNLLGQNVNAYRGEHYDGEVCRFAELLHLVAAIDGIDRIRYTTSHPV  242

Query  242  AFSENLIDAYAEEPKLANHLHLPVQSGSDRILAAMKRNYTVLEYKSKIRKLRAVRPDISL  301
             F++++ +AY   P+L +HLHLPVQSGSDRIL  MKR +T LEYKSKIR L+  RPDI++
Sbjct  243  EFTDDITEAYKTIPELVSHLHLPVQSGSDRILTMMKRGHTALEYKSKIRALKKARPDIAM  302

Query  302  SSDFIIGFPGETDADFEATMNLIHDMGFDHSFSFIYSPRPGTPAAQLPDDVPMAVKKERL  361
            SSDFIIGFPGE+DADFEATM+LI  + FD SFSFIYS RPGTPAA LPDD+    KK+RL
Sbjct  303  SSDFIIGFPGESDADFEATMDLIQSIDFDMSFSFIYSARPGTPAADLPDDISEETKKKRL  362

Query  362  AILQNRINAKAAEISQSMVGTQQRILVTGPSKKYPDQLSGRTENNRVVNFNGDTPLIGQM  421
             +LQ R+N ++   ++ M+ T+QRILVTGPSKK P +L+GRTENNRVVNF G   +IGQ 
Sbjct  363  QLLQQRLNQQSMAHARRMLETEQRILVTGPSKKNPMELTGRTENNRVVNFVGQPHMIGQF  422

Query  422  VTIKIKEARPYSLWGEI  438
            V ++I E  P SL GE+
Sbjct  423  VDVRITEVLPNSLRGEL  439


>Q2Y5J2 tRNA-2-methylthio-N(6)-dimethylallyladenosine synthase OS=Nitrosospira 
multiformis (strain ATCC 25196 / NCIMB 11849 / C 71) 
OX=323848 GN=miaB PE=3 SV=1
Length=474

 Score = 582 bits (1499),  Expect = 0.0, Method: Compositional matrix adjust.
 Identities = 284/439 (65%), Positives = 336/439 (77%), Gaps = 3/439 (1%)

Query  2    KKLYLKTHGCQMNEYDSAKMADVLKFSHGLELTEDPAVADVFLLNTCSVREKAQTKVFSE  61
            KKLY+KT GCQMNEYDS KMADVL+ +  +E T+DPA ADV L NTCSVREKAQ KVF +
Sbjct  3    KKLYIKTFGCQMNEYDSKKMADVLRDAQHMEKTDDPAAADVILFNTCSVREKAQEKVFHD  62

Query  62   LGRWRPFKEKRPHVVIGVGGCVASQEGETILKQAPFVDIVFGPQTLHRLPDLLDSVIQKR  121
            LGR R  K   P ++IGVGGCVASQEG  I+K+AP+VD+VFGPQTLHRLP ++ +     
Sbjct  63   LGRVRHLKAANPDLLIGVGGCVASQEGAEIVKRAPYVDLVFGPQTLHRLPQMISTRQITG  122

Query  122  KSVVDITFPEIEKFDRLPQPRAEGPSAFVSIMEGCSKYCTFCVVPYTRGEEISRPFDDVI  181
            +  VDI+FPEIEKFD LP  R EG +AFVSIMEGCSKYC+FCVVPYTRGEEISRP DD++
Sbjct  123  RPQVDISFPEIEKFDHLPPARTEGVTAFVSIMEGCSKYCSFCVVPYTRGEEISRPLDDIL  182

Query  182  AEVASLCEQGVREITLLGQNVNDYRGLMH---DGQVADLALLIHYLAAMDNIERIRFTTS  238
             E+A L   GV+E+TLLGQNVN YRG M    +G++AD ALL+ YL  +  IERIR+TTS
Sbjct  183  TEIAGLTNLGVKEVTLLGQNVNAYRGRMQYAEEGELADFALLLEYLHEIPGIERIRYTTS  242

Query  239  HPSAFSENLIDAYAEEPKLANHLHLPVQSGSDRILAAMKRNYTVLEYKSKIRKLRAVRPD  298
            HP  F+  LI+AY   PKL +H+HLPVQSGSDRILAAMKR YT LEYKS IR+LRA RPD
Sbjct  243  HPREFTPRLIEAYKASPKLVSHVHLPVQSGSDRILAAMKRGYTSLEYKSIIRRLRAARPD  302

Query  299  ISLSSDFIIGFPGETDADFEATMNLIHDMGFDHSFSFIYSPRPGTPAAQLPDDVPMAVKK  358
            IS++SDFI+GFPGET+ADFEATM LI  + FD SFSFIYS RPGTPAA L D  P  VK 
Sbjct  303  ISITSDFIVGFPGETEADFEATMKLIEAVNFDGSFSFIYSSRPGTPAAGLEDTTPHQVKL  362

Query  359  ERLAILQNRINAKAAEISQSMVGTQQRILVTGPSKKYPDQLSGRTENNRVVNFNGDTPLI  418
            ERL  LQ ++  +A  IS  MVGT QR+LV G S+K P +LSGRT+NNRVVNF G   +I
Sbjct  363  ERLQRLQEKVELQAQAISVRMVGTTQRVLVEGLSRKDPGELSGRTDNNRVVNFPGSPEMI  422

Query  419  GQMVTIKIKEARPYSLWGE  437
            G+   +KI  A  ++L GE
Sbjct  423  GKFAELKITAALSHTLRGE  441


>A9HZZ2 tRNA-2-methylthio-N(6)-dimethylallyladenosine synthase OS=Bordetella 
petrii (strain ATCC BAA-461 / DSM 12804 / CCUG 43448) 
OX=340100 GN=miaB PE=3 SV=2
Length=480

 Score = 582 bits (1499),  Expect = 0.0, Method: Compositional matrix adjust.
 Identities = 288/439 (66%), Positives = 347/439 (79%), Gaps = 1/439 (0%)

Query  2    KKLYLKTHGCQMNEYDSAKMADVLKFSHGLELTEDPAVADVFLLNTCSVREKAQTKVFSE  61
            +KLY++T GCQMNEYDS KMADVL+   GLELT++P  ADV L NTCSVREKAQ KVFS+
Sbjct  32   RKLYIRTFGCQMNEYDSDKMADVLRGDQGLELTDNPEDADVILFNTCSVREKAQEKVFSD  91

Query  62   LGRWRPFKEKRPHVVIGVGGCVASQEGETILKQAPFVDIVFGPQTLHRLPDLLDSVIQKR  121
            LGR +  K+  P +VIGVGGCVASQEGE I+K+AP+VD+VFGPQTLHRLP+L+       
Sbjct  92   LGRVQHLKKLNPDLVIGVGGCVASQEGEAIVKRAPYVDVVFGPQTLHRLPELIRRRRASG  151

Query  122  KSVVDITFPEIEKFDRLPQPRAEGPSAFVSIMEGCSKYCTFCVVPYTRGEEISRPFDDVI  181
             S VDI+FPEIEKFD LP PR EG +AFVSIMEGCSKYC+FCVVPYTRGEE+SRPFDDV+
Sbjct  152  ASQVDISFPEIEKFDALPPPRIEGATAFVSIMEGCSKYCSFCVVPYTRGEEVSRPFDDVL  211

Query  182  AEVASLCEQGVREITLLGQNVNDYRGLMHD-GQVADLALLIHYLAAMDNIERIRFTTSHP  240
             EVA L +QGV+E+TLLGQNVN YRG M D G++AD A L+ Y+  +  IERIR+TTSHP
Sbjct  212  VEVADLADQGVKEVTLLGQNVNAYRGPMGDTGEIADFATLLEYVHEIPGIERIRYTTSHP  271

Query  241  SAFSENLIDAYAEEPKLANHLHLPVQSGSDRILAAMKRNYTVLEYKSKIRKLRAVRPDIS  300
               ++ ++DAYA  PKL + LHLPVQ+GSDR+LAAMKR YT LE+KS +R+LRA RP ++
Sbjct  272  KEMTQRMVDAYANLPKLVSFLHLPVQAGSDRVLAAMKRGYTTLEFKSVVRRLRAARPGLT  331

Query  301  LSSDFIIGFPGETDADFEATMNLIHDMGFDHSFSFIYSPRPGTPAAQLPDDVPMAVKKER  360
            LSSDFI+GFPGET+ DF+ TM LI D+GFD SFSFIYS RPGTPAA L DD P  VK  R
Sbjct  332  LSSDFIVGFPGETEEDFDKTMKLIEDVGFDTSFSFIYSRRPGTPAADLVDDTPQEVKLRR  391

Query  361  LAILQNRINAKAAEISQSMVGTQQRILVTGPSKKYPDQLSGRTENNRVVNFNGDTPLIGQ  420
            L  LQ  INA+AA I+Q+MVGT+QR+LV GPS++ P++L GRTENNR+VNF     LIGQ
Sbjct  392  LQQLQALINAQAAAIAQAMVGTRQRLLVEGPSRRDPNELMGRTENNRIVNFPAPARLIGQ  451

Query  421  MVTIKIKEARPYSLWGEIC  439
            MV + I +A P SL   + 
Sbjct  452  MVDVIITDAYPNSLRARVA  470


>Q3SFF1 tRNA-2-methylthio-N(6)-dimethylallyladenosine synthase OS=Thiobacillus 
denitrificans (strain ATCC 25259) OX=292415 GN=miaB 
PE=3 SV=2
Length=446

 Score = 581 bits (1497),  Expect = 0.0, Method: Compositional matrix adjust.
 Identities = 277/437 (63%), Positives = 339/437 (78%), Gaps = 0/437 (0%)

Query  1    MKKLYLKTHGCQMNEYDSAKMADVLKFSHGLELTEDPAVADVFLLNTCSVREKAQTKVFS  60
            MKK+Y+KT GCQMNEYDS KMADVL  + GL  T  P  ADV L NTCSVREKAQ KVF 
Sbjct  1    MKKIYIKTFGCQMNEYDSDKMADVLNAAEGLTPTSTPEDADVILFNTCSVREKAQEKVFH  60

Query  61   ELGRWRPFKEKRPHVVIGVGGCVASQEGETILKQAPFVDIVFGPQTLHRLPDLLDSVIQK  120
            +LGR R  K+  P+++IGVGGCVASQEG  I+ +APFVD+VFGPQTLHRLP+L+    + 
Sbjct  61   DLGRVRHLKQANPNLIIGVGGCVASQEGAAIVARAPFVDVVFGPQTLHRLPELIAQRRET  120

Query  121  RKSVVDITFPEIEKFDRLPQPRAEGPSAFVSIMEGCSKYCTFCVVPYTRGEEISRPFDDV  180
             ++ VDI+FPEIEKFD LP  R EG +AFVSIMEGCSKYCTFCVVPYTRGEE+SRPFDDV
Sbjct  121  GRAQVDISFPEIEKFDHLPPARVEGGAAFVSIMEGCSKYCTFCVVPYTRGEEVSRPFDDV  180

Query  181  IAEVASLCEQGVREITLLGQNVNDYRGLMHDGQVADLALLIHYLAAMDNIERIRFTTSHP  240
            IAEVA+L  +GV+EITLLGQNVN Y+G + +G  AD A L+  +  +  +ERIR+TTSHP
Sbjct  181  IAEVANLAARGVKEITLLGQNVNAYQGALDEGGTADFAFLLEMVHEIPGVERIRYTTSHP  240

Query  241  SAFSENLIDAYAEEPKLANHLHLPVQSGSDRILAAMKRNYTVLEYKSKIRKLRAVRPDIS  300
               ++ LI+ Y + PKL +HLHLPVQSGSDRILAAMKR +TVLE+KS +RKLR  R D+ 
Sbjct  241  REMTQRLIECYGKLPKLVSHLHLPVQSGSDRILAAMKRGHTVLEFKSIVRKLREQRSDLC  300

Query  301  LSSDFIIGFPGETDADFEATMNLIHDMGFDHSFSFIYSPRPGTPAAQLPDDVPMAVKKER  360
            LSSDFI+GFPGET ADFEATM L+ ++ FD SFSFIYS RPGTPAA   DDV   +K +R
Sbjct  301  LSSDFIVGFPGETGADFEATMKLVEELNFDASFSFIYSKRPGTPAADYADDVSAELKTQR  360

Query  361  LAILQNRINAKAAEISQSMVGTQQRILVTGPSKKYPDQLSGRTENNRVVNFNGDTPLIGQ  420
            L  LQ RI A+A  +++SMVG+ QR+LV G ++K  ++L+GRT NNR+VNF G + L+GQ
Sbjct  361  LMRLQARIEAQAQGVNRSMVGSVQRVLVEGQARKNANELAGRTGNNRIVNFAGPSRLLGQ  420

Query  421  MVTIKIKEARPYSLWGE  437
             V + I +A P+SL GE
Sbjct  421  FVDVTITQALPHSLRGE  437


>A1K3J0 tRNA-2-methylthio-N(6)-dimethylallyladenosine synthase OS=Azoarcus 
sp. (strain BH72) OX=418699 GN=miaB PE=3 SV=1
Length=449

 Score = 580 bits (1495),  Expect = 0.0, Method: Compositional matrix adjust.
 Identities = 283/444 (64%), Positives = 344/444 (77%), Gaps = 6/444 (1%)

Query  1    MKKLYLKTHGCQMNEYDSAKMADVLKFSHGLELTEDPAVADVFLLNTCSVREKAQTKVFS  60
            MKKLY++T GCQMNEYDS KMADVL    G+  T++P  ADV L NTCSVREKAQ KVF 
Sbjct  1    MKKLYIRTFGCQMNEYDSEKMADVLGAGEGIAKTDNPEEADVILFNTCSVREKAQEKVFH  60

Query  61   ELGRWRPFKEKRPHVVIGVGGCVASQEGETILKQAPFVDIVFGPQTLHRLPDLLDSVIQK  120
            +LGR +  K+ +P ++IGVGGCVASQEG+ I+ +AP+VD+VFGPQTLHRLP L+ +  Q 
Sbjct  61   DLGRVKHLKQLKPDLIIGVGGCVASQEGDAIVARAPYVDVVFGPQTLHRLPALIAARKQS  120

Query  121  RKSVVDITFPEIEKFDRLPQPRAEGPSAFVSIMEGCSKYCTFCVVPYTRGEEISRPFDDV  180
             +S VDI+FPEIEKFD +P  R EG SAFVSIMEGCSKYCTFCVVPYTRGEEISRP +DV
Sbjct  121  GRSQVDISFPEIEKFDAMPPARVEGASAFVSIMEGCSKYCTFCVVPYTRGEEISRPLEDV  180

Query  181  IAEVASLCEQGVREITLLGQNVNDYRG-LMHD-GQVADLALLIHYLAAMDNIERIRFTTS  238
            +AE+A L EQGV+E+TLLGQNVN +RG ++ D G+  D A L+  +A +  IERIR+TTS
Sbjct  181  LAEIAGLAEQGVKEVTLLGQNVNAWRGEIVRDAGEEGDFAFLLECVAEIPGIERIRYTTS  240

Query  239  HPSAFSENLIDAYAEEPKLANHLHLPVQSGSDRILAAMKRNYTVLEYKSKIRKLRAVRPD  298
            HP   ++ L DAY + PKL + LHLPVQSGSDRILAAMKR Y+VLE+KS +RKLRA RPD
Sbjct  241  HPREMTQRLFDAYVKIPKLVSQLHLPVQSGSDRILAAMKRGYSVLEFKSIVRKLRAARPD  300

Query  299  ISLSSDFIIGFPGETDADFEATMNLIHDMGFDHSFSFIYSPRPGTPAAQLPDDVPMAVKK  358
            +SLSSDFI+GFPGET+ DFE TM LI ++GFD SFSF+YS RPGTPAA L D VP   K 
Sbjct  301  LSLSSDFIVGFPGETEEDFEKTMKLIDEVGFDGSFSFVYSARPGTPAADLEDPVPQETKL  360

Query  359  ERLAILQNRINAKAAEISQSMVGTQQRILVTGPSKKYPDQLSGRTENNRVVNFNGDTP--  416
              LA LQ RI+ +A  +SQSMVG+ QRILV G S+K  ++L GRT+NNRVVNF   +P  
Sbjct  361  AWLARLQKRIDEQAQAVSQSMVGSAQRILVEGVSRKSAEELMGRTDNNRVVNFPAPSPHR  420

Query  417  --LIGQMVTIKIKEARPYSLWGEI  438
              L+GQ + ++I  A P+SL GEI
Sbjct  421  DRLVGQFIEVRITSALPHSLRGEI  444


>Q12EH0 tRNA-2-methylthio-N(6)-dimethylallyladenosine synthase OS=Polaromonas 
sp. (strain JS666 / ATCC BAA-500) OX=296591 GN=miaB 
PE=3 SV=1
Length=447

 Score = 579 bits (1493),  Expect = 0.0, Method: Compositional matrix adjust.
 Identities = 286/438 (65%), Positives = 337/438 (77%), Gaps = 3/438 (1%)

Query  2    KKLYLKTHGCQMNEYDSAKMADVLKFSHGLELTEDPAVADVFLLNTCSVREKAQTKVFSE  61
            KK+++KT GCQMNEYDS KM+DVL  + G E T++   AD+ L NTCSVREKAQ KVFS+
Sbjct  3    KKVFIKTFGCQMNEYDSDKMSDVLHAAEGYEPTQNVDEADLILFNTCSVREKAQEKVFSD  62

Query  62   LGRWRPFKEKRPHVVIGVGGCVASQEGETILKQAPFVDIVFGPQTLHRLPDLLDSVIQKR  121
            LGR +  KEK   V+IGVGGCVASQEG  I+++AP+VD+VFGPQTLHRLPDLL    +  
Sbjct  63   LGRVKHLKEK--GVLIGVGGCVASQEGAAIIQRAPYVDVVFGPQTLHRLPDLLAKRARLN  120

Query  122  KSVVDITFPEIEKFDRLPQPRAEGPSAFVSIMEGCSKYCTFCVVPYTRGEEISRPFDDVI  181
            K  VDI+FPEIEKFD LP  R EG SAFVSIMEGCSKYC++CVVPYTRGEE+SRPFDDV+
Sbjct  121  KPQVDISFPEIEKFDHLPPARVEGASAFVSIMEGCSKYCSYCVVPYTRGEEVSRPFDDVL  180

Query  182  AEVASLCEQGVREITLLGQNVNDYRGLMHD-GQVADLALLIHYLAAMDNIERIRFTTSHP  240
             EVA L +QGV+E+TLLGQNVN YRG M D  ++AD A L+ Y++ +  IERIR+ TSHP
Sbjct  181  VEVAGLADQGVKEVTLLGQNVNAYRGPMGDTAEIADFATLLEYVSDIPGIERIRYVTSHP  240

Query  241  SAFSENLIDAYAEEPKLANHLHLPVQSGSDRILAAMKRNYTVLEYKSKIRKLRAVRPDIS  300
            + F+++LIDAYA  PKL NHLHLPVQ GSDRIL AMKR YT +EYKS IRKLRA+RPD++
Sbjct  241  NEFTQSLIDAYARLPKLVNHLHLPVQHGSDRILMAMKRGYTAMEYKSTIRKLRAIRPDLA  300

Query  301  LSSDFIIGFPGETDADFEATMNLIHDMGFDHSFSFIYSPRPGTPAAQLPDDVPMAVKKER  360
            +SSDFI+GFPGET+ DF   M LI D+G+D SFSFIYSPRPGTPAA L DD P  VK  R
Sbjct  301  MSSDFIVGFPGETEDDFNKMMKLIDDVGYDTSFSFIYSPRPGTPAAALHDDTPHEVKLRR  360

Query  361  LAILQNRINAKAAEISQSMVGTQQRILVTGPSKKYPDQLSGRTENNRVVNFNGDTPLIGQ  420
            L  LQ  I+     IS S +GT QRILV G S+K P +L GRTE NRVVNF G   LIGQ
Sbjct  361  LQHLQATIDDSVRAISASRLGTVQRILVEGASRKDPTELMGRTECNRVVNFKGQPRLIGQ  420

Query  421  MVTIKIKEARPYSLWGEI  438
            MV I I +A   SL GE+
Sbjct  421  MVDITITQATQRSLRGEV  438


>Q0AF59 tRNA-2-methylthio-N(6)-dimethylallyladenosine synthase OS=Nitrosomonas 
eutropha (strain DSM 101675 / C91 / Nm57) OX=335283 
GN=miaB PE=3 SV=1
Length=443

 Score = 579 bits (1492),  Expect = 0.0, Method: Compositional matrix adjust.
 Identities = 280/436 (64%), Positives = 329/436 (75%), Gaps = 0/436 (0%)

Query  3    KLYLKTHGCQMNEYDSAKMADVLKFSHGLELTEDPAVADVFLLNTCSVREKAQTKVFSEL  62
            KLY+KT GCQMNEYDSAKMAD+L     +ELTE P  AD+ L NTCSVREKAQ KVF +L
Sbjct  4    KLYIKTFGCQMNEYDSAKMADILLSEKNMELTEVPEEADLILFNTCSVREKAQEKVFHDL  63

Query  63   GRWRPFKEKRPHVVIGVGGCVASQEGETILKQAPFVDIVFGPQTLHRLPDLLDSVIQKRK  122
            GR R  K  +P ++IGVGGCVASQEG  I+++APFVD+VFGPQTLHRLP+L+D+  +  +
Sbjct  64   GRVRHLKNSKPDLLIGVGGCVASQEGSEIVRRAPFVDLVFGPQTLHRLPELIDARRRTGQ  123

Query  123  SVVDITFPEIEKFDRLPQPRAEGPSAFVSIMEGCSKYCTFCVVPYTRGEEISRPFDDVIA  182
            S VDITFPEIEKFDRLP  R  G +AFVSIMEGCSKYC+FCVVPYTRGEE+SRP DDV+ 
Sbjct  124  SQVDITFPEIEKFDRLPPARTTGATAFVSIMEGCSKYCSFCVVPYTRGEEVSRPLDDVLT  183

Query  183  EVASLCEQGVREITLLGQNVNDYRGLMHDGQVADLALLIHYLAAMDNIERIRFTTSHPSA  242
            EVA L  QGV+E+TLLGQNVN Y          D A L+ Y+  +  + RIR+TTSHP  
Sbjct  184  EVAGLVIQGVKEVTLLGQNVNAYYDKTSGEGDIDFATLLDYIHEIPGLVRIRYTTSHPRE  243

Query  243  FSENLIDAYAEEPKLANHLHLPVQSGSDRILAAMKRNYTVLEYKSKIRKLRAVRPDISLS  302
            F+  LI+ Y   PKL  H+HLP+QSGSDRILAAMKR YT++EYKS IRKLR +RP+IS+S
Sbjct  244  FTARLIETYQRLPKLVGHVHLPIQSGSDRILAAMKRGYTIIEYKSIIRKLRTIRPNISIS  303

Query  303  SDFIIGFPGETDADFEATMNLIHDMGFDHSFSFIYSPRPGTPAAQLPDDVPMAVKKERLA  362
            SDFI+GFPGETD DFE TM LI D+ FD SFSFIYSPRPGTPA+ LPDD P  +K  RL 
Sbjct  304  SDFIVGFPGETDTDFEETMKLIDDVKFDESFSFIYSPRPGTPASDLPDDTPYRIKLARLH  363

Query  363  ILQNRINAKAAEISQSMVGTQQRILVTGPSKKYPDQLSGRTENNRVVNFNGDTPLIGQMV  422
             LQ +I   A  ISQSMV T QR+LV GPSKK P++  GRT+NNRVVNF G   L+G  V
Sbjct  364  QLQEKIQRNAQMISQSMVDTIQRVLVEGPSKKDPNEFCGRTDNNRVVNFAGHAGLVGSFV  423

Query  423  TIKIKEARPYSLWGEI  438
             IKI     ++L GEI
Sbjct  424  DIKITAVSSHTLRGEI  439


>B5XZQ0 tRNA-2-methylthio-N(6)-dimethylallyladenosine synthase OS=Klebsiella 
pneumoniae (strain 342) OX=507522 GN=miaB PE=3 SV=1
Length=474

 Score = 579 bits (1492),  Expect = 0.0, Method: Compositional matrix adjust.
 Identities = 274/437 (63%), Positives = 342/437 (78%), Gaps = 0/437 (0%)

Query  2    KKLYLKTHGCQMNEYDSAKMADVLKFSHGLELTEDPAVADVFLLNTCSVREKAQTKVFSE  61
            KKL++KT GCQMNEYDS+KMAD+L  +HG +LTE    ADV LLNTCS+REKAQ KVF +
Sbjct  3    KKLHIKTWGCQMNEYDSSKMADLLDATHGYQLTEVAEEADVLLLNTCSIREKAQEKVFHQ  62

Query  62   LGRWRPFKEKRPHVVIGVGGCVASQEGETILKQAPFVDIVFGPQTLHRLPDLLDSVIQKR  121
            LGRW+  KEK P ++IGVGGCVASQEG+ I ++A +VDI+FGPQTLHRLP+++++V   R
Sbjct  63   LGRWKLLKEKNPDLIIGVGGCVASQEGDHIRQRAHYVDIIFGPQTLHRLPEMINAVRGNR  122

Query  122  KSVVDITFPEIEKFDRLPQPRAEGPSAFVSIMEGCSKYCTFCVVPYTRGEEISRPFDDVI  181
              VVDI+FPEIEKFDRLP+PRA+GP+AFVSIMEGC+KYCT+CVVPYTRGEE+SRP DD++
Sbjct  123  SPVVDISFPEIEKFDRLPEPRADGPTAFVSIMEGCNKYCTYCVVPYTRGEEVSRPCDDIL  182

Query  182  AEVASLCEQGVREITLLGQNVNDYRGLMHDGQVADLALLIHYLAAMDNIERIRFTTSHPS  241
             E+A L  QGVRE+ LLGQNVN +RG  +DG     A L+  +AA+D I+RIRFTTSHP 
Sbjct  183  FEIAQLAAQGVREVNLLGQNVNAWRGENYDGTTGSFADLLRLVAAIDGIDRIRFTTSHPI  242

Query  242  AFSENLIDAYAEEPKLANHLHLPVQSGSDRILAAMKRNYTVLEYKSKIRKLRAVRPDISL  301
             F++++I+ Y + P+L + LHLPVQSGSDR+L  M R +T LEYK+ IRKLR  RPDI +
Sbjct  243  EFTDDIIEVYRDTPELVSFLHLPVQSGSDRVLNLMGRTHTALEYKAIIRKLREARPDIQI  302

Query  302  SSDFIIGFPGETDADFEATMNLIHDMGFDHSFSFIYSPRPGTPAAQLPDDVPMAVKKERL  361
            SSDFI+GFPGET  DFE TM LI D+ FD S+SFI+S RPGTPAA + DDVP   KK+RL
Sbjct  303  SSDFIVGFPGETTDDFEKTMKLIADVNFDMSYSFIFSARPGTPAADMVDDVPEEDKKQRL  362

Query  362  AILQNRINAKAAEISQSMVGTQQRILVTGPSKKYPDQLSGRTENNRVVNFNGDTPLIGQM  421
             ILQ RIN +A   S+ M+GT QRILV G S+K   +LSGRTENNRVVNF G   ++G+ 
Sbjct  363  YILQERINQQAMAWSRRMLGTVQRILVEGTSRKSLMELSGRTENNRVVNFEGTPDMVGKF  422

Query  422  VTIKIKEARPYSLWGEI  438
            V ++I +    SL G+I
Sbjct  423  VDVEIVDVYTNSLRGKI  439


>Q47A75 tRNA-2-methylthio-N(6)-dimethylallyladenosine synthase OS=Dechloromonas 
aromatica (strain RCB) OX=159087 GN=miaB PE=3 SV=1
Length=445

 Score = 578 bits (1490),  Expect = 0.0, Method: Compositional matrix adjust.
 Identities = 280/438 (64%), Positives = 338/438 (77%), Gaps = 1/438 (0%)

Query  2    KKLYLKTHGCQMNEYDSAKMADVLKFSHGLELTEDPAVADVFLLNTCSVREKAQTKVFSE  61
            KKL+++T GCQMNEYDS KMADVL  S G+  T++P  AD+ L NTCSVREKAQ KVF +
Sbjct  3    KKLFIRTFGCQMNEYDSDKMADVLNASEGVIKTDNPEEADIILFNTCSVREKAQEKVFHD  62

Query  62   LGRWRPFKEKRPHVVIGVGGCVASQEGETILKQAPFVDIVFGPQTLHRLPDLLDSVIQKR  121
            LGR R  K+  P++VIGVGGCVASQEG+ I+ +AP+VD+VFGPQTLHRLP L+     K 
Sbjct  63   LGRVRHLKKLNPNLVIGVGGCVASQEGDAIIARAPYVDVVFGPQTLHRLPQLIAERKAKG  122

Query  122  KSVVDITFPEIEKFDRLPQPRAEGPSAFVSIMEGCSKYCTFCVVPYTRGEEISRPFDDVI  181
            K+ VD++FPEIEKFD +P    +G SAFVSIMEGCSK+CTFC+VPYTRG E+SRPF+DV+
Sbjct  123  KAAVDVSFPEIEKFDAMPPSEIKGASAFVSIMEGCSKFCTFCIVPYTRGGEVSRPFNDVL  182

Query  182  AEVASLCEQGVREITLLGQNVNDYRGLMHDG-QVADLALLIHYLAAMDNIERIRFTTSHP  240
             EVA L   GV E+TLLGQNVN YRG M    + ADLALLI Y+A +  IERIR+TTSHP
Sbjct  183  TEVADLAAHGVGEVTLLGQNVNAYRGDMEGTEEKADLALLIEYIAEVPGIERIRYTTSHP  242

Query  241  SAFSENLIDAYAEEPKLANHLHLPVQSGSDRILAAMKRNYTVLEYKSKIRKLRAVRPDIS  300
               +++L D Y + PKL +HLHLPVQ+GSDR+LAAMKR YT LEYKS IRKLRA RPDIS
Sbjct  243  REMTQSLFDTYVKVPKLVSHLHLPVQAGSDRVLAAMKRGYTTLEYKSIIRKLRAARPDIS  302

Query  301  LSSDFIIGFPGETDADFEATMNLIHDMGFDHSFSFIYSPRPGTPAAQLPDDVPMAVKKER  360
            LSSDFI+GFPGETD DFE TM LI D+GFD SFSFIYSPRPGTPA +L D  P  VK  R
Sbjct  303  LSSDFIVGFPGETDEDFEKTMKLIDDVGFDSSFSFIYSPRPGTPALELDDSTPADVKSAR  362

Query  361  LAILQNRINAKAAEISQSMVGTQQRILVTGPSKKYPDQLSGRTENNRVVNFNGDTPLIGQ  420
            L  LQ RI+ +A  ISQ+MVG+ QR+LV G SKK   +L+GRT+NNR+VNF+G+  LI  
Sbjct  363  LLRLQKRIDEQAQAISQTMVGSIQRVLVEGTSKKDVHELAGRTDNNRIVNFSGNPRLINT  422

Query  421  MVTIKIKEARPYSLWGEI  438
             V ++I  +  ++L GEI
Sbjct  423  FVDVRITSSLSHTLRGEI  440


>B6EIN8 tRNA-2-methylthio-N(6)-dimethylallyladenosine synthase OS=Aliivibrio 
salmonicida (strain LFI1238) OX=316275 GN=miaB PE=3 
SV=1
Length=474

 Score = 578 bits (1490),  Expect = 0.0, Method: Compositional matrix adjust.
 Identities = 269/437 (62%), Positives = 341/437 (78%), Gaps = 0/437 (0%)

Query  2    KKLYLKTHGCQMNEYDSAKMADVLKFSHGLELTEDPAVADVFLLNTCSVREKAQTKVFSE  61
            KKL +KT GCQMNEYDS+KMAD+L  ++G ELTEDP  ADV LLNTCS+REKAQ KVF +
Sbjct  3    KKLLIKTWGCQMNEYDSSKMADLLGAANGYELTEDPKEADVLLLNTCSIREKAQEKVFHQ  62

Query  62   LGRWRPFKEKRPHVVIGVGGCVASQEGETILKQAPFVDIVFGPQTLHRLPDLLDSVIQKR  121
            LGRW+  K+K+P +VIGVGGCVA+QEG+ I ++AP+VD++FGPQTLHRLP ++   +   
Sbjct  63   LGRWKHLKDKKPDLVIGVGGCVATQEGDHIRQRAPYVDVIFGPQTLHRLPQMIKQSLSNE  122

Query  122  KSVVDITFPEIEKFDRLPQPRAEGPSAFVSIMEGCSKYCTFCVVPYTRGEEISRPFDDVI  181
            K+V+DI+FPEIEKFD LP+P+A+G SAFVSIMEGCSKYCT+CVVPYTRGEE+SRP DDV+
Sbjct  123  KTVMDISFPEIEKFDNLPEPKADGVSAFVSIMEGCSKYCTYCVVPYTRGEEVSRPLDDVL  182

Query  182  AEVASLCEQGVREITLLGQNVNDYRGLMHDGQVADLALLIHYLAAMDNIERIRFTTSHPS  241
             E+A L EQGVRE+ LLGQNVN YRG M+DG +   A L+  +A++D I+R+RFTTSHP 
Sbjct  183  FEIAQLAEQGVREVNLLGQNVNAYRGPMYDGDICSFADLLRMVASIDGIDRLRFTTSHPL  242

Query  242  AFSENLIDAYAEEPKLANHLHLPVQSGSDRILAAMKRNYTVLEYKSKIRKLRAVRPDISL  301
             F ++++  Y + P+L + LHLPVQSGSDRIL  MKR +T +EYKS IRKLR  RPDI +
Sbjct  243  EFGDDIVAVYEDTPELVSFLHLPVQSGSDRILTMMKRPHTAIEYKSIIRKLRKARPDILI  302

Query  302  SSDFIIGFPGETDADFEATMNLIHDMGFDHSFSFIYSPRPGTPAAQLPDDVPMAVKKERL  361
            SSDFI+ FPGE++ DF+ TM LI D+ FD S+SF++SPRPGTPAA  P D+P   KK+RL
Sbjct  303  SSDFIVAFPGESEKDFQDTMKLIKDVDFDMSYSFVFSPRPGTPAADYPCDIPEQTKKDRL  362

Query  362  AILQNRINAKAAEISQSMVGTQQRILVTGPSKKYPDQLSGRTENNRVVNFNGDTPLIGQM  421
            A LQ +I+ ++A  S+ M+ T+ R LV GPSK+ P +L  RTENNRVVNF G   LIGQ 
Sbjct  363  AELQQQISFQSARFSRQMLNTELRALVEGPSKRNPMELRARTENNRVVNFTGSPELIGQF  422

Query  422  VTIKIKEARPYSLWGEI  438
            V + I E+   SL G +
Sbjct  423  VDLHITESFTNSLRGTL  439


>Q9KTE0 tRNA-2-methylthio-N(6)-dimethylallyladenosine synthase OS=Vibrio 
cholerae serotype O1 (strain ATCC 39315 / El Tor Inaba N16961) 
OX=243277 GN=miaB PE=3 SV=1
Length=474

 Score = 578 bits (1489),  Expect = 0.0, Method: Compositional matrix adjust.
 Identities = 285/437 (65%), Positives = 344/437 (79%), Gaps = 0/437 (0%)

Query  2    KKLYLKTHGCQMNEYDSAKMADVLKFSHGLELTEDPAVADVFLLNTCSVREKAQTKVFSE  61
            KKL +KT GCQMNEYDS+KMAD+L  ++G ELTE P  ADV LLNTCS+REKAQ KVF +
Sbjct  3    KKLLIKTWGCQMNEYDSSKMADLLNAANGYELTEIPEEADVLLLNTCSIREKAQEKVFHQ  62

Query  62   LGRWRPFKEKRPHVVIGVGGCVASQEGETILKQAPFVDIVFGPQTLHRLPDLLDSVIQKR  121
            LGRW+  K+K+P VVIGVGGCVA+QEG++I  +AP+VD++FGPQTLHRLP+++       
Sbjct  63   LGRWKTLKDKKPGVVIGVGGCVATQEGDSIRDRAPYVDVIFGPQTLHRLPEMIKQSQTSD  122

Query  122  KSVVDITFPEIEKFDRLPQPRAEGPSAFVSIMEGCSKYCTFCVVPYTRGEEISRPFDDVI  181
              V+DI+FPEIEKFDRLP+PRAEGP+AFVSIMEGCSKYCT+CVVPYTRGEE+SRP DDV+
Sbjct  123  APVMDISFPEIEKFDRLPEPRAEGPTAFVSIMEGCSKYCTYCVVPYTRGEEVSRPMDDVL  182

Query  182  AEVASLCEQGVREITLLGQNVNDYRGLMHDGQVADLALLIHYLAAMDNIERIRFTTSHPS  241
             E+A L EQGVRE+ LLGQNVN YRG  HDG +   A L+  +A +D I+RIRFTTSHP 
Sbjct  183  FEIAQLAEQGVREVNLLGQNVNAYRGATHDGGICSFAELLRLVATIDGIDRIRFTTSHPL  242

Query  242  AFSENLIDAYAEEPKLANHLHLPVQSGSDRILAAMKRNYTVLEYKSKIRKLRAVRPDISL  301
             F++++I  Y + P+L + LHLPVQSGSDRIL  MKR +T +EYKS IRKLR  RPDI +
Sbjct  243  EFTDDIIAVYEDTPELVSFLHLPVQSGSDRILTMMKRPHTAIEYKSIIRKLRKARPDIQI  302

Query  302  SSDFIIGFPGETDADFEATMNLIHDMGFDHSFSFIYSPRPGTPAAQLPDDVPMAVKKERL  361
            SSDFI+GFPGETD DF+ TM LI D+ FD SFSFI+SPRPGTPAA  P D+   VKKERL
Sbjct  303  SSDFIVGFPGETDKDFQDTMKLIRDVDFDMSFSFIFSPRPGTPAADYPCDLSEEVKKERL  362

Query  362  AILQNRINAKAAEISQSMVGTQQRILVTGPSKKYPDQLSGRTENNRVVNFNGDTPLIGQM  421
              LQ +IN++A   S+ M+GT+QRILV GPSKK   +L GRTENNRVVNF G   LIGQ 
Sbjct  363  YELQQQINSQAMRYSRLMLGTEQRILVEGPSKKDLMELRGRTENNRVVNFEGSPDLIGQF  422

Query  422  VTIKIKEARPYSLWGEI  438
            V +KI +  P SL GE+
Sbjct  423  VDVKIVDVFPNSLRGEL  439


>A5F2X6 tRNA-2-methylthio-N(6)-dimethylallyladenosine synthase OS=Vibrio 
cholerae serotype O1 (strain ATCC 39541 / Classical Ogawa 
395 / O395) OX=345073 GN=miaB PE=3 SV=1
Length=474

 Score = 578 bits (1489),  Expect = 0.0, Method: Compositional matrix adjust.
 Identities = 285/437 (65%), Positives = 344/437 (79%), Gaps = 0/437 (0%)

Query  2    KKLYLKTHGCQMNEYDSAKMADVLKFSHGLELTEDPAVADVFLLNTCSVREKAQTKVFSE  61
            KKL +KT GCQMNEYDS+KMAD+L  ++G ELTE P  ADV LLNTCS+REKAQ KVF +
Sbjct  3    KKLLIKTWGCQMNEYDSSKMADLLNAANGYELTEIPEEADVLLLNTCSIREKAQEKVFHQ  62

Query  62   LGRWRPFKEKRPHVVIGVGGCVASQEGETILKQAPFVDIVFGPQTLHRLPDLLDSVIQKR  121
            LGRW+  K+K+P VVIGVGGCVA+QEG++I  +AP+VD++FGPQTLHRLP+++       
Sbjct  63   LGRWKTLKDKKPGVVIGVGGCVATQEGDSIRDRAPYVDVIFGPQTLHRLPEMIKQSQTSD  122

Query  122  KSVVDITFPEIEKFDRLPQPRAEGPSAFVSIMEGCSKYCTFCVVPYTRGEEISRPFDDVI  181
              V+DI+FPEIEKFDRLP+PRAEGP+AFVSIMEGCSKYCT+CVVPYTRGEE+SRP DDV+
Sbjct  123  APVMDISFPEIEKFDRLPEPRAEGPTAFVSIMEGCSKYCTYCVVPYTRGEEVSRPMDDVL  182

Query  182  AEVASLCEQGVREITLLGQNVNDYRGLMHDGQVADLALLIHYLAAMDNIERIRFTTSHPS  241
             E+A L EQGVRE+ LLGQNVN YRG  HDG +   A L+  +A +D I+RIRFTTSHP 
Sbjct  183  FEIAQLAEQGVREVNLLGQNVNAYRGATHDGGICSFAELLRLVATIDGIDRIRFTTSHPL  242

Query  242  AFSENLIDAYAEEPKLANHLHLPVQSGSDRILAAMKRNYTVLEYKSKIRKLRAVRPDISL  301
             F++++I  Y + P+L + LHLPVQSGSDRIL  MKR +T +EYKS IRKLR  RPDI +
Sbjct  243  EFTDDIIAVYEDTPELVSFLHLPVQSGSDRILTMMKRPHTAIEYKSIIRKLRKARPDIQI  302

Query  302  SSDFIIGFPGETDADFEATMNLIHDMGFDHSFSFIYSPRPGTPAAQLPDDVPMAVKKERL  361
            SSDFI+GFPGETD DF+ TM LI D+ FD SFSFI+SPRPGTPAA  P D+   VKKERL
Sbjct  303  SSDFIVGFPGETDKDFQDTMKLIRDVDFDMSFSFIFSPRPGTPAADYPCDLSEEVKKERL  362

Query  362  AILQNRINAKAAEISQSMVGTQQRILVTGPSKKYPDQLSGRTENNRVVNFNGDTPLIGQM  421
              LQ +IN++A   S+ M+GT+QRILV GPSKK   +L GRTENNRVVNF G   LIGQ 
Sbjct  363  YELQQQINSQAMRYSRLMLGTEQRILVEGPSKKDLMELRGRTENNRVVNFEGSPDLIGQF  422

Query  422  VTIKIKEARPYSLWGEI  438
            V +KI +  P SL GE+
Sbjct  423  VDVKIVDVFPNSLRGEL  439


>Q87RP4 tRNA-2-methylthio-N(6)-dimethylallyladenosine synthase OS=Vibrio 
parahaemolyticus serotype O3:K6 (strain RIMD 2210633) OX=223926 
GN=miaB PE=3 SV=1
Length=474

 Score = 577 bits (1488),  Expect = 0.0, Method: Compositional matrix adjust.
 Identities = 283/437 (65%), Positives = 344/437 (79%), Gaps = 0/437 (0%)

Query  2    KKLYLKTHGCQMNEYDSAKMADVLKFSHGLELTEDPAVADVFLLNTCSVREKAQTKVFSE  61
            KKL +KT GCQMNEYDS+KMAD+L  ++G ELTE+P  ADV LLNTCS+REKAQ KVF +
Sbjct  3    KKLLIKTWGCQMNEYDSSKMADLLNAANGYELTEEPEEADVLLLNTCSIREKAQEKVFHQ  62

Query  62   LGRWRPFKEKRPHVVIGVGGCVASQEGETILKQAPFVDIVFGPQTLHRLPDLLDSVIQKR  121
            LGRW+  K+K+P VVIGVGGCVA+QEG+ I ++AP+VD++FGPQTLHRLP+++       
Sbjct  63   LGRWKTLKDKKPGVVIGVGGCVATQEGDHIRERAPYVDVIFGPQTLHRLPEMIKQSQTDD  122

Query  122  KSVVDITFPEIEKFDRLPQPRAEGPSAFVSIMEGCSKYCTFCVVPYTRGEEISRPFDDVI  181
              V+DI+FPEIEKFDRLP+PRAEG +AFVSIMEGCSKYCT+CVVPYTRGEE+SRP DDV+
Sbjct  123  APVMDISFPEIEKFDRLPEPRAEGATAFVSIMEGCSKYCTYCVVPYTRGEEVSRPMDDVL  182

Query  182  AEVASLCEQGVREITLLGQNVNDYRGLMHDGQVADLALLIHYLAAMDNIERIRFTTSHPS  241
             E+A L EQGVRE+ LLGQNVN YRG MHDG++   A L+  +A++D I+RIRFTTSHP 
Sbjct  183  FEIAQLAEQGVREVNLLGQNVNAYRGPMHDGEICSFAELLRLVASIDGIDRIRFTTSHPL  242

Query  242  AFSENLIDAYAEEPKLANHLHLPVQSGSDRILAAMKRNYTVLEYKSKIRKLRAVRPDISL  301
             F++++I  Y + P+L + LHLPVQSGSDRIL  MKR +T +EYKS IRKLR  RPDI +
Sbjct  243  EFTDDIIAVYEDTPELVSFLHLPVQSGSDRILTMMKRPHTAIEYKSIIRKLRKARPDIQI  302

Query  302  SSDFIIGFPGETDADFEATMNLIHDMGFDHSFSFIYSPRPGTPAAQLPDDVPMAVKKERL  361
            SSDFI+GFPGETD DF+ TM LI D+ FD SFSFI+SPRPGTPAA  P D+P  VKKERL
Sbjct  303  SSDFIVGFPGETDKDFQDTMKLIKDVDFDMSFSFIFSPRPGTPAADYPCDIPEQVKKERL  362

Query  362  AILQNRINAKAAEISQSMVGTQQRILVTGPSKKYPDQLSGRTENNRVVNFNGDTPLIGQM  421
              LQ  INA+A   S+ M+ T+QR+LV GPSKK   +L  RTENNRVVNF G   LIGQ 
Sbjct  363  YELQQTINAQAMRYSRLMLATEQRVLVEGPSKKNLMELRARTENNRVVNFEGSADLIGQF  422

Query  422  VTIKIKEARPYSLWGEI  438
            V +KI +    SL GE+
Sbjct  423  VDVKITDVFANSLRGEL  439


>A1TKI5 tRNA-2-methylthio-N(6)-dimethylallyladenosine synthase OS=Acidovorax 
citrulli (strain AAC00-1) OX=397945 GN=miaB PE=3 SV=1
Length=449

 Score = 577 bits (1488),  Expect = 0.0, Method: Compositional matrix adjust.
 Identities = 286/438 (65%), Positives = 336/438 (77%), Gaps = 3/438 (1%)

Query  2    KKLYLKTHGCQMNEYDSAKMADVLKFSHGLELTEDPAVADVFLLNTCSVREKAQTKVFSE  61
            KK+++KT GCQMNEYDS KM DVL  + G E T+D   AD+ L NTCSVREKAQ KVFS+
Sbjct  3    KKVFVKTFGCQMNEYDSDKMVDVLNAAQGYEPTQDVEEADLILFNTCSVREKAQEKVFSD  62

Query  62   LGRWRPFKEKRPHVVIGVGGCVASQEGETILKQAPFVDIVFGPQTLHRLPDLLDSVIQKR  121
            LGR +  K +   V IGVGGCVASQEG+ I+K+AP+VD+VFGPQTLHRLP+LL       
Sbjct  63   LGRIKHLKAR--GVKIGVGGCVASQEGDEIIKRAPYVDVVFGPQTLHRLPELLAQREALA  120

Query  122  KSVVDITFPEIEKFDRLPQPRAEGPSAFVSIMEGCSKYCTFCVVPYTRGEEISRPFDDVI  181
            +  VDI+FPEIEKFD LP  R EG SAFVSIMEGCSKYC++CVVPYTRGEE+SRPFDDV+
Sbjct  121  RPQVDISFPEIEKFDHLPPARVEGASAFVSIMEGCSKYCSYCVVPYTRGEEVSRPFDDVL  180

Query  182  AEVASLCEQGVREITLLGQNVNDYRGLMHD-GQVADLALLIHYLAAMDNIERIRFTTSHP  240
             EVA L +QGV+E+TLLGQNVN Y G M    +VAD ALL+ Y+A +  IERIRFTTSHP
Sbjct  181  VEVAGLADQGVKEVTLLGQNVNAYLGKMGGTAEVADFALLLEYVADITGIERIRFTTSHP  240

Query  241  SAFSENLIDAYAEEPKLANHLHLPVQSGSDRILAAMKRNYTVLEYKSKIRKLRAVRPDIS  300
            + F++ LIDAYA  PKL +HLHLPVQ GSDRIL AMKR YT +EYKS IRKLRA+RPD++
Sbjct  241  NEFTQRLIDAYARIPKLVSHLHLPVQHGSDRILMAMKRGYTAMEYKSTIRKLRAIRPDLA  300

Query  301  LSSDFIIGFPGETDADFEATMNLIHDMGFDHSFSFIYSPRPGTPAAQLPDDVPMAVKKER  360
            +SSDFI+GFPGET+ DF   M LI D+ FD+SFSFI+SPRPGTPAA L DD P  VK  R
Sbjct  301  MSSDFIVGFPGETEDDFGKMMKLIDDIHFDNSFSFIFSPRPGTPAASLHDDTPHEVKLRR  360

Query  361  LAILQNRINAKAAEISQSMVGTQQRILVTGPSKKYPDQLSGRTENNRVVNFNGDTPLIGQ  420
            L  LQ  INA    IS+S VGT QRILV G SK+   +L GRTE NRVVNF G   L+GQ
Sbjct  361  LQELQAVINANIKSISESRVGTVQRILVEGASKRDGSELMGRTECNRVVNFAGHPRLVGQ  420

Query  421  MVTIKIKEARPYSLWGEI  438
            MV + I EA+ Y+L GE+
Sbjct  421  MVDVTITEAKAYTLRGEV  438


>A2SD55 tRNA-2-methylthio-N(6)-dimethylallyladenosine synthase OS=Methylibium 
petroleiphilum (strain ATCC BAA-1232 / LMG 22953 / 
PM1) OX=420662 GN=miaB PE=3 SV=1
Length=457

 Score = 576 bits (1485),  Expect = 0.0, Method: Compositional matrix adjust.
 Identities = 284/443 (64%), Positives = 340/443 (77%), Gaps = 9/443 (2%)

Query  2    KKLYLKTHGCQMNEYDSAKMADVLKFSHGLELTEDPAVADVFLLNTCSVREKAQTKVFSE  61
            KK+++KT GCQMNEYDS KMADVL+ + G E T D   AD+ L NTCSVREKAQ KVFS+
Sbjct  8    KKVFIKTFGCQMNEYDSDKMADVLRAAEGYEPTTDVEQADLILFNTCSVREKAQEKVFSD  67

Query  62   LGRWRPFKEKRPHVVIGVGGCVASQEGETILKQAPFVDIVFGPQTLHRLPDLLDSVIQKR  121
            LGR +  K +   V IGVGGCVASQEG  ++++AP+VD+VFGPQTLHRLP++L     ++
Sbjct  68   LGRVKHLKAR--GVKIGVGGCVASQEGAALIERAPYVDVVFGPQTLHRLPEMLARRDAQQ  125

Query  122  KSVVDITFPEIEKFDRLPQPRAEGPSAFVSIMEGCSKYCTFCVVPYTRGEEISRPFDDVI  181
            +  VDI+FPEIEKFD LP  R +G +AFVSIMEGCSKYC++CVVPYTRGEE+SRPFDDV+
Sbjct  126  RPQVDISFPEIEKFDHLPPARVDGATAFVSIMEGCSKYCSYCVVPYTRGEEVSRPFDDVL  185

Query  182  AEVASLCEQGVREITLLGQNVNDYRGLMHD-GQVADLALLIHYLAAMDNIERIRFTTSHP  240
             EVASL +QGV+E+TLLGQNVN YRG M D  ++AD ALL+ Y+A +  I RIR+TTSHP
Sbjct  186  TEVASLADQGVKEVTLLGQNVNGYRGRMGDTAEIADFALLLEYVAEIPGIARIRYTTSHP  245

Query  241  SAFSENLIDAYAEEPKLANHLHLPVQSGSDRILAAMKRNYTVLEYKSKIRKLRAVRPDIS  300
            + FS+ LID YA  P+L NHLHLPVQ GSDRIL+AMKR YT LEYKS IRKLRA+RPDIS
Sbjct  246  NEFSQRLIDVYARVPQLVNHLHLPVQHGSDRILSAMKRGYTSLEYKSSIRKLRAIRPDIS  305

Query  301  LSSDFIIGFPGETDADFEATMNLIHDMGFDHSFSFIYSPRPGTPAAQLPDDVPMAVKKER  360
            LS+DFI+GFPGETD D   TM LI D+GFDHSFSFIYS RPGTPAA L DD P  +K  R
Sbjct  306  LSTDFIVGFPGETDDDHARTMKLIEDVGFDHSFSFIYSARPGTPAAALHDDAPRELKLAR  365

Query  361  LAILQNRINAKAAEISQSMVGTQQRILVTGPSKKYPD-----QLSGRTENNRVVNFNGDT  415
            L  +Q  I A    I QS VGT QRILV GPS++ P+     +L GRTE NR+VNF G  
Sbjct  366  LQQVQEAIEANGRRIGQSRVGTVQRILVEGPSRR-PELNAGHELMGRTECNRIVNFAGPA  424

Query  416  PLIGQMVTIKIKEARPYSLWGEI  438
             L GQ++ + I EA P+SL GE+
Sbjct  425  RLTGQLIDVTITEAYPHSLRGEV  447


>B4RNW8 tRNA-2-methylthio-N(6)-dimethylallyladenosine synthase OS=Neisseria 
gonorrhoeae (strain NCCP11945) OX=521006 GN=miaB PE=3 
SV=1
Length=442

 Score = 575 bits (1482),  Expect = 0.0, Method: Compositional matrix adjust.
 Identities = 275/439 (63%), Positives = 333/439 (76%), Gaps = 1/439 (0%)

Query  1    MKKLYLKTHGCQMNEYDSAKMADVLKFSHG-LELTEDPAVADVFLLNTCSVREKAQTKVF  59
            MKK++++T GCQMNEYDS KM  VL   HG +E       AD+ L NTCSVREKAQ KVF
Sbjct  1    MKKVFIRTFGCQMNEYDSEKMLSVLAEEHGGIEQVTQADEADIILFNTCSVREKAQEKVF  60

Query  60   SELGRWRPFKEKRPHVVIGVGGCVASQEGETILKQAPFVDIVFGPQTLHRLPDLLDSVIQ  119
            S+LGR RP KEK P ++IGV GCVASQEGE I+K+AP+VD+VFGPQTLHRLP ++     
Sbjct  61   SDLGRVRPLKEKNPGLIIGVAGCVASQEGENIIKRAPYVDVVFGPQTLHRLPKMIVDKET  120

Query  120  KRKSVVDITFPEIEKFDRLPQPRAEGPSAFVSIMEGCSKYCTFCVVPYTRGEEISRPFDD  179
               S VDI+FPEIEKFD LP  R EG +AFVSIMEGCSKYC+FCVVPYTRGEE SRP +D
Sbjct  121  SGLSQVDISFPEIEKFDHLPPARVEGGAAFVSIMEGCSKYCSFCVVPYTRGEEFSRPLND  180

Query  180  VIAEVASLCEQGVREITLLGQNVNDYRGLMHDGQVADLALLIHYLAAMDNIERIRFTTSH  239
            V+ E+A+L +QGV+EI LLGQNVN YRG M DG++ D A L+  +  +  IER+RFTTSH
Sbjct  181  VLTEIANLAQQGVKEINLLGQNVNAYRGEMDDGEICDFATLLRIVHEIPGIERMRFTTSH  240

Query  240  PSAFSENLIDAYAEEPKLANHLHLPVQSGSDRILAAMKRNYTVLEYKSKIRKLRAVRPDI  299
            P  F++++I+ Y + PKL +HLHLP+QSGSDR+L+AMKR YT LEYKS IRKLRA+RPD+
Sbjct  241  PREFTDSIIECYRDLPKLVSHLHLPIQSGSDRVLSAMKRGYTALEYKSIIRKLRAIRPDL  300

Query  300  SLSSDFIIGFPGETDADFEATMNLIHDMGFDHSFSFIYSPRPGTPAAQLPDDVPMAVKKE  359
             LSSDFI+GFPGET+ +FE T+ L+ D+ FD SF FIYSPRPGTPAA LPDD P   K  
Sbjct  301  CLSSDFIVGFPGETEREFEQTLKLVKDIAFDLSFVFIYSPRPGTPAANLPDDTPHEEKVR  360

Query  360  RLAILQNRINAKAAEISQSMVGTQQRILVTGPSKKYPDQLSGRTENNRVVNFNGDTPLIG  419
            RL  L   I A+ A I+Q+M+GT QR LV G SKK PDQL  RT NNRVVNF G   +I 
Sbjct  361  RLEALNEVIEAETARINQTMIGTVQRCLVEGISKKDPDQLQARTANNRVVNFTGTPDMIN  420

Query  420  QMVTIKIKEARPYSLWGEI  438
            QM+ ++I EA  +SL G+I
Sbjct  421  QMIDLEITEAYTFSLRGKI  439


>Q5P760 tRNA-2-methylthio-N(6)-dimethylallyladenosine synthase OS=Aromatoleum 
aromaticum (strain EbN1) OX=76114 GN=miaB PE=3 SV=1
Length=445

 Score = 575 bits (1482),  Expect = 0.0, Method: Compositional matrix adjust.
 Identities = 282/440 (64%), Positives = 337/440 (77%), Gaps = 2/440 (0%)

Query  1    MKKLYLKTHGCQMNEYDSAKMADVLKFSHGLELTEDPAVADVFLLNTCSVREKAQTKVFS  60
            MKKLY++T GCQMNEYDS KMADVL  S  L  T++P  ADV L NTCSVREKAQ +VF 
Sbjct  1    MKKLYIRTFGCQMNEYDSDKMADVLGASEELVKTDNPEEADVILFNTCSVREKAQERVFH  60

Query  61   ELGRWRPFKEKRPHVVIGVGGCVASQEGETILKQAPFVDIVFGPQTLHRLPDLLDSVIQK  120
            +LGR +  K+  P+++IGVGGCVASQEG+ I+ +AP+VD+VFGPQTLHRLP L+      
Sbjct  61   DLGRVKHLKQSNPNLIIGVGGCVASQEGDAIVARAPYVDVVFGPQTLHRLPQLIAERRHS  120

Query  121  RKSVVDITFPEIEKFDRLPQPRAEGPSAFVSIMEGCSKYCTFCVVPYTRGEEISRPFDDV  180
             +S VDI+FPEIEKFD +P  R EG SAFVSIMEGCSKYCTFCVVPYTRGEE+SRP DDV
Sbjct  121  GRSQVDISFPEIEKFDNMPPARVEGASAFVSIMEGCSKYCTFCVVPYTRGEEVSRPLDDV  180

Query  181  IAEVASLCEQGVREITLLGQNVNDYRGLM--HDGQVADLALLIHYLAAMDNIERIRFTTS  238
            +AEVA L  QGVRE+TLLGQNVN +RG +    G+  D A L+  +A +  IER+RFTTS
Sbjct  181  LAEVAGLAGQGVREVTLLGQNVNAWRGEITRDGGEQGDFAFLLECVAEIPGIERLRFTTS  240

Query  239  HPSAFSENLIDAYAEEPKLANHLHLPVQSGSDRILAAMKRNYTVLEYKSKIRKLRAVRPD  298
            HP   ++ + DAYA+ PKL +HLHLPVQSGSDRILAAMKR Y+VLE+KS +RKLRA RPD
Sbjct  241  HPREMTQRVFDAYAKIPKLVSHLHLPVQSGSDRILAAMKRGYSVLEFKSVVRKLRAARPD  300

Query  299  ISLSSDFIIGFPGETDADFEATMNLIHDMGFDHSFSFIYSPRPGTPAAQLPDDVPMAVKK  358
            +SLSSDFI+GFPGET+ DFE TM LI ++GFD SFSF+YSPRPGTPA+ L D VP   K 
Sbjct  301  LSLSSDFIVGFPGETEEDFEKTMKLIDEVGFDASFSFVYSPRPGTPASDLADPVPQETKL  360

Query  359  ERLAILQNRINAKAAEISQSMVGTQQRILVTGPSKKYPDQLSGRTENNRVVNFNGDTPLI  418
              LA LQ RI+ +A  ISQ+MVG  +R LV G S+K   +L+ RT NNRVVNF G+  LI
Sbjct  361  RWLARLQKRIDQQAQAISQAMVGRVERALVEGLSRKDATELAARTGNNRVVNFVGNPRLI  420

Query  419  GQMVTIKIKEARPYSLWGEI  438
            GQ V + I  A P+SL GEI
Sbjct  421  GQFVDLTITAALPHSLRGEI  440


>Q5FAI1 tRNA-2-methylthio-N(6)-dimethylallyladenosine synthase OS=Neisseria 
gonorrhoeae (strain ATCC 700825 / FA 1090) OX=242231 
GN=miaB PE=3 SV=1
Length=442

 Score = 575 bits (1481),  Expect = 0.0, Method: Compositional matrix adjust.
 Identities = 275/439 (63%), Positives = 333/439 (76%), Gaps = 1/439 (0%)

Query  1    MKKLYLKTHGCQMNEYDSAKMADVLKFSHG-LELTEDPAVADVFLLNTCSVREKAQTKVF  59
            MKK++++T GCQMNEYDS KM  VL   HG +E       AD+ L NTCSVREKAQ KVF
Sbjct  1    MKKVFIRTFGCQMNEYDSEKMLSVLAEEHGGIEQVTQADEADIILFNTCSVREKAQEKVF  60

Query  60   SELGRWRPFKEKRPHVVIGVGGCVASQEGETILKQAPFVDIVFGPQTLHRLPDLLDSVIQ  119
            S+LGR RP KEK P ++IGV GCVASQEGE I+K+AP+VD+VFGPQTLHRLP ++     
Sbjct  61   SDLGRVRPLKEKNPGLIIGVAGCVASQEGENIIKRAPYVDVVFGPQTLHRLPKMIVDKET  120

Query  120  KRKSVVDITFPEIEKFDRLPQPRAEGPSAFVSIMEGCSKYCTFCVVPYTRGEEISRPFDD  179
               S VDI+FPEIEKFD LP  R EG +AFVSIMEGCSKYC+FCVVPYTRGEE SRP +D
Sbjct  121  SGLSQVDISFPEIEKFDHLPPARVEGGAAFVSIMEGCSKYCSFCVVPYTRGEEFSRPLND  180

Query  180  VIAEVASLCEQGVREITLLGQNVNDYRGLMHDGQVADLALLIHYLAAMDNIERIRFTTSH  239
            V+ E+A+L +QGV+EI LLGQNVN YRG M DG++ D A L+  +  +  IER+RFTTSH
Sbjct  181  VLTEIANLAQQGVKEINLLGQNVNAYRGEMDDGEICDFATLLRIVHEIPGIERMRFTTSH  240

Query  240  PSAFSENLIDAYAEEPKLANHLHLPVQSGSDRILAAMKRNYTVLEYKSKIRKLRAVRPDI  299
            P  F++++I+ Y + PKL +HLHLP+QSGSDR+L+AMKR YT LEYKS IRKLRA+RPD+
Sbjct  241  PREFTDSIIECYRDLPKLVSHLHLPIQSGSDRVLSAMKRGYTALEYKSIIRKLRAIRPDL  300

Query  300  SLSSDFIIGFPGETDADFEATMNLIHDMGFDHSFSFIYSPRPGTPAAQLPDDVPMAVKKE  359
             LSSDFI+GFPGET+ +FE T+ L+ D+ FD SF FIYSPRPGTPAA LPDD P   K  
Sbjct  301  CLSSDFIVGFPGETEREFEQTLKLVKDIAFDLSFVFIYSPRPGTPAANLPDDTPHEEKVR  360

Query  360  RLAILQNRINAKAAEISQSMVGTQQRILVTGPSKKYPDQLSGRTENNRVVNFNGDTPLIG  419
            RL  L   I A+ A I+Q+M+GT QR LV G SKK PDQL  RT NNRVVNF G   +I 
Sbjct  361  RLEALNEVIEAETARINQTMIGTVQRCLVEGISKKDPDQLQARTVNNRVVNFTGTPDMIN  420

Query  420  QMVTIKIKEARPYSLWGEI  438
            QM+ ++I EA  +SL G+I
Sbjct  421  QMIDLEITEAYTFSLRGKI  439


>Q7MN00 tRNA-2-methylthio-N(6)-dimethylallyladenosine synthase OS=Vibrio 
vulnificus (strain YJ016) OX=196600 GN=miaB PE=3 SV=1
Length=474

 Score = 574 bits (1480),  Expect = 0.0, Method: Compositional matrix adjust.
 Identities = 283/437 (65%), Positives = 344/437 (79%), Gaps = 0/437 (0%)

Query  2    KKLYLKTHGCQMNEYDSAKMADVLKFSHGLELTEDPAVADVFLLNTCSVREKAQTKVFSE  61
            KKL +KT GCQMNEYDS+KMAD+L  ++G ELTE+P  ADV LLNTCS+REKAQ KVF +
Sbjct  3    KKLLIKTWGCQMNEYDSSKMADLLNAANGYELTEEPEEADVLLLNTCSIREKAQEKVFHQ  62

Query  62   LGRWRPFKEKRPHVVIGVGGCVASQEGETILKQAPFVDIVFGPQTLHRLPDLLDSVIQKR  121
            LGRW+  K+K+P VVIGVGGCVA+QEG+ I ++APFVD++FGPQTLHRLP+++     + 
Sbjct  63   LGRWKTLKDKKPGVVIGVGGCVATQEGDHIRERAPFVDVIFGPQTLHRLPEMIKQSQSED  122

Query  122  KSVVDITFPEIEKFDRLPQPRAEGPSAFVSIMEGCSKYCTFCVVPYTRGEEISRPFDDVI  181
              V+DI+FPEIEKFD LP+PRAEG +AFVSIMEGCSKYCT+CVVPYTRGEE+SRP DDV+
Sbjct  123  APVMDISFPEIEKFDSLPEPRAEGATAFVSIMEGCSKYCTYCVVPYTRGEEVSRPMDDVL  182

Query  182  AEVASLCEQGVREITLLGQNVNDYRGLMHDGQVADLALLIHYLAAMDNIERIRFTTSHPS  241
             E+A L EQGVRE+ LLGQNVN YRG MHDG++   A L+  +A++D I+RIRFTTSHP 
Sbjct  183  YEIAQLAEQGVREVNLLGQNVNAYRGPMHDGEICSFAELLRLVASIDGIDRIRFTTSHPL  242

Query  242  AFSENLIDAYAEEPKLANHLHLPVQSGSDRILAAMKRNYTVLEYKSKIRKLRAVRPDISL  301
             F++++I  Y + P+L + LHLPVQSGSDRIL  MKR +T +EYKS IRKLR  RPDI +
Sbjct  243  EFTDDIIAVYEDTPELVSFLHLPVQSGSDRILTMMKRPHTGIEYKSIIRKLRKARPDIQI  302

Query  302  SSDFIIGFPGETDADFEATMNLIHDMGFDHSFSFIYSPRPGTPAAQLPDDVPMAVKKERL  361
            SSDFI+GFPGETD DF+ TM LI D+ FD SFSFI+SPRPGTPAA  P D+    KKERL
Sbjct  303  SSDFIVGFPGETDKDFQDTMKLIKDVDFDMSFSFIFSPRPGTPAADYPCDLSEETKKERL  362

Query  362  AILQNRINAKAAEISQSMVGTQQRILVTGPSKKYPDQLSGRTENNRVVNFNGDTPLIGQM  421
              LQ +INA+A   S+ M+GT+QR+LV GPSKK   +L  RTENNRVVNF G   LIGQ 
Sbjct  363  YELQQQINAQAMRYSRLMLGTEQRVLVEGPSKKNLMELRARTENNRVVNFEGSADLIGQF  422

Query  422  VTIKIKEARPYSLWGEI  438
            V +KI +    SL GEI
Sbjct  423  VDVKITDVFANSLRGEI  439


>Q9JXV8 tRNA-2-methylthio-N(6)-dimethylallyladenosine synthase OS=Neisseria 
meningitidis serogroup B (strain MC58) OX=122586 GN=miaB 
PE=3 SV=1
Length=442

 Score = 574 bits (1479),  Expect = 0.0, Method: Compositional matrix adjust.
 Identities = 275/439 (63%), Positives = 333/439 (76%), Gaps = 1/439 (0%)

Query  1    MKKLYLKTHGCQMNEYDSAKMADVLKFSHG-LELTEDPAVADVFLLNTCSVREKAQTKVF  59
            MKK++++T GCQMNEYDS KM  VL   HG +E       AD+ L NTCSVREKAQ KVF
Sbjct  1    MKKVFIRTFGCQMNEYDSDKMLAVLAEEHGGIEQVTQADEADIILFNTCSVREKAQEKVF  60

Query  60   SELGRWRPFKEKRPHVVIGVGGCVASQEGETILKQAPFVDIVFGPQTLHRLPDLLDSVIQ  119
            S+LGR RP KEK P ++IGV GCVASQEGE I+K+AP+VD+VFGPQTLHRLP ++     
Sbjct  61   SDLGRVRPLKEKNPGLIIGVAGCVASQEGENIIKRAPYVDVVFGPQTLHRLPKMIVDKET  120

Query  120  KRKSVVDITFPEIEKFDRLPQPRAEGPSAFVSIMEGCSKYCTFCVVPYTRGEEISRPFDD  179
               S VDI+FPEIEKFD LP  R EG +AFVSIMEGCSKYC+FCVVPYTRGEE SRP +D
Sbjct  121  SGLSQVDISFPEIEKFDHLPPARVEGGAAFVSIMEGCSKYCSFCVVPYTRGEEFSRPLND  180

Query  180  VIAEVASLCEQGVREITLLGQNVNDYRGLMHDGQVADLALLIHYLAAMDNIERIRFTTSH  239
            V+ E+A+L +QGV+EI LLGQNVN YRG M DG++ D A L+  +  +  IER+RFTTSH
Sbjct  181  VLTEIANLAQQGVKEINLLGQNVNAYRGEMDDGEICDFATLLRIVHEIPGIERMRFTTSH  240

Query  240  PSAFSENLIDAYAEEPKLANHLHLPVQSGSDRILAAMKRNYTVLEYKSKIRKLRAVRPDI  299
            P  F++++I+ Y + PKL +HLHLP+QSGSDR+L+AMKR YT LEYKS IRKLRA+RPD+
Sbjct  241  PREFTDSIIECYRDLPKLVSHLHLPIQSGSDRVLSAMKRGYTALEYKSIIRKLRAIRPDL  300

Query  300  SLSSDFIIGFPGETDADFEATMNLIHDMGFDHSFSFIYSPRPGTPAAQLPDDVPMAVKKE  359
             LSSDFI+GFPGET+ +FE T+ L+ D+ FD SF FIYSPRPGTPAA LPDD P   K  
Sbjct  301  CLSSDFIVGFPGETEREFEQTLKLVKDIAFDLSFVFIYSPRPGTPAANLPDDTPHEEKVR  360

Query  360  RLAILQNRINAKAAEISQSMVGTQQRILVTGPSKKYPDQLSGRTENNRVVNFNGDTPLIG  419
            RL  L   I A+ A I+Q+MVGT QR LV G SKK PDQL  RT NNRVVNF G   +I 
Sbjct  361  RLEALNEVIEAETARINQTMVGTVQRCLVEGISKKDPDQLQARTANNRVVNFTGTPDMIN  420

Query  420  QMVTIKIKEARPYSLWGEI  438
            QM+ ++I EA  +SL G++
Sbjct  421  QMIDLEITEAYTFSLRGKV  439


>B2VBL4 tRNA-2-methylthio-N(6)-dimethylallyladenosine synthase OS=Erwinia 
tasmaniensis (strain DSM 17950 / CFBP 7177 / CIP 109463 
/ NCPPB 4357 / Et1/99) OX=465817 GN=miaB PE=3 SV=2
Length=474

 Score = 574 bits (1479),  Expect = 0.0, Method: Compositional matrix adjust.
 Identities = 277/435 (64%), Positives = 335/435 (77%), Gaps = 0/435 (0%)

Query  2    KKLYLKTHGCQMNEYDSAKMADVLKFSHGLELTEDPAVADVFLLNTCSVREKAQTKVFSE  61
            KKL++KT GCQMNEYDS+KMAD+L  +HG  LTE    ADV LLNTCS+REKAQ KVF+ 
Sbjct  3    KKLHIKTWGCQMNEYDSSKMADLLNSTHGYTLTEQAEDADVLLLNTCSIREKAQEKVFAL  62

Query  62   LGRWRPFKEKRPHVVIGVGGCVASQEGETILKQAPFVDIVFGPQTLHRLPDLLDSVIQKR  121
            LGRW+  KE  P ++IGVGGCVASQEG  I ++A  VDIVFGPQTLHRLP++++SV   R
Sbjct  63   LGRWKKLKESNPDMIIGVGGCVASQEGAQIRQRASCVDIVFGPQTLHRLPEMINSVRGTR  122

Query  122  KSVVDITFPEIEKFDRLPQPRAEGPSAFVSIMEGCSKYCTFCVVPYTRGEEISRPFDDVI  181
              VVD++FPEIEKFDR+P+PRA+GP+AFVSIMEGC+KYCTFCVVPYTRGEE+SRP DD++
Sbjct  123  SPVVDVSFPEIEKFDRMPEPRADGPTAFVSIMEGCNKYCTFCVVPYTRGEEVSRPSDDIL  182

Query  182  AEVASLCEQGVREITLLGQNVNDYRGLMHDGQVADLALLIHYLAAMDNIERIRFTTSHPS  241
             EVA L  QGVRE+ LLGQNVN YRG   DG +   A L+  +AA+D I+RIRFTTSHP 
Sbjct  183  FEVAQLAAQGVREVNLLGQNVNAYRGETFDGGICSFAELLRLVAAIDGIDRIRFTTSHPI  242

Query  242  AFSENLIDAYAEEPKLANHLHLPVQSGSDRILAAMKRNYTVLEYKSKIRKLRAVRPDISL  301
             F++++ID Y + P+L + LHLPVQSG+DRIL  MKR +T LEYK+ IRKL A RP+I +
Sbjct  243  EFNDDIIDVYRDTPELVSFLHLPVQSGADRILTLMKRAHTALEYKAIIRKLLAARPNIQI  302

Query  302  SSDFIIGFPGETDADFEATMNLIHDMGFDHSFSFIYSPRPGTPAAQLPDDVPMAVKKERL  361
            SSDFIIGFPGET ADFE TM LI ++ FD S+SFIYS RPGTPAA LPDDV    KK+RL
Sbjct  303  SSDFIIGFPGETQADFEQTMKLIGEINFDISYSFIYSARPGTPAADLPDDVSEDEKKQRL  362

Query  362  AILQNRINAKAAEISQSMVGTQQRILVTGPSKKYPDQLSGRTENNRVVNFNGDTPLIGQM  421
             ILQ+RIN +    S+  +GT QRILV G S+K   +LSGRTE NRVVNF G    IG+ 
Sbjct  363  YILQDRINQQTTAWSRRKLGTVQRILVEGTSRKNVMELSGRTECNRVVNFEGSPEHIGKF  422

Query  422  VTIKIKEARPYSLWG  436
            V ++I +    SL G
Sbjct  423  VDVEITDVYANSLRG  437


>Q6D7K6 tRNA-2-methylthio-N(6)-dimethylallyladenosine synthase OS=Pectobacterium 
atrosepticum (strain SCRI 1043 / ATCC BAA-672) OX=218491 
GN=miaB PE=3 SV=1
Length=474

 Score = 573 bits (1477),  Expect = 0.0, Method: Compositional matrix adjust.
 Identities = 271/435 (62%), Positives = 338/435 (78%), Gaps = 0/435 (0%)

Query  2    KKLYLKTHGCQMNEYDSAKMADVLKFSHGLELTEDPAVADVFLLNTCSVREKAQTKVFSE  61
            KKL++KT GCQMNEYDS+KMAD+L  +HG ELTE    ADV LLNTCS+REKAQ KVF +
Sbjct  3    KKLHIKTWGCQMNEYDSSKMADLLGSTHGYELTEIAEEADVLLLNTCSIREKAQEKVFHQ  62

Query  62   LGRWRPFKEKRPHVVIGVGGCVASQEGETILKQAPFVDIVFGPQTLHRLPDLLDSVIQKR  121
            LGRW+  K+  P+++IGVGGCVASQEG  I ++A +VD++FGPQTLHRLP++++ V   R
Sbjct  63   LGRWKALKDLNPNLIIGVGGCVASQEGAHIRERAHYVDVIFGPQTLHRLPEMINHVQGTR  122

Query  122  KSVVDITFPEIEKFDRLPQPRAEGPSAFVSIMEGCSKYCTFCVVPYTRGEEISRPFDDVI  181
              +VDI+FPEIEKFDRLP+PRA+GP+AFVSIMEGC+KYCTFCVVPYTRGEE+SRP DDV+
Sbjct  123  SPIVDISFPEIEKFDRLPEPRADGPTAFVSIMEGCNKYCTFCVVPYTRGEEVSRPCDDVL  182

Query  182  AEVASLCEQGVREITLLGQNVNDYRGLMHDGQVADLALLIHYLAAMDNIERIRFTTSHPS  241
             E+A L  QGVRE+ LLGQNVN YRG  +DG++   A L+  +AA+D I+R+RFTTSHP 
Sbjct  183  FEIAQLAAQGVREVNLLGQNVNAYRGETYDGEICSFAELLRLVAAIDGIDRVRFTTSHPI  242

Query  242  AFSENLIDAYAEEPKLANHLHLPVQSGSDRILAAMKRNYTVLEYKSKIRKLRAVRPDISL  301
             F++++I  Y + P+L + LHLPVQSGSDR+L  MKR +T LEYK+ IRKL   RP I +
Sbjct  243  EFTDDIISVYEDTPELVSFLHLPVQSGSDRVLTMMKRRHTALEYKAIIRKLHNARPGILI  302

Query  302  SSDFIIGFPGETDADFEATMNLIHDMGFDHSFSFIYSPRPGTPAAQLPDDVPMAVKKERL  361
            SSDFIIGFPGET ADFE TM LI D+ FD S+SF+YS RPGTPAA + DDV    KK+RL
Sbjct  303  SSDFIIGFPGETQADFEQTMKLIADVNFDMSYSFVYSARPGTPAADMVDDVLEEEKKQRL  362

Query  362  AILQNRINAKAAEISQSMVGTQQRILVTGPSKKYPDQLSGRTENNRVVNFNGDTPLIGQM  421
             +LQ+RI  +A   S+ M+GT QRILV G S+K   +LSGRTENNRVVNF G   +IG+ 
Sbjct  363  YLLQDRITKQAMRFSRLMLGTVQRILVEGTSRKSVMELSGRTENNRVVNFEGTPDMIGKF  422

Query  422  VTIKIKEARPYSLWG  436
            V ++I +    SL G
Sbjct  423  VDVEIVDVYTNSLRG  437


>A1IQ34 tRNA-2-methylthio-N(6)-dimethylallyladenosine synthase OS=Neisseria 
meningitidis serogroup A / serotype 4A (strain DSM 15465 
/ Z2491) OX=122587 GN=miaB PE=3 SV=1
Length=442

 Score = 572 bits (1473),  Expect = 0.0, Method: Compositional matrix adjust.
 Identities = 274/439 (62%), Positives = 333/439 (76%), Gaps = 1/439 (0%)

Query  1    MKKLYLKTHGCQMNEYDSAKMADVLKFSHG-LELTEDPAVADVFLLNTCSVREKAQTKVF  59
            MKK++++T GCQMNEYDS KM  VL   HG +E       AD+ L NTCSVREKAQ KVF
Sbjct  1    MKKVFIRTFGCQMNEYDSDKMLAVLAEEHGGIEQVTQADEADIILFNTCSVREKAQEKVF  60

Query  60   SELGRWRPFKEKRPHVVIGVGGCVASQEGETILKQAPFVDIVFGPQTLHRLPDLLDSVIQ  119
            S+LGR RP KEK+P ++IGV GCVASQEGE I+K+AP+VD+VFGPQTLHRLP ++     
Sbjct  61   SDLGRVRPLKEKKPGLIIGVAGCVASQEGENIIKRAPYVDVVFGPQTLHRLPKMIVDKET  120

Query  120  KRKSVVDITFPEIEKFDRLPQPRAEGPSAFVSIMEGCSKYCTFCVVPYTRGEEISRPFDD  179
               S VDI+FPEIEKFD LP  R EG +AFVSIMEGCSKYC+FCVVPYTRGEE SRP +D
Sbjct  121  SGLSQVDISFPEIEKFDHLPPARVEGGAAFVSIMEGCSKYCSFCVVPYTRGEEFSRPLND  180

Query  180  VIAEVASLCEQGVREITLLGQNVNDYRGLMHDGQVADLALLIHYLAAMDNIERIRFTTSH  239
            V+ E+A+L +QGV+EI LLGQNVN YRG M DG++ D A L+  +  +  IER+RFTTSH
Sbjct  181  VLTEIANLAQQGVKEINLLGQNVNAYRGEMDDGEICDFATLLRIVHEIPGIERMRFTTSH  240

Query  240  PSAFSENLIDAYAEEPKLANHLHLPVQSGSDRILAAMKRNYTVLEYKSKIRKLRAVRPDI  299
            P  F++++I+ Y + PKL +HLHLP+QSGSDR+L+AMKR YT LEYKS IRKLRA+RPD+
Sbjct  241  PREFTDSIIECYRDLPKLVSHLHLPIQSGSDRVLSAMKRGYTALEYKSIIRKLRAIRPDL  300

Query  300  SLSSDFIIGFPGETDADFEATMNLIHDMGFDHSFSFIYSPRPGTPAAQLPDDVPMAVKKE  359
             LSSDFI+GFPGET+ +FE T+ L+ D+ FD SF FIYSPRPGTPAA L DD P   K  
Sbjct  301  CLSSDFIVGFPGETEREFEQTLKLVKDIAFDLSFVFIYSPRPGTPAANLHDDTPHEEKVR  360

Query  360  RLAILQNRINAKAAEISQSMVGTQQRILVTGPSKKYPDQLSGRTENNRVVNFNGDTPLIG  419
            RL  L   I A+ A I+Q+M+GT QR LV G SKK PDQL  RT NNRVVNF G   +I 
Sbjct  361  RLEALNEVIEAETARINQTMIGTVQRCLVEGISKKDPDQLQARTANNRVVNFTGTPDMIN  420

Query  420  QMVTIKIKEARPYSLWGEI  438
            QM+ ++I EA  +SL G+I
Sbjct  421  QMIDLEITEAYTFSLRGKI  439


>Q8DFE8 tRNA-2-methylthio-N(6)-dimethylallyladenosine synthase OS=Vibrio 
vulnificus (strain CMCP6) OX=216895 GN=miaB PE=3 SV=1
Length=474

 Score = 570 bits (1470),  Expect = 0.0, Method: Compositional matrix adjust.
 Identities = 281/437 (64%), Positives = 343/437 (78%), Gaps = 0/437 (0%)

Query  2    KKLYLKTHGCQMNEYDSAKMADVLKFSHGLELTEDPAVADVFLLNTCSVREKAQTKVFSE  61
            KKL +KT GCQMNEYDS+KMAD+L  ++G ELTE+P  ADV LLNTCS+REKAQ KVF +
Sbjct  3    KKLLIKTWGCQMNEYDSSKMADLLNAANGYELTEEPEEADVLLLNTCSIREKAQEKVFHQ  62

Query  62   LGRWRPFKEKRPHVVIGVGGCVASQEGETILKQAPFVDIVFGPQTLHRLPDLLDSVIQKR  121
            LGRW+  K+K+P VVIGVGGCVA+QEG+ I ++APFVD++FGPQTLHRLP+++     + 
Sbjct  63   LGRWKTLKDKKPGVVIGVGGCVATQEGDHIRERAPFVDVIFGPQTLHRLPEMIKQSQSED  122

Query  122  KSVVDITFPEIEKFDRLPQPRAEGPSAFVSIMEGCSKYCTFCVVPYTRGEEISRPFDDVI  181
              V+DI+FPEIEKFD LP+PRAEG +AFVSIMEGCSKYCT+CVVPYTRGEE+SRP DDV+
Sbjct  123  APVMDISFPEIEKFDSLPEPRAEGATAFVSIMEGCSKYCTYCVVPYTRGEEVSRPMDDVL  182

Query  182  AEVASLCEQGVREITLLGQNVNDYRGLMHDGQVADLALLIHYLAAMDNIERIRFTTSHPS  241
             E+A L EQGVRE+ LLGQNVN YRG  HDG++   A L+  +A++D I+RIRFTTSHP 
Sbjct  183  YEIAQLAEQGVREVNLLGQNVNAYRGPTHDGEICSFAELLRLVASIDGIDRIRFTTSHPL  242

Query  242  AFSENLIDAYAEEPKLANHLHLPVQSGSDRILAAMKRNYTVLEYKSKIRKLRAVRPDISL  301
             F++++I  Y + P+L + LHLPVQSGSDRIL  MKR +T +EYKS IRKLR  RPDI +
Sbjct  243  EFTDDIIAVYEDTPELVSFLHLPVQSGSDRILTMMKRPHTGIEYKSIIRKLRKARPDIQI  302

Query  302  SSDFIIGFPGETDADFEATMNLIHDMGFDHSFSFIYSPRPGTPAAQLPDDVPMAVKKERL  361
            SSDFI+GFPGE+D DF+ TM LI D+ FD SFSFI+SPRPGTPAA  P D+    KKERL
Sbjct  303  SSDFIVGFPGESDKDFQDTMKLIKDVDFDMSFSFIFSPRPGTPAADYPCDLSEETKKERL  362

Query  362  AILQNRINAKAAEISQSMVGTQQRILVTGPSKKYPDQLSGRTENNRVVNFNGDTPLIGQM  421
              LQ +INA+A   S+ M+GT+QR+LV GPSKK   +L  RTENNRVVNF G   LIGQ 
Sbjct  363  YELQQQINAQAMRYSRLMLGTEQRVLVEGPSKKNLMELRARTENNRVVNFEGSADLIGQF  422

Query  422  VTIKIKEARPYSLWGEI  438
            V +KI +    SL GEI
Sbjct  423  VDVKITDVFANSLRGEI  439


>A1KS33 tRNA-2-methylthio-N(6)-dimethylallyladenosine synthase OS=Neisseria 
meningitidis serogroup C / serotype 2a (strain ATCC 700532 
/ DSM 15464 / FAM18) OX=272831 GN=miaB PE=3 SV=1
Length=442

 Score = 570 bits (1469),  Expect = 0.0, Method: Compositional matrix adjust.
 Identities = 273/439 (62%), Positives = 332/439 (76%), Gaps = 1/439 (0%)

Query  1    MKKLYLKTHGCQMNEYDSAKMADVLKFSHG-LELTEDPAVADVFLLNTCSVREKAQTKVF  59
            MKK++++T GCQMNEYDS KM  VL   HG +E       AD+ L NTCSVREKAQ KVF
Sbjct  1    MKKVFIRTFGCQMNEYDSDKMLAVLAEEHGGIEQVTQADEADIILFNTCSVREKAQEKVF  60

Query  60   SELGRWRPFKEKRPHVVIGVGGCVASQEGETILKQAPFVDIVFGPQTLHRLPDLLDSVIQ  119
            S+LGR RP KEK P ++IGV GCVASQEGE I+K+AP+VD+VFGPQTLHRLP ++     
Sbjct  61   SDLGRVRPLKEKNPGLIIGVAGCVASQEGENIIKRAPYVDVVFGPQTLHRLPKMIVDKET  120

Query  120  KRKSVVDITFPEIEKFDRLPQPRAEGPSAFVSIMEGCSKYCTFCVVPYTRGEEISRPFDD  179
               S VDI+FPEIEKFD LP  R EG +AFVSIMEGCSKYC+FCVVPYTRGEE SRP +D
Sbjct  121  SGLSQVDISFPEIEKFDHLPPARVEGGAAFVSIMEGCSKYCSFCVVPYTRGEEFSRPLND  180

Query  180  VIAEVASLCEQGVREITLLGQNVNDYRGLMHDGQVADLALLIHYLAAMDNIERIRFTTSH  239
            V+ E+A+L +QGV+EI LLGQNVN YRG M DG++ D A L+  +  +  IER+RFTTSH
Sbjct  181  VLTEIANLAQQGVKEINLLGQNVNAYRGEMDDGEICDFATLLRIVHEIPGIERMRFTTSH  240

Query  240  PSAFSENLIDAYAEEPKLANHLHLPVQSGSDRILAAMKRNYTVLEYKSKIRKLRAVRPDI  299
            P  F++++I+ Y + PKL +HLHLP+QSGSDR+L+AMKR YT LEYKS IRKLRA+RPD+
Sbjct  241  PREFTDSIIECYRDLPKLVSHLHLPIQSGSDRVLSAMKRGYTALEYKSIIRKLRAIRPDL  300

Query  300  SLSSDFIIGFPGETDADFEATMNLIHDMGFDHSFSFIYSPRPGTPAAQLPDDVPMAVKKE  359
             LSSDFI+GFPGET+ +FE T+ L+ D+ FD SF FIYSPRPGTPAA L DD P   K  
Sbjct  301  CLSSDFIVGFPGETEREFEQTLKLVKDIAFDLSFVFIYSPRPGTPAANLHDDTPHEEKVR  360

Query  360  RLAILQNRINAKAAEISQSMVGTQQRILVTGPSKKYPDQLSGRTENNRVVNFNGDTPLIG  419
            RL  L   I A+ A I+Q+M+GT QR LV G SKK PDQL  RT NNRVVNF G   +I 
Sbjct  361  RLEALNEVIEAETARINQTMIGTVQRCLVEGISKKDPDQLQARTANNRVVNFTGTPDMIN  420

Query  420  QMVTIKIKEARPYSLWGEI  438
            QM+ ++I EA  +SL G++
Sbjct  421  QMIDLEITEAYTFSLRGKV  439


>A7N1G9 tRNA-2-methylthio-N(6)-dimethylallyladenosine synthase OS=Vibrio 
campbellii (strain ATCC BAA-1116 / BB120) OX=338187 GN=miaB 
PE=3 SV=1
Length=474

 Score = 570 bits (1468),  Expect = 0.0, Method: Compositional matrix adjust.
 Identities = 278/437 (64%), Positives = 342/437 (78%), Gaps = 0/437 (0%)

Query  2    KKLYLKTHGCQMNEYDSAKMADVLKFSHGLELTEDPAVADVFLLNTCSVREKAQTKVFSE  61
            KKL +KT GCQMNEYDS+KMAD+L  ++G ELTE+P  ADV LLNTCS+REKAQ KVF +
Sbjct  3    KKLLIKTWGCQMNEYDSSKMADLLNAANGYELTEEPEEADVLLLNTCSIREKAQEKVFHQ  62

Query  62   LGRWRPFKEKRPHVVIGVGGCVASQEGETILKQAPFVDIVFGPQTLHRLPDLLDSVIQKR  121
            LGRW+  K+K+P VVIGVGGCVA+QEG+ I ++AP+VD++FGPQTLHRLP+++       
Sbjct  63   LGRWKTLKDKKPGVVIGVGGCVATQEGDHIRQRAPYVDVIFGPQTLHRLPEMIKQSQSDE  122

Query  122  KSVVDITFPEIEKFDRLPQPRAEGPSAFVSIMEGCSKYCTFCVVPYTRGEEISRPFDDVI  181
              V+DI+FPEIEKFDRLP+PRAEG +AFVSIMEGCSKYCT+CVVPYTRGEE+SRP DDV+
Sbjct  123  APVMDISFPEIEKFDRLPEPRAEGATAFVSIMEGCSKYCTYCVVPYTRGEEVSRPMDDVL  182

Query  182  AEVASLCEQGVREITLLGQNVNDYRGLMHDGQVADLALLIHYLAAMDNIERIRFTTSHPS  241
             E+A L +QGVRE+ LLGQNVN YRG MHDG++   A L+  +A++D I+RIRFTTSHP 
Sbjct  183  FEIAQLADQGVREVNLLGQNVNAYRGPMHDGEICSFAELLRLVASIDGIDRIRFTTSHPL  242

Query  242  AFSENLIDAYAEEPKLANHLHLPVQSGSDRILAAMKRNYTVLEYKSKIRKLRAVRPDISL  301
             F++++I  Y + P+L + LHLPVQSGSDR+L  MKR +T +EYKS IRKLR  RPDI +
Sbjct  243  EFTDDIIAVYEDTPELVSFLHLPVQSGSDRVLTMMKRPHTGIEYKSIIRKLRKARPDIQI  302

Query  302  SSDFIIGFPGETDADFEATMNLIHDMGFDHSFSFIYSPRPGTPAAQLPDDVPMAVKKERL  361
            SSDFI+GFPGETD DF+ TM LI D+ FD SFSFI+SPRPGTPAA  P D+   VKKERL
Sbjct  303  SSDFIVGFPGETDKDFQDTMKLIKDVDFDMSFSFIFSPRPGTPAADYPCDLSEQVKKERL  362

Query  362  AILQNRINAKAAEISQSMVGTQQRILVTGPSKKYPDQLSGRTENNRVVNFNGDTPLIGQM  421
              LQ  +N +A   S+ M+ T+QR+LV GPSKK   +L  RTENNRVVNF G   LIGQ 
Sbjct  363  YELQQTVNTQAMRYSRQMLDTEQRVLVEGPSKKNLMELRARTENNRVVNFEGSADLIGQF  422

Query  422  VTIKIKEARPYSLWGEI  438
            V +KI +    SL GE+
Sbjct  423  VDVKITDVFANSLRGEL  439


>A1WIL9 tRNA-2-methylthio-N(6)-dimethylallyladenosine synthase OS=Verminephrobacter 
eiseniae (strain EF01-2) OX=391735 GN=miaB PE=3 
SV=1
Length=450

 Score = 569 bits (1467),  Expect = 0.0, Method: Compositional matrix adjust.
 Identities = 279/439 (64%), Positives = 335/439 (76%), Gaps = 3/439 (1%)

Query  2    KKLYLKTHGCQMNEYDSAKMADVLKFSHGLELTEDPAVADVFLLNTCSVREKAQTKVFSE  61
            KK+++KT GCQMNEYDS KMADVL  + G E T++   AD+ L NTCSVREKAQ KVFS+
Sbjct  3    KKVFIKTFGCQMNEYDSDKMADVLHAAQGYEPTQNVEEADLILFNTCSVREKAQEKVFSD  62

Query  62   LGRWRPFKEKRPHVVIGVGGCVASQEGETILKQAPFVDIVFGPQTLHRLPDLLDSVIQKR  121
            LGR +  K +   V IGVGGCVASQEG  I+++AP+VD+VFGPQTLHRLP+LL    +  
Sbjct  63   LGRVKHLKAR--GVRIGVGGCVASQEGAEIIRRAPYVDVVFGPQTLHRLPELLQQRERLD  120

Query  122  KSVVDITFPEIEKFDRLPQPRAEGPSAFVSIMEGCSKYCTFCVVPYTRGEEISRPFDDVI  181
            +  +DI+FPEIEKFD LP    +G SAFVSIMEGCSKYC++CVVPYTRGEE+SRP DDV+
Sbjct  121  QPQIDISFPEIEKFDHLPAASVQGASAFVSIMEGCSKYCSYCVVPYTRGEEVSRPLDDVL  180

Query  182  AEVASLCEQGVREITLLGQNVNDYRGLM-HDGQVADLALLIHYLAAMDNIERIRFTTSHP  240
             EVA L +QGV+E+TLLGQNVN YRG M    Q ADLALL+ Y+A +  +ERIR+TTSHP
Sbjct  181  VEVAGLADQGVKEVTLLGQNVNAYRGRMGSTAQRADLALLLDYVAGIPGVERIRYTTSHP  240

Query  241  SAFSENLIDAYAEEPKLANHLHLPVQSGSDRILAAMKRNYTVLEYKSKIRKLRAVRPDIS  300
            + F+  LI+AYA  PKLANHLHLPVQ GSDRIL AMKR YT +EYKS +RKLRA+RPD++
Sbjct  241  NEFTPRLIEAYARLPKLANHLHLPVQHGSDRILMAMKRGYTAMEYKSTVRKLRAIRPDLA  300

Query  301  LSSDFIIGFPGETDADFEATMNLIHDMGFDHSFSFIYSPRPGTPAAQLPDDVPMAVKKER  360
            LSSDFI+GFPGET  DF+  M LI ++ FD+SFSF++SPRPGTPAA LPDD P  VK  R
Sbjct  301  LSSDFIVGFPGETQDDFDKLMRLIAEVHFDNSFSFVFSPRPGTPAAGLPDDTPHEVKLRR  360

Query  361  LAILQNRINAKAAEISQSMVGTQQRILVTGPSKKYPDQLSGRTENNRVVNFNGDTPLIGQ  420
            L  LQ  I+     IS S VGT QRILV G S++   +L GRTE NRVVNF G   L+GQ
Sbjct  361  LQQLQGVIDTHIRSISASRVGTVQRILVEGASRRDAAELMGRTECNRVVNFAGPPHLVGQ  420

Query  421  MVTIKIKEARPYSLWGEIC  439
            MV + I EAR Y+L G+ C
Sbjct  421  MVELTITEARAYTLRGQYC  439


>A1SSC4 tRNA-2-methylthio-N(6)-dimethylallyladenosine synthase OS=Psychromonas 
ingrahamii (strain 37) OX=357804 GN=miaB PE=3 SV=1
Length=473

 Score = 568 bits (1464),  Expect = 0.0, Method: Compositional matrix adjust.
 Identities = 267/435 (61%), Positives = 338/435 (78%), Gaps = 0/435 (0%)

Query  3    KLYLKTHGCQMNEYDSAKMADVLKFSHGLELTEDPAVADVFLLNTCSVREKAQTKVFSEL  62
            KL++KT GCQMNEYDS+KMAD+L  ++G    E    ADV LLNTCS+REKAQ KVF +L
Sbjct  4    KLHVKTWGCQMNEYDSSKMADLLNSTNGYISVEHAEDADVVLLNTCSIREKAQEKVFHQL  63

Query  63   GRWRPFKEKRPHVVIGVGGCVASQEGETILKQAPFVDIVFGPQTLHRLPDLLDSVIQKRK  122
            GRW+  K  +P++VIGVGGCVASQEG+ I  +APFVDIVFGPQTLHRLP+++  V + + 
Sbjct  64   GRWKKLKVNKPNLVIGVGGCVASQEGKAIRSRAPFVDIVFGPQTLHRLPEMIKEVQENKG  123

Query  123  SVVDITFPEIEKFDRLPQPRAEGPSAFVSIMEGCSKYCTFCVVPYTRGEEISRPFDDVIA  182
            +VVD++FPEIEKFD LP+P+A+G +AFVSIMEGCSKYC+FCVVPYTRGEE+SRP DDV+ 
Sbjct  124  TVVDVSFPEIEKFDSLPEPKADGATAFVSIMEGCSKYCSFCVVPYTRGEEVSRPLDDVLL  183

Query  183  EVASLCEQGVREITLLGQNVNDYRGLMHDGQVADLALLIHYLAAMDNIERIRFTTSHPSA  242
            EVA L EQGVRE+TLLGQNVN Y G  +DG     A L+ ++A++D I+R+R+ TS+P  
Sbjct  184  EVAQLAEQGVREVTLLGQNVNSYLGATYDGDTCSFAELLRFVASIDGIDRLRYVTSNPID  243

Query  243  FSENLIDAYAEEPKLANHLHLPVQSGSDRILAAMKRNYTVLEYKSKIRKLRAVRPDISLS  302
            FS+ +I  Y + P+L N LHLPVQ+GSDRILAAMKR +TV +YK +I +L  VRP++++S
Sbjct  244  FSDEIIAVYEDTPELVNFLHLPVQAGSDRILAAMKRGHTVAQYKDQIARLLQVRPELTVS  303

Query  303  SDFIIGFPGETDADFEATMNLIHDMGFDHSFSFIYSPRPGTPAAQLPDDVPMAVKKERLA  362
            SDFIIGFP ETD DFE TM+LI  + FD S+SFIYS RPGTPAA +PDDV +  KK+RLA
Sbjct  304  SDFIIGFPNETDHDFEQTMDLIKYINFDTSYSFIYSQRPGTPAADMPDDVTLETKKQRLA  363

Query  363  ILQNRINAKAAEISQSMVGTQQRILVTGPSKKYPDQLSGRTENNRVVNFNGDTPLIGQMV  422
            ILQ+RI  ++  I + MVG+ QRILV GPS+K   +L GRTENNR+VNF GD   IG  V
Sbjct  364  ILQDRIQQQSQGIGRKMVGSVQRILVEGPSRKNIMELCGRTENNRIVNFEGDHRSIGGFV  423

Query  423  TIKIKEARPYSLWGE  437
             ++I E    S+ G+
Sbjct  424  DVEITEVHTNSIRGK  438


>A1VSP2 tRNA-2-methylthio-N(6)-dimethylallyladenosine synthase OS=Polaromonas 
naphthalenivorans (strain CJ2) OX=365044 GN=miaB PE=3 
SV=1
Length=447

 Score = 566 bits (1460),  Expect = 0.0, Method: Compositional matrix adjust.
 Identities = 278/438 (63%), Positives = 336/438 (77%), Gaps = 3/438 (1%)

Query  2    KKLYLKTHGCQMNEYDSAKMADVLKFSHGLELTEDPAVADVFLLNTCSVREKAQTKVFSE  61
            KK+++KT GCQMNEYDS KM+DVL  + G E T++   AD+ L NTCSVREKAQ KVFS+
Sbjct  3    KKVFIKTFGCQMNEYDSDKMSDVLHAAEGYENTQNIDEADLILFNTCSVREKAQEKVFSD  62

Query  62   LGRWRPFKEKRPHVVIGVGGCVASQEGETILKQAPFVDIVFGPQTLHRLPDLLDSVIQKR  121
            LGR +  K K   V+IGVGGCVASQEGE I+++AP+VD+VFGPQTLHRLP LL S  +  
Sbjct  63   LGRVKHLKAK--GVLIGVGGCVASQEGEAIIQRAPYVDVVFGPQTLHRLPQLLASRARLG  120

Query  122  KSVVDITFPEIEKFDRLPQPRAEGPSAFVSIMEGCSKYCTFCVVPYTRGEEISRPFDDVI  181
            K  VDI+FPEIEKFD LP  R EG SAFVSIMEGCSKYC++CVVPYTRGEE+SRPF+DV+
Sbjct  121  KPQVDISFPEIEKFDHLPPARVEGASAFVSIMEGCSKYCSYCVVPYTRGEEVSRPFEDVL  180

Query  182  AEVASLCEQGVREITLLGQNVNDYRGLMHD-GQVADLALLIHYLAAMDNIERIRFTTSHP  240
             EVA L +QGV+E+TLLGQNVN YRG M    ++AD A L+ Y++ +  IERIR+ TSHP
Sbjct  181  VEVAGLADQGVKEVTLLGQNVNAYRGSMGGTAEIADFATLLEYVSEIPGIERIRYITSHP  240

Query  241  SAFSENLIDAYAEEPKLANHLHLPVQSGSDRILAAMKRNYTVLEYKSKIRKLRAVRPDIS  300
            + F++ LIDAYA  PKL NHLHLPVQ GSDRIL AMKR YT +EYKS IRKLRA+RPD++
Sbjct  241  NEFTQRLIDAYATLPKLVNHLHLPVQHGSDRILMAMKRGYTAMEYKSTIRKLRAIRPDLA  300

Query  301  LSSDFIIGFPGETDADFEATMNLIHDMGFDHSFSFIYSPRPGTPAAQLPDDVPMAVKKER  360
            +SSDFI+GFPGET+ DFE  M L++D+G+D SFSFI+SPRPGTPAA L DD P  VK +R
Sbjct  301  MSSDFIVGFPGETEDDFEKLMKLVNDVGYDTSFSFIFSPRPGTPAANLADDTPHEVKLKR  360

Query  361  LAILQNRINAKAAEISQSMVGTQQRILVTGPSKKYPDQLSGRTENNRVVNFNGDTPLIGQ  420
            L  LQ  ++     IS S +GT QRILV G ++K   +L GRTE NRVV   G   LIGQ
Sbjct  361  LQHLQATLDDSVRAISASRLGTVQRILVEGTARKDASELMGRTECNRVVILKGQPRLIGQ  420

Query  421  MVTIKIKEARPYSLWGEI  438
            MV ++I EA   SL GE+
Sbjct  421  MVDVRITEASQRSLRGEV  438


>A9M1G4 tRNA-2-methylthio-N(6)-dimethylallyladenosine synthase OS=Neisseria 
meningitidis serogroup C (strain 053442) OX=374833 GN=miaB 
PE=3 SV=1
Length=442

 Score = 566 bits (1459),  Expect = 0.0, Method: Compositional matrix adjust.
 Identities = 272/439 (62%), Positives = 331/439 (75%), Gaps = 1/439 (0%)

Query  1    MKKLYLKTHGCQMNEYDSAKMADVLKFSHG-LELTEDPAVADVFLLNTCSVREKAQTKVF  59
            MKK++++T GCQMNEYDS KM  VL   HG +E       AD+ L NTCSVREKAQ KVF
Sbjct  1    MKKVFIRTFGCQMNEYDSDKMLAVLAEEHGGIEQVTQADEADIILFNTCSVREKAQEKVF  60

Query  60   SELGRWRPFKEKRPHVVIGVGGCVASQEGETILKQAPFVDIVFGPQTLHRLPDLLDSVIQ  119
            S+LGR RP KEK P ++IGV GCVASQEGE I+K+AP+VD+VFGPQTLHRLP ++     
Sbjct  61   SDLGRVRPLKEKNPGLIIGVAGCVASQEGENIIKRAPYVDVVFGPQTLHRLPKMIVDKET  120

Query  120  KRKSVVDITFPEIEKFDRLPQPRAEGPSAFVSIMEGCSKYCTFCVVPYTRGEEISRPFDD  179
               S VDI+FPEIEKFD LP  R EG +AFVSIMEGCSKYC+FCVVPYTRGEE SRP +D
Sbjct  121  SGLSQVDISFPEIEKFDHLPPARVEGGAAFVSIMEGCSKYCSFCVVPYTRGEEFSRPLND  180

Query  180  VIAEVASLCEQGVREITLLGQNVNDYRGLMHDGQVADLALLIHYLAAMDNIERIRFTTSH  239
            V+ E+A+L +QGV+EI LLGQNVN Y G M DG++ D A L+  +  +  IER+RFTTSH
Sbjct  181  VLTEIANLAQQGVKEINLLGQNVNAYCGEMDDGEICDFATLLRIVHEIPGIERMRFTTSH  240

Query  240  PSAFSENLIDAYAEEPKLANHLHLPVQSGSDRILAAMKRNYTVLEYKSKIRKLRAVRPDI  299
            P  F++++I+ Y + PKL +HLHLP+QSGSDR+L+AMKR YT LEYKS IRKLRA+RPD+
Sbjct  241  PREFTDSIIECYRDLPKLVSHLHLPIQSGSDRVLSAMKRGYTALEYKSIIRKLRAIRPDL  300

Query  300  SLSSDFIIGFPGETDADFEATMNLIHDMGFDHSFSFIYSPRPGTPAAQLPDDVPMAVKKE  359
             LSSDFI+GFPGET+ +FE T+ L+ D+ FD SF FIYSPRPGTPAA L DD P   K  
Sbjct  301  CLSSDFIVGFPGETEREFEQTLKLVKDIAFDLSFVFIYSPRPGTPAANLHDDTPHEEKVR  360

Query  360  RLAILQNRINAKAAEISQSMVGTQQRILVTGPSKKYPDQLSGRTENNRVVNFNGDTPLIG  419
            RL  L   I A+ A I+Q+M+GT QR LV G SKK PDQL  RT NNRVVNF G   +I 
Sbjct  361  RLEALNEVIEAETARINQTMIGTVQRCLVEGISKKDPDQLQARTANNRVVNFTGTPNMIN  420

Query  420  QMVTIKIKEARPYSLWGEI  438
            QM+ ++I EA  +SL G++
Sbjct  421  QMIDLEITEAYTFSLRGKV  439


>A4T007 tRNA-2-methylthio-N(6)-dimethylallyladenosine synthase OS=Polynucleobacter 
asymbioticus (strain DSM 18221 / CIP 109841 / 
QLW-P1DMWA-1) OX=312153 GN=miaB PE=3 SV=1
Length=448

 Score = 562 bits (1449),  Expect = 0.0, Method: Compositional matrix adjust.
 Identities = 275/446 (62%), Positives = 339/446 (76%), Gaps = 12/446 (3%)

Query  1    MKKLYLKTHGCQMNEYDSAKMADVLKFSHGLELTEDPAVADVFLLNTCSVREKAQTKVFS  60
            MKKLY+KT GCQMNEYDS KMAD+L    G+ +T+ P  ADV LLNTCS+REKA+ KVFS
Sbjct  1    MKKLYIKTFGCQMNEYDSGKMADLLHADEGMVMTDTPEDADVVLLNTCSIREKAEDKVFS  60

Query  61   ELGRWRPFKEKRPHVVIGVGGCVASQEGETILKQAPFVDIVFGPQTLHRLPDLLDSVIQK  120
            +LGR R  K+ +PH++IGVGGCVASQEG  I+ +AP+VD+VFGPQTLHRL DL   + Q+
Sbjct  61   DLGRLRELKKTKPHMLIGVGGCVASQEGRQIVSRAPYVDVVFGPQTLHRLSDL---IAQR  117

Query  121  RK---SVVDITFPEIEKFDRLPQPRAEGPSAFVSIMEGCSKYCTFCVVPYTRGEEISRPF  177
            RK   S VDI+FPEIEKFD LP  R    SA+VSIMEGCSKYC++CVVPYTRGEE+SRPF
Sbjct  118  RKTGLSQVDISFPEIEKFDHLPASRQTRGSAYVSIMEGCSKYCSYCVVPYTRGEEVSRPF  177

Query  178  DDVIAEVASLCEQGVREITLLGQNVNDYRGLMHDG-QVADLALLIHYLAAMDNIERIRFT  236
            DDV+ EVA L  +GV+EI LLGQNVN Y G M D  ++AD ALLI Y+A +  +ERIRFT
Sbjct  178  DDVLTEVAGLASKGVKEIVLLGQNVNAYLGKMGDAEEIADFALLIEYIAEIPGVERIRFT  237

Query  237  TSHPSAFSENLIDAYAEEPKLANHLHLPVQSGSDRILAAMKRNYTVLEYKSKIRKLRAVR  296
            TSHP  F++ LID YA+ PKL +HLHLPVQ GSD IL+AMKR YT LEYKS IRK+RAVR
Sbjct  238  TSHPKEFTQRLIDVYAKVPKLVSHLHLPVQHGSDSILSAMKRGYTALEYKSIIRKMRAVR  297

Query  297  PDISLSSDFIIGFPGETDADFEATMNLIHDMGFDHSFSFIYSPRPGTPAAQLPDDVPMAV  356
            PD++LSSDFI+GFPGETDADFE  + ++ ++ FD+SF FI+SPRPGTPAA L DD P  V
Sbjct  298  PDLTLSSDFIVGFPGETDADFEKLLKMVQELDFDNSFCFIFSPRPGTPAANLSDDTPYEV  357

Query  357  KKERLAILQNRINAKAAEISQSMVGTQQRILVTGPSKKYPDQLSGRTENNRVVNFN----  412
            K +RL  L   I  ++ +ISQ M+G  +R+L+ G +K   + L GR ENNRV++F+    
Sbjct  358  KLKRLQTLLALIEGQSNQISQKMLGKTERVLIEGLAKDGVN-LQGRAENNRVIHFSPPDQ  416

Query  413  GDTPLIGQMVTIKIKEARPYSLWGEI  438
                LIG+MV I+I E   Y+L GE+
Sbjct  417  NIDGLIGEMVDIRITEVLNYTLRGEL  442


>B1XYX5 tRNA-2-methylthio-N(6)-dimethylallyladenosine synthase OS=Leptothrix 
cholodnii (strain ATCC 51168 / LMG 8142 / SP-6) OX=395495 
GN=miaB PE=3 SV=1
Length=469

 Score = 562 bits (1449),  Expect = 0.0, Method: Compositional matrix adjust.
 Identities = 276/440 (63%), Positives = 335/440 (76%), Gaps = 6/440 (1%)

Query  2    KKLYLKTHGCQMNEYDSAKMADVLKFSHGLELTEDPAVADVFLLNTCSVREKAQTKVFSE  61
            KK+Y++T GCQMNEYDS KM+DV+  + G   T+DP  AD+ L NTCSVREKAQ KVFS+
Sbjct  27   KKVYIRTFGCQMNEYDSDKMSDVMAAAEGYTPTDDPEQADLILFNTCSVREKAQEKVFSD  86

Query  62   LGRWRPFKEKRPHVVIGVGGCVASQEGETILKQAPFVDIVFGPQTLHRLPDLLDSVIQKR  121
            LGR +  K +   V+IGVGGCVASQEG  I+++AP+VD+VFGPQTLHRLP +L    ++ 
Sbjct  87   LGRVKHLKAR--GVLIGVGGCVASQEGAAIIERAPYVDVVFGPQTLHRLPQMLAQRARQG  144

Query  122  KSVVDITFPEIEKFDRLPQPRAEGPSAFVSIMEGCSKYCTFCVVPYTRGEEISRPFDDVI  181
            +  VDI+FPEIEKFD LP  + +G +AFVSIMEGCSKYC++CVVPYTRGEE SRPFD+V+
Sbjct  145  RPQVDISFPEIEKFDHLPPAKVDGAAAFVSIMEGCSKYCSYCVVPYTRGEEFSRPFDEVL  204

Query  182  AEVASLCEQGVREITLLGQNVNDYRGLMHD-GQVADLALLIHYLAAMDNIERIRFTTSHP  240
             EVA L +QGV+E+TLLGQNVN YRG M D   +AD A L+ Y+  +  IERIR+TTSHP
Sbjct  205  TEVAGLADQGVKEVTLLGQNVNAYRGRMGDTSDIADFATLLEYVHEIPGIERIRYTTSHP  264

Query  241  SAFSENLIDAYAEEPKLANHLHLPVQSGSDRILAAMKRNYTVLEYKSKIRKLRAVRPDIS  300
            + F+  LI+AYA  PKL NHLHLPVQ GSDRIL+ MKR YTVLEYKS IRKLRA+RPDIS
Sbjct  265  NEFTPALIEAYARLPKLVNHLHLPVQHGSDRILSGMKRGYTVLEYKSTIRKLRAIRPDIS  324

Query  301  LSSDFIIGFPGETDADFEATMNLIHDMGFDHSFSFIYSPRPGTPAAQLPDDVPMAVKKER  360
            LS+DFI+GFPGETD D   TM LI D+GFD SFSFI+SPRPGTPAA L DD    VK  R
Sbjct  325  LSTDFIVGFPGETDDDHARTMKLIDDIGFDASFSFIFSPRPGTPAAALHDDTSYEVKLAR  384

Query  361  LAILQNRINAKAAEISQSMVGTQQRILVTGPSKKYPDQLSGRTENNRVVNFNGD---TPL  417
            L  LQ  I      IS+  VGT QR+LV GPS++ P++L GRTE NR+VNF+G      L
Sbjct  385  LQQLQATIEDNVRRISERRVGTVQRVLVEGPSRRDPNELMGRTECNRIVNFDGGPNAARL  444

Query  418  IGQMVTIKIKEARPYSLWGE  437
            +G+M+ I+I  A P+SL GE
Sbjct  445  VGRMIDIRITLAYPHSLRGE  464


>Q1Q929 tRNA-2-methylthio-N(6)-dimethylallyladenosine synthase OS=Psychrobacter 
cryohalolentis (strain ATCC BAA-1226 / DSM 17306 
/ VKM B-2378 / K5) OX=335284 GN=miaB PE=3 SV=1
Length=497

 Score = 561 bits (1445),  Expect = 0.0, Method: Compositional matrix adjust.
 Identities = 271/449 (60%), Positives = 337/449 (75%), Gaps = 12/449 (3%)

Query  2    KKLYLKTHGCQMNEYDSAKMADVLKFSHGLELTEDPAVADVFLLNTCSVREKAQTKVFSE  61
            KK+++ T GCQMN YDS KM DVL  SHG+E+T +   ADV L+NTCS+REKAQ KVFSE
Sbjct  44   KKVFVTTQGCQMNVYDSGKMLDVLGDSHGMEVTHNIDEADVLLMNTCSIREKAQEKVFSE  103

Query  62   LGRWRPFKEKRPHVVIGVGGCVASQEGETILKQAPFVDIVFGPQTLHRLPDLLDSVIQKR  121
            LGRWR  KEKRP +VIGVGGCVASQEG+ I K+AP+VD+VFGPQTLHRLP+L D   Q+R
Sbjct  104  LGRWRKLKEKRPDLVIGVGGCVASQEGDNIQKRAPYVDMVFGPQTLHRLPELYDQSHQQR  163

Query  122  K-------SVVDITFPEIEKFDRLPQPRAEGPSAFVSIMEGCSKYCTFCVVPYTRGEEIS  174
            +         VD++FP IEKFD LP+PR EG  AFVSIMEGCSKYC+FCVVPYTRGEE+S
Sbjct  164  EIAPKNRIGTVDVSFPSIEKFDFLPEPRVEGFKAFVSIMEGCSKYCSFCVVPYTRGEELS  223

Query  175  RPFDDVIAEVASLCEQGVREITLLGQNVNDYRGLMHDGQVADLALLIHYLAAMDNIERIR  234
            RP DDV+AE+ SL  QGVREI LLGQNVN YRG   DG +   A L+HY++ +D +ERIR
Sbjct  224  RPLDDVLAEIDSLAAQGVREINLLGQNVNGYRGEKDDGSICRFAELLHYVSHVDGVERIR  283

Query  235  FTTSHPSAFSENLIDAYAEEPKLANHLHLPVQSGSDRILAAMKRNYTVLEYKSKIRKLRA  294
            +TTSHP  F++++IDAYA+ P+L +HLHLPVQSGS+ ILAAMKRN+T+  Y ++I KL+A
Sbjct  284  YTTSHPLEFTDDIIDAYAQLPELVSHLHLPVQSGSNAILAAMKRNHTIDVYINQINKLKA  343

Query  295  VRPDISLSSDFIIGFPGETDADFEATMNLIHDMGFDHSFSFIYSPRPGTPAAQLPDDVPM  354
            +RPDI LSSDFIIGFPGETD DF+ T+NL  ++ FDHS+SFIYS RPGTPAA+LPDDV  
Sbjct  344  IRPDIHLSSDFIIGFPGETDQDFQDTLNLAKELNFDHSYSFIYSKRPGTPAAELPDDVSF  403

Query  355  AVKKERLAILQNRINAKAAEISQSMVGTQQRILVTGPSKKYPDQLSGRTENNRVVNFNGD  414
              KKERLA  Q  I       +  MVGT  R+LV   + ++PD L G  +N R V F  D
Sbjct  404  KTKKERLAEFQKVIIDSTLAKTHEMVGTTTRVLVEQVANRHPDCLIGTADNTRTVMFPYD  463

Query  415  T----PLIGQMVTIKIKE-ARPYSLWGEI  438
                  ++G++V+++I +   P+ + GEI
Sbjct  464  VDKMDEMLGKIVSVRITDFVSPHMVKGEI  492


>Q21T29 tRNA-2-methylthio-N(6)-dimethylallyladenosine synthase OS=Rhodoferax 
ferrireducens (strain ATCC BAA-621 / DSM 15236 / T118) 
OX=338969 GN=miaB PE=3 SV=1
Length=452

 Score = 559 bits (1441),  Expect = 0.0, Method: Compositional matrix adjust.
 Identities = 276/443 (62%), Positives = 335/443 (76%), Gaps = 8/443 (2%)

Query  2    KKLYLKTHGCQMNEYDSAKMADVLKFSHGLELTEDPAVADVFLLNTCSVREKAQTKVFSE  61
            KK+++KT+GCQMNEYDS KM+DVL  + G E T++   AD+ L NTCSVREKAQ KVFS+
Sbjct  3    KKVFIKTYGCQMNEYDSDKMSDVLGAAQGYEPTDNVEEADLILFNTCSVREKAQEKVFSD  62

Query  62   LGRWRPFKEKRPHVVIGVGGCVASQEGETILKQAPFVDIVFGPQTLHRLPDLLDSVIQKR  121
            LGR +  K+K    +IGVGGCVASQEG  I+++AP+VD+VFGPQTLHRLP LL    +  
Sbjct  63   LGRVKHLKKK--GALIGVGGCVASQEGAAIIERAPYVDVVFGPQTLHRLPQLLAERERLN  120

Query  122  KSVVDITFPEIEKFDRLPQPRAEGPSAFVSIMEGCSKYCTFCVVPYTRGEEISRPFDDVI  181
            +S VDI+FPEIEKFD LP  R EG SAFVSIMEGCSKYC++CVVPYTRGEE+SRPF+DV+
Sbjct  121  RSQVDISFPEIEKFDHLPPARVEGASAFVSIMEGCSKYCSYCVVPYTRGEEVSRPFEDVL  180

Query  182  AEVASLCEQGVREITLLGQNVNDYRGLM------HDGQVADLALLIHYLAAMDNIERIRF  235
             EVA L +QGV+EITLLGQNVN +R  M         ++AD A L+ Y++ +  IERIR+
Sbjct  181  VEVAGLADQGVKEITLLGQNVNAWRSRMIGAASALSSEMADFATLLEYVSDIPGIERIRY  240

Query  236  TTSHPSAFSENLIDAYAEEPKLANHLHLPVQSGSDRILAAMKRNYTVLEYKSKIRKLRAV  295
             TSHP+ F+ +LI AY + PKL +HLHLPVQ GSDRIL AMKR YT +EYKS +RKLRA+
Sbjct  241  VTSHPNEFTPSLIAAYDKLPKLVSHLHLPVQHGSDRILMAMKRGYTAMEYKSTVRKLRAI  300

Query  296  RPDISLSSDFIIGFPGETDADFEATMNLIHDMGFDHSFSFIYSPRPGTPAAQLPDDVPMA  355
            RPD++LSSDFI+GFPGET+ DF   M LI D+GFD+SFSFI+SPRPGTPAA L DD P  
Sbjct  301  RPDMALSSDFIVGFPGETEDDFSKMMKLIDDVGFDNSFSFIFSPRPGTPAANLHDDTPHE  360

Query  356  VKKERLAILQNRINAKAAEISQSMVGTQQRILVTGPSKKYPDQLSGRTENNRVVNFNGDT  415
            VK  RL  LQ  IN     IS+S +GT QRILV G SK+   +L GRTE NRVVNF G  
Sbjct  361  VKLRRLQHLQTVINDSIKRISESRLGTVQRILVEGASKRDSTELMGRTECNRVVNFCGQP  420

Query  416  PLIGQMVTIKIKEARPYSLWGEI  438
             LIGQMV + I E R ++L GE+
Sbjct  421  RLIGQMVDVAITETRSFTLRGEV  443


>Q4FQU4 tRNA-2-methylthio-N(6)-dimethylallyladenosine synthase OS=Psychrobacter 
arcticus (strain DSM 17307 / VKM B-2377 / 273-4) 
OX=259536 GN=miaB PE=3 SV=1
Length=496

 Score = 559 bits (1441),  Expect = 0.0, Method: Compositional matrix adjust.
 Identities = 271/449 (60%), Positives = 336/449 (75%), Gaps = 12/449 (3%)

Query  2    KKLYLKTHGCQMNEYDSAKMADVLKFSHGLELTEDPAVADVFLLNTCSVREKAQTKVFSE  61
            KK+++ T GCQMN YDS KM DVL  SHG+E+T D   ADV L+NTCS+REKAQ KVFSE
Sbjct  43   KKVFVTTQGCQMNVYDSGKMLDVLGDSHGMEVTHDIDEADVLLMNTCSIREKAQEKVFSE  102

Query  62   LGRWRPFKEKRPHVVIGVGGCVASQEGETILKQAPFVDIVFGPQTLHRLPDLLDSVIQKR  121
            LGRWR  KEKRP +VIGVGGCVASQEG+ I K+AP+VD+VFGPQTLHRLP+L D   Q+R
Sbjct  103  LGRWRKLKEKRPDLVIGVGGCVASQEGDNIQKRAPYVDMVFGPQTLHRLPELYDQSHQQR  162

Query  122  K-------SVVDITFPEIEKFDRLPQPRAEGPSAFVSIMEGCSKYCTFCVVPYTRGEEIS  174
            +         VD++FP IEKFD LP+PR EG  AFVSIMEGCSKYC+FCVVPYTRGEE+S
Sbjct  163  EIAPKNRIGTVDVSFPSIEKFDFLPEPRVEGFKAFVSIMEGCSKYCSFCVVPYTRGEELS  222

Query  175  RPFDDVIAEVASLCEQGVREITLLGQNVNDYRGLMHDGQVADLALLIHYLAAMDNIERIR  234
            RP DDV+AE+ SL  QGVREI LLGQNVN YRG   DG +   A L+HY++ +D +ERIR
Sbjct  223  RPLDDVLAEIDSLAAQGVREINLLGQNVNGYRGEKDDGNICRFAELLHYVSHVDGVERIR  282

Query  235  FTTSHPSAFSENLIDAYAEEPKLANHLHLPVQSGSDRILAAMKRNYTVLEYKSKIRKLRA  294
            +TTSHP  F++++IDAYA+ P+L +HLHLPVQSGS+ ILAAMKRN+T+  Y ++I KL+A
Sbjct  283  YTTSHPLEFTDDIIDAYAQLPELVSHLHLPVQSGSNTILAAMKRNHTIDVYINQINKLKA  342

Query  295  VRPDISLSSDFIIGFPGETDADFEATMNLIHDMGFDHSFSFIYSPRPGTPAAQLPDDVPM  354
            +RPDI LSSDFIIGFPGETD DF+ T+ L  ++ FDHS+SFIYS RPGTPAA+LPDDV  
Sbjct  343  IRPDIHLSSDFIIGFPGETDQDFQDTLTLAKELNFDHSYSFIYSKRPGTPAAELPDDVSF  402

Query  355  AVKKERLAILQNRINAKAAEISQSMVGTQQRILVTGPSKKYPDQLSGRTENNRVVNF---  411
              KKERLA  Q  I       +  MVGT  R+LV   + ++PD L G  +N R V F   
Sbjct  403  KTKKERLAEFQKVIIDSTLAKTHEMVGTTTRVLVEQVANRHPDCLIGTADNTRTVMFPYA  462

Query  412  -NGDTPLIGQMVTIKIKE-ARPYSLWGEI  438
             +    L+G++V+++I +   P+ + GEI
Sbjct  463  VDKMDELLGKIVSVRITDFVSPHMVKGEI  491


>A5WGM4 tRNA-2-methylthio-N(6)-dimethylallyladenosine synthase OS=Psychrobacter 
sp. (strain PRwf-1) OX=349106 GN=miaB PE=3 SV=1
Length=490

 Score = 559 bits (1440),  Expect = 0.0, Method: Compositional matrix adjust.
 Identities = 270/449 (60%), Positives = 338/449 (75%), Gaps = 12/449 (3%)

Query  2    KKLYLKTHGCQMNEYDSAKMADVLKFSHGLELTEDPAVADVFLLNTCSVREKAQTKVFSE  61
            KK+Y+ T GCQMN YDS KM +VL  SH + +T++   ADV L+NTCS+REKAQ KVFSE
Sbjct  37   KKVYIATQGCQMNVYDSEKMGNVLGDSHDMVVTDNIEEADVLLMNTCSIREKAQEKVFSE  96

Query  62   LGRWRPFKEKRPHVVIGVGGCVASQEGETILKQAPFVDIVFGPQTLHRLPDLLDSVIQKR  121
            LGRWR  KE++P +VIGVGGCVASQEG+ I K+AP+VD+VFGPQTLHRLP+L D    +R
Sbjct  97   LGRWRKLKEEKPDLVIGVGGCVASQEGDNIQKRAPYVDMVFGPQTLHRLPELYDKSTTQR  156

Query  122  K-------SVVDITFPEIEKFDRLPQPRAEGPSAFVSIMEGCSKYCTFCVVPYTRGEEIS  174
                      VD++FP IEKFD LP+P+ EG  AFVSIMEGCSKYC+FCVVPYTRGEE+S
Sbjct  157  NVKPKDRIGTVDVSFPSIEKFDFLPEPKVEGYRAFVSIMEGCSKYCSFCVVPYTRGEELS  216

Query  175  RPFDDVIAEVASLCEQGVREITLLGQNVNDYRGLMHDGQVADLALLIHYLAAMDNIERIR  234
            RP DDV+AE+ SL EQGVREITLLGQNVN YRG   DG +   A L+HY+A +D IERIR
Sbjct  217  RPLDDVLAEIDSLAEQGVREITLLGQNVNGYRGEKDDGSICRFAELLHYVAHVDGIERIR  276

Query  235  FTTSHPSAFSENLIDAYAEEPKLANHLHLPVQSGSDRILAAMKRNYTVLEYKSKIRKLRA  294
            +TTSHP  F++++I+AYA+ P+L +HLHLPVQSGS++ILAAMKRN+T+  Y ++I KL A
Sbjct  277  YTTSHPLEFTDDIIEAYAKLPQLVSHLHLPVQSGSNKILAAMKRNHTIDVYINQINKLMA  336

Query  295  VRPDISLSSDFIIGFPGETDADFEATMNLIHDMGFDHSFSFIYSPRPGTPAAQLPDDVPM  354
            VRPD+ LSSDFIIGFPGET+ DF  T+NL   + FDHS+SFIYS RPGTPA++LPDDV +
Sbjct  337  VRPDMHLSSDFIIGFPGETEEDFLDTLNLAKALDFDHSYSFIYSKRPGTPASELPDDVSL  396

Query  355  AVKKERLAILQNRINAKAAEISQSMVGTQQRILVTGPSKKYPDQLSGRTENNRVVNFNG-  413
            A KKERLAI Q  I     + ++ MVG   R++V   + +YPDQL G  +N R V F   
Sbjct  397  ATKKERLAIFQKVIRDSTLKKTEEMVGKTLRVMVEEIADRYPDQLLGTADNTRSVLFKAT  456

Query  414  ---DTPLIGQMVTIKIKE-ARPYSLWGEI  438
                T L+G+ VT+KI +   P+ + GE+
Sbjct  457  EQQKTDLMGKFVTVKITDFVSPHMVRGEL  485


>Q1LU21 tRNA-2-methylthio-N(6)-dimethylallyladenosine synthase OS=Baumannia 
cicadellinicola subsp. Homalodisca coagulata OX=374463 
GN=miaB PE=3 SV=1
Length=451

 Score = 551 bits (1419),  Expect = 0.0, Method: Compositional matrix adjust.
 Identities = 262/436 (60%), Positives = 336/436 (77%), Gaps = 0/436 (0%)

Query  3    KLYLKTHGCQMNEYDSAKMADVLKFSHGLELTEDPAVADVFLLNTCSVREKAQTKVFSEL  62
            KL++KT+GCQMN+YDS+K+ D+LK +H  +LT+    AD+ LLNTCS+REKAQ K+F +L
Sbjct  4    KLHIKTYGCQMNQYDSSKIVDLLKNTHKYQLTDIAEEADILLLNTCSIREKAQEKLFHQL  63

Query  63   GRWRPFKEKRPHVVIGVGGCVASQEGETILKQAPFVDIVFGPQTLHRLPDLLDSVIQKRK  122
            GRWR  K+  P+++IGVGGCVASQEG  I ++A +VDI+FGPQTLHRLP++++ V   R 
Sbjct  64   GRWRRLKKINPNLIIGVGGCVASQEGSNIRERANYVDIIFGPQTLHRLPEMINHVRITRS  123

Query  123  SVVDITFPEIEKFDRLPQPRAEGPSAFVSIMEGCSKYCTFCVVPYTRGEEISRPFDDVIA  182
             V+DI+FPEIEKFD +P+P+A+GP+AFVSI+EGC KYC++CVVPYTRG E+SRP +D++ 
Sbjct  124  PVIDISFPEIEKFDCMPKPQAKGPTAFVSIIEGCDKYCSYCVVPYTRGIEVSRPCEDILL  183

Query  183  EVASLCEQGVREITLLGQNVNDYRGLMHDGQVADLALLIHYLAAMDNIERIRFTTSHPSA  242
            E+ +L +Q VREI LLGQNVN YRG  + G     A L+  +AA++ I+RIRFTTSHP  
Sbjct  184  EINNLADQNVREIHLLGQNVNAYRGTRYGGGTCTFAELLRLVAAINGIDRIRFTTSHPIE  243

Query  243  FSENLIDAYAEEPKLANHLHLPVQSGSDRILAAMKRNYTVLEYKSKIRKLRAVRPDISLS  302
            F+++LID Y + P+L + +HLPVQSGSDRILA MKR +TVLEYKS IRKL AVRP I +S
Sbjct  244  FTDDLIDVYRDTPELVSFVHLPVQSGSDRILALMKRGHTVLEYKSIIRKLYAVRPSIQIS  303

Query  303  SDFIIGFPGETDADFEATMNLIHDMGFDHSFSFIYSPRPGTPAAQLPDDVPMAVKKERLA  362
            SDFI+GFPGET+ DF  TMNLI ++ FD SFSFIYSPRPGTPAA + D V    KK+RL 
Sbjct  304  SDFIVGFPGETEEDFRQTMNLISEVNFDMSFSFIYSPRPGTPAANMVDIVSQDEKKQRLY  363

Query  363  ILQNRINAKAAEISQSMVGTQQRILVTGPSKKYPDQLSGRTENNRVVNFNGDTPLIGQMV  422
            ILQ  I  +A + SQ+M GT Q ILV G S+K    LSGRTENNRVVNF G+  +IGQ V
Sbjct  364  ILQECIRKQAMKFSQAMKGTVQCILVEGTSRKNIMHLSGRTENNRVVNFIGNNGMIGQFV  423

Query  423  TIKIKEARPYSLWGEI  438
             ++I +    SL GE+
Sbjct  424  NVEIIDVYSNSLRGEL  439


>B1XS06 tRNA-2-methylthio-N(6)-dimethylallyladenosine synthase OS=Polynucleobacter 
necessarius subsp. necessarius (strain STIR1) 
OX=452638 GN=miaB PE=3 SV=1
Length=448

 Score = 548 bits (1411),  Expect = 0.0, Method: Compositional matrix adjust.
 Identities = 268/447 (60%), Positives = 334/447 (75%), Gaps = 14/447 (3%)

Query  1    MKKLYLKTHGCQMNEYDSAKMADVLKFSHGLELTEDPAVADVFLLNTCSVREKAQTKVFS  60
            MKKLY+KT GCQMNEYDS KMAD+L    G+ +T+ P  ADV LLNTCS+REKA+ KVFS
Sbjct  1    MKKLYIKTFGCQMNEYDSGKMADLLHADEGMVMTDRPEDADVVLLNTCSIREKAEDKVFS  60

Query  61   ELGRWRPFKEKRPHVVIGVGGCVASQEGETILKQAPFVDIVFGPQTLHRLPDLLDSVIQK  120
            +LGR R  K+ +P+++IGVGGCVASQEG+ I+  AP+VD+VFGPQTLHRL DL    I K
Sbjct  61   DLGRLRELKKTKPNLLIGVGGCVASQEGQQIVSHAPYVDVVFGPQTLHRLSDL----IAK  116

Query  121  RKSV----VDITFPEIEKFDRLPQPRAEGPSAFVSIMEGCSKYCTFCVVPYTRGEEISRP  176
            R+      VDI+FPEIEKFD LP  R    SA+VSIMEGCSKYC++CVVPYTRGEE+SR 
Sbjct  117  RRETGLFQVDISFPEIEKFDHLPASRQTRGSAYVSIMEGCSKYCSYCVVPYTRGEEVSRS  176

Query  177  FDDVIAEVASLCEQGVREITLLGQNVNDYRGLMHDGQ-VADLALLIHYLAAMDNIERIRF  235
            FDDV+ EVA L  +GV+EI LLGQNVN Y G M D Q +AD ALLI Y+  +  +ERIRF
Sbjct  177  FDDVLTEVAGLASKGVKEIVLLGQNVNAYLGKMGDRQEIADFALLIEYIVEIPGVERIRF  236

Query  236  TTSHPSAFSENLIDAYAEEPKLANHLHLPVQSGSDRILAAMKRNYTVLEYKSKIRKLRAV  295
            TTSHP  F++ LID Y + PKL +HLHLPVQ GSD +L+AMKR YT LE+KS IRK+RAV
Sbjct  237  TTSHPKEFTQRLIDVYTKVPKLVSHLHLPVQHGSDAMLSAMKRGYTALEFKSIIRKMRAV  296

Query  296  RPDISLSSDFIIGFPGETDADFEATMNLIHDMGFDHSFSFIYSPRPGTPAAQLPDDVPMA  355
            RPD++LSSDFI+GFPGET+ADFE  + ++ ++ FD+SF FI+SPRPGTPAA L DD P  
Sbjct  297  RPDLTLSSDFIVGFPGETEADFEKLLKMVEELNFDNSFCFIFSPRPGTPAANLHDDTPYE  356

Query  356  VKKERLAILQNRINAKAAEISQSMVGTQQRILVTGPSKKYPDQLSGRTENNRVVNFNGDT  415
            VK +RL  L   + ++A +ISQ M+G  +R+L+ G +K   + L GR ENNRV++F    
Sbjct  357  VKLKRLQTLLALVESQANQISQKMLGNIERVLIEGLAKDGIN-LQGRAENNRVIHFTAPA  415

Query  416  P----LIGQMVTIKIKEARPYSLWGEI  438
                 LIGQMV I+I E   Y+L G++
Sbjct  416  QNIENLIGQMVDIRITEVLNYTLRGKL  442


>B5ENG4 tRNA-2-methylthio-N(6)-dimethylallyladenosine synthase OS=Acidithiobacillus 
ferrooxidans (strain ATCC 53993) OX=380394 GN=miaB 
PE=3 SV=1
Length=451

 Score = 545 bits (1405),  Expect = 0.0, Method: Compositional matrix adjust.
 Identities = 265/440 (60%), Positives = 330/440 (75%), Gaps = 7/440 (2%)

Query  1    MKKLYLKTHGCQMNEYDSAKMADVLKFSHGLELTEDPAVADVFLLNTCSVREKAQTKVFS  60
            M+ LY+KT+GCQMNEYDS +MAD L  SHGL L +DP +ADV LLNTCS+REKA+ KVF+
Sbjct  1    MQNLYIKTYGCQMNEYDSERMADTLAVSHGLRLVDDPVLADVLLLNTCSIREKAEDKVFT  60

Query  61   ELGRWRPFKEKRPHVVIGVGGCVASQEGETILKQAPFVDIVFGPQTLHRLPDLLDSVIQK  120
            +LG WRPFKE+RP VVIGVGGCVASQEGE + ++AP+VD+VFGPQTLHRLPDLLD+ + +
Sbjct  61   QLGFWRPFKERRPEVVIGVGGCVASQEGERLRRRAPYVDLVFGPQTLHRLPDLLDACLAE  120

Query  121  RKSVVDITFPEIEKFDRLPQ-PRAEGPSAFVSIMEGCSKYCTFCVVPYTRGEEISRPFDD  179
            R+  VDI FP +EKFD LPQ P  +G +AFV+I EGC K+CTFCVVP+TRG E SR   D
Sbjct  121  RRPQVDIAFPMLEKFDHLPQRPGRDGATAFVTIQEGCDKFCTFCVVPHTRGREYSRSMPD  180

Query  180  VIAEVASLCEQGVREITLLGQNVNDYRG---LMHDGQVADLALLIHYLAAMDNIERIRFT  236
            ++ EV +L EQGVREITLLGQNVN YRG   L+ +G +ADL   +  LA +  + R+R+T
Sbjct  181  ILREVRALVEQGVREITLLGQNVNAYRGATGLVGEGGLADL---LERLARIPGLLRLRYT  237

Query  237  TSHPSAFSENLIDAYAEEPKLANHLHLPVQSGSDRILAAMKRNYTVLEYKSKIRKLRAVR  296
            TSHP+   + LI A+     LA HLHLPVQSGSDRIL  M R +TV +Y  K+ +LRA R
Sbjct  238  TSHPANLDDELIAAHGSIGILAPHLHLPVQSGSDRILRRMHRKHTVGQYLDKVDRLRAAR  297

Query  297  PDISLSSDFIIGFPGETDADFEATMNLIHDMGFDHSFSFIYSPRPGTPAAQLPDDVPMAV  356
            P I +SSDFI+GFPGETDADF ATM LI  + FD SFSF YS RP TPA +L D VP AV
Sbjct  298  PGIQISSDFIVGFPGETDADFAATMELIDAVRFDQSFSFKYSQRPNTPALKLKDSVPEAV  357

Query  357  KKERLAILQNRINAKAAEISQSMVGTQQRILVTGPSKKYPDQLSGRTENNRVVNFNGDTP  416
            K++RLA+LQ RIN  A   +Q++VGTQQ +L+TGPS++   +L+G+T  NR VN  G   
Sbjct  358  KEDRLAVLQGRINGLAQGYAQALVGTQQAVLITGPSRRDAQELTGKTACNRAVNLAGSMD  417

Query  417  LIGQMVTIKIKEARPYSLWG  436
             +GQM+ ++I  A P SL G
Sbjct  418  WVGQMLDVEITAALPNSLRG  437


>B7J5B2 tRNA-2-methylthio-N(6)-dimethylallyladenosine synthase OS=Acidithiobacillus 
ferrooxidans (strain ATCC 23270 / DSM 14882 / 
CIP 104768 / NCIMB 8455) OX=243159 GN=miaB PE=3 SV=1
Length=451

 Score = 545 bits (1405),  Expect = 0.0, Method: Compositional matrix adjust.
 Identities = 265/440 (60%), Positives = 330/440 (75%), Gaps = 7/440 (2%)

Query  1    MKKLYLKTHGCQMNEYDSAKMADVLKFSHGLELTEDPAVADVFLLNTCSVREKAQTKVFS  60
            M+ LY+KT+GCQMNEYDS +MAD L  SHGL L +DP +ADV LLNTCS+REKA+ KVF+
Sbjct  1    MQNLYIKTYGCQMNEYDSERMADTLAVSHGLRLVDDPVLADVLLLNTCSIREKAEDKVFT  60

Query  61   ELGRWRPFKEKRPHVVIGVGGCVASQEGETILKQAPFVDIVFGPQTLHRLPDLLDSVIQK  120
            +LG WRPFKE+RP VVIGVGGCVASQEGE + ++AP+VD+VFGPQTLHRLPDLLD+ + +
Sbjct  61   QLGFWRPFKERRPEVVIGVGGCVASQEGERLRRRAPYVDLVFGPQTLHRLPDLLDACLAE  120

Query  121  RKSVVDITFPEIEKFDRLPQ-PRAEGPSAFVSIMEGCSKYCTFCVVPYTRGEEISRPFDD  179
            R+  VDI FP +EKFD LPQ P  +G +AFV+I EGC K+CTFCVVP+TRG E SR   D
Sbjct  121  RRPQVDIAFPMLEKFDHLPQRPGRDGATAFVTIQEGCDKFCTFCVVPHTRGREYSRSMPD  180

Query  180  VIAEVASLCEQGVREITLLGQNVNDYRG---LMHDGQVADLALLIHYLAAMDNIERIRFT  236
            ++ EV +L EQGVREITLLGQNVN YRG   L+ +G +ADL   +  LA +  + R+R+T
Sbjct  181  ILREVRALVEQGVREITLLGQNVNAYRGATGLVGEGGLADL---LERLARIPGLLRLRYT  237

Query  237  TSHPSAFSENLIDAYAEEPKLANHLHLPVQSGSDRILAAMKRNYTVLEYKSKIRKLRAVR  296
            TSHP+   + LI A+     LA HLHLPVQSGSDRIL  M R +TV +Y  K+ +LRA R
Sbjct  238  TSHPANLDDELIAAHGSIGILAPHLHLPVQSGSDRILRRMHRKHTVGQYLDKVDRLRAAR  297

Query  297  PDISLSSDFIIGFPGETDADFEATMNLIHDMGFDHSFSFIYSPRPGTPAAQLPDDVPMAV  356
            P I +SSDFI+GFPGETDADF ATM LI  + FD SFSF YS RP TPA +L D VP AV
Sbjct  298  PGIQISSDFIVGFPGETDADFAATMELIDAVRFDQSFSFKYSQRPNTPALKLKDSVPEAV  357

Query  357  KKERLAILQNRINAKAAEISQSMVGTQQRILVTGPSKKYPDQLSGRTENNRVVNFNGDTP  416
            K++RLA+LQ RIN  A   +Q++VGTQQ +L+TGPS++   +L+G+T  NR VN  G   
Sbjct  358  KEDRLAVLQGRINGLAQGYAQALVGTQQAVLITGPSRRDAQELTGKTACNRAVNLAGSMD  417

Query  417  LIGQMVTIKIKEARPYSLWG  436
             +GQM+ ++I  A P SL G
Sbjct  418  WVGQMLDVEITAALPNSLRG  437


>A1WVF7 tRNA-2-methylthio-N(6)-dimethylallyladenosine synthase OS=Halorhodospira 
halophila (strain DSM 244 / SL1) OX=349124 GN=miaB 
PE=3 SV=1
Length=474

 Score = 542 bits (1397),  Expect = 0.0, Method: Compositional matrix adjust.
 Identities = 255/438 (58%), Positives = 333/438 (76%), Gaps = 1/438 (0%)

Query  2    KKLYLKTHGCQMNEYDSAKMADVLKFSHGLELTEDPAVADVFLLNTCSVREKAQTKVFSE  61
            +++Y++T GCQMN+YD+ ++ DVL    G    + P  AD+ LLNTCSVREKAQ KVFS+
Sbjct  21   ERVYVETQGCQMNDYDAERLVDVLVSQAGARRVDRPEEADLLLLNTCSVREKAQEKVFSQ  80

Query  62   LGRWRPFKEKRPHVVIGVGGCVASQEGETILKQAPFVDIVFGPQTLHRLPDLLDSVIQKR  121
            LGRWR +K+  P V+IGVGGCVASQEG  IL++APFVD+VFGPQTLHRLP +L       
Sbjct  81   LGRWRRYKQDNPTVLIGVGGCVASQEGAEILRRAPFVDLVFGPQTLHRLPQMLARRRSGA  140

Query  122  KSVVDITFPEIEKFDRLPQPRAEGPSAFVSIMEGCSKYCTFCVVPYTRGEEISRPFDDVI  181
             + VD+ FPEIEKFD LPQPRAEGP+A+VS+MEGCSKYC+FCVVPYTRG+EISRP  DV+
Sbjct  141  SAQVDVDFPEIEKFDHLPQPRAEGPTAYVSVMEGCSKYCSFCVVPYTRGDEISRPVADVL  200

Query  182  AEVASLCEQGVREITLLGQNVNDYRGLMHDGQVADLALLIHYLAAMDNIERIRFTTSHPS  241
            AEV SL EQGVRE+ LLGQNVN Y G + DG+ ADL LLI  +A +  I+RIRFTTSHP+
Sbjct  201  AEVRSLAEQGVREVNLLGQNVNAYAGALDDGERADLGLLIEAVARIPGIDRIRFTTSHPA  260

Query  242  AFSENLIDAYAEEPKLANHLHLPVQSGSDRILAAMKRNYTVLEYKSKIRKLRAVRPDISL  301
             F   LIDAY + P+LA+ LHLPVQSGSD IL  MKR + +  Y++ I ++RAVRP + L
Sbjct  261  EFHSGLIDAYRDVPELADFLHLPVQSGSDLILKLMKRGHDIAAYEALIDQIRAVRPGLVL  320

Query  302  SSDFIIGFPGETDADFEATMNLIHDMGFD-HSFSFIYSPRPGTPAAQLPDDVPMAVKKER  360
            ++D I+GFPGET+A+FE T+ ++  +GFD  +FSF+YSPRPGTPAA+L D VP A K+  
Sbjct  321  ATDLIVGFPGETEAEFEETLAMVDRVGFDGGAFSFVYSPRPGTPAAELHDGVPEADKRAW  380

Query  361  LAILQNRINAKAAEISQSMVGTQQRILVTGPSKKYPDQLSGRTENNRVVNFNGDTPLIGQ  420
            L  LQ R++ + +  +++++GT+Q +L+ GPS++ P +LSGRT  NRVVNF GD   IG+
Sbjct  381  LQRLQARLHEQQSAAARALLGTRQSVLIDGPSRRDPRELSGRTSGNRVVNFPGDPSWIGR  440

Query  421  MVTIKIKEARPYSLWGEI  438
               ++I +AR +SL G +
Sbjct  441  FAEVEITDARTHSLRGRV  458


>B0VQX2 tRNA-2-methylthio-N(6)-dimethylallyladenosine synthase OS=Acinetobacter 
baumannii (strain SDF) OX=509170 GN=miaB PE=3 SV=1
Length=483

 Score = 540 bits (1392),  Expect = 0.0, Method: Compositional matrix adjust.
 Identities = 259/446 (58%), Positives = 332/446 (74%), Gaps = 8/446 (2%)

Query  1    MKKLYLKTHGCQMNEYDSAKMADVLKFSHGLELTEDPAVADVFLLNTCSVREKAQTKVFS  60
            +KKLY++T GCQMNEYDS +MAD+L  SHG  LT +P  AD+ L+NTCS+REKAQ KVFS
Sbjct  30   IKKLYIETQGCQMNEYDSHRMADLLGDSHGYVLTNNPNEADILLMNTCSIREKAQEKVFS  89

Query  61   ELGRWRPFKEKRPHVVIGVGGCVASQEGETILKQAPFVDIVFGPQTLHRLPDLLD---SV  117
            ELGRWR  KE+ P +VIGVGGCVASQEG+ I K+AP+VD++FGPQTLHRLP +LD   + 
Sbjct  90   ELGRWRKLKEQNPDLVIGVGGCVASQEGDNIQKRAPYVDMIFGPQTLHRLPQMLDQHHAQ  149

Query  118  IQKRKS----VVDITFPEIEKFDRLPQPRAEGPSAFVSIMEGCSKYCTFCVVPYTRGEEI  173
            ++K K     +VDI+FP+IEKFD LP+PR EG  AFVSIMEGCSKYC+FCVVPYTRGEE+
Sbjct  150  VEKPKKEKIKLVDISFPDIEKFDFLPEPRVEGFKAFVSIMEGCSKYCSFCVVPYTRGEEV  209

Query  174  SRPFDDVIAEVASLCEQGVREITLLGQNVNDYRGLMHDGQVADLALLIHYLAAMDNIERI  233
            SRP DDV+AE+A L E+GVREI+LLGQNVN YRG   +G +     L+  +A +  I R+
Sbjct  210  SRPLDDVLAEIAGLAEKGVREISLLGQNVNGYRGETFEGGICTFPELLRLVAEIPGIGRL  269

Query  234  RFTTSHPSAFSENLIDAYAEEPKLANHLHLPVQSGSDRILAAMKRNYTVLEYKSKIRKLR  293
            R+TTSHP  FS+ LI  Y + P++ +HLHLPVQSGS+ +L AMKRN+T+  Y  KI KLR
Sbjct  270  RYTTSHPLEFSDELIQCYEDLPQMVSHLHLPVQSGSNDVLKAMKRNHTIDVYIDKIAKLR  329

Query  294  AVRPDISLSSDFIIGFPGETDADFEATMNLIHDMGFDHSFSFIYSPRPGTPAAQLPDDVP  353
             +RPD+ LSSDFIIGFPGETD +F  T+  I D+GFDHS+SF+YS RPGTPA+ LPD  P
Sbjct  330  KIRPDMHLSSDFIIGFPGETDENFAETLQFIKDLGFDHSYSFVYSKRPGTPASDLPDTTP  389

Query  354  MAVKKERLAILQNRINAKAAEISQSMVGTQQRILVTGPSKKYPDQLSGRTENNRVVNFNG  413
              VKKERLA +Q  I   + E + +M+G  +R+L+   S + P+ L G  +N R+V F G
Sbjct  390  EHVKKERLAQVQQVIKQSSIEKTDAMLGKIERVLIEKVSDQDPNILVGTADNTRLVTFVG  449

Query  414  DTPLIGQMVTIKIKEARPYSL-WGEI  438
            D   +G+   I+I E +  +L +GE+
Sbjct  450  DASRVGRFAEIEITEIKTLNLVYGEL  475


>B2HZ55 tRNA-2-methylthio-N(6)-dimethylallyladenosine synthase OS=Acinetobacter 
baumannii (strain ACICU) OX=405416 GN=miaB PE=3 SV=1
Length=483

 Score = 538 bits (1387),  Expect = 0.0, Method: Compositional matrix adjust.
 Identities = 259/446 (58%), Positives = 331/446 (74%), Gaps = 8/446 (2%)

Query  1    MKKLYLKTHGCQMNEYDSAKMADVLKFSHGLELTEDPAVADVFLLNTCSVREKAQTKVFS  60
            +KKLY++T GCQMNEYDS +MAD+L  SHG  LT +P  AD+ L+NTCS+REKAQ KVFS
Sbjct  30   IKKLYIETQGCQMNEYDSHRMADLLGDSHGYVLTNNPNEADILLMNTCSIREKAQEKVFS  89

Query  61   ELGRWRPFKEKRPHVVIGVGGCVASQEGETILKQAPFVDIVFGPQTLHRLPDLLD---SV  117
            ELGRWR  KE+ P +VIGVGGCVASQEG+ I K+AP+VD++FGPQTLHRLP +LD   + 
Sbjct  90   ELGRWRKLKEQNPDLVIGVGGCVASQEGDNIQKRAPYVDMIFGPQTLHRLPQMLDQHHAQ  149

Query  118  IQKRKS----VVDITFPEIEKFDRLPQPRAEGPSAFVSIMEGCSKYCTFCVVPYTRGEEI  173
            ++K K     +VDI+FP+IEKFD LP+PR EG  AFVSIMEGCSKYC+FCVVPYTRGEE+
Sbjct  150  VEKPKKEKIKLVDISFPDIEKFDFLPEPRVEGFKAFVSIMEGCSKYCSFCVVPYTRGEEV  209

Query  174  SRPFDDVIAEVASLCEQGVREITLLGQNVNDYRGLMHDGQVADLALLIHYLAAMDNIERI  233
            SRP DDV+AE+A L E+GVREI+LLGQNVN YRG   +G +     L+  +A +  I R+
Sbjct  210  SRPLDDVLAEIAGLAEKGVREISLLGQNVNGYRGETFEGGICTFPELLRLVAEIPGIGRL  269

Query  234  RFTTSHPSAFSENLIDAYAEEPKLANHLHLPVQSGSDRILAAMKRNYTVLEYKSKIRKLR  293
            R+TTSHP  FS+ LI  Y + P++ +HLHLPVQSGS+ +L AMKRN+T+  Y  KI KLR
Sbjct  270  RYTTSHPLEFSDELIQCYEDLPQMVSHLHLPVQSGSNDVLKAMKRNHTIDVYIDKIAKLR  329

Query  294  AVRPDISLSSDFIIGFPGETDADFEATMNLIHDMGFDHSFSFIYSPRPGTPAAQLPDDVP  353
             +RPD+ LSSDFIIGFPGETD +F  T+  I D+ FDHS+SF+YS RPGTPA+ LPD  P
Sbjct  330  KIRPDMHLSSDFIIGFPGETDENFAETLQFIKDLDFDHSYSFVYSKRPGTPASDLPDTTP  389

Query  354  MAVKKERLAILQNRINAKAAEISQSMVGTQQRILVTGPSKKYPDQLSGRTENNRVVNFNG  413
              VKKERLA +Q  I   + E + +M+G  +R+L+   S + P+ L G  +N R+V F G
Sbjct  390  EHVKKERLAQVQQVIKQSSIEKTDAMLGKIERVLIEKVSDQDPNILVGTADNTRLVTFVG  449

Query  414  DTPLIGQMVTIKIKEARPYSL-WGEI  438
            D   IG+   I+I E +  +L +GE+
Sbjct  450  DASWIGRFAEIEITEIKTLNLVYGEL  475


>B0V6R4 tRNA-2-methylthio-N(6)-dimethylallyladenosine synthase OS=Acinetobacter 
baumannii (strain AYE) OX=509173 GN=miaB PE=3 SV=1
Length=483

 Score = 537 bits (1384),  Expect = 0.0, Method: Compositional matrix adjust.
 Identities = 258/446 (58%), Positives = 331/446 (74%), Gaps = 8/446 (2%)

Query  1    MKKLYLKTHGCQMNEYDSAKMADVLKFSHGLELTEDPAVADVFLLNTCSVREKAQTKVFS  60
            +KKLY++T GCQMNEYDS +MAD+L  SHG  LT +P  AD+ L+NTCS+REKAQ KVFS
Sbjct  30   IKKLYIETQGCQMNEYDSHRMADLLGDSHGYVLTNNPNEADILLMNTCSIREKAQEKVFS  89

Query  61   ELGRWRPFKEKRPHVVIGVGGCVASQEGETILKQAPFVDIVFGPQTLHRLPDLLD---SV  117
            ELGRWR  KE+ P +VIGVGGCVASQEG+ I K+AP+VD++FGPQTLHRLP +LD   + 
Sbjct  90   ELGRWRKLKEQNPDLVIGVGGCVASQEGDNIQKRAPYVDMIFGPQTLHRLPQMLDQHHAQ  149

Query  118  IQKRKS----VVDITFPEIEKFDRLPQPRAEGPSAFVSIMEGCSKYCTFCVVPYTRGEEI  173
            ++K K     +VDI+FP+IEKFD LP+PR EG  AFVSIMEGCSKYC+FCVVPYTRGEE+
Sbjct  150  VEKPKKEKIKLVDISFPDIEKFDFLPEPRVEGFKAFVSIMEGCSKYCSFCVVPYTRGEEV  209

Query  174  SRPFDDVIAEVASLCEQGVREITLLGQNVNDYRGLMHDGQVADLALLIHYLAAMDNIERI  233
            SRP DDV+AE+A L E+GVREI+LLGQNVN YRG   +G +     L+  +A +  I R+
Sbjct  210  SRPLDDVLAEIAGLAEKGVREISLLGQNVNGYRGETFEGGICTFPELLRLVAEIPGIGRL  269

Query  234  RFTTSHPSAFSENLIDAYAEEPKLANHLHLPVQSGSDRILAAMKRNYTVLEYKSKIRKLR  293
            R+TTSHP  FS+ LI  Y + P++ +HLHLPVQSGS+ +L AMKRN+T+  Y  KI KLR
Sbjct  270  RYTTSHPLEFSDELIQCYEDLPQMVSHLHLPVQSGSNDVLKAMKRNHTIDVYIDKIAKLR  329

Query  294  AVRPDISLSSDFIIGFPGETDADFEATMNLIHDMGFDHSFSFIYSPRPGTPAAQLPDDVP  353
             +RPD+ LSSDFIIGFPGETD +F  T+  I D+ FDHS+SF+YS RPGTPA+ LPD  P
Sbjct  330  KIRPDMHLSSDFIIGFPGETDENFAETLQFIKDLDFDHSYSFVYSKRPGTPASDLPDTTP  389

Query  354  MAVKKERLAILQNRINAKAAEISQSMVGTQQRILVTGPSKKYPDQLSGRTENNRVVNFNG  413
              VKKERLA +Q  I   + E + +M+G  +R+L+   S + P+ L G  +N R+V F G
Sbjct  390  EHVKKERLAQVQQVIKQSSIEKTDAMLGKIERVLIEKVSDQDPNILVGTADNTRLVTFVG  449

Query  414  DTPLIGQMVTIKIKEARPYSL-WGEI  438
            D   +G+   I+I E +  +L +GE+
Sbjct  450  DASWVGRFAEIEITEIKTLNLVYGEL  475


>B7I9D5 tRNA-2-methylthio-N(6)-dimethylallyladenosine synthase OS=Acinetobacter 
baumannii (strain AB0057) OX=480119 GN=miaB PE=3 
SV=1
Length=483

 Score = 537 bits (1384),  Expect = 0.0, Method: Compositional matrix adjust.
 Identities = 258/446 (58%), Positives = 331/446 (74%), Gaps = 8/446 (2%)

Query  1    MKKLYLKTHGCQMNEYDSAKMADVLKFSHGLELTEDPAVADVFLLNTCSVREKAQTKVFS  60
            +KKLY++T GCQMNEYDS +MAD+L  SHG  LT +P  AD+ L+NTCS+REKAQ KVFS
Sbjct  30   IKKLYIETQGCQMNEYDSHRMADLLGDSHGYVLTNNPNEADILLMNTCSIREKAQEKVFS  89

Query  61   ELGRWRPFKEKRPHVVIGVGGCVASQEGETILKQAPFVDIVFGPQTLHRLPDLLD---SV  117
            ELGRWR  KE+ P +VIGVGGCVASQEG+ I K+AP+VD++FGPQTLHRLP +LD   + 
Sbjct  90   ELGRWRKLKEQNPDLVIGVGGCVASQEGDNIQKRAPYVDMIFGPQTLHRLPQMLDQHHAQ  149

Query  118  IQKRKS----VVDITFPEIEKFDRLPQPRAEGPSAFVSIMEGCSKYCTFCVVPYTRGEEI  173
            ++K K     +VDI+FP+IEKFD LP+PR EG  AFVSIMEGCSKYC+FCVVPYTRGEE+
Sbjct  150  VEKPKKEKIKLVDISFPDIEKFDFLPEPRVEGFKAFVSIMEGCSKYCSFCVVPYTRGEEV  209

Query  174  SRPFDDVIAEVASLCEQGVREITLLGQNVNDYRGLMHDGQVADLALLIHYLAAMDNIERI  233
            SRP DDV+AE+A L E+GVREI+LLGQNVN YRG   +G +     L+  +A +  I R+
Sbjct  210  SRPLDDVLAEIAGLAEKGVREISLLGQNVNGYRGETFEGGICTFPELLRLVAEIPGIGRL  269

Query  234  RFTTSHPSAFSENLIDAYAEEPKLANHLHLPVQSGSDRILAAMKRNYTVLEYKSKIRKLR  293
            R+TTSHP  FS+ LI  Y + P++ +HLHLPVQSGS+ +L AMKRN+T+  Y  KI KLR
Sbjct  270  RYTTSHPLEFSDELIQCYEDLPQMVSHLHLPVQSGSNDVLKAMKRNHTIDVYIDKIAKLR  329

Query  294  AVRPDISLSSDFIIGFPGETDADFEATMNLIHDMGFDHSFSFIYSPRPGTPAAQLPDDVP  353
             +RPD+ LSSDFIIGFPGETD +F  T+  I D+ FDHS+SF+YS RPGTPA+ LPD  P
Sbjct  330  KIRPDMHLSSDFIIGFPGETDENFAETLQFIKDLDFDHSYSFVYSKRPGTPASDLPDTTP  389

Query  354  MAVKKERLAILQNRINAKAAEISQSMVGTQQRILVTGPSKKYPDQLSGRTENNRVVNFNG  413
              VKKERLA +Q  I   + E + +M+G  +R+L+   S + P+ L G  +N R+V F G
Sbjct  390  EHVKKERLAQVQQVIKQSSIEKTDAMLGKIERVLIEKVSDQDPNILVGTADNTRLVTFVG  449

Query  414  DTPLIGQMVTIKIKEARPYSL-WGEI  438
            D   +G+   I+I E +  +L +GE+
Sbjct  450  DASWVGRFAEIEITEIKTLNLVYGEL  475


>B7GW55 tRNA-2-methylthio-N(6)-dimethylallyladenosine synthase OS=Acinetobacter 
baumannii (strain AB307-0294) OX=557600 GN=miaB PE=3 
SV=1
Length=483

 Score = 537 bits (1384),  Expect = 0.0, Method: Compositional matrix adjust.
 Identities = 258/446 (58%), Positives = 331/446 (74%), Gaps = 8/446 (2%)

Query  1    MKKLYLKTHGCQMNEYDSAKMADVLKFSHGLELTEDPAVADVFLLNTCSVREKAQTKVFS  60
            +KKLY++T GCQMNEYDS +MAD+L  SHG  LT +P  AD+ L+NTCS+REKAQ KVFS
Sbjct  30   IKKLYIETQGCQMNEYDSHRMADLLGDSHGYVLTNNPNEADILLMNTCSIREKAQEKVFS  89

Query  61   ELGRWRPFKEKRPHVVIGVGGCVASQEGETILKQAPFVDIVFGPQTLHRLPDLLD---SV  117
            ELGRWR  KE+ P +VIGVGGCVASQEG+ I K+AP+VD++FGPQTLHRLP +LD   + 
Sbjct  90   ELGRWRKLKEQNPDLVIGVGGCVASQEGDNIQKRAPYVDMIFGPQTLHRLPQMLDQHHAQ  149

Query  118  IQKRKS----VVDITFPEIEKFDRLPQPRAEGPSAFVSIMEGCSKYCTFCVVPYTRGEEI  173
            ++K K     +VDI+FP+IEKFD LP+PR EG  AFVSIMEGCSKYC+FCVVPYTRGEE+
Sbjct  150  VEKPKKEKIKLVDISFPDIEKFDFLPEPRVEGFKAFVSIMEGCSKYCSFCVVPYTRGEEV  209

Query  174  SRPFDDVIAEVASLCEQGVREITLLGQNVNDYRGLMHDGQVADLALLIHYLAAMDNIERI  233
            SRP DDV+AE+A L E+GVREI+LLGQNVN YRG   +G +     L+  +A +  I R+
Sbjct  210  SRPLDDVLAEIAGLAEKGVREISLLGQNVNGYRGETFEGGICTFPELLRLVAEIPGIGRL  269

Query  234  RFTTSHPSAFSENLIDAYAEEPKLANHLHLPVQSGSDRILAAMKRNYTVLEYKSKIRKLR  293
            R+TTSHP  FS+ LI  Y + P++ +HLHLPVQSGS+ +L AMKRN+T+  Y  KI KLR
Sbjct  270  RYTTSHPLEFSDELIQCYEDLPQMVSHLHLPVQSGSNDVLKAMKRNHTIDVYIDKIAKLR  329

Query  294  AVRPDISLSSDFIIGFPGETDADFEATMNLIHDMGFDHSFSFIYSPRPGTPAAQLPDDVP  353
             +RPD+ LSSDFIIGFPGETD +F  T+  I D+ FDHS+SF+YS RPGTPA+ LPD  P
Sbjct  330  KIRPDMHLSSDFIIGFPGETDENFAETLQFIKDLDFDHSYSFVYSKRPGTPASDLPDTTP  389

Query  354  MAVKKERLAILQNRINAKAAEISQSMVGTQQRILVTGPSKKYPDQLSGRTENNRVVNFNG  413
              VKKERLA +Q  I   + E + +M+G  +R+L+   S + P+ L G  +N R+V F G
Sbjct  390  EHVKKERLAQVQQVIKQSSIEKTDAMLGKIERVLIEKVSDQDPNILVGTADNTRLVTFVG  449

Query  414  DTPLIGQMVTIKIKEARPYSL-WGEI  438
            D   +G+   I+I E +  +L +GE+
Sbjct  450  DASWVGRFAEIEITEIKTLNLVYGEL  475


>Q6F7W8 tRNA-2-methylthio-N(6)-dimethylallyladenosine synthase OS=Acinetobacter 
baylyi (strain ATCC 33305 / BD413 / ADP1) OX=62977 
GN=miaB PE=3 SV=1
Length=483

 Score = 537 bits (1384),  Expect = 0.0, Method: Compositional matrix adjust.
 Identities = 261/446 (59%), Positives = 331/446 (74%), Gaps = 8/446 (2%)

Query  1    MKKLYLKTHGCQMNEYDSAKMADVLKFSHGLELTEDPAVADVFLLNTCSVREKAQTKVFS  60
            +KKLY++T GCQMNEYDS +MAD+L  SHG  LT DP  AD+ L+NTCS+REKAQ KVFS
Sbjct  30   IKKLYIETQGCQMNEYDSHRMADLLGDSHGYVLTTDPKEADILLMNTCSIREKAQEKVFS  89

Query  61   ELGRWRPFKEKRPHVVIGVGGCVASQEGETILKQAPFVDIVFGPQTLHRLPDLLDS---V  117
            ELGRWR  K++ P ++IGVGGCVASQEG+ I K+AP+VD+VFGPQTLHRLP +LD     
Sbjct  90   ELGRWRKLKQQNPDLIIGVGGCVASQEGDNIQKRAPYVDMVFGPQTLHRLPQMLDQHQDQ  149

Query  118  IQKRKS----VVDITFPEIEKFDRLPQPRAEGPSAFVSIMEGCSKYCTFCVVPYTRGEEI  173
            I+K K     +VDI+FP+IEKFD LP+PR EG  AFVSIMEGCSKYC+FCVVPYTRGEE+
Sbjct  150  IEKPKKDKIKLVDISFPDIEKFDFLPEPRVEGFKAFVSIMEGCSKYCSFCVVPYTRGEEV  209

Query  174  SRPFDDVIAEVASLCEQGVREITLLGQNVNDYRGLMHDGQVADLALLIHYLAAMDNIERI  233
            SRP DDV+AE+A L E+GVREI+LLGQNVN YRG   +G +     L+  ++ +  I R+
Sbjct  210  SRPLDDVLAEIAGLAEKGVREISLLGQNVNGYRGETFEGGICTFPELLRLVSEIPGIGRL  269

Query  234  RFTTSHPSAFSENLIDAYAEEPKLANHLHLPVQSGSDRILAAMKRNYTVLEYKSKIRKLR  293
            R+TTSHP  FSE LI  Y + P++ +HLHLPVQSGS+ +L AMKRN+T+  Y  KI KLR
Sbjct  270  RYTTSHPLEFSEELIQCYRDLPQMVSHLHLPVQSGSNAVLQAMKRNHTIDVYIEKIAKLR  329

Query  294  AVRPDISLSSDFIIGFPGETDADFEATMNLIHDMGFDHSFSFIYSPRPGTPAAQLPDDVP  353
             +RPD+ LSSDFIIGFPGET+ +FE T   I D+ FDHS+SFIYS RPGTPA++L D   
Sbjct  330  KIRPDMHLSSDFIIGFPGETEQNFEETYQFIKDLDFDHSYSFIYSKRPGTPASELEDTTS  389

Query  354  MAVKKERLAILQNRINAKAAEISQSMVGTQQRILVTGPSKKYPDQLSGRTENNRVVNFNG  413
             AVKKERLA +Q+ I   +   + +M GT QR+L+   S+K P+ L G  +N R+V F G
Sbjct  390  EAVKKERLAKVQHWIKQSSIRKTDAMQGTIQRVLIENVSEKDPNLLVGTADNTRLVTFVG  449

Query  414  DTPLIGQMVTIKIKEARPYSL-WGEI  438
            D   +G+   I+I E +  +L +GE+
Sbjct  450  DPMWVGRFAEIEITEIKTLNLVYGEL  475


>Q89AC2 tRNA-2-methylthio-N(6)-dimethylallyladenosine synthase OS=Buchnera 
aphidicola subsp. Baizongia pistaciae (strain Bp) OX=224915 
GN=miaB PE=3 SV=1
Length=445

 Score = 521 bits (1343),  Expect = 0.0, Method: Compositional matrix adjust.
 Identities = 238/434 (55%), Positives = 325/434 (75%), Gaps = 0/434 (0%)

Query  3    KLYLKTHGCQMNEYDSAKMADVLKFSHGLELTEDPAVADVFLLNTCSVREKAQTKVFSEL  62
            K+Y+KT GCQMNEYDSA +  +LK  HG E T+DP +A+V +LNTCS+REKAQ KVF +L
Sbjct  5    KIYIKTWGCQMNEYDSALITQILKQKHGYENTKDPKLANVLILNTCSIREKAQEKVFHQL  64

Query  63   GRWRPFKEKRPHVVIGVGGCVASQEGETILKQAPFVDIVFGPQTLHRLPDLLDSVIQKRK  122
            GRW+  K+K P+++I VGGCVA+QEG+ I K+A +VDI+FG QTLH LP+++  V + +K
Sbjct  65   GRWKKLKQKNPNLIIAVGGCVATQEGKNIYKRANYVDIIFGTQTLHYLPNMIQEVKKNKK  124

Query  123  SVVDITFPEIEKFDRLPQPRAEGPSAFVSIMEGCSKYCTFCVVPYTRGEEISRPFDDVIA  182
            SV +I FP  EKF+ +  PR    +AFVSIMEGC+K+C+FC+VPYTRG EISRP DD++ 
Sbjct  125  SVTNIDFPLTEKFNFIEYPRKPKVTAFVSIMEGCNKFCSFCIVPYTRGHEISRPVDDILL  184

Query  183  EVASLCEQGVREITLLGQNVNDYRGLMHDGQVADLALLIHYLAAMDNIERIRFTTSHPSA  242
            E+++L  +GV+EI LLGQNVN Y+G   +G +   + L+  +A++D I+RIRFTTS+P  
Sbjct  185  EISTLSSRGVKEIHLLGQNVNSYKGKTFNGDICKFSNLLRLVASIDGIDRIRFTTSNPFE  244

Query  243  FSENLIDAYAEEPKLANHLHLPVQSGSDRILAAMKRNYTVLEYKSKIRKLRAVRPDISLS  302
            F++++I+ YAE PK+ + LHLPVQSGS+RIL  MKR +T+ EYK+ I K+  +RP+I +S
Sbjct  245  FTDDIIEIYAEIPKIVSFLHLPVQSGSNRILQLMKRMHTIDEYKTIINKILKLRPNIQIS  304

Query  303  SDFIIGFPGETDADFEATMNLIHDMGFDHSFSFIYSPRPGTPAAQLPDDVPMAVKKERLA  362
            SDFIIGFPGET  DFE T+ LI D+  D S+SFIYSPRPGTPA++L D+V +  K++RL 
Sbjct  305  SDFIIGFPGETLIDFEQTLQLIKDLNIDMSYSFIYSPRPGTPASELQDNVTLCEKQKRLH  364

Query  363  ILQNRINAKAAEISQSMVGTQQRILVTGPSKKYPDQLSGRTENNRVVNFNGDTPLIGQMV  422
            ILQ  I       +Q M+G+ Q +LV G S+K P +L GRTENNR+VNF G+  +IG+ +
Sbjct  365  ILQTLIRNNTTMWNQKMLGSIQSVLVEGRSQKNPKELFGRTENNRIVNFKGNQNMIGEFI  424

Query  423  TIKIKEARPYSLWG  436
             +KI +  P SL G
Sbjct  425  NLKITKINPNSLRG  438


>P57516 tRNA-2-methylthio-N(6)-dimethylallyladenosine synthase OS=Buchnera 
aphidicola subsp. Acyrthosiphon pisum (strain APS) OX=107806 
GN=miaB PE=3 SV=1
Length=439

 Score = 514 bits (1324),  Expect = 0.0, Method: Compositional matrix adjust.
 Identities = 241/438 (55%), Positives = 320/438 (73%), Gaps = 0/438 (0%)

Query  1    MKKLYLKTHGCQMNEYDSAKMADVLKFSHGLELTEDPAVADVFLLNTCSVREKAQTKVFS  60
            MK +Y+KT GCQMNEYDS+ +  +L+ ++   LT+    AD+ +LNTCS+REKAQ KVF 
Sbjct  1    MKYIYIKTWGCQMNEYDSSMIITLLEKNNQYSLTKSAENADILILNTCSIREKAQEKVFH  60

Query  61   ELGRWRPFKEKRPHVVIGVGGCVASQEGETILKQAPFVDIVFGPQTLHRLPDLLDSVIQK  120
            +LGRW+  K   P V+I VGGCVA+QEG+ I K+A +VDI+FG QTLHRLP ++D V +K
Sbjct  61   QLGRWKKIKNNNPKVIIAVGGCVATQEGKEIFKRANYVDIIFGTQTLHRLPKMIDEVEKK  120

Query  121  RKSVVDITFPEIEKFDRLPQPRAEGPSAFVSIMEGCSKYCTFCVVPYTRGEEISRPFDDV  180
            RK  +DI+FP++EKF     P+ +G +A +SIMEGC+KYC+FCVVPYTRG EISRP DDV
Sbjct  121  RKLSIDISFPKLEKFKYFLAPKKKGYTADISIMEGCNKYCSFCVVPYTRGNEISRPCDDV  180

Query  181  IAEVASLCEQGVREITLLGQNVNDYRGLMHDGQVADLALLIHYLAAMDNIERIRFTTSHP  240
            + E++ L +QG++EI LLGQNVN Y+G   +G+V   + LI  +A +D IERIRFTTS+P
Sbjct  181  LFEISLLAKQGIKEINLLGQNVNAYQGPTFNGKVCYFSELIRLVAEIDGIERIRFTTSNP  240

Query  241  SAFSENLIDAYAEEPKLANHLHLPVQSGSDRILAAMKRNYTVLEYKSKIRKLRAVRPDIS  300
              F++++I+ Y + PKL + LHLPVQSGS++IL  MKR+YT  +Y S I+KL   RPDI 
Sbjct  241  LEFTDDIIEVYKDTPKLVSFLHLPVQSGSNKILNLMKRSYTTEDYTSIIKKLTIARPDIQ  300

Query  301  LSSDFIIGFPGETDADFEATMNLIHDMGFDHSFSFIYSPRPGTPAAQLPDDVPMAVKKER  360
            +SSDFI+GFPGE++ DFE T+  I ++ FD SFSFIYS RPGTPA+ + DD+ +  KK R
Sbjct  301  ISSDFIVGFPGESEIDFEKTIEFIKNINFDMSFSFIYSARPGTPASNMNDDLDLKEKKRR  360

Query  361  LAILQNRINAKAAEISQSMVGTQQRILVTGPSKKYPDQLSGRTENNRVVNFNGDTPLIGQ  420
            L ILQ RIN +    S+ M G+ Q +LV G S K    L GRTENNRVV F G + +IGQ
Sbjct  361  LYILQERINIQTMLWSRKMFGSIQSVLVEGVSDKNIMDLYGRTENNRVVTFQGSSKMIGQ  420

Query  421  MVTIKIKEARPYSLWGEI  438
             V +KIK+   +SL GE+
Sbjct  421  FVNVKIKKVHTHSLKGEL  438


>Q8K9C2 tRNA-2-methylthio-N(6)-dimethylallyladenosine synthase OS=Buchnera 
aphidicola subsp. Schizaphis graminum (strain Sg) OX=198804 
GN=miaB PE=3 SV=1
Length=439

 Score = 499 bits (1284),  Expect = 1e-174, Method: Compositional matrix adjust.
 Identities = 228/438 (52%), Positives = 319/438 (73%), Gaps = 0/438 (0%)

Query  1    MKKLYLKTHGCQMNEYDSAKMADVLKFSHGLELTEDPAVADVFLLNTCSVREKAQTKVFS  60
            MK +Y+KT GCQMNEYDS+ +   L+ +    +T++   AD+ +LNTCS+REKAQ KVF 
Sbjct  1    MKYIYIKTWGCQMNEYDSSMITVFLEKTGRYLITKEVEKADILILNTCSIREKAQEKVFH  60

Query  61   ELGRWRPFKEKRPHVVIGVGGCVASQEGETILKQAPFVDIVFGPQTLHRLPDLLDSVIQK  120
            +LGRW+  K K+P V+I VGGCVA+QEG+ I K+A +VDIVFG QTLH+L  ++D V + 
Sbjct  61   QLGRWKKLKNKKPDVIIAVGGCVATQEGKEIFKRANYVDIVFGTQTLHKLAQMIDKVEKN  120

Query  121  RKSVVDITFPEIEKFDRLPQPRAEGPSAFVSIMEGCSKYCTFCVVPYTRGEEISRPFDDV  180
            R+ ++DI+FP++EKF+   +P+  G +A +SIMEGC+KYC+FCVVPYTRG EISRP DD+
Sbjct  121  RRFMIDISFPQLEKFNYSLEPKKTGYTASISIMEGCNKYCSFCVVPYTRGHEISRPSDDI  180

Query  181  IAEVASLCEQGVREITLLGQNVNDYRGLMHDGQVADLALLIHYLAAMDNIERIRFTTSHP  240
            + E++ L E GVREI LLGQNVN YRG   +G++   + L+  ++ +D I+RIRFTTS+P
Sbjct  181  LLEISILAENGVREINLLGQNVNAYRGRTFNGKICFFSELLRLVSEIDGIDRIRFTTSNP  240

Query  241  SAFSENLIDAYAEEPKLANHLHLPVQSGSDRILAAMKRNYTVLEYKSKIRKLRAVRPDIS  300
              F++++I+ Y + PKL + LHLPVQSGS+RIL  MKR+YT  EY+  I KL   R +I 
Sbjct  241  LEFTDDIIEVYQDTPKLVSFLHLPVQSGSNRILQLMKRSYTTEEYEKIIEKLILARSNIQ  300

Query  301  LSSDFIIGFPGETDADFEATMNLIHDMGFDHSFSFIYSPRPGTPAAQLPDDVPMAVKKER  360
            +SSDFI+GFP E++ DF+ T+N I  + FD SFSFIYS RPGTPA+++ D++ +  KK+R
Sbjct  301  ISSDFIVGFPSESEEDFQKTINFIKKINFDMSFSFIYSSRPGTPASEMKDNIDLQEKKKR  360

Query  361  LAILQNRINAKAAEISQSMVGTQQRILVTGPSKKYPDQLSGRTENNRVVNFNGDTPLIGQ  420
            L  LQN IN +    S+ M+ + Q +LV G SKK   +L G+TENNR+V F G   +IG+
Sbjct  361  LYTLQNCINKQTMSWSRKMLKSTQSVLVEGVSKKNIMELYGKTENNRIVTFKGSHKMIGK  420

Query  421  MVTIKIKEARPYSLWGEI  438
             + +KIK+   +SL GE+
Sbjct  421  FIKLKIKKVHTHSLQGEL  438


>A0L7K3 tRNA-2-methylthio-N(6)-dimethylallyladenosine synthase OS=Magnetococcus 
marinus (strain ATCC BAA-1437 / JCM 17883 / MC-1) 
OX=156889 GN=miaB PE=3 SV=1
Length=437

 Score = 465 bits (1197),  Expect = 2e-161, Method: Compositional matrix adjust.
 Identities = 228/438 (52%), Positives = 305/438 (70%), Gaps = 2/438 (0%)

Query  1    MKKLYLKTHGCQMNEYDSAKMADVLKFSHGLELTEDPAVADVFLLNTCSVREKAQTKVFS  60
            MK LY+KT GCQMN YDS +MAD+L  SH  + T+DP  AD+ +LNTC +REKA+ K+FS
Sbjct  1    MKHLYIKTFGCQMNSYDSTRMADLLGESHAFQSTDDPEKADLIILNTCHIREKAEDKLFS  60

Query  61   ELGRWRPFKEKRPHVVIGVGGCVASQEGETILKQAPFVDIVFGPQTLHRLPDLLDSVIQK  120
            ELGR RP  E+   V++ VGGCV   EG TI  +AP+V +VFGPQ  H+LP ++   +  
Sbjct  61   ELGRLRPLAER--GVILAVGGCVGQAEGRTIFSRAPYVRMVFGPQNYHKLPQMIQRALDG  118

Query  121  RKSVVDITFPEIEKFDRLPQPRAEGPSAFVSIMEGCSKYCTFCVVPYTRGEEISRPFDDV  180
               V+    P ++KFD LPQ RA+G    V++ EGC K+C FCVVPYTRG E SRP   +
Sbjct  119  ETRVIAEDIPSVDKFDNLPQVRAQGVVGQVTVQEGCDKFCAFCVVPYTRGREWSRPVAAI  178

Query  181  IAEVASLCEQGVREITLLGQNVNDYRGLMHDGQVADLALLIHYLAAMDNIERIRFTTSHP  240
            +AE  +L +QGVRE+ LLGQNVN Y G+  +G   DLALLI  +A ++ IERIRF TSHP
Sbjct  179  LAETEALAQQGVREVLLLGQNVNAYAGVDEEGVSYDLALLIRRVALIEGIERIRFVTSHP  238

Query  241  SAFSENLIDAYAEEPKLANHLHLPVQSGSDRILAAMKRNYTVLEYKSKIRKLRAVRPDIS  300
               +E+L++ + E  +LA +LHLP+QSGSD ILAAM+R +TV EY + + K+RAV PD++
Sbjct  239  VDMNEDLVEVFGEIEQLAPYLHLPIQSGSDAILAAMQRGHTVEEYCTWVEKVRAVCPDVA  298

Query  301  LSSDFIIGFPGETDADFEATMNLIHDMGFDHSFSFIYSPRPGTPAAQLPDDVPMAVKKER  360
            L+SDFI+GFPGET+ DF+AT++LI  +GFDH++SF YS RPGTPAA +P+ V  A K  R
Sbjct  299  LASDFIVGFPGETEQDFQATLDLISRLGFDHAYSFKYSSRPGTPAADMPEQVDEAEKSRR  358

Query  361  LAILQNRINAKAAEISQSMVGTQQRILVTGPSKKYPDQLSGRTENNRVVNFNGDTPLIGQ  420
            L  LQ  +N +  + +++ VG ++ +LV G SKK   +LSGR+   R VNF G   LIGQ
Sbjct  359  LERLQQLLNTQQLQRNKARVGRRESVLVEGVSKKRDGELSGRSGTLRTVNFAGPVALIGQ  418

Query  421  MVTIKIKEARPYSLWGEI  438
             V ++I E  P SL G +
Sbjct  419  FVDVEIVEGLPNSLRGRL  436


>A3PPW5 tRNA-2-methylthio-N(6)-dimethylallyladenosine synthase OS=Rhodobacter 
sphaeroides (strain ATCC 17029 / ATH 2.4.9) OX=349101 
GN=miaB PE=3 SV=1
Length=436

 Score = 434 bits (1117),  Expect = 2e-149, Method: Compositional matrix adjust.
 Identities = 223/437 (51%), Positives = 297/437 (68%), Gaps = 10/437 (2%)

Query  2    KKLYLKTHGCQMNEYDSAKMADVLKFSHGLELTEDPAVADVFLLNTCSVREKAQTKVFSE  61
            +KL++KT+GCQMN YDS +MA+ L  + G  LTE    AD+ LLNTC +REKA  KV+S+
Sbjct  5    RKLFIKTYGCQMNVYDSERMAEALG-AKGYVLTEVAEEADMVLLNTCHIREKAAEKVYSD  63

Query  62   LGRWRPFKEKRPHVVIGVGGCVASQEGETILKQAPFVDIVFGPQTLHRLPDLLDSVIQKR  121
            LGR RP K  +P + IGV GCVA  EGE ILK+ P VD+V GPQ+ HRLPD+LD   +  
Sbjct  64   LGRLRPLKTAKPDLKIGVAGCVAQAEGEEILKRMPLVDLVVGPQSYHRLPDMLDRT-EGG  122

Query  122  KSVVDITFPEIEKFDRLPQPRA-EGPSAFVSIMEGCSKYCTFCVVPYTRGEEISRPFDDV  180
              VVD  FPE +KFD LP+ +A  GP+AF+++ EGC K+C FCVVPYTRG E+SRPF  +
Sbjct  123  ARVVDTDFPEEDKFDHLPERKATRGPAAFLTVQEGCDKFCAFCVVPYTRGAEVSRPFARL  182

Query  181  IAEVASLCEQGVREITLLGQNVNDYRGLMHDGQVADLALLIHYLAAMDNIERIRFTTSHP  240
            +AE   L E+GVREITLLGQNVN +     DG+   L  LI  LA +D +ER+R+TTSHP
Sbjct  183  MAEARGLVERGVREITLLGQNVNAWSS---DGR--GLGGLIRELARIDGLERLRYTTSHP  237

Query  241  SAFSENLIDAYAEEPKLANHLHLPVQSGSDRILAAMKRNYTVLEYKSKIRKLRAVRPDIS  300
            +  +++LI+A+  EPKL  +LHLPVQSGSDRIL AM R +T   Y   I ++RA RPDI 
Sbjct  238  NDMADDLIEAHGAEPKLMPYLHLPVQSGSDRILKAMNRKHTAEHYLRLIERIRAARPDIL  297

Query  301  LSSDFIIGFPGETDADFEATMNLIHDMGFDHSFSFIYSPRPGTPAAQLPDDVPMAVKKER  360
            L+SDFI+GFPGET+ADFEAT++LI  +GF  +FSF YS RPGTPAA+ P ++P  V   R
Sbjct  298  LTSDFIVGFPGETEADFEATLDLIRAVGFGSAFSFKYSARPGTPAAEKP-ELPGEVCDAR  356

Query  361  LAILQNRINAKAAEISQSMVGTQQRILVTGPSKKYPDQLSGRTENNRVVNFNGDTPLIGQ  420
            L  LQ  +  +      +MVG +  +L    + + P Q+ G++++   V+       +G 
Sbjct  357  LQRLQALVTEQQRAAQMAMVGREVGVLYE-KAGRLPGQMVGKSDHLHAVHVEDKAGRVGD  415

Query  421  MVTIKIKEARPYSLWGE  437
            +V ++I  + P SL GE
Sbjct  416  LVRVRITASAPNSLAGE  432


>Q3IW81 tRNA-2-methylthio-N(6)-dimethylallyladenosine synthase OS=Rhodobacter 
sphaeroides (strain ATCC 17023 / DSM 158 / JCM 6121 
/ NBRC 12203 / NCIMB 8253 / ATH 2.4.1.) OX=272943 GN=miaB PE=3 
SV=1
Length=436

 Score = 434 bits (1115),  Expect = 3e-149, Method: Compositional matrix adjust.
 Identities = 222/437 (51%), Positives = 298/437 (68%), Gaps = 10/437 (2%)

Query  2    KKLYLKTHGCQMNEYDSAKMADVLKFSHGLELTEDPAVADVFLLNTCSVREKAQTKVFSE  61
            +KL++KT+GCQMN YDS +MA+ L  + G  LTE    AD+ LLNTC +REKA  KV+S+
Sbjct  5    RKLFIKTYGCQMNVYDSERMAEALG-AKGYVLTEVAEEADMVLLNTCHIREKAAEKVYSD  63

Query  62   LGRWRPFKEKRPHVVIGVGGCVASQEGETILKQAPFVDIVFGPQTLHRLPDLLDSVIQKR  121
            LGR RP K  +P + IGV GCVA  EGE ILK+ P VD+V GPQ+ HRLPD+L+   +  
Sbjct  64   LGRLRPLKTAKPDLKIGVAGCVAQAEGEEILKRMPLVDLVVGPQSYHRLPDMLERT-EGG  122

Query  122  KSVVDITFPEIEKFDRLPQPRA-EGPSAFVSIMEGCSKYCTFCVVPYTRGEEISRPFDDV  180
              VVD  FPE +KFD LP+ +A  GP+AF+++ EGC K+C FCVVPYTRG E+SRPF  +
Sbjct  123  ARVVDTDFPEEDKFDHLPERKATRGPAAFLTVQEGCDKFCAFCVVPYTRGAEVSRPFARL  182

Query  181  IAEVASLCEQGVREITLLGQNVNDYRGLMHDGQVADLALLIHYLAAMDNIERIRFTTSHP  240
            +AE   L E+GVREITLLGQNVN +    +DG+   L  LI  LA +D +ER+R+TTSHP
Sbjct  183  MAEARGLVERGVREITLLGQNVNAWS---NDGR--GLGGLIRELARIDGLERLRYTTSHP  237

Query  241  SAFSENLIDAYAEEPKLANHLHLPVQSGSDRILAAMKRNYTVLEYKSKIRKLRAVRPDIS  300
            +  +++LI+A+  EPKL  +LHLPVQSGSDRIL AM R +T   Y   I ++RA RPDI 
Sbjct  238  NDMADDLIEAHGAEPKLMPYLHLPVQSGSDRILKAMNRKHTAEHYLRLIERIRAARPDIL  297

Query  301  LSSDFIIGFPGETDADFEATMNLIHDMGFDHSFSFIYSPRPGTPAAQLPDDVPMAVKKER  360
            L+SDFI+GFPGET+ADFEAT++LI  +GF  +FSF YS RPGTPAA+ P ++P  V   R
Sbjct  298  LTSDFIVGFPGETEADFEATLDLIRAVGFGSAFSFKYSARPGTPAAEKP-ELPAEVCDAR  356

Query  361  LAILQNRINAKAAEISQSMVGTQQRILVTGPSKKYPDQLSGRTENNRVVNFNGDTPLIGQ  420
            L  LQ  +  +      +MVG +  +L    + + P Q+ G++++   V+       +G 
Sbjct  357  LQRLQALVTEQQRAAQMAMVGREVGVLYE-KAGRLPGQMVGKSDHLHAVHVEDKAGQVGD  415

Query  421  MVTIKIKEARPYSLWGE  437
            +V ++I  + P SL GE
Sbjct  416  LVRVRITASAPNSLAGE  432


>A9VYZ9 tRNA-2-methylthio-N(6)-dimethylallyladenosine synthase OS=Methylorubrum 
extorquens (strain PA1) OX=419610 GN=miaB PE=3 SV=1
Length=446

 Score = 433 bits (1114),  Expect = 9e-149, Method: Compositional matrix adjust.
 Identities = 225/441 (51%), Positives = 291/441 (66%), Gaps = 8/441 (2%)

Query  1    MKKLYLKTHGCQMNEYDSAKMADVLKFSHGLELTEDPAVADVFLLNTCSVREKAQTKVFS  60
            MKK Y+K++GCQMN YD+ +MADVL  + G   T+    ADV +LNTC +REKA  KV+S
Sbjct  1    MKKAYVKSYGCQMNAYDAGRMADVLA-AEGYSATDTVEEADVVVLNTCHIREKAAEKVYS  59

Query  61   ELGRWRPFKEKRPH----VVIGVGGCVASQEGETILKQAPFVDIVFGPQTLHRLPDLLDS  116
            ELGR R  K +R        I V GCVA  EG  IL +AP VD+V GPQ+ HRLPDLL  
Sbjct  60   ELGRLRVLKGERAESGHDTRIVVAGCVAQAEGREILSRAPAVDVVVGPQSYHRLPDLLRQ  119

Query  117  VIQKRKSVVDITFPEIEKFDRLPQPRAEGPSAFVSIMEGCSKYCTFCVVPYTRGEEISRP  176
              + R  VVD  FP  +KFD LP  R  G + F+++ EGC K+C FCVVPYTRG E+SR 
Sbjct  120  SRETR--VVDTEFPAEDKFDHLPARRNRGVTGFLTVQEGCDKFCAFCVVPYTRGAEVSRS  177

Query  177  FDDVIAEVASLCEQGVREITLLGQNVNDYRGLMHDGQVADLALLIHYLAAMDNIERIRFT  236
               V+ E   L E GVREITL+GQNVN Y G   DG  A L  L+  L+A+  + R+R+T
Sbjct  178  VAAVVDEARRLVEGGVREITLIGQNVNAYHGNGPDGAPATLGHLMDALSAVPGLLRLRYT  237

Query  237  TSHPSAFSENLIDAYAEEPKLANHLHLPVQSGSDRILAAMKRNYTVLEYKSKIRKLRAVR  296
            TSHP+ F+++LI A+A  P +  +LHLPVQSGSDRIL AM R +T   Y+  I ++R  R
Sbjct  238  TSHPNDFADDLIAAHATNPLVMPYLHLPVQSGSDRILHAMNRRHTGDAYRRLIERIRNAR  297

Query  297  PDISLSSDFIIGFPGETDADFEATMNLIHDMGFDHSFSFIYSPRPGTPAAQLPDDVPMAV  356
            PDI+LSSDFI+GFPGETDADF  TM L+ D+GF  +FSF YSPR GTPAA+  D VP AV
Sbjct  298  PDIALSSDFIVGFPGETDADFAETMRLVSDIGFSAAFSFKYSPRAGTPAAEREDAVPEAV  357

Query  357  KKERLAILQNRINAKAAEISQSMVGTQQRILVTGPSKKYPDQLSGRTENNRVVNFNGDTP  416
            K ERLA LQ+ ++ +    + + VGT   ILV   + ++P Q++G+T + + V F+    
Sbjct  358  KTERLAALQDLLDRQRHAYNAASVGTLTEILVE-KTGRHPGQVAGKTPHLQAVQFDAPAS  416

Query  417  LIGQMVTIKIKEARPYSLWGE  437
             IG +V ++I  A   SL+GE
Sbjct  417  TIGTVVPVRITRAGSNSLFGE  437


>B1ZJR5 tRNA-2-methylthio-N(6)-dimethylallyladenosine synthase OS=Methylorubrum 
populi (strain ATCC BAA-705 / NCIMB 13946 / BJ001) 
OX=441620 GN=miaB PE=3 SV=1
Length=446

 Score = 433 bits (1113),  Expect = 1e-148, Method: Compositional matrix adjust.
 Identities = 224/442 (51%), Positives = 291/442 (66%), Gaps = 8/442 (2%)

Query  1    MKKLYLKTHGCQMNEYDSAKMADVLKFSHGLELTEDPAVADVFLLNTCSVREKAQTKVFS  60
            MKK Y+K++GCQMN YD+ +MADVL  + G   TE    ADV +LNTC +REKA  KV+S
Sbjct  1    MKKAYVKSYGCQMNAYDAGRMADVLA-AEGYSATESVEEADVVVLNTCHIREKAAEKVYS  59

Query  61   ELGRWRPFKEKRPH----VVIGVGGCVASQEGETILKQAPFVDIVFGPQTLHRLPDLLDS  116
            ELGR R  K +R        I V GCVA  EG  IL +AP VD+V GPQ+ HRLPDLL  
Sbjct  60   ELGRLRVLKGERAESGQDTRIVVAGCVAQAEGREILSRAPAVDVVVGPQSYHRLPDLLRQ  119

Query  117  VIQKRKSVVDITFPEIEKFDRLPQPRAEGPSAFVSIMEGCSKYCTFCVVPYTRGEEISRP  176
              + R  VVD  FP  +KFD LP  R  G + F+++ EGC K+C FCVVPYTRG E+SR 
Sbjct  120  SRETR--VVDTEFPVEDKFDHLPARRNRGVTGFLTVQEGCDKFCAFCVVPYTRGAEVSRS  177

Query  177  FDDVIAEVASLCEQGVREITLLGQNVNDYRGLMHDGQVADLALLIHYLAAMDNIERIRFT  236
               V+ E   L E GVREITL+GQNVN Y G   DG  A L  L+  L+A+  + R+R+T
Sbjct  178  VAAVVEEARRLVEGGVREITLIGQNVNAYHGDGPDGAPATLGHLMDALSAVPGLLRLRYT  237

Query  237  TSHPSAFSENLIDAYAEEPKLANHLHLPVQSGSDRILAAMKRNYTVLEYKSKIRKLRAVR  296
            TSHP+ F+++LI A+A  P +  +LHLPVQSGSDRIL AM R +T   Y+  I ++R  R
Sbjct  238  TSHPNDFADDLIAAHAGNPLVMPYLHLPVQSGSDRILHAMNRRHTGDAYRRLIERIRTAR  297

Query  297  PDISLSSDFIIGFPGETDADFEATMNLIHDMGFDHSFSFIYSPRPGTPAAQLPDDVPMAV  356
            PDI+LSSDFI+GFPGE+DADF  TM L+ ++GF  +FSF YSPR GTPAA+  D VP AV
Sbjct  298  PDIALSSDFIVGFPGESDADFAETMRLVAEIGFAAAFSFKYSPRAGTPAAEREDAVPEAV  357

Query  357  KKERLAILQNRINAKAAEISQSMVGTQQRILVTGPSKKYPDQLSGRTENNRVVNFNGDTP  416
            K ERLA LQ  ++ +    + + VGT   ILV   + ++P Q++G+T + + V F+    
Sbjct  358  KTERLAALQQLLDQQRHAFNAAAVGTVAEILVE-KTGRHPGQVAGKTPHLQAVQFDAPAS  416

Query  417  LIGQMVTIKIKEARPYSLWGEI  438
             IG +V ++I  A   SL+GE+
Sbjct  417  TIGTLVPVRITRAGSNSLFGEV  438


>B1LWE8 tRNA-2-methylthio-N(6)-dimethylallyladenosine synthase OS=Methylobacterium 
radiotolerans (strain ATCC 27329 / DSM 1819 / 
JCM 2831 / NBRC 15690 / NCIMB 10815 / 0-1) OX=426355 GN=miaB 
PE=3 SV=1
Length=445

 Score = 429 bits (1102),  Expect = 5e-147, Method: Compositional matrix adjust.
 Identities = 227/442 (51%), Positives = 292/442 (66%), Gaps = 8/442 (2%)

Query  1    MKKLYLKTHGCQMNEYDSAKMADVLKFSHGLELTEDPAVADVFLLNTCSVREKAQTKVFS  60
            MKK ++K++GCQMN YD+A+MADVL  + G   T+    ADV +LNTC +REKA  KV+S
Sbjct  1    MKKAFVKSYGCQMNAYDAARMADVLG-AEGYTATDTVEDADVVVLNTCHIREKAAEKVYS  59

Query  61   ELGRWRPFKEKRP----HVVIGVGGCVASQEGETILKQAPFVDIVFGPQTLHRLPDLLDS  116
            ELGR R  K +R        I V GCVA  EG  I  + P VD+V GPQ+ HRLPDLL  
Sbjct  60   ELGRLRVLKGERKAQGLDTRIVVAGCVAQAEGAEIQARQPAVDVVVGPQSYHRLPDLLAR  119

Query  117  VIQKRKSVVDITFPEIEKFDRLPQPRAEGPSAFVSIMEGCSKYCTFCVVPYTRGEEISRP  176
              ++R  VVD  FP  +KFD LP+ R  G SAF+++ EGC K+C FCVVPYTRG E+SR 
Sbjct  120  SRERR--VVDTEFPVEDKFDHLPRRRTLGASAFLTVQEGCDKFCAFCVVPYTRGAEVSRS  177

Query  177  FDDVIAEVASLCEQGVREITLLGQNVNDYRGLMHDGQVADLALLIHYLAAMDNIERIRFT  236
               V+AE   L + GVREITL+GQNVN Y G   DG  A LA L+  +A +  I RIR+T
Sbjct  178  VAAVLAEAEKLADGGVREITLIGQNVNAYHGDGPDGAPAGLADLVRAVAKIPGIARIRYT  237

Query  237  TSHPSAFSENLIDAYAEEPKLANHLHLPVQSGSDRILAAMKRNYTVLEYKSKIRKLRAVR  296
            TSHP+ F + LI A+AE P L  +LHLPVQSGSDRILAAM R +T   Y+  I ++RA R
Sbjct  238  TSHPNDFDDALIRAHAEVPALMPYLHLPVQSGSDRILAAMNRKHTGDAYRRLIDRIRAAR  297

Query  297  PDISLSSDFIIGFPGETDADFEATMNLIHDMGFDHSFSFIYSPRPGTPAAQLPDDVPMAV  356
            PDI+LSSDFI+GFPGETDADF  T+ L+ D+GF+ +FSF YS RPGTPAA   D VP AV
Sbjct  298  PDIALSSDFIVGFPGETDADFAETLRLVRDVGFESAFSFKYSTRPGTPAADRTDQVPEAV  357

Query  357  KKERLAILQNRINAKAAEISQSMVGTQQRILVTGPSKKYPDQLSGRTENNRVVNFNGDTP  416
               RLA LQ  ++++     ++  G    +LV     ++P Q++G+T +   V F+    
Sbjct  358  MAARLAELQALLDSQRHAYQRAAAGRVFDVLVE-KRGRHPGQVAGKTPHLLAVQFDAAPH  416

Query  417  LIGQMVTIKIKEARPYSLWGEI  438
             IGQ+V ++I EA   SL+GE+
Sbjct  417  HIGQVVPVRITEAGSNSLFGEL  438


>A4WZB3 tRNA-2-methylthio-N(6)-dimethylallyladenosine synthase OS=Rhodobacter 
sphaeroides (strain ATCC 17025 / ATH 2.4.3) OX=349102 
GN=miaB PE=3 SV=1
Length=436

 Score = 427 bits (1097),  Expect = 2e-146, Method: Compositional matrix adjust.
 Identities = 218/437 (50%), Positives = 297/437 (68%), Gaps = 10/437 (2%)

Query  2    KKLYLKTHGCQMNEYDSAKMADVLKFSHGLELTEDPAVADVFLLNTCSVREKAQTKVFSE  61
            +KL++KT+GCQMN YDS +MA+ L  + G  LTE    AD+ LLNTC +REKA  KV+S+
Sbjct  5    RKLFIKTYGCQMNVYDSERMAEALG-AKGYVLTEVAEEADMVLLNTCHIREKAAEKVYSD  63

Query  62   LGRWRPFKEKRPHVVIGVGGCVASQEGETILKQAPFVDIVFGPQTLHRLPDLLDSVIQKR  121
            LGR RP K  RP + IGV GCVA  EGE IL++ P VD+V GPQ+ HRLPD+L+   +  
Sbjct  64   LGRLRPLKVARPDLKIGVAGCVAQAEGEEILRRMPLVDLVVGPQSYHRLPDMLERT-EGG  122

Query  122  KSVVDITFPEIEKFDRLPQPRA-EGPSAFVSIMEGCSKYCTFCVVPYTRGEEISRPFDDV  180
              V+D  FPE +KF+ LP+ +A  GP+AF+++ EGC K+C FCVVPYTRG E+SRPF  +
Sbjct  123  ARVIDTDFPEEDKFEHLPERKALRGPTAFLTVQEGCDKFCAFCVVPYTRGAEVSRPFARL  182

Query  181  IAEVASLCEQGVREITLLGQNVNDYRGLMHDGQVADLALLIHYLAAMDNIERIRFTTSHP  240
            +AE  +L E+GVREITLLGQNVN +    +DG+   L  LI  LA +D +ER+R+TTSHP
Sbjct  183  MAEARALVEKGVREITLLGQNVNAWS---NDGR--GLGGLIRELARIDGLERLRYTTSHP  237

Query  241  SAFSENLIDAYAEEPKLANHLHLPVQSGSDRILAAMKRNYTVLEYKSKIRKLRAVRPDIS  300
            +  +++LI+A+ +EPKL  +LHLPVQSGSDRIL AM R +   +Y   + ++RA RPDI 
Sbjct  238  NDMADDLIEAHGQEPKLMPYLHLPVQSGSDRILKAMNRKHAAEQYLRLVERIRAARPDIL  297

Query  301  LSSDFIIGFPGETDADFEATMNLIHDMGFDHSFSFIYSPRPGTPAAQLPDDVPMAVKKER  360
            L+SDFI+GFPGETDADFEAT+ LI  +GF  +FSF YS RPGTPAA+ P ++P  +   R
Sbjct  298  LTSDFIVGFPGETDADFEATLALIRAVGFGSAFSFKYSARPGTPAAEKP-ELPAELCDAR  356

Query  361  LAILQNRINAKAAEISQSMVGTQQRILVTGPSKKYPDQLSGRTENNRVVNFNGDTPLIGQ  420
            L  LQ  +  +      +MVG +  +L    + + P Q+ G+++    V+        G 
Sbjct  357  LQTLQALLGEQQRAAQAAMVGRELGVLYE-KAGRLPGQMVGKSDYLHAVHVEDPGARPGD  415

Query  421  MVTIKIKEARPYSLWGE  437
            +V ++I  + P SL GE
Sbjct  416  LVRVRITASGPNSLAGE  432


>B7KVE0 tRNA-2-methylthio-N(6)-dimethylallyladenosine synthase OS=Methylorubrum 
extorquens (strain CM4 / NCIMB 13688) OX=440085 GN=miaB 
PE=3 SV=2
Length=446

 Score = 426 bits (1096),  Expect = 5e-146, Method: Compositional matrix adjust.
 Identities = 222/439 (51%), Positives = 288/439 (66%), Gaps = 8/439 (2%)

Query  1    MKKLYLKTHGCQMNEYDSAKMADVLKFSHGLELTEDPAVADVFLLNTCSVREKAQTKVFS  60
            MKK Y+K++GCQMN YD+ +MADVL  + G   T+    ADV +LNTC +REKA  KV+S
Sbjct  1    MKKAYVKSYGCQMNAYDAGRMADVLA-AEGYSATDTVEEADVVVLNTCHIREKAAEKVYS  59

Query  61   ELGRWRPFKEKRPH----VVIGVGGCVASQEGETILKQAPFVDIVFGPQTLHRLPDLLDS  116
            ELGR R  K  R        I V GCVA  EG  IL +AP VD+V GPQ+ HRLPDLL  
Sbjct  60   ELGRLRVLKGDRAESGQETRIVVAGCVAQAEGREILSRAPAVDVVVGPQSYHRLPDLLRQ  119

Query  117  VIQKRKSVVDITFPEIEKFDRLPQPRAEGPSAFVSIMEGCSKYCTFCVVPYTRGEEISRP  176
              + R  VVD  FP  +KFD LP  R  G + F+++ EGC K+C FCVVPYTRG E+SR 
Sbjct  120  SRETR--VVDTEFPAEDKFDHLPARRNRGVTGFLTVQEGCDKFCAFCVVPYTRGAEVSRS  177

Query  177  FDDVIAEVASLCEQGVREITLLGQNVNDYRGLMHDGQVADLALLIHYLAAMDNIERIRFT  236
               V+ E   L E GVREITL+GQNVN Y G   DG  A L  L+  L+A+  + R+R+T
Sbjct  178  VAAVVEEARRLVEGGVREITLIGQNVNAYHGDGPDGAPATLGQLMDALSAVPGLLRLRYT  237

Query  237  TSHPSAFSENLIDAYAEEPKLANHLHLPVQSGSDRILAAMKRNYTVLEYKSKIRKLRAVR  296
            TSHP+ F+++LI A+A  P +  +LHLPVQSGSDRIL AM R +T   Y+  I ++R  R
Sbjct  238  TSHPNDFADDLIAAHATNPLVMPYLHLPVQSGSDRILHAMNRRHTGDAYRRLIERIRNAR  297

Query  297  PDISLSSDFIIGFPGETDADFEATMNLIHDMGFDHSFSFIYSPRPGTPAAQLPDDVPMAV  356
            PDI+LSSDFI+GFPGETDADF  T+ L+ D+GF  +FSF YSPR GTPAA+  D VP AV
Sbjct  298  PDIALSSDFIVGFPGETDADFAETLRLVSDIGFSAAFSFKYSPRAGTPAAEREDAVPEAV  357

Query  357  KKERLAILQNRINAKAAEISQSMVGTQQRILVTGPSKKYPDQLSGRTENNRVVNFNGDTP  416
            K ERLA LQ+ ++ +    + + VGT   ILV   + ++P Q++G+T + + V F+    
Sbjct  358  KTERLAALQDLLDRQRHAYNAASVGTLTEILVE-KTGRHPGQVAGKTPHLQAVQFDAPAS  416

Query  417  LIGQMVTIKIKEARPYSLW  435
             IG +V ++I  A   SL+
Sbjct  417  TIGTVVPVRITRAGSNSLF  435


>Q057G5 tRNA-2-methylthio-N(6)-dimethylallyladenosine synthase OS=Buchnera 
aphidicola subsp. Cinara cedri (strain Cc) OX=372461 GN=miaB 
PE=3 SV=1
Length=435

 Score = 424 bits (1091),  Expect = 2e-145, Method: Compositional matrix adjust.
 Identities = 200/418 (48%), Positives = 291/418 (70%), Gaps = 6/418 (1%)

Query  13   MNEYDSAKMADVLKFSHGLELTEDPAVADVFLLNTCSVREKAQTKVFSELGRWRPFKEKR  72
            MNE+DS+ + ++LK ++   +T+ P ++D+ +LNTCS+REKAQ K+F +LGRW+  K+K 
Sbjct  1    MNEHDSSIIENILKKTNLYIITKKPEISDILILNTCSIREKAQEKLFHQLGRWKKLKQKN  60

Query  73   PHVVIGVGGCVASQEGETILKQAPFVDIVFGPQTLHRLPDLLDSVIQKRKSVVDITFPEI  132
              ++I VGGCVA QEG+ I K+A F+DI+FGPQTLH+LP LL    +K+  +++I    +
Sbjct  61   SKILIAVGGCVAVQEGKKIYKRAKFIDIIFGPQTLHKLPKLLIESNKKKSLIINIKKKSL  120

Query  133  EKFDRLPQPRA---EGPSAFVSIMEGCSKYCTFCVVPYTRGEEISRPFDDVIAEVASLCE  189
            +KF+          +  S+FV+IMEGC+KYC+FC+VPYTRG+E+SR    +I+E+  L +
Sbjct  121  KKFNYTINKNTNIKKKFSSFVTIMEGCNKYCSFCIVPYTRGKEVSRNNKKIISEIIELSK  180

Query  190  QGVREITLLGQNVNDYR-GLMHDGQVADLALLIHYLAAMDNIERIRFTTSHPSAFSENLI  248
            +GVREITLLGQNVN Y+     + +    + L++ ++ +  I+RIRF TSHP  F+ N+I
Sbjct  181  KGVREITLLGQNVNAYKFSDTFNKKNYSFSDLLYSISEIPRIDRIRFITSHPVEFNNNII  240

Query  249  DAYAEEPKLANHLHLPVQSGSDRILAAMKRNYTVLEYKSKIRKLRAVRPDISLSSDFIIG  308
            +AY + PKL N LHLPVQSGS++IL  MKR YT+ +Y++ + K++ +RP I++SSDFIIG
Sbjct  241  EAYKKIPKLTNFLHLPVQSGSNKILKLMKRGYTIEKYENIVNKIKKIRPKINISSDFIIG  300

Query  309  FPGETDADFEATMNLIHDMGFDHSFSFIYSPRPGTPAAQLPDDVPMAVKKERLAILQNRI  368
            FPGET  DF+ T+  I  + FD S+SFIYS RP T A++L D+V M  KK+RL  +Q +I
Sbjct  301  FPGETKEDFQKTIYFISKINFDTSYSFIYSKRPRTRASKLEDNVTMEEKKKRLYKVQQKI  360

Query  369  NAKAAEISQSMVGTQQRILVTGPSKKYPDQLSGRTENNRVVNFNGDTPLIGQMVTIKI  426
            N +A +  +    T+Q +LV G SK    +L GRTENNR V F G+   IG  + +KI
Sbjct  361  NQQAFQWKRR--STEQIVLVEGISKNNIQELYGRTENNRTVFFEGNPKFIGNFIKLKI  416



Lambda      K        H        a         alpha
   0.320    0.136    0.401    0.792     4.96 

Gapped
Lambda      K        H        a         alpha    sigma
   0.267   0.0410    0.140     1.90     42.6     43.6 

Effective search space used: 43074717666


  Database: uniprotsprot.fasta
    Posted date:  Jun 21, 2021  5:35 PM
  Number of letters in database: 203,850,821
  Number of sequences in database:  565,254



Matrix: BLOSUM62
Gap Penalties: Existence: 11, Extension: 1
Neighboring words threshold: 11
Window for multiple hits: 40
